12:21:24 | ================================================================================
12:21:24 |  GUMNet_Fusion | XANG | H3 | walkforward | seed=123
12:21:24 | ================================================================================
12:21:24 | Data: 4513 rows | Features: 15
12:27:47 |  Iter-01 | MAE=0.280 | MAPE=0.36%
12:35:32 |  Iter-02 | MAE=2.934 | MAPE=3.93%
12:41:40 |  Iter-03 | MAE=0.978 | MAPE=1.33%
12:49:05 |  Iter-04 | MAE=0.555 | MAPE=0.75%
12:55:56 |  Iter-05 | MAE=0.260 | MAPE=0.36%
13:02:26 |  Iter-06 | MAE=0.816 | MAPE=1.14%
13:09:07 |  Iter-07 | MAE=1.132 | MAPE=1.61%
13:15:27 |  Iter-08 | MAE=1.446 | MAPE=1.99%
13:23:11 |  Iter-09 | MAE=1.838 | MAPE=2.57%
13:29:22 |  Iter-10 | MAE=0.728 | MAPE=1.01%
13:36:05 |  Iter-11 | MAE=0.518 | MAPE=0.72%
13:43:14 |  Iter-12 | MAE=1.461 | MAPE=1.99%
13:50:45 |  Iter-13 | MAE=2.500 | MAPE=3.47%
13:58:41 |  Iter-14 | MAE=1.397 | MAPE=1.88%
14:05:12 |  Iter-15 | MAE=2.189 | MAPE=2.85%
14:12:09 |  Iter-16 | MAE=3.397 | MAPE=4.65%
14:20:13 |  Iter-17 | MAE=1.483 | MAPE=1.94%
14:26:43 |  Iter-18 | MAE=1.205 | MAPE=1.51%
14:32:42 |  Iter-19 | MAE=0.966 | MAPE=1.20%
14:39:06 |  Iter-20 | MAE=15.360 | MAPE=15.69%
14:46:25 |  Iter-21 | MAE=22.726 | MAPE=17.37%
14:54:22 |  Iter-22 | MAE=13.853 | MAPE=11.22%
15:01:09 |  Iter-23 | MAE=7.621 | MAPE=5.26%
15:07:32 |  Iter-24 | MAE=4.656 | MAPE=3.07%
15:16:31 |  Iter-25 | MAE=19.661 | MAPE=14.24%
15:23:38 |  Iter-26 | MAE=6.544 | MAPE=4.95%
15:29:57 |  Iter-27 | MAE=3.589 | MAPE=2.44%
15:39:02 |  Iter-28 | MAE=18.184 | MAPE=14.02%
15:45:52 |  Iter-29 | MAE=15.311 | MAPE=11.60%
15:53:18 |  Iter-30 | MAE=10.450 | MAPE=8.50%
16:00:30 |  Iter-31 | MAE=4.518 | MAPE=3.74%
16:07:55 |  Iter-32 | MAE=4.161 | MAPE=3.26%
16:14:46 |  Iter-33 | MAE=2.287 | MAPE=1.76%
16:14:46 | 
 OVERALL: MAE=5.303, MAPE=4.62%, R2=0.9037 (14002.0s)
16:14:46 | Saved model checkpoint: /data/quyhv/oil_forecast_tail_risk/results_v4/walkforward/GUMNet_Fusion/XANG_H3_seed123/model_checkpoint.pth
16:14:46 | Saved processor/scaler: /data/quyhv/oil_forecast_tail_risk/results_v4/walkforward/GUMNet_Fusion/XANG_H3_seed123/processor.pkl
