15:51:42 | ================================================================================
15:51:42 |  GUMNet_Fusion | XANG | H10 | walkforward | seed=2025
15:51:42 | ================================================================================
15:51:42 | ================================================================================
15:51:42 |  GUMNet_Fusion | XANG | H10 | walkforward | seed=9999
15:51:42 | ================================================================================
15:51:42 | Data: 4513 rows | Features: 14
15:51:42 | Data: 4513 rows | Features: 14
16:01:05 |  Iter-01 | MAE=3.114 | MAPE=3.92%
16:03:24 |  Iter-01 | MAE=2.623 | MAPE=3.29%
16:11:28 |  Iter-02 | MAE=2.826 | MAPE=3.62%
16:14:25 |  Iter-02 | MAE=2.942 | MAPE=3.77%
16:23:44 |  Iter-03 | MAE=0.885 | MAPE=1.12%
16:24:09 |  Iter-03 | MAE=0.911 | MAPE=1.15%
16:32:50 |  Iter-04 | MAE=1.442 | MAPE=1.80%
16:34:48 |  Iter-04 | MAE=1.971 | MAPE=2.46%
16:43:26 |  Iter-05 | MAE=0.900 | MAPE=1.12%
16:44:44 |  Iter-05 | MAE=0.965 | MAPE=1.20%
16:54:22 |  Iter-06 | MAE=1.284 | MAPE=1.58%
16:56:57 |  Iter-06 | MAE=1.264 | MAPE=1.56%
17:03:57 |  Iter-07 | MAE=0.990 | MAPE=1.22%
17:07:04 |  Iter-07 | MAE=0.671 | MAPE=0.82%
17:17:05 |  Iter-08 | MAE=1.373 | MAPE=1.71%
17:17:06 |  Iter-08 | MAE=1.397 | MAPE=1.75%
17:37:42 |  Iter-09 | MAE=2.785 | MAPE=3.52%
17:39:25 |  Iter-09 | MAE=2.603 | MAPE=3.30%
18:06:59 |  Iter-10 | MAE=2.027 | MAPE=2.61%
18:07:37 |  Iter-10 | MAE=1.742 | MAPE=2.24%
18:25:49 |  Iter-11 | MAE=0.725 | MAPE=0.94%
18:26:04 |  Iter-11 | MAE=0.778 | MAPE=1.01%
18:45:17 |  Iter-12 | MAE=1.271 | MAPE=1.66%
18:54:08 |  Iter-12 | MAE=1.150 | MAPE=1.50%
19:05:59 |  Iter-13 | MAE=2.488 | MAPE=3.09%
19:17:02 |  Iter-13 | MAE=2.402 | MAPE=2.99%
19:24:25 |  Iter-14 | MAE=3.268 | MAPE=4.05%
19:36:18 |  Iter-14 | MAE=3.501 | MAPE=4.34%
19:43:26 |  Iter-15 | MAE=0.785 | MAPE=0.97%
19:56:23 |  Iter-15 | MAE=0.853 | MAPE=1.06%
20:02:07 |  Iter-16 | MAE=1.949 | MAPE=2.39%
20:15:51 |  Iter-16 | MAE=1.544 | MAPE=1.89%
20:22:10 |  Iter-17 | MAE=2.085 | MAPE=2.66%
20:40:44 |  Iter-17 | MAE=1.497 | MAPE=1.91%
20:44:20 |  Iter-18 | MAE=1.170 | MAPE=1.48%
21:00:33 |  Iter-18 | MAE=1.221 | MAPE=1.55%
21:12:44 |  Iter-19 | MAE=1.169 | MAPE=1.46%
21:21:56 |  Iter-19 | MAE=1.097 | MAPE=1.37%
21:33:57 |  Iter-20 | MAE=2.435 | MAPE=3.18%
21:40:53 |  Iter-20 | MAE=2.346 | MAPE=3.07%
21:55:52 |  Iter-21 | MAE=3.270 | MAPE=4.41%
21:59:51 |  Iter-21 | MAE=3.405 | MAPE=4.59%
22:17:48 |  Iter-22 | MAE=1.031 | MAPE=1.42%
22:20:01 |  Iter-22 | MAE=1.115 | MAPE=1.53%
22:38:59 |  Iter-23 | MAE=2.161 | MAPE=3.02%
22:43:09 |  Iter-23 | MAE=1.535 | MAPE=2.15%
22:57:57 |  Iter-24 | MAE=0.904 | MAPE=1.26%
23:09:02 |  Iter-24 | MAE=0.965 | MAPE=1.35%
23:20:35 |  Iter-25 | MAE=2.363 | MAPE=3.27%
23:40:55 |  Iter-25 | MAE=2.366 | MAPE=3.28%
23:43:49 |  Iter-26 | MAE=1.344 | MAPE=1.88%
00:03:08 |  Iter-26 | MAE=1.519 | MAPE=2.12%
00:03:22 |  Iter-27 | MAE=1.014 | MAPE=1.39%
00:24:41 |  Iter-27 | MAE=0.968 | MAPE=1.33%
00:31:59 |  Iter-28 | MAE=1.238 | MAPE=1.66%
00:46:12 |  Iter-28 | MAE=1.399 | MAPE=1.87%
00:52:17 |  Iter-29 | MAE=1.687 | MAPE=2.26%
01:15:38 |  Iter-30 | MAE=2.628 | MAPE=3.53%
01:16:16 |  Iter-29 | MAE=1.745 | MAPE=2.36%
01:36:38 |  Iter-30 | MAE=2.692 | MAPE=3.61%
01:40:06 |  Iter-31 | MAE=10.417 | MAPE=11.53%
02:00:15 |  Iter-32 | MAE=26.556 | MAPE=22.38%
02:04:08 |  Iter-31 | MAE=11.131 | MAPE=12.37%
02:20:58 |  Iter-33 | MAE=30.150 | MAPE=21.69%
02:28:29 |  Iter-32 | MAE=26.083 | MAPE=21.95%
02:43:04 |  Iter-34 | MAE=18.155 | MAPE=12.03%
02:49:51 |  Iter-33 | MAE=29.383 | MAPE=21.12%
03:02:16 |  Iter-35 | MAE=12.385 | MAPE=8.79%
03:12:26 |  Iter-34 | MAE=21.161 | MAPE=14.06%
03:21:12 |  Iter-36 | MAE=6.378 | MAPE=4.79%
03:31:17 |  Iter-35 | MAE=11.022 | MAPE=7.72%
03:40:34 |  Iter-37 | MAE=12.617 | MAPE=9.89%
03:50:10 |  Iter-36 | MAE=6.651 | MAPE=4.86%
04:00:02 |  Iter-38 | MAE=3.647 | MAPE=2.94%
04:09:29 |  Iter-37 | MAE=12.389 | MAPE=9.74%
04:19:18 |  Iter-39 | MAE=5.519 | MAPE=4.23%
04:19:18 | 
 OVERALL: MAE=4.525, MAPE=4.21%, R2=0.8405 (44859.8s)
04:19:18 | Saved model checkpoint: /data/quyhv/oil_forecast_tail_risk/results_v4/walkforward/GUMNet_Fusion/XANG_H10_seed2025/model_checkpoint.pth
04:19:18 | Saved processor/scaler: /data/quyhv/oil_forecast_tail_risk/results_v4/walkforward/GUMNet_Fusion/XANG_H10_seed2025/processor.pkl
04:28:38 |  Iter-38 | MAE=5.531 | MAPE=4.49%
04:50:30 |  Iter-39 | MAE=3.975 | MAPE=3.06%
04:50:30 | 
 OVERALL: MAE=4.627, MAPE=4.31%, R2=0.8391 (46731.5s)
04:50:30 | Saved model checkpoint: /data/quyhv/oil_forecast_tail_risk/results_v4/walkforward/GUMNet_Fusion/XANG_H10_seed9999/model_checkpoint.pth
04:50:30 | Saved processor/scaler: /data/quyhv/oil_forecast_tail_risk/results_v4/walkforward/GUMNet_Fusion/XANG_H10_seed9999/processor.pkl
