17:14:57 | ================================================================================
17:14:57 |  GUMNet_Fusion | XANG | H1 | walkforward | seed=2025
17:14:57 | ================================================================================
17:14:57 | Data: 4513 rows | Features: 15
17:21:48 |  Iter-01 | MAE=0.135 | MAPE=0.17%
17:28:57 |  Iter-02 | MAE=0.395 | MAPE=0.51%
17:35:55 |  Iter-03 | MAE=0.457 | MAPE=0.58%
17:43:28 |  Iter-04 | MAE=2.127 | MAPE=2.83%
17:48:25 |  Iter-05 | MAE=0.378 | MAPE=0.51%
17:53:47 |  Iter-06 | MAE=0.713 | MAPE=0.96%
17:59:44 |  Iter-07 | MAE=1.315 | MAPE=1.79%
18:08:26 |  Iter-08 | MAE=0.441 | MAPE=0.59%
18:15:26 |  Iter-09 | MAE=0.657 | MAPE=0.89%
18:21:40 |  Iter-10 | MAE=0.567 | MAPE=0.77%
18:29:23 |  Iter-11 | MAE=0.439 | MAPE=0.59%
18:35:46 |  Iter-12 | MAE=0.557 | MAPE=0.76%
18:43:17 |  Iter-13 | MAE=0.057 | MAPE=0.08%
18:50:32 |  Iter-14 | MAE=0.453 | MAPE=0.62%
18:57:30 |  Iter-15 | MAE=0.016 | MAPE=0.02%
19:05:36 |  Iter-16 | MAE=0.436 | MAPE=0.60%
19:14:49 |  Iter-17 | MAE=0.659 | MAPE=0.91%
19:21:37 |  Iter-18 | MAE=1.406 | MAPE=1.99%
19:28:25 |  Iter-19 | MAE=0.155 | MAPE=0.22%
19:35:04 |  Iter-20 | MAE=1.285 | MAPE=1.83%
19:43:18 |  Iter-21 | MAE=0.922 | MAPE=1.31%
19:50:33 |  Iter-22 | MAE=0.855 | MAPE=1.18%
19:57:55 |  Iter-23 | MAE=0.818 | MAPE=1.13%
20:03:42 |  Iter-24 | MAE=0.504 | MAPE=0.69%
20:10:56 |  Iter-25 | MAE=1.025 | MAPE=1.42%
20:21:03 |  Iter-26 | MAE=1.693 | MAPE=2.35%
20:28:09 |  Iter-27 | MAE=0.836 | MAPE=1.18%
20:36:31 |  Iter-28 | MAE=0.396 | MAPE=0.56%
20:42:55 |  Iter-29 | MAE=0.348 | MAPE=0.49%
20:51:29 |  Iter-30 | MAE=0.693 | MAPE=0.95%
20:58:54 |  Iter-31 | MAE=0.630 | MAPE=0.86%
21:06:16 |  Iter-32 | MAE=0.683 | MAPE=0.95%
21:12:58 |  Iter-33 | MAE=0.615 | MAPE=0.84%
21:21:08 |  Iter-34 | MAE=1.554 | MAPE=2.18%
21:28:25 |  Iter-35 | MAE=0.792 | MAPE=1.08%
21:35:32 |  Iter-36 | MAE=1.114 | MAPE=1.49%
21:41:03 |  Iter-37 | MAE=1.357 | MAPE=1.82%
21:48:37 |  Iter-38 | MAE=2.841 | MAPE=3.96%
21:57:12 |  Iter-39 | MAE=1.960 | MAPE=2.72%
22:03:44 |  Iter-40 | MAE=1.582 | MAPE=2.14%
22:11:57 |  Iter-41 | MAE=0.544 | MAPE=0.73%
22:18:12 |  Iter-42 | MAE=0.562 | MAPE=0.76%
22:24:18 |  Iter-43 | MAE=1.253 | MAPE=1.66%
22:33:24 |  Iter-44 | MAE=1.661 | MAPE=2.14%
22:40:02 |  Iter-45 | MAE=0.588 | MAPE=0.77%
22:49:23 |  Iter-46 | MAE=1.171 | MAPE=1.54%
23:00:27 |  Iter-47 | MAE=1.474 | MAPE=2.03%
23:08:52 |  Iter-48 | MAE=0.361 | MAPE=0.50%
23:16:26 |  Iter-49 | MAE=0.165 | MAPE=0.23%
23:24:21 |  Iter-50 | MAE=0.468 | MAPE=0.64%
23:33:36 |  Iter-51 | MAE=2.836 | MAPE=3.68%
23:42:36 |  Iter-52 | MAE=1.883 | MAPE=2.39%
23:52:33 |  Iter-53 | MAE=0.228 | MAPE=0.29%
00:02:12 |  Iter-54 | MAE=1.633 | MAPE=2.04%
00:09:47 |  Iter-55 | MAE=1.052 | MAPE=1.31%
00:17:26 |  Iter-56 | MAE=0.528 | MAPE=0.66%
00:23:30 |  Iter-57 | MAE=0.020 | MAPE=0.02%
00:29:34 |  Iter-58 | MAE=9.889 | MAPE=10.80%
00:36:20 |  Iter-59 | MAE=5.474 | MAPE=5.63%
00:44:00 |  Iter-60 | MAE=1.733 | MAPE=1.68%
00:51:56 |  Iter-61 | MAE=10.954 | MAPE=10.09%
00:57:22 |  Iter-62 | MAE=5.807 | MAPE=4.90%
01:06:21 |  Iter-63 | MAE=22.986 | MAPE=16.03%
01:12:03 |  Iter-64 | MAE=21.953 | MAPE=17.82%
01:20:37 |  Iter-65 | MAE=5.529 | MAPE=4.58%
01:27:07 |  Iter-66 | MAE=7.843 | MAPE=5.74%
01:33:19 |  Iter-67 | MAE=5.532 | MAPE=3.87%
01:42:20 |  Iter-68 | MAE=10.737 | MAPE=7.32%
01:49:56 |  Iter-69 | MAE=5.196 | MAPE=3.57%
01:58:36 |  Iter-70 | MAE=1.829 | MAPE=1.25%
02:10:25 |  Iter-71 | MAE=14.659 | MAPE=9.26%
02:19:25 |  Iter-72 | MAE=6.618 | MAPE=4.20%
02:28:59 |  Iter-73 | MAE=1.594 | MAPE=0.96%
02:36:56 |  Iter-74 | MAE=4.721 | MAPE=3.23%
02:45:08 |  Iter-75 | MAE=15.332 | MAPE=11.51%
02:51:20 |  Iter-76 | MAE=5.731 | MAPE=4.42%
02:56:54 |  Iter-77 | MAE=7.451 | MAPE=5.62%
03:04:15 |  Iter-78 | MAE=7.977 | MAPE=5.54%
03:11:37 |  Iter-79 | MAE=1.207 | MAPE=0.86%
03:18:23 |  Iter-80 | MAE=0.184 | MAPE=0.13%
03:26:37 |  Iter-81 | MAE=9.714 | MAPE=6.56%
03:36:42 |  Iter-82 | MAE=4.931 | MAPE=3.39%
03:42:58 |  Iter-83 | MAE=6.682 | MAPE=4.68%
03:51:35 |  Iter-84 | MAE=23.718 | MAPE=19.32%
03:58:33 |  Iter-85 | MAE=16.742 | MAPE=12.60%
04:06:25 |  Iter-86 | MAE=4.424 | MAPE=3.39%
04:12:16 |  Iter-87 | MAE=0.958 | MAPE=0.71%
04:19:01 |  Iter-88 | MAE=6.488 | MAPE=5.12%
04:26:23 |  Iter-89 | MAE=1.057 | MAPE=0.88%
04:35:16 |  Iter-90 | MAE=2.310 | MAPE=1.89%
04:45:39 |  Iter-91 | MAE=2.380 | MAPE=1.86%
04:53:41 |  Iter-92 | MAE=6.453 | MAPE=5.32%
05:01:36 |  Iter-93 | MAE=4.661 | MAPE=3.85%
05:08:10 |  Iter-94 | MAE=5.751 | MAPE=4.55%
05:14:28 |  Iter-95 | MAE=1.818 | MAPE=1.42%
05:24:45 |  Iter-96 | MAE=4.570 | MAPE=3.61%
05:33:12 |  Iter-97 | MAE=2.128 | MAPE=1.65%
05:41:18 |  Iter-98 | MAE=1.734 | MAPE=1.35%
05:48:18 |  Iter-99 | MAE=0.349 | MAPE=0.27%
05:54:17 |  Iter-100 | MAE=1.457 | MAPE=1.07%
05:54:17 | 
 OVERALL: MAE=3.396, MAPE=2.90%, R2=0.9615 (45560.2s)
05:54:17 | Saved model checkpoint: /data/quyhv/oil_forecast_tail_risk/results_v4/walkforward/GUMNet_Fusion/XANG_H1_seed2025/model_checkpoint.pth
05:54:17 | Saved processor/scaler: /data/quyhv/oil_forecast_tail_risk/results_v4/walkforward/GUMNet_Fusion/XANG_H1_seed2025/processor.pkl
