09:32:42 | ================================================================================
09:32:42 |  GUMNet_Fusion | DAU | H3 | walkforward | seed=777
09:32:42 | ================================================================================
09:32:42 | Data: 4513 rows | Features: 16
09:39:48 |  Iter-01 | MAE=1.722 | MAPE=2.10%
09:45:57 |  Iter-02 | MAE=1.252 | MAPE=1.57%
09:52:06 |  Iter-03 | MAE=0.850 | MAPE=1.08%
09:58:38 |  Iter-04 | MAE=0.349 | MAPE=0.43%
10:05:11 |  Iter-05 | MAE=0.426 | MAPE=0.53%
10:11:21 |  Iter-06 | MAE=0.972 | MAPE=1.24%
10:18:13 |  Iter-07 | MAE=1.775 | MAPE=2.30%
10:25:16 |  Iter-08 | MAE=2.386 | MAPE=2.97%
10:32:32 |  Iter-09 | MAE=0.465 | MAPE=0.57%
10:39:28 |  Iter-10 | MAE=0.911 | MAPE=1.09%
10:46:34 |  Iter-11 | MAE=1.012 | MAPE=1.18%
10:54:01 |  Iter-12 | MAE=1.888 | MAPE=2.18%
11:01:02 |  Iter-13 | MAE=2.341 | MAPE=2.70%
11:07:47 |  Iter-14 | MAE=0.748 | MAPE=0.84%
11:13:52 |  Iter-15 | MAE=0.691 | MAPE=0.79%
11:20:20 |  Iter-16 | MAE=2.304 | MAPE=2.65%
11:27:00 |  Iter-17 | MAE=1.746 | MAPE=1.93%
11:34:13 |  Iter-18 | MAE=1.301 | MAPE=1.41%
11:40:37 |  Iter-19 | MAE=0.531 | MAPE=0.58%
11:47:51 |  Iter-20 | MAE=34.392 | MAPE=26.33%
11:54:19 |  Iter-21 | MAE=21.924 | MAPE=12.70%
12:02:27 |  Iter-22 | MAE=52.084 | MAPE=30.80%
12:08:45 |  Iter-23 | MAE=3.620 | MAPE=1.84%
12:14:52 |  Iter-24 | MAE=15.939 | MAPE=7.24%
12:21:45 |  Iter-25 | MAE=16.550 | MAPE=7.65%
12:27:42 |  Iter-26 | MAE=23.005 | MAPE=9.48%
12:35:10 |  Iter-27 | MAE=18.372 | MAPE=6.51%
12:41:18 |  Iter-28 | MAE=49.851 | MAPE=23.82%
12:48:22 |  Iter-29 | MAE=7.435 | MAPE=3.89%
12:54:31 |  Iter-30 | MAE=29.490 | MAPE=17.50%
13:01:36 |  Iter-31 | MAE=14.284 | MAPE=9.65%
13:07:45 |  Iter-32 | MAE=14.702 | MAPE=9.00%
13:15:12 |  Iter-33 | MAE=2.402 | MAPE=1.46%
13:15:12 | 
 OVERALL: MAE=9.931, MAPE=5.94%, R2=0.8932 (13350.5s)
13:15:12 | Saved model checkpoint: /data/quyhv/oil_forecast_tail_risk/results_v4/walkforward/GUMNet_Fusion/DAU_H3_seed777/model_checkpoint.pth
13:15:12 | Saved processor/scaler: /data/quyhv/oil_forecast_tail_risk/results_v4/walkforward/GUMNet_Fusion/DAU_H3_seed777/processor.pkl
