06:25:25 | ================================================================================
06:25:25 |  GUMNet_Fusion | XANG | H7 | walkforward | seed=9999
06:25:25 | ================================================================================
06:25:25 | Data: 4513 rows | Features: 16
06:34:40 |  Iter-01 | MAE=0.804 | MAPE=1.03%
06:43:36 |  Iter-02 | MAE=0.358 | MAPE=0.47%
06:54:06 |  Iter-03 | MAE=3.659 | MAPE=4.53%
07:03:52 |  Iter-04 | MAE=0.939 | MAPE=1.17%
07:13:58 |  Iter-05 | MAE=0.847 | MAPE=1.04%
07:23:43 |  Iter-06 | MAE=1.202 | MAPE=1.54%
07:32:53 |  Iter-07 | MAE=1.107 | MAPE=1.38%
07:42:52 |  Iter-08 | MAE=1.923 | MAPE=2.57%
07:52:58 |  Iter-09 | MAE=0.787 | MAPE=1.08%
08:03:00 |  Iter-10 | MAE=1.599 | MAPE=2.25%
08:12:46 |  Iter-11 | MAE=2.882 | MAPE=3.99%
08:20:49 |  Iter-12 | MAE=0.864 | MAPE=1.19%
08:30:05 |  Iter-13 | MAE=1.636 | MAPE=2.21%
08:38:37 |  Iter-14 | MAE=2.056 | MAPE=2.70%
08:49:46 |  Iter-15 | MAE=4.396 | MAPE=5.56%
08:59:42 |  Iter-16 | MAE=16.566 | MAPE=15.66%
09:08:27 |  Iter-17 | MAE=13.951 | MAPE=9.73%
09:19:54 |  Iter-18 | MAE=11.556 | MAPE=7.96%
09:30:22 |  Iter-19 | MAE=4.438 | MAPE=3.08%
09:41:02 |  Iter-20 | MAE=16.473 | MAPE=13.11%
09:52:20 |  Iter-21 | MAE=2.871 | MAPE=2.31%
09:52:20 | 
 OVERALL: MAE=4.329, MAPE=4.03%, R2=0.9097 (12415.5s)
09:52:20 | Saved model checkpoint: /data/quyhv/oil_forecast_tail_risk/results_v4/walkforward/GUMNet_Fusion/XANG_H7_seed9999/model_checkpoint.pth
09:52:20 | Saved processor/scaler: /data/quyhv/oil_forecast_tail_risk/results_v4/walkforward/GUMNet_Fusion/XANG_H7_seed9999/processor.pkl
