15:46:57 | ================================================================================
15:46:57 |  GUMNet_Fusion | XANG | H20 | walkforward | seed=9999
15:46:57 | ================================================================================
15:46:57 | Data: 4513 rows | Features: 14
16:23:41 |  Iter-01 | MAE=2.951 | MAPE=3.59%
17:00:52 |  Iter-02 | MAE=2.349 | MAPE=3.20%
17:37:54 |  Iter-03 | MAE=2.156 | MAPE=2.83%
18:14:45 |  Iter-04 | MAE=4.651 | MAPE=5.48%
18:51:39 |  Iter-05 | MAE=1.070 | MAPE=1.37%
19:28:50 |  Iter-06 | MAE=3.120 | MAPE=3.94%
20:11:28 |  Iter-07 | MAE=1.399 | MAPE=1.73%
20:48:39 |  Iter-08 | MAE=3.858 | MAPE=4.96%
21:25:47 |  Iter-09 | MAE=3.611 | MAPE=4.47%
22:03:31 |  Iter-10 | MAE=1.754 | MAPE=2.23%
22:41:26 |  Iter-11 | MAE=4.232 | MAPE=5.82%
23:19:33 |  Iter-12 | MAE=2.599 | MAPE=3.56%
23:59:30 |  Iter-13 | MAE=5.865 | MAPE=6.65%
00:45:38 |  Iter-14 | MAE=28.679 | MAPE=19.94%
01:31:41 |  Iter-15 | MAE=13.415 | MAPE=10.53%
01:31:41 | 
 OVERALL: MAE=5.447, MAPE=5.35%, R2=0.7660 (35084.3s)
01:31:41 | Saved model checkpoint: /data/quyhv/oil_forecast_tail_risk/results_v4/walkforward/GUMNet_Fusion/XANG_H20_seed9999/model_checkpoint.pth
01:31:41 | Saved processor/scaler: /data/quyhv/oil_forecast_tail_risk/results_v4/walkforward/GUMNet_Fusion/XANG_H20_seed9999/processor.pkl
