14:17:27 | ================================================================================
14:17:27 |  GUMNet_Fusion | XANG | H20 | walkforward | seed=777
14:17:27 | ================================================================================
14:17:27 | Data: 4513 rows | Features: 14
14:54:02 |  Iter-01 | MAE=3.162 | MAPE=3.84%
15:31:09 |  Iter-02 | MAE=2.343 | MAPE=3.18%
16:08:24 |  Iter-03 | MAE=1.869 | MAPE=2.45%
16:45:42 |  Iter-04 | MAE=4.959 | MAPE=5.86%
17:22:58 |  Iter-05 | MAE=1.716 | MAPE=2.19%
18:00:25 |  Iter-06 | MAE=2.875 | MAPE=3.63%
18:37:56 |  Iter-07 | MAE=1.455 | MAPE=1.80%
19:15:13 |  Iter-08 | MAE=3.486 | MAPE=4.48%
19:52:29 |  Iter-09 | MAE=3.323 | MAPE=4.12%
20:30:19 |  Iter-10 | MAE=2.528 | MAPE=3.20%
21:08:38 |  Iter-11 | MAE=4.385 | MAPE=6.02%
21:52:35 |  Iter-12 | MAE=2.664 | MAPE=3.65%
22:30:46 |  Iter-13 | MAE=5.381 | MAPE=6.09%
23:09:21 |  Iter-14 | MAE=33.216 | MAPE=23.16%
23:59:26 |  Iter-15 | MAE=16.252 | MAPE=12.78%
23:59:26 | 
 OVERALL: MAE=5.974, MAPE=5.76%, R2=0.7008 (34919.3s)
23:59:26 | Saved model checkpoint: /data/quyhv/oil_forecast_tail_risk/results_v4/walkforward/GUMNet_Fusion/XANG_H20_seed777/model_checkpoint.pth
23:59:26 | Saved processor/scaler: /data/quyhv/oil_forecast_tail_risk/results_v4/walkforward/GUMNet_Fusion/XANG_H20_seed777/processor.pkl
