09:21:17 | ================================================================================
09:21:17 |  GUMNet_Fusion | XANG | H7 | walkforward | seed=2025
09:21:17 | ================================================================================
09:21:17 | Data: 4513 rows | Features: 16
09:31:12 |  Iter-01 | MAE=0.745 | MAPE=0.96%
09:41:59 |  Iter-02 | MAE=1.094 | MAPE=1.42%
09:50:26 |  Iter-03 | MAE=3.717 | MAPE=4.60%
10:00:14 |  Iter-04 | MAE=0.934 | MAPE=1.17%
10:10:05 |  Iter-05 | MAE=0.812 | MAPE=1.00%
10:18:36 |  Iter-06 | MAE=1.195 | MAPE=1.53%
10:28:31 |  Iter-07 | MAE=1.161 | MAPE=1.45%
10:36:41 |  Iter-08 | MAE=1.716 | MAPE=2.28%
10:47:47 |  Iter-09 | MAE=0.766 | MAPE=1.05%
10:56:50 |  Iter-10 | MAE=1.608 | MAPE=2.26%
11:05:42 |  Iter-11 | MAE=2.532 | MAPE=3.50%
11:14:57 |  Iter-12 | MAE=1.114 | MAPE=1.53%
11:24:53 |  Iter-13 | MAE=1.540 | MAPE=2.08%
11:35:24 |  Iter-14 | MAE=1.800 | MAPE=2.37%
11:45:37 |  Iter-15 | MAE=4.567 | MAPE=5.78%
11:54:20 |  Iter-16 | MAE=16.896 | MAPE=16.00%
12:03:35 |  Iter-17 | MAE=15.102 | MAPE=10.56%
12:13:15 |  Iter-18 | MAE=11.898 | MAPE=8.60%
12:23:30 |  Iter-19 | MAE=3.391 | MAPE=2.43%
12:34:50 |  Iter-20 | MAE=16.274 | MAPE=12.96%
12:44:22 |  Iter-21 | MAE=3.107 | MAPE=2.46%
12:44:22 | 
 OVERALL: MAE=4.380, MAPE=4.10%, R2=0.9024 (12185.4s)
12:44:22 | Saved model checkpoint: /data/quyhv/oil_forecast_tail_risk/results_v4/walkforward/GUMNet_Fusion/XANG_H7_seed2025/model_checkpoint.pth
12:44:22 | Saved processor/scaler: /data/quyhv/oil_forecast_tail_risk/results_v4/walkforward/GUMNet_Fusion/XANG_H7_seed2025/processor.pkl
