11:52:24 | ================================================================================
11:52:24 |  GUMNet_Fusion | XANG | H3 | walkforward | seed=9999
11:52:24 | ================================================================================
11:52:24 | Data: 4513 rows | Features: 15
11:58:32 |  Iter-01 | MAE=0.348 | MAPE=0.44%
12:06:02 |  Iter-02 | MAE=2.812 | MAPE=3.77%
12:12:34 |  Iter-03 | MAE=1.120 | MAPE=1.52%
12:19:32 |  Iter-04 | MAE=0.555 | MAPE=0.75%
12:27:06 |  Iter-05 | MAE=0.281 | MAPE=0.38%
12:35:39 |  Iter-06 | MAE=0.891 | MAPE=1.25%
12:43:25 |  Iter-07 | MAE=1.089 | MAPE=1.54%
12:50:18 |  Iter-08 | MAE=1.540 | MAPE=2.12%
12:57:42 |  Iter-09 | MAE=1.822 | MAPE=2.55%
13:05:46 |  Iter-10 | MAE=0.683 | MAPE=0.95%
13:12:54 |  Iter-11 | MAE=0.472 | MAPE=0.66%
13:20:06 |  Iter-12 | MAE=1.493 | MAPE=2.03%
13:25:54 |  Iter-13 | MAE=2.888 | MAPE=4.00%
13:33:33 |  Iter-14 | MAE=1.435 | MAPE=1.94%
13:40:50 |  Iter-15 | MAE=1.990 | MAPE=2.59%
13:48:00 |  Iter-16 | MAE=3.661 | MAPE=5.01%
13:54:39 |  Iter-17 | MAE=1.435 | MAPE=1.87%
14:01:03 |  Iter-18 | MAE=1.722 | MAPE=2.17%
14:08:15 |  Iter-19 | MAE=1.123 | MAPE=1.39%
14:16:22 |  Iter-20 | MAE=15.444 | MAPE=15.77%
14:23:10 |  Iter-21 | MAE=25.765 | MAPE=19.82%
14:29:39 |  Iter-22 | MAE=16.093 | MAPE=13.03%
14:38:06 |  Iter-23 | MAE=8.856 | MAPE=6.10%
14:45:21 |  Iter-24 | MAE=5.002 | MAPE=3.27%
14:53:25 |  Iter-25 | MAE=16.872 | MAPE=12.07%
15:00:37 |  Iter-26 | MAE=6.984 | MAPE=5.30%
15:07:41 |  Iter-27 | MAE=3.096 | MAPE=2.12%
15:15:11 |  Iter-28 | MAE=18.323 | MAPE=14.07%
15:23:47 |  Iter-29 | MAE=10.922 | MAPE=8.27%
15:32:07 |  Iter-30 | MAE=6.910 | MAPE=5.62%
15:39:45 |  Iter-31 | MAE=4.474 | MAPE=3.69%
15:47:06 |  Iter-32 | MAE=3.479 | MAPE=2.72%
15:53:52 |  Iter-33 | MAE=2.566 | MAPE=1.97%
15:53:52 | 
 OVERALL: MAE=5.216, MAPE=4.57%, R2=0.9080 (14488.0s)
15:53:52 | Saved model checkpoint: /data/quyhv/oil_forecast_tail_risk/results_v4/walkforward/GUMNet_Fusion/XANG_H3_seed9999/model_checkpoint.pth
15:53:52 | Saved processor/scaler: /data/quyhv/oil_forecast_tail_risk/results_v4/walkforward/GUMNet_Fusion/XANG_H3_seed9999/processor.pkl
