14:18:36 | ================================================================================
14:18:36 |  GUMNet_Fusion | XANG | H20 | walkforward | seed=9999
14:18:36 | ================================================================================
14:18:36 | Data: 4513 rows | Features: 14
14:55:10 |  Iter-01 | MAE=2.951 | MAPE=3.59%
15:32:15 |  Iter-02 | MAE=2.349 | MAPE=3.20%
16:09:23 |  Iter-03 | MAE=2.156 | MAPE=2.83%
16:46:38 |  Iter-04 | MAE=4.651 | MAPE=5.48%
17:23:53 |  Iter-05 | MAE=1.070 | MAPE=1.37%
18:01:15 |  Iter-06 | MAE=3.120 | MAPE=3.94%
18:44:12 |  Iter-07 | MAE=1.399 | MAPE=1.73%
19:21:28 |  Iter-08 | MAE=3.858 | MAPE=4.96%
19:58:41 |  Iter-09 | MAE=3.611 | MAPE=4.47%
20:36:26 |  Iter-10 | MAE=1.754 | MAPE=2.23%
21:14:42 |  Iter-11 | MAE=4.232 | MAPE=5.82%
21:52:55 |  Iter-12 | MAE=2.599 | MAPE=3.56%
22:30:55 |  Iter-13 | MAE=5.865 | MAPE=6.65%
23:13:14 |  Iter-14 | MAE=28.679 | MAPE=19.94%
23:56:24 |  Iter-15 | MAE=13.415 | MAPE=10.53%
23:56:24 | 
 OVERALL: MAE=5.447, MAPE=5.35%, R2=0.7660 (34668.9s)
23:56:24 | Saved model checkpoint: /data/quyhv/oil_forecast_tail_risk/results_v4/walkforward/GUMNet_Fusion/XANG_H20_seed9999/model_checkpoint.pth
23:56:24 | Saved processor/scaler: /data/quyhv/oil_forecast_tail_risk/results_v4/walkforward/GUMNet_Fusion/XANG_H20_seed9999/processor.pkl
