21:12:10 | ================================================================================
21:12:10 |  GUMNet_Fusion | DAU | H3 | walkforward | seed=123
21:12:10 | ================================================================================
21:12:10 | Data: 4513 rows | Features: 16
21:18:05 |  Iter-01 | MAE=0.926 | MAPE=1.13%
21:25:37 |  Iter-02 | MAE=1.515 | MAPE=1.90%
21:32:46 |  Iter-03 | MAE=0.651 | MAPE=0.82%
21:39:53 |  Iter-04 | MAE=0.416 | MAPE=0.51%
21:47:02 |  Iter-05 | MAE=0.396 | MAPE=0.49%
21:53:03 |  Iter-06 | MAE=0.948 | MAPE=1.21%
21:59:26 |  Iter-07 | MAE=1.760 | MAPE=2.27%
22:06:01 |  Iter-08 | MAE=2.176 | MAPE=2.70%
22:12:58 |  Iter-09 | MAE=0.701 | MAPE=0.86%
22:19:42 |  Iter-10 | MAE=1.125 | MAPE=1.35%
22:27:36 |  Iter-11 | MAE=1.194 | MAPE=1.40%
22:34:08 |  Iter-12 | MAE=2.026 | MAPE=2.33%
22:41:03 |  Iter-13 | MAE=2.731 | MAPE=3.14%
22:48:30 |  Iter-14 | MAE=0.966 | MAPE=1.09%
22:54:51 |  Iter-15 | MAE=0.738 | MAPE=0.84%
23:01:34 |  Iter-16 | MAE=2.370 | MAPE=2.73%
23:08:10 |  Iter-17 | MAE=1.800 | MAPE=2.01%
23:15:21 |  Iter-18 | MAE=0.617 | MAPE=0.67%
23:21:38 |  Iter-19 | MAE=0.431 | MAPE=0.47%
23:27:36 |  Iter-20 | MAE=34.500 | MAPE=26.42%
23:34:54 |  Iter-21 | MAE=21.362 | MAPE=12.35%
23:41:38 |  Iter-22 | MAE=19.694 | MAPE=11.85%
23:48:34 |  Iter-23 | MAE=8.806 | MAPE=4.53%
23:55:07 |  Iter-24 | MAE=16.387 | MAPE=7.38%
00:02:57 |  Iter-25 | MAE=14.748 | MAPE=6.72%
00:10:47 |  Iter-26 | MAE=18.552 | MAPE=7.56%
00:17:30 |  Iter-27 | MAE=20.711 | MAPE=7.60%
00:24:39 |  Iter-28 | MAE=49.664 | MAPE=23.68%
00:31:48 |  Iter-29 | MAE=8.543 | MAPE=4.66%
00:38:22 |  Iter-30 | MAE=28.929 | MAPE=17.17%
00:44:46 |  Iter-31 | MAE=15.536 | MAPE=10.49%
00:51:32 |  Iter-32 | MAE=15.360 | MAPE=9.39%
00:58:05 |  Iter-33 | MAE=2.506 | MAPE=1.53%
00:58:05 | 
 OVERALL: MAE=9.054, MAPE=5.43%, R2=0.9174 (13555.3s)
00:58:05 | Saved model checkpoint: /data/quyhv/oil_forecast_tail_risk/results_v4/walkforward/GUMNet_Fusion/DAU_H3_seed123/model_checkpoint.pth
00:58:05 | Saved processor/scaler: /data/quyhv/oil_forecast_tail_risk/results_v4/walkforward/GUMNet_Fusion/DAU_H3_seed123/processor.pkl
