19:18:47 | ================================================================================
19:18:47 |  GUMNet_Mamba | XANG | H60 | walkforward | seed=777
19:18:47 | ================================================================================
19:18:47 | Data: 4513 rows | Features: 19
21:32:37 |  Iter-01 | MAE=8.610 | MAPE=8.66%
23:40:38 |  Iter-02 | MAE=4.557 | MAPE=4.44%
01:38:53 |  Iter-03 | MAE=6.090 | MAPE=5.98%
03:29:10 |  Iter-04 | MAE=11.169 | MAPE=12.17%
05:18:58 |  Iter-05 | MAE=6.112 | MAPE=6.70%
07:08:44 |  Iter-06 | MAE=3.126 | MAPE=3.43%
08:58:39 |  Iter-07 | MAE=6.119 | MAPE=7.17%
10:47:32 |  Iter-08 | MAE=6.307 | MAPE=7.70%
12:32:36 |  Iter-09 | MAE=3.611 | MAPE=4.50%
14:17:11 |  Iter-10 | MAE=1.719 | MAPE=2.10%
16:00:49 |  Iter-11 | MAE=2.472 | MAPE=3.00%
17:45:32 |  Iter-12 | MAE=5.354 | MAPE=6.39%
19:29:55 |  Iter-13 | MAE=1.915 | MAPE=2.28%
21:15:34 |  Iter-14 | MAE=2.620 | MAPE=3.23%
23:01:19 |  Iter-15 | MAE=3.884 | MAPE=4.98%
00:49:29 |  Iter-16 | MAE=3.906 | MAPE=5.14%
02:36:40 |  Iter-17 | MAE=2.720 | MAPE=3.40%
04:25:41 |  Iter-18 | MAE=6.420 | MAPE=7.99%
06:17:09 |  Iter-19 | MAE=1.844 | MAPE=2.24%
08:07:52 |  Iter-20 | MAE=3.817 | MAPE=4.85%
09:58:55 |  Iter-21 | MAE=2.667 | MAPE=3.32%
11:49:09 |  Iter-22 | MAE=2.751 | MAPE=3.41%
13:38:40 |  Iter-23 | MAE=2.730 | MAPE=3.49%
15:28:13 |  Iter-24 | MAE=3.951 | MAPE=5.03%
17:18:00 |  Iter-25 | MAE=5.315 | MAPE=7.26%
19:08:02 |  Iter-26 | MAE=5.073 | MAPE=6.64%
21:00:19 |  Iter-27 | MAE=24.939 | MAPE=18.95%
22:53:10 |  Iter-28 | MAE=37.458 | MAPE=28.12%
22:53:10 | 
 OVERALL: MAE=6.331, MAPE=6.52%, R2=0.0527 (185663.5s)
22:53:11 | Saved model checkpoint: /data/quyhv/oil_forecast_tail_risk/results_v4/walkforward/GUMNet_Mamba/XANG_H60_seed777/model_checkpoint.pth
22:53:11 | Saved processor/scaler: /data/quyhv/oil_forecast_tail_risk/results_v4/walkforward/GUMNet_Mamba/XANG_H60_seed777/processor.pkl
