14:45:35 | ================================================================================
14:45:35 |  GUMNet_Mamba | XANG | H10 | walkforward | seed=777
14:45:35 | ================================================================================
14:45:35 | Data: 4513 rows | Features: 14
14:54:55 |  Iter-01 | MAE=2.816 | MAPE=3.54%
15:04:11 |  Iter-02 | MAE=3.496 | MAPE=4.48%
15:13:34 |  Iter-03 | MAE=0.924 | MAPE=1.17%
15:23:04 |  Iter-04 | MAE=1.606 | MAPE=2.00%
15:33:06 |  Iter-05 | MAE=1.337 | MAPE=1.66%
15:42:43 |  Iter-06 | MAE=1.093 | MAPE=1.35%
15:52:18 |  Iter-07 | MAE=0.795 | MAPE=0.97%
16:01:50 |  Iter-08 | MAE=1.574 | MAPE=1.98%
16:11:24 |  Iter-09 | MAE=2.536 | MAPE=3.21%
16:20:55 |  Iter-10 | MAE=2.781 | MAPE=3.59%
16:30:24 |  Iter-11 | MAE=0.720 | MAPE=0.93%
16:39:51 |  Iter-12 | MAE=1.930 | MAPE=2.52%
16:49:25 |  Iter-13 | MAE=2.569 | MAPE=3.19%
16:59:11 |  Iter-14 | MAE=3.062 | MAPE=3.80%
17:08:47 |  Iter-15 | MAE=0.985 | MAPE=1.23%
17:18:28 |  Iter-16 | MAE=2.052 | MAPE=2.52%
17:28:03 |  Iter-17 | MAE=1.775 | MAPE=2.27%
17:37:32 |  Iter-18 | MAE=1.447 | MAPE=1.82%
17:46:59 |  Iter-19 | MAE=1.132 | MAPE=1.42%
17:56:31 |  Iter-20 | MAE=2.496 | MAPE=3.26%
18:06:01 |  Iter-21 | MAE=3.320 | MAPE=4.47%
18:15:17 |  Iter-22 | MAE=1.624 | MAPE=2.23%
18:24:44 |  Iter-23 | MAE=1.867 | MAPE=2.61%
18:34:15 |  Iter-24 | MAE=0.869 | MAPE=1.22%
18:43:37 |  Iter-25 | MAE=2.625 | MAPE=3.64%
18:53:10 |  Iter-26 | MAE=1.978 | MAPE=2.75%
19:02:39 |  Iter-27 | MAE=1.138 | MAPE=1.55%
19:12:11 |  Iter-28 | MAE=1.297 | MAPE=1.74%
19:21:52 |  Iter-29 | MAE=1.739 | MAPE=2.32%
19:31:29 |  Iter-30 | MAE=2.613 | MAPE=3.50%
19:41:02 |  Iter-31 | MAE=10.180 | MAPE=11.26%
19:50:43 |  Iter-32 | MAE=26.705 | MAPE=22.51%
20:00:11 |  Iter-33 | MAE=33.335 | MAPE=24.12%
20:09:48 |  Iter-34 | MAE=21.310 | MAPE=14.15%
20:19:25 |  Iter-35 | MAE=12.177 | MAPE=8.61%
20:29:01 |  Iter-36 | MAE=6.822 | MAPE=4.99%
20:38:39 |  Iter-37 | MAE=11.379 | MAPE=8.90%
20:48:09 |  Iter-38 | MAE=5.954 | MAPE=4.83%
20:57:45 |  Iter-39 | MAE=7.282 | MAPE=5.58%
20:57:45 | 
 OVERALL: MAE=4.906, MAPE=4.56%, R2=0.8236 (22330.2s)
20:57:45 | Saved model checkpoint: /data/quyhv/oil_forecast_tail_risk/results_v4/walkforward/GUMNet_Mamba/XANG_H10_seed777/model_checkpoint.pth
20:57:45 | Saved processor/scaler: /data/quyhv/oil_forecast_tail_risk/results_v4/walkforward/GUMNet_Mamba/XANG_H10_seed777/processor.pkl
