05:30:31 | ================================================================================
05:30:31 |  GUMNet_Mamba | XANG | H1 | walkforward | seed=777
05:30:31 | ================================================================================
05:30:31 | Data: 4513 rows | Features: 15
05:36:19 |  Iter-01 | MAE=0.051 | MAPE=0.06%
05:41:35 |  Iter-02 | MAE=0.264 | MAPE=0.33%
05:46:35 |  Iter-03 | MAE=0.246 | MAPE=0.31%
05:52:03 |  Iter-04 | MAE=2.635 | MAPE=3.51%
05:57:18 |  Iter-05 | MAE=0.363 | MAPE=0.49%
06:02:17 |  Iter-06 | MAE=0.969 | MAPE=1.30%
06:07:33 |  Iter-07 | MAE=1.373 | MAPE=1.87%
06:12:56 |  Iter-08 | MAE=0.463 | MAPE=0.63%
06:18:44 |  Iter-09 | MAE=1.162 | MAPE=1.57%
06:23:57 |  Iter-10 | MAE=0.939 | MAPE=1.27%
06:29:41 |  Iter-11 | MAE=0.240 | MAPE=0.32%
06:36:44 |  Iter-12 | MAE=0.549 | MAPE=0.75%
06:41:41 |  Iter-13 | MAE=0.339 | MAPE=0.47%
06:47:08 |  Iter-14 | MAE=0.738 | MAPE=1.02%
06:52:17 |  Iter-15 | MAE=0.307 | MAPE=0.42%
06:57:54 |  Iter-16 | MAE=0.598 | MAPE=0.82%
07:03:17 |  Iter-17 | MAE=0.552 | MAPE=0.76%
07:09:04 |  Iter-18 | MAE=1.089 | MAPE=1.54%
07:14:37 |  Iter-19 | MAE=0.366 | MAPE=0.51%
07:19:52 |  Iter-20 | MAE=1.111 | MAPE=1.58%
07:25:22 |  Iter-21 | MAE=1.332 | MAPE=1.89%
07:30:13 |  Iter-22 | MAE=0.632 | MAPE=0.87%
07:36:01 |  Iter-23 | MAE=0.918 | MAPE=1.27%
07:40:48 |  Iter-24 | MAE=0.126 | MAPE=0.17%
07:46:04 |  Iter-25 | MAE=1.567 | MAPE=2.16%
07:51:53 |  Iter-26 | MAE=1.880 | MAPE=2.61%
07:56:34 |  Iter-27 | MAE=0.270 | MAPE=0.38%
08:01:29 |  Iter-28 | MAE=0.150 | MAPE=0.21%
08:06:33 |  Iter-29 | MAE=0.312 | MAPE=0.43%
08:11:52 |  Iter-30 | MAE=0.478 | MAPE=0.66%
08:17:01 |  Iter-31 | MAE=0.965 | MAPE=1.32%
08:22:33 |  Iter-32 | MAE=0.625 | MAPE=0.87%
08:27:27 |  Iter-33 | MAE=0.561 | MAPE=0.77%
08:33:05 |  Iter-34 | MAE=0.943 | MAPE=1.32%
08:38:34 |  Iter-35 | MAE=0.247 | MAPE=0.33%
08:44:04 |  Iter-36 | MAE=0.320 | MAPE=0.43%
08:49:33 |  Iter-37 | MAE=1.701 | MAPE=2.28%
08:54:28 |  Iter-38 | MAE=3.041 | MAPE=4.24%
08:59:15 |  Iter-39 | MAE=2.075 | MAPE=2.88%
09:04:27 |  Iter-40 | MAE=1.477 | MAPE=2.00%
09:10:22 |  Iter-41 | MAE=0.926 | MAPE=1.25%
09:15:17 |  Iter-42 | MAE=0.917 | MAPE=1.23%
09:21:04 |  Iter-43 | MAE=1.004 | MAPE=1.33%
09:26:26 |  Iter-44 | MAE=1.214 | MAPE=1.57%
09:32:11 |  Iter-45 | MAE=0.489 | MAPE=0.64%
09:37:29 |  Iter-46 | MAE=1.109 | MAPE=1.46%
09:44:04 |  Iter-47 | MAE=2.507 | MAPE=3.45%
09:49:34 |  Iter-48 | MAE=0.381 | MAPE=0.52%
09:55:31 |  Iter-49 | MAE=0.757 | MAPE=1.04%
10:01:28 |  Iter-50 | MAE=0.442 | MAPE=0.61%
10:06:18 |  Iter-51 | MAE=2.848 | MAPE=3.69%
10:11:13 |  Iter-52 | MAE=1.327 | MAPE=1.68%
10:16:16 |  Iter-53 | MAE=0.086 | MAPE=0.11%
10:22:11 |  Iter-54 | MAE=1.672 | MAPE=2.09%
10:27:28 |  Iter-55 | MAE=1.020 | MAPE=1.27%
10:32:22 |  Iter-56 | MAE=0.545 | MAPE=0.68%
10:37:46 |  Iter-57 | MAE=0.187 | MAPE=0.23%
10:42:54 |  Iter-58 | MAE=10.307 | MAPE=11.26%
10:48:08 |  Iter-59 | MAE=6.822 | MAPE=7.02%
10:53:22 |  Iter-60 | MAE=5.061 | MAPE=4.94%
10:58:34 |  Iter-61 | MAE=11.488 | MAPE=10.58%
11:03:44 |  Iter-62 | MAE=6.878 | MAPE=5.83%
11:08:58 |  Iter-63 | MAE=21.421 | MAPE=14.94%
11:13:40 |  Iter-64 | MAE=15.709 | MAPE=12.75%
11:18:50 |  Iter-65 | MAE=2.215 | MAPE=1.81%
11:24:09 |  Iter-66 | MAE=10.834 | MAPE=7.93%
11:29:29 |  Iter-67 | MAE=5.577 | MAPE=3.91%
11:34:41 |  Iter-68 | MAE=4.374 | MAPE=2.98%
11:39:58 |  Iter-69 | MAE=3.146 | MAPE=2.16%
11:45:31 |  Iter-70 | MAE=3.525 | MAPE=2.41%
11:50:32 |  Iter-71 | MAE=7.485 | MAPE=4.73%
11:55:12 |  Iter-72 | MAE=1.977 | MAPE=1.26%
12:00:30 |  Iter-73 | MAE=1.859 | MAPE=1.14%
12:06:15 |  Iter-74 | MAE=9.929 | MAPE=6.84%
12:10:56 |  Iter-75 | MAE=15.531 | MAPE=11.65%
12:16:16 |  Iter-76 | MAE=9.734 | MAPE=7.50%
12:21:06 |  Iter-77 | MAE=2.686 | MAPE=2.02%
12:26:09 |  Iter-78 | MAE=7.848 | MAPE=5.45%
12:31:33 |  Iter-79 | MAE=2.898 | MAPE=2.04%
12:36:20 |  Iter-80 | MAE=2.947 | MAPE=2.10%
12:41:13 |  Iter-81 | MAE=11.041 | MAPE=7.46%
12:46:15 |  Iter-82 | MAE=6.983 | MAPE=4.79%
12:51:39 |  Iter-83 | MAE=6.360 | MAPE=4.47%
12:56:41 |  Iter-84 | MAE=23.955 | MAPE=19.52%
13:01:53 |  Iter-85 | MAE=14.777 | MAPE=11.12%
13:07:20 |  Iter-86 | MAE=1.700 | MAPE=1.32%
13:13:05 |  Iter-87 | MAE=0.832 | MAPE=0.64%
13:18:33 |  Iter-88 | MAE=9.237 | MAPE=7.29%
13:23:46 |  Iter-89 | MAE=1.290 | MAPE=1.05%
13:28:46 |  Iter-90 | MAE=2.432 | MAPE=1.99%
13:33:49 |  Iter-91 | MAE=2.163 | MAPE=1.72%
13:38:32 |  Iter-92 | MAE=0.917 | MAPE=0.76%
13:43:50 |  Iter-93 | MAE=2.908 | MAPE=2.40%
13:49:11 |  Iter-94 | MAE=2.697 | MAPE=2.14%
13:54:46 |  Iter-95 | MAE=1.337 | MAPE=1.04%
13:59:37 |  Iter-96 | MAE=1.148 | MAPE=0.92%
14:04:39 |  Iter-97 | MAE=3.828 | MAPE=2.95%
14:10:01 |  Iter-98 | MAE=0.963 | MAPE=0.75%
14:15:11 |  Iter-99 | MAE=0.683 | MAPE=0.52%
14:20:34 |  Iter-100 | MAE=0.450 | MAPE=0.33%
14:20:34 | 
 OVERALL: MAE=3.174, MAPE=2.76%, R2=0.9666 (31803.9s)
14:20:34 | Saved model checkpoint: /data/quyhv/oil_forecast_tail_risk/results_v4/walkforward/GUMNet_Mamba/XANG_H1_seed777/model_checkpoint.pth
14:20:34 | Saved processor/scaler: /data/quyhv/oil_forecast_tail_risk/results_v4/walkforward/GUMNet_Mamba/XANG_H1_seed777/processor.pkl
