10:10:32 | ================================================================================
10:10:32 |  GUMNet_Mamba | XANG | H3 | walkforward | seed=2025
10:10:32 | ================================================================================
10:10:32 | Data: 4513 rows | Features: 15
10:17:25 |  Iter-01 | MAE=0.432 | MAPE=0.55%
10:23:14 |  Iter-02 | MAE=2.623 | MAPE=3.52%
10:29:28 |  Iter-03 | MAE=0.818 | MAPE=1.11%
10:35:33 |  Iter-04 | MAE=1.234 | MAPE=1.68%
10:41:03 |  Iter-05 | MAE=0.236 | MAPE=0.33%
10:47:07 |  Iter-06 | MAE=0.813 | MAPE=1.14%
10:53:20 |  Iter-07 | MAE=1.174 | MAPE=1.67%
11:00:59 |  Iter-08 | MAE=0.404 | MAPE=0.56%
11:07:20 |  Iter-09 | MAE=2.159 | MAPE=3.02%
11:14:02 |  Iter-10 | MAE=0.378 | MAPE=0.52%
11:19:50 |  Iter-11 | MAE=0.515 | MAPE=0.71%
11:26:08 |  Iter-12 | MAE=1.470 | MAPE=2.00%
11:32:15 |  Iter-13 | MAE=3.443 | MAPE=4.76%
11:38:25 |  Iter-14 | MAE=1.775 | MAPE=2.39%
11:44:37 |  Iter-15 | MAE=2.279 | MAPE=2.97%
11:50:56 |  Iter-16 | MAE=3.926 | MAPE=5.37%
11:57:18 |  Iter-17 | MAE=1.561 | MAPE=2.06%
12:03:18 |  Iter-18 | MAE=1.770 | MAPE=2.23%
12:09:28 |  Iter-19 | MAE=0.924 | MAPE=1.15%
12:15:33 |  Iter-20 | MAE=15.419 | MAPE=15.75%
12:23:29 |  Iter-21 | MAE=25.611 | MAPE=19.84%
12:29:05 |  Iter-22 | MAE=13.358 | MAPE=10.81%
12:35:24 |  Iter-23 | MAE=7.895 | MAPE=5.44%
12:41:12 |  Iter-24 | MAE=5.540 | MAPE=3.57%
12:47:15 |  Iter-25 | MAE=16.492 | MAPE=11.90%
12:53:35 |  Iter-26 | MAE=7.778 | MAPE=5.91%
12:59:44 |  Iter-27 | MAE=3.331 | MAPE=2.26%
13:05:44 |  Iter-28 | MAE=16.789 | MAPE=12.96%
13:11:32 |  Iter-29 | MAE=11.502 | MAPE=8.71%
13:18:00 |  Iter-30 | MAE=10.069 | MAPE=8.19%
13:24:25 |  Iter-31 | MAE=2.848 | MAPE=2.35%
13:30:48 |  Iter-32 | MAE=1.930 | MAPE=1.51%
13:36:39 |  Iter-33 | MAE=3.923 | MAPE=3.01%
13:36:39 | 
 OVERALL: MAE=5.164, MAPE=4.54%, R2=0.9119 (12366.8s)
13:36:39 | Saved model checkpoint: /data/quyhv/oil_forecast_tail_risk/results_v4/walkforward/GUMNet_Mamba/XANG_H3_seed2025/model_checkpoint.pth
13:36:39 | Saved processor/scaler: /data/quyhv/oil_forecast_tail_risk/results_v4/walkforward/GUMNet_Mamba/XANG_H3_seed2025/processor.pkl
