14:49:49 | ================================================================================
14:49:49 |  GUMNet_Mamba | XANG | H10 | walkforward | seed=9999
14:49:49 | ================================================================================
14:49:49 | Data: 4513 rows | Features: 14
14:59:07 |  Iter-01 | MAE=2.838 | MAPE=3.57%
15:08:41 |  Iter-02 | MAE=2.931 | MAPE=3.75%
15:18:02 |  Iter-03 | MAE=0.942 | MAPE=1.19%
15:27:26 |  Iter-04 | MAE=1.947 | MAPE=2.43%
15:36:59 |  Iter-05 | MAE=1.026 | MAPE=1.27%
15:46:29 |  Iter-06 | MAE=1.480 | MAPE=1.83%
15:56:21 |  Iter-07 | MAE=0.810 | MAPE=1.00%
16:05:56 |  Iter-08 | MAE=1.373 | MAPE=1.72%
16:15:32 |  Iter-09 | MAE=2.756 | MAPE=3.49%
16:25:08 |  Iter-10 | MAE=2.528 | MAPE=3.26%
16:34:44 |  Iter-11 | MAE=0.781 | MAPE=1.01%
16:44:09 |  Iter-12 | MAE=1.877 | MAPE=2.45%
16:53:38 |  Iter-13 | MAE=2.444 | MAPE=3.04%
17:03:18 |  Iter-14 | MAE=3.257 | MAPE=4.04%
17:12:58 |  Iter-15 | MAE=1.087 | MAPE=1.36%
17:22:39 |  Iter-16 | MAE=2.341 | MAPE=2.87%
17:32:07 |  Iter-17 | MAE=2.388 | MAPE=3.05%
17:41:37 |  Iter-18 | MAE=1.352 | MAPE=1.70%
17:51:05 |  Iter-19 | MAE=1.016 | MAPE=1.27%
18:00:34 |  Iter-20 | MAE=2.045 | MAPE=2.68%
18:09:59 |  Iter-21 | MAE=3.038 | MAPE=4.09%
18:19:29 |  Iter-22 | MAE=1.589 | MAPE=2.18%
18:29:14 |  Iter-23 | MAE=1.839 | MAPE=2.57%
18:38:42 |  Iter-24 | MAE=0.860 | MAPE=1.21%
18:48:08 |  Iter-25 | MAE=2.490 | MAPE=3.45%
18:57:34 |  Iter-26 | MAE=1.884 | MAPE=2.62%
19:07:02 |  Iter-27 | MAE=1.185 | MAPE=1.61%
19:16:30 |  Iter-28 | MAE=1.276 | MAPE=1.72%
19:26:07 |  Iter-29 | MAE=1.601 | MAPE=2.15%
19:35:45 |  Iter-30 | MAE=2.600 | MAPE=3.47%
19:45:21 |  Iter-31 | MAE=11.020 | MAPE=12.26%
19:54:58 |  Iter-32 | MAE=26.896 | MAPE=22.70%
20:04:36 |  Iter-33 | MAE=34.083 | MAPE=24.65%
20:14:11 |  Iter-34 | MAE=20.907 | MAPE=13.88%
20:23:46 |  Iter-35 | MAE=11.436 | MAPE=8.02%
20:33:22 |  Iter-36 | MAE=6.647 | MAPE=4.90%
20:42:58 |  Iter-37 | MAE=12.361 | MAPE=9.64%
20:52:32 |  Iter-38 | MAE=6.359 | MAPE=5.16%
21:02:06 |  Iter-39 | MAE=5.618 | MAPE=4.31%
21:02:06 | 
 OVERALL: MAE=4.895, MAPE=4.55%, R2=0.8213 (22337.8s)
21:02:06 | Saved model checkpoint: /data/quyhv/oil_forecast_tail_risk/results_v4/walkforward/GUMNet_Mamba/XANG_H10_seed9999/model_checkpoint.pth
21:02:06 | Saved processor/scaler: /data/quyhv/oil_forecast_tail_risk/results_v4/walkforward/GUMNet_Mamba/XANG_H10_seed9999/processor.pkl
