16:56:23 | ================================================================================
16:56:23 |  TimesNet | XANG | H5 | walkforward | seed=123
16:56:23 | ================================================================================
16:56:23 | Data: 4513 rows | Features: 16
16:58:51 |  Iter-01 | MAE=1.658 | MAPE=2.20%
17:01:18 |  Iter-02 | MAE=1.056 | MAPE=1.44%
17:03:36 |  Iter-03 | MAE=1.328 | MAPE=1.83%
17:06:01 |  Iter-04 | MAE=1.216 | MAPE=1.72%
17:08:24 |  Iter-05 | MAE=1.921 | MAPE=2.65%
17:10:45 |  Iter-06 | MAE=1.243 | MAPE=1.74%
17:13:09 |  Iter-07 | MAE=0.662 | MAPE=0.92%
17:15:33 |  Iter-08 | MAE=1.143 | MAPE=1.56%
17:17:55 |  Iter-09 | MAE=1.288 | MAPE=1.68%
17:20:20 |  Iter-10 | MAE=3.881 | MAPE=5.32%
17:22:42 |  Iter-11 | MAE=5.450 | MAPE=6.88%
17:25:12 |  Iter-12 | MAE=10.797 | MAPE=11.09%
17:27:45 |  Iter-13 | MAE=27.878 | MAPE=21.94%
17:30:15 |  Iter-14 | MAE=19.415 | MAPE=13.48%
17:32:42 |  Iter-15 | MAE=10.543 | MAPE=7.19%
17:35:08 |  Iter-16 | MAE=4.764 | MAPE=3.46%
17:37:40 |  Iter-17 | MAE=8.984 | MAPE=6.82%
17:40:08 |  Iter-18 | MAE=8.185 | MAPE=6.63%
17:42:37 |  Iter-19 | MAE=3.333 | MAPE=2.68%
17:45:10 |  Iter-20 | MAE=2.134 | MAPE=1.61%
17:45:10 | 
 OVERALL: MAE=5.844, MAPE=5.14%, R2=0.8920 (2927.4s)
17:45:10 | Saved model checkpoint: /data/quyhv/oil_forecast_tail_risk/results_v4/walkforward/TimesNet/XANG_H5_seed123/model_checkpoint.pth
17:45:10 | Saved processor/scaler: /data/quyhv/oil_forecast_tail_risk/results_v4/walkforward/TimesNet/XANG_H5_seed123/processor.pkl
