11:44:29 | ================================================================================
11:44:29 |  TimesNet | XANG | H10 | walkforward | seed=123
11:44:29 | ================================================================================
11:44:30 | Data: 4513 rows | Features: 14
11:46:35 |  Iter-01 | MAE=2.230 | MAPE=2.79%
11:48:39 |  Iter-02 | MAE=2.291 | MAPE=2.93%
11:50:44 |  Iter-03 | MAE=1.348 | MAPE=1.71%
11:52:49 |  Iter-04 | MAE=2.339 | MAPE=2.93%
11:54:55 |  Iter-05 | MAE=1.340 | MAPE=1.66%
11:57:00 |  Iter-06 | MAE=2.274 | MAPE=2.81%
11:59:06 |  Iter-07 | MAE=1.139 | MAPE=1.41%
12:01:12 |  Iter-08 | MAE=1.241 | MAPE=1.54%
12:03:18 |  Iter-09 | MAE=2.740 | MAPE=3.47%
12:05:27 |  Iter-10 | MAE=1.576 | MAPE=2.02%
12:07:36 |  Iter-11 | MAE=0.823 | MAPE=1.07%
12:09:45 |  Iter-12 | MAE=0.921 | MAPE=1.20%
12:11:54 |  Iter-13 | MAE=2.475 | MAPE=3.08%
12:14:05 |  Iter-14 | MAE=3.339 | MAPE=4.14%
12:16:16 |  Iter-15 | MAE=0.948 | MAPE=1.18%
12:18:27 |  Iter-16 | MAE=2.090 | MAPE=2.57%
12:20:37 |  Iter-17 | MAE=2.693 | MAPE=3.44%
12:22:48 |  Iter-18 | MAE=1.571 | MAPE=1.98%
12:24:59 |  Iter-19 | MAE=0.938 | MAPE=1.17%
12:27:10 |  Iter-20 | MAE=2.110 | MAPE=2.75%
12:29:21 |  Iter-21 | MAE=2.588 | MAPE=3.48%
12:31:33 |  Iter-22 | MAE=0.928 | MAPE=1.28%
12:33:43 |  Iter-23 | MAE=0.844 | MAPE=1.18%
12:35:53 |  Iter-24 | MAE=1.052 | MAPE=1.48%
12:38:03 |  Iter-25 | MAE=1.261 | MAPE=1.74%
12:40:17 |  Iter-26 | MAE=0.928 | MAPE=1.29%
12:42:35 |  Iter-27 | MAE=1.018 | MAPE=1.38%
12:44:54 |  Iter-28 | MAE=1.684 | MAPE=2.24%
12:47:14 |  Iter-29 | MAE=1.881 | MAPE=2.48%
12:49:35 |  Iter-30 | MAE=2.664 | MAPE=3.57%
12:51:56 |  Iter-31 | MAE=11.760 | MAPE=13.10%
12:54:17 |  Iter-32 | MAE=26.776 | MAPE=22.56%
12:57:07 |  Iter-33 | MAE=51.070 | MAPE=37.14%
12:59:30 |  Iter-34 | MAE=24.093 | MAPE=16.04%
13:01:53 |  Iter-35 | MAE=11.338 | MAPE=7.98%
13:04:18 |  Iter-36 | MAE=7.290 | MAPE=5.32%
13:06:41 |  Iter-37 | MAE=12.546 | MAPE=9.82%
13:09:04 |  Iter-38 | MAE=10.837 | MAPE=8.77%
13:11:27 |  Iter-39 | MAE=5.758 | MAPE=4.41%
13:11:27 | 
 OVERALL: MAE=5.455, MAPE=4.90%, R2=0.7334 (5218.2s)
13:11:27 | Saved model checkpoint: /data/quyhv/oil_forecast_tail_risk/results_v4/walkforward/TimesNet/XANG_H10_seed123/model_checkpoint.pth
13:11:27 | Saved processor/scaler: /data/quyhv/oil_forecast_tail_risk/results_v4/walkforward/TimesNet/XANG_H10_seed123/processor.pkl
