04:12:44 | ================================================================================
04:12:44 |  TimesNet | XANG | H3 | walkforward | seed=777
04:12:44 | ================================================================================
04:12:44 | Data: 4513 rows | Features: 15
04:15:09 |  Iter-01 | MAE=0.362 | MAPE=0.46%
04:17:31 |  Iter-02 | MAE=2.849 | MAPE=3.82%
04:19:57 |  Iter-03 | MAE=1.066 | MAPE=1.45%
04:22:22 |  Iter-04 | MAE=0.803 | MAPE=1.09%
04:24:43 |  Iter-05 | MAE=0.677 | MAPE=0.93%
04:27:05 |  Iter-06 | MAE=0.793 | MAPE=1.11%
04:29:21 |  Iter-07 | MAE=1.039 | MAPE=1.48%
04:31:46 |  Iter-08 | MAE=1.549 | MAPE=2.13%
04:34:11 |  Iter-09 | MAE=2.112 | MAPE=2.95%
04:36:31 |  Iter-10 | MAE=0.802 | MAPE=1.11%
04:38:52 |  Iter-11 | MAE=0.548 | MAPE=0.76%
04:41:10 |  Iter-12 | MAE=1.639 | MAPE=2.23%
04:43:38 |  Iter-13 | MAE=2.507 | MAPE=3.47%
04:45:53 |  Iter-14 | MAE=1.844 | MAPE=2.49%
04:48:21 |  Iter-15 | MAE=1.986 | MAPE=2.58%
04:50:40 |  Iter-16 | MAE=3.159 | MAPE=4.32%
04:53:01 |  Iter-17 | MAE=1.688 | MAPE=2.25%
04:55:20 |  Iter-18 | MAE=1.627 | MAPE=2.05%
04:57:44 |  Iter-19 | MAE=1.158 | MAPE=1.44%
05:00:06 |  Iter-20 | MAE=16.173 | MAPE=16.53%
05:02:32 |  Iter-21 | MAE=29.801 | MAPE=23.07%
05:04:45 |  Iter-22 | MAE=17.250 | MAPE=13.85%
05:06:59 |  Iter-23 | MAE=2.995 | MAPE=2.06%
05:09:13 |  Iter-24 | MAE=4.685 | MAPE=2.99%
05:11:27 |  Iter-25 | MAE=16.591 | MAPE=11.84%
05:13:41 |  Iter-26 | MAE=4.880 | MAPE=3.62%
05:15:55 |  Iter-27 | MAE=2.530 | MAPE=1.76%
05:18:13 |  Iter-28 | MAE=11.535 | MAPE=9.15%
05:20:34 |  Iter-29 | MAE=10.171 | MAPE=7.70%
05:22:51 |  Iter-30 | MAE=10.445 | MAPE=8.49%
05:25:08 |  Iter-31 | MAE=2.590 | MAPE=2.10%
05:27:23 |  Iter-32 | MAE=7.955 | MAPE=6.24%
05:29:39 |  Iter-33 | MAE=2.399 | MAPE=1.85%
05:29:39 | 
 OVERALL: MAE=5.097, MAPE=4.53%, R2=0.9071 (4615.9s)
05:29:39 | Saved model checkpoint: /data/quyhv/oil_forecast_tail_risk/results_v4/walkforward/TimesNet/XANG_H3_seed777/model_checkpoint.pth
05:29:39 | Saved processor/scaler: /data/quyhv/oil_forecast_tail_risk/results_v4/walkforward/TimesNet/XANG_H3_seed777/processor.pkl
