11:09:52 | ================================================================================
11:09:52 |  TimesNet | XANG | H10 | walkforward | seed=9999
11:09:52 | ================================================================================
11:09:52 | Data: 4513 rows | Features: 14
11:11:57 |  Iter-01 | MAE=2.397 | MAPE=3.01%
11:14:00 |  Iter-02 | MAE=2.455 | MAPE=3.14%
11:16:03 |  Iter-03 | MAE=0.735 | MAPE=0.93%
11:18:08 |  Iter-04 | MAE=2.071 | MAPE=2.59%
11:20:16 |  Iter-05 | MAE=1.087 | MAPE=1.35%
11:22:25 |  Iter-06 | MAE=2.832 | MAPE=3.51%
11:24:33 |  Iter-07 | MAE=1.238 | MAPE=1.54%
11:26:41 |  Iter-08 | MAE=1.235 | MAPE=1.53%
11:28:50 |  Iter-09 | MAE=2.054 | MAPE=2.60%
11:30:58 |  Iter-10 | MAE=1.482 | MAPE=1.90%
11:33:07 |  Iter-11 | MAE=0.840 | MAPE=1.09%
11:35:16 |  Iter-12 | MAE=0.856 | MAPE=1.11%
11:37:24 |  Iter-13 | MAE=2.282 | MAPE=2.84%
11:39:34 |  Iter-14 | MAE=3.611 | MAPE=4.48%
11:41:44 |  Iter-15 | MAE=0.807 | MAPE=1.00%
11:43:54 |  Iter-16 | MAE=2.069 | MAPE=2.54%
11:46:04 |  Iter-17 | MAE=2.480 | MAPE=3.17%
11:48:13 |  Iter-18 | MAE=1.391 | MAPE=1.76%
11:50:23 |  Iter-19 | MAE=1.130 | MAPE=1.41%
11:52:32 |  Iter-20 | MAE=1.897 | MAPE=2.47%
11:54:40 |  Iter-21 | MAE=2.863 | MAPE=3.86%
11:56:48 |  Iter-22 | MAE=0.976 | MAPE=1.34%
11:58:57 |  Iter-23 | MAE=2.005 | MAPE=2.80%
12:01:06 |  Iter-24 | MAE=1.046 | MAPE=1.47%
12:03:23 |  Iter-25 | MAE=1.974 | MAPE=2.73%
12:05:41 |  Iter-26 | MAE=0.867 | MAPE=1.21%
12:07:58 |  Iter-27 | MAE=0.981 | MAPE=1.35%
12:10:16 |  Iter-28 | MAE=1.618 | MAPE=2.15%
12:12:45 |  Iter-29 | MAE=1.337 | MAPE=1.76%
12:15:08 |  Iter-30 | MAE=2.522 | MAPE=3.36%
12:17:32 |  Iter-31 | MAE=10.779 | MAPE=11.99%
12:19:55 |  Iter-32 | MAE=27.083 | MAPE=22.84%
12:22:19 |  Iter-33 | MAE=43.007 | MAPE=31.31%
12:24:44 |  Iter-34 | MAE=21.853 | MAPE=14.60%
12:27:09 |  Iter-35 | MAE=12.984 | MAPE=9.20%
12:29:36 |  Iter-36 | MAE=6.312 | MAPE=4.60%
12:32:02 |  Iter-37 | MAE=11.286 | MAPE=8.83%
12:34:29 |  Iter-38 | MAE=12.140 | MAPE=9.83%
12:36:56 |  Iter-39 | MAE=5.801 | MAPE=4.44%
12:36:56 | 
 OVERALL: MAE=5.189, MAPE=4.71%, R2=0.7791 (5224.5s)
12:36:56 | Saved model checkpoint: /data/quyhv/oil_forecast_tail_risk/results_v4/walkforward/TimesNet/XANG_H10_seed9999/model_checkpoint.pth
12:36:56 | Saved processor/scaler: /data/quyhv/oil_forecast_tail_risk/results_v4/walkforward/TimesNet/XANG_H10_seed9999/processor.pkl
