18:22:29 | ================================================================================
18:22:29 |  TimesNet | XANG | H20 | walkforward | seed=9999
18:22:29 | ================================================================================
18:22:29 | Data: 4513 rows | Features: 14
18:28:17 |  Iter-01 | MAE=3.789 | MAPE=4.60%
18:34:09 |  Iter-02 | MAE=3.601 | MAPE=4.78%
18:40:16 |  Iter-03 | MAE=2.132 | MAPE=2.81%
18:46:35 |  Iter-04 | MAE=4.411 | MAPE=5.20%
18:52:43 |  Iter-05 | MAE=2.768 | MAPE=3.51%
18:59:17 |  Iter-06 | MAE=2.646 | MAPE=3.34%
19:05:14 |  Iter-07 | MAE=1.372 | MAPE=1.69%
19:11:34 |  Iter-08 | MAE=2.743 | MAPE=3.52%
19:18:31 |  Iter-09 | MAE=5.710 | MAPE=7.07%
19:24:52 |  Iter-10 | MAE=3.629 | MAPE=4.58%
19:31:07 |  Iter-11 | MAE=3.935 | MAPE=5.40%
19:37:39 |  Iter-12 | MAE=3.896 | MAPE=5.35%
19:44:23 |  Iter-13 | MAE=6.938 | MAPE=7.87%
19:51:03 |  Iter-14 | MAE=39.644 | MAPE=27.81%
19:57:53 |  Iter-15 | MAE=14.905 | MAPE=11.71%
19:57:53 | 
 OVERALL: MAE=6.808, MAPE=6.62%, R2=0.6148 (5724.5s)
19:57:53 | Saved model checkpoint: /data/quyhv/oil_forecast_tail_risk/results_v4/walkforward/TimesNet/XANG_H20_seed9999/model_checkpoint.pth
19:57:53 | Saved processor/scaler: /data/quyhv/oil_forecast_tail_risk/results_v4/walkforward/TimesNet/XANG_H20_seed9999/processor.pkl
