03:57:28 | ================================================================================
03:57:28 |  Informer | DAU | H3 | walkforward | seed=777
03:57:28 | ================================================================================
03:57:28 | Data: 4513 rows | Features: 16
04:02:49 |  Iter-01 | MAE=1.950 | MAPE=2.38%
04:07:41 |  Iter-02 | MAE=1.756 | MAPE=2.20%
04:11:54 |  Iter-03 | MAE=0.895 | MAPE=1.13%
04:17:50 |  Iter-04 | MAE=0.512 | MAPE=0.63%
04:23:08 |  Iter-05 | MAE=0.928 | MAPE=1.17%
04:26:36 |  Iter-06 | MAE=1.050 | MAPE=1.34%
04:30:16 |  Iter-07 | MAE=1.051 | MAPE=1.34%
04:33:37 |  Iter-08 | MAE=3.215 | MAPE=4.00%
04:37:24 |  Iter-09 | MAE=0.591 | MAPE=0.72%
04:44:07 |  Iter-10 | MAE=0.744 | MAPE=0.89%
04:49:25 |  Iter-11 | MAE=1.219 | MAPE=1.43%
04:54:42 |  Iter-12 | MAE=1.267 | MAPE=1.48%
05:00:33 |  Iter-13 | MAE=2.865 | MAPE=3.30%
05:04:00 |  Iter-14 | MAE=1.888 | MAPE=2.14%
05:10:09 |  Iter-15 | MAE=1.196 | MAPE=1.36%
05:15:01 |  Iter-16 | MAE=1.541 | MAPE=1.78%
05:20:19 |  Iter-17 | MAE=1.590 | MAPE=1.76%
05:25:31 |  Iter-18 | MAE=0.636 | MAPE=0.69%
05:30:16 |  Iter-19 | MAE=0.743 | MAPE=0.80%
05:35:57 |  Iter-20 | MAE=35.708 | MAPE=27.36%
05:40:47 |  Iter-21 | MAE=31.746 | MAPE=18.64%
05:45:04 |  Iter-22 | MAE=21.537 | MAPE=12.93%
05:48:35 |  Iter-23 | MAE=3.312 | MAPE=1.71%
05:53:31 |  Iter-24 | MAE=13.355 | MAPE=6.13%
05:58:06 |  Iter-25 | MAE=14.869 | MAPE=6.93%
06:01:49 |  Iter-26 | MAE=26.949 | MAPE=11.18%
06:06:05 |  Iter-27 | MAE=17.508 | MAPE=6.41%
06:11:46 |  Iter-28 | MAE=48.885 | MAPE=23.49%
06:16:15 |  Iter-29 | MAE=10.486 | MAPE=5.58%
06:20:17 |  Iter-30 | MAE=28.339 | MAPE=16.85%
06:23:47 |  Iter-31 | MAE=13.610 | MAPE=9.20%
06:27:56 |  Iter-32 | MAE=17.356 | MAPE=10.61%
06:31:26 |  Iter-33 | MAE=2.909 | MAPE=1.79%
06:31:26 | 
 OVERALL: MAE=9.461, MAPE=5.74%, R2=0.9097 (9239.0s)
06:31:26 | Saved model checkpoint: /data/quyhv/oil_forecast_tail_risk/results_v4/walkforward/Informer/DAU_H3_seed777/model_checkpoint.pth
06:31:26 | Saved processor/scaler: /data/quyhv/oil_forecast_tail_risk/results_v4/walkforward/Informer/DAU_H3_seed777/processor.pkl
