02:57:42 | ================================================================================
02:57:42 |  Informer | XANG | H3 | walkforward | seed=123
02:57:42 | ================================================================================
02:57:42 | Data: 4513 rows | Features: 15
03:00:09 |  Iter-01 | MAE=0.218 | MAPE=0.28%
03:01:51 |  Iter-02 | MAE=3.328 | MAPE=4.46%
03:03:40 |  Iter-03 | MAE=0.645 | MAPE=0.88%
03:05:22 |  Iter-04 | MAE=0.160 | MAPE=0.22%
03:07:15 |  Iter-05 | MAE=0.896 | MAPE=1.23%
03:10:36 |  Iter-06 | MAE=0.948 | MAPE=1.32%
03:12:18 |  Iter-07 | MAE=0.670 | MAPE=0.94%
03:14:53 |  Iter-08 | MAE=1.789 | MAPE=2.47%
03:16:34 |  Iter-09 | MAE=0.945 | MAPE=1.32%
03:18:19 |  Iter-10 | MAE=0.608 | MAPE=0.84%
03:20:11 |  Iter-11 | MAE=0.519 | MAPE=0.72%
03:21:51 |  Iter-12 | MAE=1.379 | MAPE=1.88%
03:25:19 |  Iter-13 | MAE=2.957 | MAPE=4.10%
03:27:24 |  Iter-14 | MAE=2.053 | MAPE=2.77%
03:29:03 |  Iter-15 | MAE=2.199 | MAPE=2.86%
03:31:31 |  Iter-16 | MAE=3.221 | MAPE=4.41%
03:33:09 |  Iter-17 | MAE=1.460 | MAPE=1.90%
03:35:46 |  Iter-18 | MAE=0.642 | MAPE=0.80%
03:38:20 |  Iter-19 | MAE=0.598 | MAPE=0.74%
03:40:59 |  Iter-20 | MAE=15.756 | MAPE=16.11%
03:42:47 |  Iter-21 | MAE=20.988 | MAPE=15.88%
03:45:01 |  Iter-22 | MAE=29.940 | MAPE=23.74%
03:47:49 |  Iter-23 | MAE=5.429 | MAPE=3.74%
03:50:17 |  Iter-24 | MAE=8.221 | MAPE=5.47%
03:52:02 |  Iter-25 | MAE=14.192 | MAPE=10.25%
03:55:17 |  Iter-26 | MAE=21.412 | MAPE=15.61%
03:57:05 |  Iter-27 | MAE=6.267 | MAPE=4.35%
03:59:31 |  Iter-28 | MAE=18.580 | MAPE=14.25%
04:01:19 |  Iter-29 | MAE=7.814 | MAPE=5.92%
04:03:01 |  Iter-30 | MAE=8.947 | MAPE=7.27%
04:04:40 |  Iter-31 | MAE=2.519 | MAPE=2.04%
04:06:35 |  Iter-32 | MAE=6.261 | MAPE=4.91%
04:08:45 |  Iter-33 | MAE=2.226 | MAPE=1.71%
04:08:45 | 
 OVERALL: MAE=5.872, MAPE=5.01%, R2=0.8820 (4263.7s)
04:08:45 | Saved model checkpoint: /data/quyhv/oil_forecast_tail_risk/results_v4/walkforward/Informer/XANG_H3_seed123/model_checkpoint.pth
04:08:45 | Saved processor/scaler: /data/quyhv/oil_forecast_tail_risk/results_v4/walkforward/Informer/XANG_H3_seed123/processor.pkl
