04:19:17 | ================================================================================
04:19:17 |  Informer | XANG | H20 | walkforward | seed=9999
04:19:17 | ================================================================================
04:19:17 | Data: 4513 rows | Features: 14
04:21:54 |  Iter-01 | MAE=4.906 | MAPE=5.96%
04:24:00 |  Iter-02 | MAE=2.575 | MAPE=3.49%
04:26:07 |  Iter-03 | MAE=2.802 | MAPE=3.68%
04:28:13 |  Iter-04 | MAE=5.728 | MAPE=6.79%
04:30:20 |  Iter-05 | MAE=1.193 | MAPE=1.53%
04:32:28 |  Iter-06 | MAE=3.377 | MAPE=4.27%
04:34:37 |  Iter-07 | MAE=1.987 | MAPE=2.45%
04:36:46 |  Iter-08 | MAE=2.931 | MAPE=3.77%
04:38:54 |  Iter-09 | MAE=3.654 | MAPE=4.52%
04:41:05 |  Iter-10 | MAE=2.010 | MAPE=2.55%
04:43:17 |  Iter-11 | MAE=4.101 | MAPE=5.63%
04:45:29 |  Iter-12 | MAE=3.327 | MAPE=4.56%
04:47:40 |  Iter-13 | MAE=6.625 | MAPE=7.53%
04:49:53 |  Iter-14 | MAE=37.508 | MAPE=26.22%
04:52:06 |  Iter-15 | MAE=10.641 | MAPE=8.35%
04:52:06 | 
 OVERALL: MAE=6.224, MAPE=6.09%, R2=0.6647 (1975.1s)
04:52:06 | Saved model checkpoint: /data/quyhv/oil_forecast_tail_risk/results_v4/walkforward/Informer/XANG_H20_seed9999/model_checkpoint.pth
04:52:06 | Saved processor/scaler: /data/quyhv/oil_forecast_tail_risk/results_v4/walkforward/Informer/XANG_H20_seed9999/processor.pkl
