02:40:29 | ================================================================================
02:40:29 |  Informer | XANG | H3 | walkforward | seed=777
02:40:29 | ================================================================================
02:40:30 | Data: 4513 rows | Features: 15
02:42:12 |  Iter-01 | MAE=0.280 | MAPE=0.36%
02:44:54 |  Iter-02 | MAE=3.125 | MAPE=4.19%
02:47:18 |  Iter-03 | MAE=0.816 | MAPE=1.11%
02:49:25 |  Iter-04 | MAE=0.310 | MAPE=0.42%
02:51:06 |  Iter-05 | MAE=0.787 | MAPE=1.08%
02:52:43 |  Iter-06 | MAE=0.931 | MAPE=1.31%
02:54:50 |  Iter-07 | MAE=0.711 | MAPE=1.00%
02:56:27 |  Iter-08 | MAE=2.085 | MAPE=2.87%
02:58:17 |  Iter-09 | MAE=1.063 | MAPE=1.49%
02:59:57 |  Iter-10 | MAE=0.726 | MAPE=1.01%
03:02:25 |  Iter-11 | MAE=0.597 | MAPE=0.82%
03:04:02 |  Iter-12 | MAE=1.403 | MAPE=1.92%
03:06:55 |  Iter-13 | MAE=3.145 | MAPE=4.36%
03:08:31 |  Iter-14 | MAE=2.172 | MAPE=2.93%
03:10:09 |  Iter-15 | MAE=2.248 | MAPE=2.92%
03:11:46 |  Iter-16 | MAE=2.818 | MAPE=3.86%
03:14:31 |  Iter-17 | MAE=1.487 | MAPE=1.96%
03:16:08 |  Iter-18 | MAE=2.006 | MAPE=2.53%
03:19:56 |  Iter-19 | MAE=0.416 | MAPE=0.52%
03:21:34 |  Iter-20 | MAE=15.985 | MAPE=16.33%
03:24:29 |  Iter-21 | MAE=31.832 | MAPE=24.69%
03:28:03 |  Iter-22 | MAE=16.035 | MAPE=12.91%
03:30:25 |  Iter-23 | MAE=6.619 | MAPE=4.57%
03:32:09 |  Iter-24 | MAE=9.522 | MAPE=6.08%
03:33:49 |  Iter-25 | MAE=14.631 | MAPE=10.38%
03:37:34 |  Iter-26 | MAE=57.210 | MAPE=42.06%
03:39:21 |  Iter-27 | MAE=5.793 | MAPE=4.02%
03:41:05 |  Iter-28 | MAE=14.583 | MAPE=11.29%
03:42:46 |  Iter-29 | MAE=8.186 | MAPE=6.20%
03:44:38 |  Iter-30 | MAE=8.818 | MAPE=7.15%
03:46:27 |  Iter-31 | MAE=2.705 | MAPE=2.19%
03:48:12 |  Iter-32 | MAE=6.450 | MAPE=5.05%
03:50:10 |  Iter-33 | MAE=2.251 | MAPE=1.72%
03:50:10 | 
 OVERALL: MAE=6.901, MAPE=5.80%, R2=0.7926 (4180.8s)
03:50:10 | Saved model checkpoint: /data/quyhv/oil_forecast_tail_risk/results_v4/walkforward/Informer/XANG_H3_seed777/model_checkpoint.pth
03:50:10 | Saved processor/scaler: /data/quyhv/oil_forecast_tail_risk/results_v4/walkforward/Informer/XANG_H3_seed777/processor.pkl
