02:43:53 | ================================================================================
02:43:53 |  Informer | XANG | H60 | walkforward | seed=123
02:43:53 | ================================================================================
02:43:53 | Data: 4513 rows | Features: 19
02:50:56 |  Iter-01 | MAE=15.066 | MAPE=15.19%
02:57:55 |  Iter-02 | MAE=11.348 | MAPE=11.10%
03:04:55 |  Iter-03 | MAE=5.981 | MAPE=5.84%
03:12:02 |  Iter-04 | MAE=3.841 | MAPE=4.13%
03:19:14 |  Iter-05 | MAE=6.291 | MAPE=6.90%
03:26:27 |  Iter-06 | MAE=2.715 | MAPE=3.02%
03:33:41 |  Iter-07 | MAE=3.580 | MAPE=4.19%
03:41:01 |  Iter-08 | MAE=4.871 | MAPE=5.96%
03:48:22 |  Iter-09 | MAE=2.930 | MAPE=3.65%
03:55:39 |  Iter-10 | MAE=3.622 | MAPE=4.36%
04:03:03 |  Iter-11 | MAE=3.191 | MAPE=3.85%
04:10:32 |  Iter-12 | MAE=6.010 | MAPE=7.12%
04:17:57 |  Iter-13 | MAE=4.174 | MAPE=4.88%
04:25:24 |  Iter-14 | MAE=2.314 | MAPE=2.77%
04:32:51 |  Iter-15 | MAE=4.219 | MAPE=5.50%
04:40:23 |  Iter-16 | MAE=2.609 | MAPE=3.34%
04:47:51 |  Iter-17 | MAE=3.744 | MAPE=4.91%
04:55:22 |  Iter-18 | MAE=8.494 | MAPE=10.59%
05:03:00 |  Iter-19 | MAE=5.081 | MAPE=6.27%
05:10:39 |  Iter-20 | MAE=3.587 | MAPE=4.47%
05:18:18 |  Iter-21 | MAE=5.912 | MAPE=7.42%
05:25:53 |  Iter-22 | MAE=3.837 | MAPE=4.80%
05:33:22 |  Iter-23 | MAE=2.242 | MAPE=2.84%
05:40:52 |  Iter-24 | MAE=5.209 | MAPE=6.89%
05:48:23 |  Iter-25 | MAE=3.937 | MAPE=5.28%
05:55:48 |  Iter-26 | MAE=3.881 | MAPE=4.76%
06:03:15 |  Iter-27 | MAE=30.765 | MAPE=25.25%
06:10:39 |  Iter-28 | MAE=41.134 | MAPE=30.94%
06:10:39 | 
 OVERALL: MAE=7.164, MAPE=7.37%, R2=-0.1655 (12406.0s)
06:10:39 | Saved model checkpoint: /data/quyhv/oil_forecast_tail_risk/results_v4/walkforward/Informer/XANG_H60_seed123/model_checkpoint.pth
06:10:39 | Saved processor/scaler: /data/quyhv/oil_forecast_tail_risk/results_v4/walkforward/Informer/XANG_H60_seed123/processor.pkl
