21:55:16 | ================================================================================
21:55:16 |  Informer | DAU | H7 | walkforward | seed=777
21:55:16 | ================================================================================
21:55:16 | Data: 4513 rows | Features: 17
21:58:40 |  Iter-01 | MAE=1.563 | MAPE=1.78%
22:02:02 |  Iter-02 | MAE=3.708 | MAPE=4.42%
22:05:30 |  Iter-03 | MAE=7.231 | MAPE=7.89%
22:08:52 |  Iter-04 | MAE=2.014 | MAPE=2.13%
22:12:13 |  Iter-05 | MAE=1.344 | MAPE=1.39%
22:15:37 |  Iter-06 | MAE=9.598 | MAPE=10.97%
22:19:35 |  Iter-07 | MAE=1.579 | MAPE=1.85%
22:23:01 |  Iter-08 | MAE=2.858 | MAPE=3.55%
22:28:16 |  Iter-09 | MAE=1.333 | MAPE=1.67%
22:31:39 |  Iter-10 | MAE=0.811 | MAPE=1.03%
22:35:01 |  Iter-11 | MAE=3.350 | MAPE=4.12%
22:39:30 |  Iter-12 | MAE=2.585 | MAPE=3.06%
22:42:52 |  Iter-13 | MAE=3.592 | MAPE=4.09%
22:46:16 |  Iter-14 | MAE=0.926 | MAPE=1.06%
22:49:40 |  Iter-15 | MAE=3.992 | MAPE=4.34%
22:53:04 |  Iter-16 | MAE=33.018 | MAPE=23.26%
22:58:19 |  Iter-17 | MAE=17.971 | MAPE=9.44%
23:02:26 |  Iter-18 | MAE=14.566 | MAPE=6.41%
23:06:14 |  Iter-19 | MAE=35.366 | MAPE=13.56%
23:10:21 |  Iter-20 | MAE=60.112 | MAPE=33.62%
23:14:52 |  Iter-21 | MAE=20.911 | MAPE=13.38%
23:14:52 | 
 OVERALL: MAE=10.877, MAPE=7.29%, R2=0.8453 (4776.6s)
23:14:52 | Saved model checkpoint: /data/quyhv/oil_forecast_tail_risk/results_v4/walkforward/Informer/DAU_H7_seed777/model_checkpoint.pth
23:14:52 | Saved processor/scaler: /data/quyhv/oil_forecast_tail_risk/results_v4/walkforward/Informer/DAU_H7_seed777/processor.pkl
