08:35:11 | ================================================================================
08:35:11 |  GUMNet_Decomp | DAU | H3 | walkforward | seed=777
08:35:11 | ================================================================================
08:35:11 | Data: 4513 rows | Features: 16
08:40:59 |  Iter-01 | MAE=1.923 | MAPE=2.34%
08:46:46 |  Iter-02 | MAE=1.622 | MAPE=2.04%
08:52:42 |  Iter-03 | MAE=0.969 | MAPE=1.22%
08:58:16 |  Iter-04 | MAE=0.461 | MAPE=0.57%
09:03:58 |  Iter-05 | MAE=0.375 | MAPE=0.47%
09:10:02 |  Iter-06 | MAE=0.731 | MAPE=0.93%
09:16:28 |  Iter-07 | MAE=1.802 | MAPE=2.33%
09:22:42 |  Iter-08 | MAE=1.525 | MAPE=1.89%
09:28:47 |  Iter-09 | MAE=0.572 | MAPE=0.70%
09:34:16 |  Iter-10 | MAE=1.049 | MAPE=1.26%
09:40:20 |  Iter-11 | MAE=1.669 | MAPE=1.95%
09:46:25 |  Iter-12 | MAE=1.779 | MAPE=2.05%
09:52:06 |  Iter-13 | MAE=1.892 | MAPE=2.18%
09:58:30 |  Iter-14 | MAE=1.855 | MAPE=2.10%
10:04:01 |  Iter-15 | MAE=1.335 | MAPE=1.52%
10:10:03 |  Iter-16 | MAE=1.985 | MAPE=2.29%
10:15:56 |  Iter-17 | MAE=1.897 | MAPE=2.11%
10:21:25 |  Iter-18 | MAE=0.709 | MAPE=0.77%
10:27:38 |  Iter-19 | MAE=0.289 | MAPE=0.31%
10:33:32 |  Iter-20 | MAE=34.786 | MAPE=26.64%
10:39:28 |  Iter-21 | MAE=24.185 | MAPE=14.09%
10:45:20 |  Iter-22 | MAE=16.724 | MAPE=9.83%
10:51:34 |  Iter-23 | MAE=3.449 | MAPE=1.78%
10:58:09 |  Iter-24 | MAE=13.934 | MAPE=6.32%
11:04:33 |  Iter-25 | MAE=16.916 | MAPE=7.79%
11:11:08 |  Iter-26 | MAE=22.757 | MAPE=9.32%
11:17:21 |  Iter-27 | MAE=18.738 | MAPE=6.84%
11:23:45 |  Iter-28 | MAE=53.739 | MAPE=25.61%
11:30:10 |  Iter-29 | MAE=7.646 | MAPE=4.04%
11:37:07 |  Iter-30 | MAE=33.316 | MAPE=19.78%
11:43:13 |  Iter-31 | MAE=12.338 | MAPE=8.36%
11:49:41 |  Iter-32 | MAE=14.126 | MAPE=8.63%
11:55:58 |  Iter-33 | MAE=2.162 | MAPE=1.32%
11:55:58 | 
 OVERALL: MAE=9.068, MAPE=5.44%, R2=0.9118 (12047.7s)
11:55:58 | Saved model checkpoint: /data/quyhv/oil_forecast_tail_risk/results_v4/walkforward/GUMNet_Decomp/DAU_H3_seed777/model_checkpoint.pth
11:55:58 | Saved processor/scaler: /data/quyhv/oil_forecast_tail_risk/results_v4/walkforward/GUMNet_Decomp/DAU_H3_seed777/processor.pkl
