19:10:08 | ================================================================================
19:10:08 |  GUMNet_Decomp | XANG | H20 | walkforward | seed=2025
19:10:08 | ================================================================================
19:10:08 | Data: 4513 rows | Features: 14
19:45:06 |  Iter-01 | MAE=2.486 | MAPE=3.02%
20:20:38 |  Iter-02 | MAE=2.094 | MAPE=2.86%
20:56:06 |  Iter-03 | MAE=2.142 | MAPE=2.82%
21:31:24 |  Iter-04 | MAE=4.267 | MAPE=5.02%
22:06:19 |  Iter-05 | MAE=1.783 | MAPE=2.28%
22:41:30 |  Iter-06 | MAE=1.992 | MAPE=2.51%
23:16:42 |  Iter-07 | MAE=0.872 | MAPE=1.08%
23:51:53 |  Iter-08 | MAE=3.611 | MAPE=4.64%
00:27:03 |  Iter-09 | MAE=2.784 | MAPE=3.45%
01:02:46 |  Iter-10 | MAE=2.488 | MAPE=3.15%
01:39:07 |  Iter-11 | MAE=4.633 | MAPE=6.37%
02:15:41 |  Iter-12 | MAE=2.561 | MAPE=3.51%
02:52:24 |  Iter-13 | MAE=6.061 | MAPE=6.89%
03:31:32 |  Iter-14 | MAE=38.235 | MAPE=26.77%
04:13:59 |  Iter-15 | MAE=13.795 | MAPE=10.87%
04:13:59 | 
 OVERALL: MAE=5.987, MAPE=5.68%, R2=0.6538 (32631.1s)
04:13:59 | Saved model checkpoint: /data/quyhv/oil_forecast_tail_risk/results_v4/walkforward/GUMNet_Decomp/XANG_H20_seed2025/model_checkpoint.pth
04:13:59 | Saved processor/scaler: /data/quyhv/oil_forecast_tail_risk/results_v4/walkforward/GUMNet_Decomp/XANG_H20_seed2025/processor.pkl
