17:15:26 | ================================================================================
17:15:26 |  GUMNet_Decomp | XANG | H10 | walkforward | seed=123
17:15:26 | ================================================================================
17:15:26 | Data: 4513 rows | Features: 14
17:33:31 |  Iter-01 | MAE=2.754 | MAPE=3.46%
17:51:26 |  Iter-02 | MAE=2.811 | MAPE=3.60%
18:09:00 |  Iter-03 | MAE=0.666 | MAPE=0.85%
18:26:42 |  Iter-04 | MAE=1.282 | MAPE=1.60%
18:44:13 |  Iter-05 | MAE=1.205 | MAPE=1.49%
19:01:53 |  Iter-06 | MAE=1.189 | MAPE=1.47%
19:19:50 |  Iter-07 | MAE=0.776 | MAPE=0.95%
19:38:40 |  Iter-08 | MAE=1.679 | MAPE=2.11%
19:57:09 |  Iter-09 | MAE=2.422 | MAPE=3.07%
20:16:11 |  Iter-10 | MAE=2.390 | MAPE=3.09%
20:34:32 |  Iter-11 | MAE=0.837 | MAPE=1.08%
20:52:41 |  Iter-12 | MAE=1.610 | MAPE=2.10%
21:10:41 |  Iter-13 | MAE=2.016 | MAPE=2.52%
21:29:11 |  Iter-14 | MAE=2.641 | MAPE=3.27%
21:47:52 |  Iter-15 | MAE=0.854 | MAPE=1.06%
22:06:36 |  Iter-16 | MAE=2.606 | MAPE=3.20%
22:24:55 |  Iter-17 | MAE=2.604 | MAPE=3.33%
22:42:51 |  Iter-18 | MAE=1.386 | MAPE=1.74%
23:00:21 |  Iter-19 | MAE=1.039 | MAPE=1.30%
23:17:58 |  Iter-20 | MAE=2.675 | MAPE=3.49%
23:36:33 |  Iter-21 | MAE=3.223 | MAPE=4.34%
23:55:52 |  Iter-22 | MAE=2.451 | MAPE=3.36%
00:15:42 |  Iter-23 | MAE=1.962 | MAPE=2.74%
00:36:36 |  Iter-24 | MAE=0.909 | MAPE=1.27%
00:57:18 |  Iter-25 | MAE=2.179 | MAPE=3.02%
01:18:01 |  Iter-26 | MAE=0.701 | MAPE=0.98%
01:38:43 |  Iter-27 | MAE=1.203 | MAPE=1.63%
01:59:24 |  Iter-28 | MAE=1.500 | MAPE=2.00%
02:20:19 |  Iter-29 | MAE=1.583 | MAPE=2.11%
02:41:19 |  Iter-30 | MAE=2.668 | MAPE=3.56%
03:02:29 |  Iter-31 | MAE=10.850 | MAPE=12.06%
03:23:51 |  Iter-32 | MAE=26.329 | MAPE=22.18%
03:45:14 |  Iter-33 | MAE=33.327 | MAPE=24.13%
04:06:36 |  Iter-34 | MAE=23.508 | MAPE=15.64%
04:27:56 |  Iter-35 | MAE=10.938 | MAPE=7.62%
04:48:25 |  Iter-36 | MAE=6.918 | MAPE=5.06%
05:08:38 |  Iter-37 | MAE=11.605 | MAPE=9.05%
05:28:25 |  Iter-38 | MAE=6.339 | MAPE=5.15%
05:48:31 |  Iter-39 | MAE=6.208 | MAPE=4.76%
05:48:31 | 
 OVERALL: MAE=4.868, MAPE=4.50%, R2=0.8223 (45195.7s)
05:48:31 | Saved model checkpoint: /data/quyhv/oil_forecast_tail_risk/results_v4/walkforward/GUMNet_Decomp/XANG_H10_seed123/model_checkpoint.pth
05:48:31 | Saved processor/scaler: /data/quyhv/oil_forecast_tail_risk/results_v4/walkforward/GUMNet_Decomp/XANG_H10_seed123/processor.pkl
