17:10:03 | ================================================================================
17:10:03 |  GUMNet_Decomp | XANG | H1 | walkforward | seed=123
17:10:03 | ================================================================================
17:10:03 | Data: 4513 rows | Features: 15
17:15:05 |  Iter-01 | MAE=0.145 | MAPE=0.18%
17:20:21 |  Iter-02 | MAE=0.215 | MAPE=0.27%
17:25:21 |  Iter-03 | MAE=0.814 | MAPE=1.04%
17:30:12 |  Iter-04 | MAE=2.767 | MAPE=3.68%
17:34:56 |  Iter-05 | MAE=0.465 | MAPE=0.62%
17:39:44 |  Iter-06 | MAE=0.750 | MAPE=1.01%
17:45:10 |  Iter-07 | MAE=1.362 | MAPE=1.86%
17:49:48 |  Iter-08 | MAE=0.376 | MAPE=0.51%
17:55:00 |  Iter-09 | MAE=0.675 | MAPE=0.91%
17:59:27 |  Iter-10 | MAE=0.526 | MAPE=0.71%
18:04:01 |  Iter-11 | MAE=0.107 | MAPE=0.14%
18:09:09 |  Iter-12 | MAE=0.267 | MAPE=0.37%
18:13:42 |  Iter-13 | MAE=0.231 | MAPE=0.32%
18:19:00 |  Iter-14 | MAE=0.024 | MAPE=0.03%
18:24:20 |  Iter-15 | MAE=0.318 | MAPE=0.44%
18:28:59 |  Iter-16 | MAE=0.503 | MAPE=0.69%
18:34:06 |  Iter-17 | MAE=0.586 | MAPE=0.81%
18:39:47 |  Iter-18 | MAE=1.384 | MAPE=1.96%
18:45:03 |  Iter-19 | MAE=0.243 | MAPE=0.34%
18:50:00 |  Iter-20 | MAE=1.260 | MAPE=1.80%
18:55:14 |  Iter-21 | MAE=1.171 | MAPE=1.66%
19:00:48 |  Iter-22 | MAE=0.961 | MAPE=1.33%
19:05:48 |  Iter-23 | MAE=0.986 | MAPE=1.36%
19:11:05 |  Iter-24 | MAE=0.459 | MAPE=0.63%
19:16:25 |  Iter-25 | MAE=0.837 | MAPE=1.16%
19:22:16 |  Iter-26 | MAE=0.866 | MAPE=1.20%
19:26:52 |  Iter-27 | MAE=1.236 | MAPE=1.74%
19:32:04 |  Iter-28 | MAE=0.568 | MAPE=0.80%
19:37:13 |  Iter-29 | MAE=0.988 | MAPE=1.38%
19:42:01 |  Iter-30 | MAE=0.382 | MAPE=0.53%
19:46:43 |  Iter-31 | MAE=0.595 | MAPE=0.82%
19:51:40 |  Iter-32 | MAE=0.662 | MAPE=0.92%
19:56:22 |  Iter-33 | MAE=0.915 | MAPE=1.25%
20:02:25 |  Iter-34 | MAE=1.625 | MAPE=2.28%
20:07:38 |  Iter-35 | MAE=0.618 | MAPE=0.84%
20:12:30 |  Iter-36 | MAE=0.937 | MAPE=1.25%
20:18:04 |  Iter-37 | MAE=0.917 | MAPE=1.23%
20:23:02 |  Iter-38 | MAE=2.187 | MAPE=3.05%
20:27:55 |  Iter-39 | MAE=2.120 | MAPE=2.95%
20:32:38 |  Iter-40 | MAE=1.625 | MAPE=2.20%
20:37:40 |  Iter-41 | MAE=0.212 | MAPE=0.29%
20:42:40 |  Iter-42 | MAE=0.713 | MAPE=0.96%
20:47:19 |  Iter-43 | MAE=1.336 | MAPE=1.76%
20:52:14 |  Iter-44 | MAE=1.016 | MAPE=1.31%
20:57:39 |  Iter-45 | MAE=0.516 | MAPE=0.68%
21:03:00 |  Iter-46 | MAE=1.192 | MAPE=1.57%
21:08:29 |  Iter-47 | MAE=2.133 | MAPE=2.93%
21:14:07 |  Iter-48 | MAE=0.363 | MAPE=0.50%
21:19:28 |  Iter-49 | MAE=0.407 | MAPE=0.56%
21:24:43 |  Iter-50 | MAE=0.634 | MAPE=0.87%
21:30:42 |  Iter-51 | MAE=3.015 | MAPE=3.91%
21:35:57 |  Iter-52 | MAE=1.530 | MAPE=1.94%
21:41:01 |  Iter-53 | MAE=0.949 | MAPE=1.21%
21:45:39 |  Iter-54 | MAE=2.295 | MAPE=2.86%
21:51:30 |  Iter-55 | MAE=0.573 | MAPE=0.71%
21:57:29 |  Iter-56 | MAE=0.119 | MAPE=0.15%
22:03:09 |  Iter-57 | MAE=0.189 | MAPE=0.23%
22:07:48 |  Iter-58 | MAE=10.277 | MAPE=11.23%
22:13:21 |  Iter-59 | MAE=5.964 | MAPE=6.14%
22:18:02 |  Iter-60 | MAE=3.182 | MAPE=3.10%
22:23:32 |  Iter-61 | MAE=13.155 | MAPE=12.12%
22:28:37 |  Iter-62 | MAE=4.838 | MAPE=4.07%
22:33:21 |  Iter-63 | MAE=22.143 | MAPE=15.46%
22:38:11 |  Iter-64 | MAE=14.208 | MAPE=11.52%
22:42:45 |  Iter-65 | MAE=2.061 | MAPE=1.71%
22:47:30 |  Iter-66 | MAE=13.790 | MAPE=10.09%
22:52:24 |  Iter-67 | MAE=6.349 | MAPE=4.46%
22:57:06 |  Iter-68 | MAE=1.851 | MAPE=1.26%
23:01:56 |  Iter-69 | MAE=4.584 | MAPE=3.15%
23:06:47 |  Iter-70 | MAE=3.216 | MAPE=2.19%
23:11:18 |  Iter-71 | MAE=10.684 | MAPE=6.75%
23:15:46 |  Iter-72 | MAE=1.388 | MAPE=0.88%
23:20:24 |  Iter-73 | MAE=0.885 | MAPE=0.55%
23:25:03 |  Iter-74 | MAE=11.111 | MAPE=7.66%
23:29:42 |  Iter-75 | MAE=14.571 | MAPE=10.94%
23:34:22 |  Iter-76 | MAE=7.176 | MAPE=5.53%
23:39:00 |  Iter-77 | MAE=0.368 | MAPE=0.27%
23:43:37 |  Iter-78 | MAE=8.963 | MAPE=6.24%
23:48:16 |  Iter-79 | MAE=0.292 | MAPE=0.20%
23:52:46 |  Iter-80 | MAE=3.229 | MAPE=2.31%
23:57:28 |  Iter-81 | MAE=11.641 | MAPE=7.86%
00:01:55 |  Iter-82 | MAE=6.004 | MAPE=4.13%
00:06:36 |  Iter-83 | MAE=2.933 | MAPE=2.06%
00:11:12 |  Iter-84 | MAE=21.890 | MAPE=17.83%
00:15:42 |  Iter-85 | MAE=13.839 | MAPE=10.42%
00:20:19 |  Iter-86 | MAE=0.403 | MAPE=0.31%
00:25:05 |  Iter-87 | MAE=0.639 | MAPE=0.48%
00:29:59 |  Iter-88 | MAE=9.140 | MAPE=7.21%
00:34:36 |  Iter-89 | MAE=0.638 | MAPE=0.54%
00:39:05 |  Iter-90 | MAE=2.401 | MAPE=1.97%
00:43:34 |  Iter-91 | MAE=2.348 | MAPE=1.84%
00:48:10 |  Iter-92 | MAE=1.698 | MAPE=1.40%
00:52:39 |  Iter-93 | MAE=2.735 | MAPE=2.26%
00:57:17 |  Iter-94 | MAE=2.705 | MAPE=2.14%
01:01:54 |  Iter-95 | MAE=0.727 | MAPE=0.56%
01:06:38 |  Iter-96 | MAE=1.544 | MAPE=1.23%
01:11:04 |  Iter-97 | MAE=2.349 | MAPE=1.82%
01:15:30 |  Iter-98 | MAE=0.324 | MAPE=0.25%
01:20:15 |  Iter-99 | MAE=0.911 | MAPE=0.70%
01:24:52 |  Iter-100 | MAE=2.783 | MAPE=2.05%
01:24:52 | 
 OVERALL: MAE=3.028, MAPE=2.64%, R2=0.9676 (29689.3s)
01:24:52 | Saved model checkpoint: /data/quyhv/oil_forecast_tail_risk/results_v4/walkforward/GUMNet_Decomp/XANG_H1_seed123/model_checkpoint.pth
01:24:52 | Saved processor/scaler: /data/quyhv/oil_forecast_tail_risk/results_v4/walkforward/GUMNet_Decomp/XANG_H1_seed123/processor.pkl
