14:13:21 | ================================================================================
14:13:21 |  GUMNet_Decomp | DAU | H5 | walkforward | seed=777
14:13:21 | ================================================================================
14:13:21 | Data: 4513 rows | Features: 17
14:20:28 |  Iter-01 | MAE=2.865 | MAPE=3.56%
14:27:04 |  Iter-02 | MAE=0.687 | MAPE=0.86%
14:34:34 |  Iter-03 | MAE=1.627 | MAPE=2.04%
14:42:21 |  Iter-04 | MAE=0.988 | MAPE=1.27%
14:49:05 |  Iter-05 | MAE=3.383 | MAPE=4.18%
14:56:03 |  Iter-06 | MAE=0.788 | MAPE=0.96%
15:02:48 |  Iter-07 | MAE=1.665 | MAPE=1.94%
15:09:56 |  Iter-08 | MAE=0.953 | MAPE=1.09%
15:17:18 |  Iter-09 | MAE=0.630 | MAPE=0.71%
15:25:05 |  Iter-10 | MAE=2.200 | MAPE=2.54%
15:31:48 |  Iter-11 | MAE=5.238 | MAPE=5.70%
15:38:56 |  Iter-12 | MAE=21.510 | MAPE=16.53%
15:45:52 |  Iter-13 | MAE=22.232 | MAPE=13.21%
15:53:48 |  Iter-14 | MAE=22.340 | MAPE=11.46%
16:02:40 |  Iter-15 | MAE=17.183 | MAPE=7.50%
16:10:55 |  Iter-16 | MAE=19.918 | MAPE=8.17%
16:18:56 |  Iter-17 | MAE=37.957 | MAPE=17.11%
16:28:18 |  Iter-18 | MAE=11.309 | MAPE=6.46%
16:37:12 |  Iter-19 | MAE=19.247 | MAPE=12.70%
16:45:00 |  Iter-20 | MAE=3.869 | MAPE=2.36%
16:45:00 | 
 OVERALL: MAE=9.829, MAPE=6.02%, R2=0.9201 (9098.7s)
16:45:00 | Saved model checkpoint: /data/quyhv/oil_forecast_tail_risk/results_v4/walkforward/GUMNet_Decomp/DAU_H5_seed777/model_checkpoint.pth
16:45:00 | Saved processor/scaler: /data/quyhv/oil_forecast_tail_risk/results_v4/walkforward/GUMNet_Decomp/DAU_H5_seed777/processor.pkl
