12:15:31 | ================================================================================
12:15:31 |  GUMNet_Decomp | DAU | H1 | walkforward | seed=123
12:15:31 | ================================================================================
12:15:31 | Data: 4513 rows | Features: 16
12:20:19 |  Iter-01 | MAE=1.506 | MAPE=1.83%
12:25:46 |  Iter-02 | MAE=0.477 | MAPE=0.58%
12:31:47 |  Iter-03 | MAE=1.342 | MAPE=1.65%
12:37:33 |  Iter-04 | MAE=1.219 | MAPE=1.52%
12:43:51 |  Iter-05 | MAE=0.210 | MAPE=0.26%
12:48:43 |  Iter-06 | MAE=0.385 | MAPE=0.48%
12:53:36 |  Iter-07 | MAE=1.576 | MAPE=2.00%
12:59:04 |  Iter-08 | MAE=0.340 | MAPE=0.43%
13:04:05 |  Iter-09 | MAE=0.289 | MAPE=0.36%
13:09:32 |  Iter-10 | MAE=0.652 | MAPE=0.80%
13:14:33 |  Iter-11 | MAE=0.091 | MAPE=0.11%
13:19:43 |  Iter-12 | MAE=0.076 | MAPE=0.09%
13:25:03 |  Iter-13 | MAE=0.054 | MAPE=0.07%
13:30:48 |  Iter-14 | MAE=0.114 | MAPE=0.14%
13:35:23 |  Iter-15 | MAE=0.651 | MAPE=0.81%
13:40:17 |  Iter-16 | MAE=0.734 | MAPE=0.91%
13:45:28 |  Iter-17 | MAE=0.589 | MAPE=0.74%
13:51:15 |  Iter-18 | MAE=1.121 | MAPE=1.44%
13:56:18 |  Iter-19 | MAE=0.367 | MAPE=0.46%
14:02:05 |  Iter-20 | MAE=1.761 | MAPE=2.28%
14:06:59 |  Iter-21 | MAE=0.119 | MAPE=0.16%
14:12:27 |  Iter-22 | MAE=1.050 | MAPE=1.32%
14:17:46 |  Iter-23 | MAE=0.170 | MAPE=0.21%
14:23:00 |  Iter-24 | MAE=1.053 | MAPE=1.30%
14:29:02 |  Iter-25 | MAE=0.418 | MAPE=0.51%
14:34:57 |  Iter-26 | MAE=0.814 | MAPE=1.00%
14:40:29 |  Iter-27 | MAE=2.402 | MAPE=2.94%
14:46:33 |  Iter-28 | MAE=0.100 | MAPE=0.12%
14:52:08 |  Iter-29 | MAE=0.401 | MAPE=0.49%
14:58:44 |  Iter-30 | MAE=0.924 | MAPE=1.10%
15:05:38 |  Iter-31 | MAE=1.714 | MAPE=2.01%
15:10:49 |  Iter-32 | MAE=0.025 | MAPE=0.03%
15:17:36 |  Iter-33 | MAE=0.136 | MAPE=0.16%
15:23:27 |  Iter-34 | MAE=2.471 | MAPE=2.94%
15:30:44 |  Iter-35 | MAE=0.409 | MAPE=0.47%
15:37:32 |  Iter-36 | MAE=1.121 | MAPE=1.27%
15:43:13 |  Iter-37 | MAE=0.728 | MAPE=0.82%
15:49:05 |  Iter-38 | MAE=1.594 | MAPE=1.83%
15:54:16 |  Iter-39 | MAE=1.325 | MAPE=1.54%
15:59:52 |  Iter-40 | MAE=1.483 | MAPE=1.69%
16:04:37 |  Iter-41 | MAE=0.565 | MAPE=0.64%
16:09:41 |  Iter-42 | MAE=1.706 | MAPE=1.92%
16:14:40 |  Iter-43 | MAE=1.649 | MAPE=1.89%
16:20:09 |  Iter-44 | MAE=0.609 | MAPE=0.69%
16:25:12 |  Iter-45 | MAE=1.575 | MAPE=1.77%
16:31:09 |  Iter-46 | MAE=0.217 | MAPE=0.24%
16:36:58 |  Iter-47 | MAE=0.272 | MAPE=0.31%
16:42:19 |  Iter-48 | MAE=0.220 | MAPE=0.25%
16:47:13 |  Iter-49 | MAE=0.212 | MAPE=0.24%
16:52:08 |  Iter-50 | MAE=0.599 | MAPE=0.69%
16:57:30 |  Iter-51 | MAE=3.289 | MAPE=3.60%
17:03:09 |  Iter-52 | MAE=1.306 | MAPE=1.41%
17:08:20 |  Iter-53 | MAE=0.750 | MAPE=0.82%
17:14:35 |  Iter-54 | MAE=0.380 | MAPE=0.41%
17:20:53 |  Iter-55 | MAE=0.516 | MAPE=0.56%
17:25:56 |  Iter-56 | MAE=0.951 | MAPE=1.03%
17:30:42 |  Iter-57 | MAE=0.178 | MAPE=0.19%
17:36:21 |  Iter-58 | MAE=22.166 | MAPE=19.30%
17:41:16 |  Iter-59 | MAE=13.061 | MAPE=10.40%
17:46:47 |  Iter-60 | MAE=10.675 | MAPE=7.45%
17:52:25 |  Iter-61 | MAE=12.773 | MAPE=8.37%
17:57:55 |  Iter-62 | MAE=6.167 | MAPE=3.97%
18:03:07 |  Iter-63 | MAE=23.300 | MAPE=12.60%
18:08:11 |  Iter-64 | MAE=22.775 | MAPE=14.15%
18:13:15 |  Iter-65 | MAE=10.965 | MAPE=6.68%
18:18:09 |  Iter-66 | MAE=26.941 | MAPE=13.89%
18:23:31 |  Iter-67 | MAE=8.031 | MAPE=4.18%
18:28:52 |  Iter-68 | MAE=4.709 | MAPE=2.47%
18:33:38 |  Iter-69 | MAE=10.321 | MAPE=5.22%
18:38:42 |  Iter-70 | MAE=3.665 | MAPE=1.85%
18:43:45 |  Iter-71 | MAE=16.980 | MAPE=7.58%
18:49:15 |  Iter-72 | MAE=7.216 | MAPE=3.24%
18:54:27 |  Iter-73 | MAE=13.951 | MAPE=5.75%
18:59:48 |  Iter-74 | MAE=15.292 | MAPE=6.97%
19:04:43 |  Iter-75 | MAE=15.561 | MAPE=7.59%
19:09:55 |  Iter-76 | MAE=11.437 | MAPE=5.29%
19:15:24 |  Iter-77 | MAE=16.548 | MAPE=6.97%
19:20:35 |  Iter-78 | MAE=14.652 | MAPE=5.82%
19:25:39 |  Iter-79 | MAE=8.763 | MAPE=3.68%
19:30:41 |  Iter-80 | MAE=3.546 | MAPE=1.44%
19:35:45 |  Iter-81 | MAE=55.945 | MAPE=19.14%
19:40:47 |  Iter-82 | MAE=23.255 | MAPE=8.69%
19:46:52 |  Iter-83 | MAE=25.687 | MAPE=10.59%
19:51:40 |  Iter-84 | MAE=62.129 | MAPE=32.56%
19:56:38 |  Iter-85 | MAE=8.773 | MAPE=4.23%
20:01:44 |  Iter-86 | MAE=2.556 | MAPE=1.31%
20:06:50 |  Iter-87 | MAE=3.919 | MAPE=2.04%
20:11:39 |  Iter-88 | MAE=12.433 | MAPE=6.88%
20:16:46 |  Iter-89 | MAE=10.443 | MAPE=6.30%
20:21:52 |  Iter-90 | MAE=2.768 | MAPE=1.71%
20:26:59 |  Iter-91 | MAE=8.647 | MAPE=5.28%
20:31:56 |  Iter-92 | MAE=8.694 | MAPE=5.88%
20:37:02 |  Iter-93 | MAE=4.565 | MAPE=3.12%
20:42:17 |  Iter-94 | MAE=13.294 | MAPE=8.30%
20:47:22 |  Iter-95 | MAE=3.631 | MAPE=2.21%
20:52:21 |  Iter-96 | MAE=0.104 | MAPE=0.07%
20:57:24 |  Iter-97 | MAE=1.295 | MAPE=0.78%
21:02:17 |  Iter-98 | MAE=6.679 | MAPE=4.16%
21:07:11 |  Iter-99 | MAE=1.066 | MAPE=0.65%
21:12:05 |  Iter-100 | MAE=5.674 | MAPE=3.30%
21:12:05 | 
 OVERALL: MAE=6.081, MAPE=3.48%, R2=0.9591 (32195.4s)
21:12:05 | Saved model checkpoint: /data/quyhv/oil_forecast_tail_risk/results_v4/walkforward/GUMNet_Decomp/DAU_H1_seed123/model_checkpoint.pth
21:12:05 | Saved processor/scaler: /data/quyhv/oil_forecast_tail_risk/results_v4/walkforward/GUMNet_Decomp/DAU_H1_seed123/processor.pkl
