15:38:00 | ================================================================================
15:38:00 |  GUMNet_Decomp | XANG | H20 | walkforward | seed=123
15:38:00 | ================================================================================
15:38:00 | Data: 4513 rows | Features: 14
16:12:59 |  Iter-01 | MAE=2.502 | MAPE=3.04%
16:48:33 |  Iter-02 | MAE=2.115 | MAPE=2.89%
17:24:05 |  Iter-03 | MAE=1.577 | MAPE=2.07%
17:59:37 |  Iter-04 | MAE=4.406 | MAPE=5.19%
18:35:05 |  Iter-05 | MAE=2.044 | MAPE=2.61%
19:10:44 |  Iter-06 | MAE=2.942 | MAPE=3.72%
19:46:09 |  Iter-07 | MAE=0.962 | MAPE=1.19%
20:21:35 |  Iter-08 | MAE=3.981 | MAPE=5.12%
20:57:03 |  Iter-09 | MAE=2.599 | MAPE=3.22%
21:33:04 |  Iter-10 | MAE=2.717 | MAPE=3.44%
22:09:33 |  Iter-11 | MAE=4.456 | MAPE=6.12%
22:45:55 |  Iter-12 | MAE=2.991 | MAPE=4.10%
23:22:09 |  Iter-13 | MAE=5.924 | MAPE=6.72%
23:58:56 |  Iter-14 | MAE=37.421 | MAPE=26.17%
00:35:49 |  Iter-15 | MAE=13.424 | MAPE=10.56%
00:35:49 | 
 OVERALL: MAE=6.004, MAPE=5.74%, R2=0.6651 (32269.2s)
00:35:49 | Saved model checkpoint: /data/quyhv/oil_forecast_tail_risk/results_v4/walkforward/GUMNet_Decomp/XANG_H20_seed123/model_checkpoint.pth
00:35:49 | Saved processor/scaler: /data/quyhv/oil_forecast_tail_risk/results_v4/walkforward/GUMNet_Decomp/XANG_H20_seed123/processor.pkl
