03:59:24 | ================================================================================
03:59:24 |  TTM | XANG | H20 | walkforward | seed=2025
03:59:24 | ================================================================================
03:59:24 | Data: 4513 rows | Features: 14
04:03:43 |  Iter-01 | MAE=3.808 | MAPE=4.63%
04:08:01 |  Iter-02 | MAE=2.321 | MAPE=3.17%
04:12:11 |  Iter-03 | MAE=2.268 | MAPE=2.98%
04:16:27 |  Iter-04 | MAE=4.231 | MAPE=4.97%
04:20:46 |  Iter-05 | MAE=1.802 | MAPE=2.31%
04:25:17 |  Iter-06 | MAE=4.823 | MAPE=6.10%
04:29:48 |  Iter-07 | MAE=1.776 | MAPE=2.20%
04:34:19 |  Iter-08 | MAE=3.071 | MAPE=3.95%
04:38:55 |  Iter-09 | MAE=3.478 | MAPE=4.31%
04:43:35 |  Iter-10 | MAE=3.443 | MAPE=4.36%
04:48:20 |  Iter-11 | MAE=3.919 | MAPE=5.39%
04:53:05 |  Iter-12 | MAE=2.842 | MAPE=3.89%
04:57:51 |  Iter-13 | MAE=5.812 | MAPE=6.58%
05:02:41 |  Iter-14 | MAE=37.896 | MAPE=26.49%
05:07:45 |  Iter-15 | MAE=10.171 | MAPE=7.99%
05:07:45 | 
 OVERALL: MAE=6.111, MAPE=5.96%, R2=0.6670 (4101.4s)
05:07:45 | Saved model checkpoint: /data/quyhv/oil_forecast_tail_risk/results_v4/walkforward/TTM/XANG_H20_seed2025/model_checkpoint.pth
05:07:45 | Saved processor/scaler: /data/quyhv/oil_forecast_tail_risk/results_v4/walkforward/TTM/XANG_H20_seed2025/processor.pkl
