01:49:56 | ================================================================================
01:49:56 |  TTM | XANG | H7 | walkforward | seed=123
01:49:56 | ================================================================================
01:49:56 | Data: 4513 rows | Features: 16
01:51:39 |  Iter-01 | MAE=0.935 | MAPE=1.21%
01:53:48 |  Iter-02 | MAE=0.671 | MAPE=0.88%
01:55:34 |  Iter-03 | MAE=4.046 | MAPE=5.01%
01:57:13 |  Iter-04 | MAE=0.671 | MAPE=0.84%
01:58:53 |  Iter-05 | MAE=0.813 | MAPE=1.01%
02:00:31 |  Iter-06 | MAE=1.308 | MAPE=1.67%
02:02:13 |  Iter-07 | MAE=1.157 | MAPE=1.44%
02:03:53 |  Iter-08 | MAE=1.859 | MAPE=2.48%
02:05:36 |  Iter-09 | MAE=0.986 | MAPE=1.35%
02:07:40 |  Iter-10 | MAE=0.746 | MAPE=1.05%
02:09:39 |  Iter-11 | MAE=2.734 | MAPE=3.78%
02:11:35 |  Iter-12 | MAE=1.137 | MAPE=1.56%
02:14:33 |  Iter-13 | MAE=1.465 | MAPE=1.98%
02:16:22 |  Iter-14 | MAE=1.872 | MAPE=2.47%
02:18:14 |  Iter-15 | MAE=4.563 | MAPE=5.77%
02:20:03 |  Iter-16 | MAE=16.726 | MAPE=15.84%
02:21:49 |  Iter-17 | MAE=19.938 | MAPE=14.07%
02:24:01 |  Iter-18 | MAE=10.291 | MAPE=7.19%
02:25:49 |  Iter-19 | MAE=11.062 | MAPE=7.69%
02:28:21 |  Iter-20 | MAE=22.377 | MAPE=17.78%
02:30:14 |  Iter-21 | MAE=4.338 | MAPE=3.38%
02:30:14 | 
 OVERALL: MAE=5.224, MAPE=4.69%, R2=0.8710 (2418.6s)
02:30:14 | Saved model checkpoint: /data/quyhv/oil_forecast_tail_risk/results_v4/walkforward/TTM/XANG_H7_seed123/model_checkpoint.pth
02:30:14 | Saved processor/scaler: /data/quyhv/oil_forecast_tail_risk/results_v4/walkforward/TTM/XANG_H7_seed123/processor.pkl
