07:56:17 | ================================================================================
07:56:17 |  TTM | XANG | H60 | walkforward | seed=9999
07:56:17 | ================================================================================
07:56:17 | Data: 4513 rows | Features: 19
08:01:58 |  Iter-01 | MAE=10.874 | MAPE=11.00%
08:07:35 |  Iter-02 | MAE=5.868 | MAPE=5.70%
08:13:11 |  Iter-03 | MAE=4.761 | MAPE=4.68%
08:18:54 |  Iter-04 | MAE=7.593 | MAPE=8.31%
08:24:35 |  Iter-05 | MAE=8.990 | MAPE=9.83%
08:30:18 |  Iter-06 | MAE=5.520 | MAPE=5.94%
08:36:15 |  Iter-07 | MAE=5.135 | MAPE=6.04%
08:42:27 |  Iter-08 | MAE=3.626 | MAPE=4.42%
08:48:50 |  Iter-09 | MAE=3.561 | MAPE=4.44%
08:55:17 |  Iter-10 | MAE=2.043 | MAPE=2.47%
09:01:44 |  Iter-11 | MAE=1.774 | MAPE=2.15%
09:08:17 |  Iter-12 | MAE=5.012 | MAPE=5.95%
09:14:51 |  Iter-13 | MAE=3.024 | MAPE=3.55%
09:21:27 |  Iter-14 | MAE=2.941 | MAPE=3.62%
09:28:04 |  Iter-15 | MAE=2.708 | MAPE=3.41%
09:34:48 |  Iter-16 | MAE=8.013 | MAPE=10.31%
09:41:45 |  Iter-17 | MAE=3.119 | MAPE=3.97%
09:48:48 |  Iter-18 | MAE=2.526 | MAPE=3.12%
09:55:58 |  Iter-19 | MAE=2.887 | MAPE=3.55%
10:03:08 |  Iter-20 | MAE=3.166 | MAPE=3.98%
10:10:18 |  Iter-21 | MAE=4.037 | MAPE=5.03%
10:17:28 |  Iter-22 | MAE=2.582 | MAPE=3.23%
10:24:45 |  Iter-23 | MAE=3.410 | MAPE=4.29%
10:31:58 |  Iter-24 | MAE=2.931 | MAPE=3.75%
10:39:09 |  Iter-25 | MAE=7.350 | MAPE=9.98%
10:46:19 |  Iter-26 | MAE=4.631 | MAPE=5.98%
10:53:53 |  Iter-27 | MAE=31.739 | MAPE=26.09%
11:01:29 |  Iter-28 | MAE=43.546 | MAPE=32.89%
11:01:29 | 
 OVERALL: MAE=6.906, MAPE=7.06%, R2=-0.1970 (11112.4s)
11:01:29 | Saved model checkpoint: /data/quyhv/oil_forecast_tail_risk/results_v4/walkforward/TTM/XANG_H60_seed9999/model_checkpoint.pth
11:01:29 | Saved processor/scaler: /data/quyhv/oil_forecast_tail_risk/results_v4/walkforward/TTM/XANG_H60_seed9999/processor.pkl
