01:45:34 | ================================================================================
01:45:34 |  TTM | DAU | H10 | walkforward | seed=777
01:45:34 | ================================================================================
01:45:34 | Data: 4513 rows | Features: 15
01:47:11 |  Iter-01 | MAE=1.425 | MAPE=1.58%
01:48:45 |  Iter-02 | MAE=4.790 | MAPE=5.56%
01:50:19 |  Iter-03 | MAE=2.944 | MAPE=3.50%
01:52:25 |  Iter-04 | MAE=1.221 | MAPE=1.43%
01:54:31 |  Iter-05 | MAE=0.929 | MAPE=1.06%
01:56:09 |  Iter-06 | MAE=1.464 | MAPE=1.66%
01:57:47 |  Iter-07 | MAE=1.272 | MAPE=1.44%
02:00:02 |  Iter-08 | MAE=0.768 | MAPE=0.87%
02:01:49 |  Iter-09 | MAE=1.392 | MAPE=1.56%
02:03:37 |  Iter-10 | MAE=1.680 | MAPE=1.89%
02:05:16 |  Iter-11 | MAE=1.443 | MAPE=1.67%
02:06:58 |  Iter-12 | MAE=3.080 | MAPE=3.66%
02:08:49 |  Iter-13 | MAE=4.684 | MAPE=5.16%
02:10:42 |  Iter-14 | MAE=7.489 | MAPE=8.10%
02:12:42 |  Iter-15 | MAE=2.587 | MAPE=2.71%
02:14:19 |  Iter-16 | MAE=1.961 | MAPE=2.04%
02:16:16 |  Iter-17 | MAE=4.929 | MAPE=5.53%
02:18:03 |  Iter-18 | MAE=10.258 | MAPE=11.78%
02:19:41 |  Iter-19 | MAE=1.028 | MAPE=1.21%
02:21:24 |  Iter-20 | MAE=3.043 | MAPE=3.74%
02:23:05 |  Iter-21 | MAE=3.211 | MAPE=4.02%
02:24:46 |  Iter-22 | MAE=1.152 | MAPE=1.43%
02:26:42 |  Iter-23 | MAE=2.011 | MAPE=2.54%
02:28:19 |  Iter-24 | MAE=1.450 | MAPE=1.84%
02:30:04 |  Iter-25 | MAE=4.217 | MAPE=5.14%
02:31:41 |  Iter-26 | MAE=1.688 | MAPE=1.99%
02:33:38 |  Iter-27 | MAE=4.627 | MAPE=5.32%
02:35:15 |  Iter-28 | MAE=1.432 | MAPE=1.62%
02:36:54 |  Iter-29 | MAE=0.980 | MAPE=1.12%
02:38:28 |  Iter-30 | MAE=2.402 | MAPE=2.68%
02:40:05 |  Iter-31 | MAE=16.300 | MAPE=13.78%
02:41:42 |  Iter-32 | MAE=46.660 | MAPE=30.09%
02:43:20 |  Iter-33 | MAE=35.743 | MAPE=19.14%
02:45:59 |  Iter-34 | MAE=41.301 | MAPE=19.32%
02:50:50 |  Iter-35 | MAE=19.882 | MAPE=8.40%
02:54:03 |  Iter-36 | MAE=31.337 | MAPE=13.18%
02:55:40 |  Iter-37 | MAE=50.527 | MAPE=26.90%
02:57:44 |  Iter-38 | MAE=29.950 | MAPE=18.73%
03:00:15 |  Iter-39 | MAE=25.400 | MAPE=16.07%
03:00:15 | 
 OVERALL: MAE=9.709, MAPE=6.65%, R2=0.8261 (4481.8s)
03:00:15 | Saved model checkpoint: /data/quyhv/oil_forecast_tail_risk/results_v4/walkforward/TTM/DAU_H10_seed777/model_checkpoint.pth
03:00:15 | Saved processor/scaler: /data/quyhv/oil_forecast_tail_risk/results_v4/walkforward/TTM/DAU_H10_seed777/processor.pkl
