16:36:44 | ================================================================================
16:36:44 |  TTM | XANG | H5 | walkforward | seed=9999
16:36:44 | ================================================================================
16:36:44 | Data: 4513 rows | Features: 16
16:39:03 |  Iter-01 | MAE=1.964 | MAPE=2.61%
16:41:15 |  Iter-02 | MAE=0.808 | MAPE=1.10%
16:43:36 |  Iter-03 | MAE=1.289 | MAPE=1.77%
16:45:21 |  Iter-04 | MAE=0.950 | MAPE=1.34%
16:48:36 |  Iter-05 | MAE=2.871 | MAPE=3.96%
16:50:59 |  Iter-06 | MAE=1.366 | MAPE=1.91%
16:53:02 |  Iter-07 | MAE=0.887 | MAPE=1.22%
16:55:00 |  Iter-08 | MAE=1.159 | MAPE=1.59%
16:58:14 |  Iter-09 | MAE=1.228 | MAPE=1.60%
17:00:14 |  Iter-10 | MAE=4.030 | MAPE=5.52%
17:03:34 |  Iter-11 | MAE=5.537 | MAPE=6.99%
17:06:08 |  Iter-12 | MAE=9.989 | MAPE=10.25%
17:08:31 |  Iter-13 | MAE=25.635 | MAPE=20.26%
17:10:18 |  Iter-14 | MAE=20.921 | MAPE=14.51%
17:13:58 |  Iter-15 | MAE=11.123 | MAPE=7.40%
17:16:31 |  Iter-16 | MAE=5.709 | MAPE=4.13%
17:18:52 |  Iter-17 | MAE=10.241 | MAPE=7.73%
17:21:20 |  Iter-18 | MAE=7.560 | MAPE=6.09%
17:25:35 |  Iter-19 | MAE=3.240 | MAPE=2.59%
17:28:48 |  Iter-20 | MAE=3.172 | MAPE=2.39%
17:28:48 | 
 OVERALL: MAE=5.984, MAPE=5.25%, R2=0.8963 (3124.1s)
17:28:48 | Saved model checkpoint: /data/quyhv/oil_forecast_tail_risk/results_v4/walkforward/TTM/XANG_H5_seed9999/model_checkpoint.pth
17:28:48 | Saved processor/scaler: /data/quyhv/oil_forecast_tail_risk/results_v4/walkforward/TTM/XANG_H5_seed9999/processor.pkl
