06:00:15 | ================================================================================
06:00:15 |  TTM | XANG | H60 | walkforward | seed=777
06:00:15 | ================================================================================
06:00:15 | Data: 4513 rows | Features: 19
06:05:47 |  Iter-01 | MAE=13.851 | MAPE=13.94%
06:11:15 |  Iter-02 | MAE=6.010 | MAPE=5.82%
06:16:45 |  Iter-03 | MAE=4.871 | MAPE=4.85%
06:22:25 |  Iter-04 | MAE=6.945 | MAPE=7.51%
06:28:03 |  Iter-05 | MAE=7.860 | MAPE=8.60%
06:33:36 |  Iter-06 | MAE=4.025 | MAPE=4.55%
06:39:09 |  Iter-07 | MAE=6.484 | MAPE=7.78%
06:44:48 |  Iter-08 | MAE=4.120 | MAPE=5.07%
06:50:28 |  Iter-09 | MAE=3.746 | MAPE=4.68%
06:56:09 |  Iter-10 | MAE=2.434 | MAPE=2.97%
07:01:51 |  Iter-11 | MAE=2.219 | MAPE=2.69%
07:07:39 |  Iter-12 | MAE=3.923 | MAPE=4.68%
07:13:26 |  Iter-13 | MAE=3.938 | MAPE=4.62%
07:19:14 |  Iter-14 | MAE=2.741 | MAPE=3.35%
07:25:04 |  Iter-15 | MAE=4.277 | MAPE=5.55%
07:31:01 |  Iter-16 | MAE=2.745 | MAPE=3.50%
07:36:58 |  Iter-17 | MAE=4.058 | MAPE=5.06%
07:43:00 |  Iter-18 | MAE=4.072 | MAPE=5.02%
07:49:08 |  Iter-19 | MAE=4.672 | MAPE=5.86%
07:55:17 |  Iter-20 | MAE=2.203 | MAPE=2.76%
08:01:27 |  Iter-21 | MAE=2.875 | MAPE=3.59%
08:07:37 |  Iter-22 | MAE=2.168 | MAPE=2.74%
08:13:54 |  Iter-23 | MAE=1.797 | MAPE=2.28%
08:20:13 |  Iter-24 | MAE=3.486 | MAPE=4.45%
08:26:47 |  Iter-25 | MAE=4.598 | MAPE=6.22%
08:33:21 |  Iter-26 | MAE=5.290 | MAPE=6.91%
08:40:01 |  Iter-27 | MAE=27.458 | MAPE=21.68%
08:46:41 |  Iter-28 | MAE=43.459 | MAPE=32.89%
08:46:42 | 
 OVERALL: MAE=6.654, MAPE=6.77%, R2=-0.1239 (9987.5s)
08:46:42 | Saved model checkpoint: /data/quyhv/oil_forecast_tail_risk/results_v4/walkforward/TTM/XANG_H60_seed777/model_checkpoint.pth
08:46:42 | Saved processor/scaler: /data/quyhv/oil_forecast_tail_risk/results_v4/walkforward/TTM/XANG_H60_seed777/processor.pkl
