01:29:30 | ================================================================================
01:29:30 |  TTM | DAU | H10 | walkforward | seed=123
01:29:30 | ================================================================================
01:29:30 | Data: 4513 rows | Features: 15
01:31:22 |  Iter-01 | MAE=1.186 | MAPE=1.32%
01:32:58 |  Iter-02 | MAE=4.717 | MAPE=5.48%
01:34:35 |  Iter-03 | MAE=2.922 | MAPE=3.47%
01:36:12 |  Iter-04 | MAE=1.467 | MAPE=1.71%
01:37:56 |  Iter-05 | MAE=1.625 | MAPE=1.86%
01:39:34 |  Iter-06 | MAE=2.210 | MAPE=2.51%
01:41:37 |  Iter-07 | MAE=0.727 | MAPE=0.82%
01:43:13 |  Iter-08 | MAE=0.692 | MAPE=0.78%
01:45:01 |  Iter-09 | MAE=1.464 | MAPE=1.64%
01:46:37 |  Iter-10 | MAE=1.343 | MAPE=1.50%
01:48:13 |  Iter-11 | MAE=2.216 | MAPE=2.56%
01:49:49 |  Iter-12 | MAE=3.314 | MAPE=3.94%
01:51:34 |  Iter-13 | MAE=4.269 | MAPE=4.70%
01:53:12 |  Iter-14 | MAE=6.853 | MAPE=7.42%
01:54:49 |  Iter-15 | MAE=2.856 | MAPE=3.00%
01:56:30 |  Iter-16 | MAE=1.907 | MAPE=1.98%
01:58:07 |  Iter-17 | MAE=5.223 | MAPE=5.85%
02:00:10 |  Iter-18 | MAE=8.042 | MAPE=9.25%
02:02:15 |  Iter-19 | MAE=2.746 | MAPE=3.23%
02:04:15 |  Iter-20 | MAE=2.447 | MAPE=3.02%
02:05:52 |  Iter-21 | MAE=2.887 | MAPE=3.61%
02:07:30 |  Iter-22 | MAE=1.030 | MAPE=1.28%
02:09:07 |  Iter-23 | MAE=1.252 | MAPE=1.59%
02:11:13 |  Iter-24 | MAE=1.420 | MAPE=1.81%
02:12:54 |  Iter-25 | MAE=4.550 | MAPE=5.55%
02:14:29 |  Iter-26 | MAE=1.869 | MAPE=2.20%
02:16:03 |  Iter-27 | MAE=2.390 | MAPE=2.74%
02:17:38 |  Iter-28 | MAE=1.236 | MAPE=1.40%
02:19:13 |  Iter-29 | MAE=0.915 | MAPE=1.04%
02:20:49 |  Iter-30 | MAE=2.538 | MAPE=2.83%
02:22:25 |  Iter-31 | MAE=16.654 | MAPE=14.12%
02:24:01 |  Iter-32 | MAE=46.388 | MAPE=29.89%
02:25:37 |  Iter-33 | MAE=38.082 | MAPE=20.47%
02:28:09 |  Iter-34 | MAE=38.442 | MAPE=18.08%
02:31:29 |  Iter-35 | MAE=28.369 | MAPE=11.99%
02:38:09 |  Iter-36 | MAE=35.508 | MAPE=13.87%
02:40:34 |  Iter-37 | MAE=39.482 | MAPE=20.77%
02:43:50 |  Iter-38 | MAE=34.320 | MAPE=21.62%
02:46:35 |  Iter-39 | MAE=11.716 | MAPE=7.55%
02:46:35 | 
 OVERALL: MAE=9.417, MAPE=6.37%, R2=0.8314 (4624.8s)
02:46:35 | Saved model checkpoint: /data/quyhv/oil_forecast_tail_risk/results_v4/walkforward/TTM/DAU_H10_seed123/model_checkpoint.pth
02:46:35 | Saved processor/scaler: /data/quyhv/oil_forecast_tail_risk/results_v4/walkforward/TTM/DAU_H10_seed123/processor.pkl
