18:53:44 | ================================================================================
18:53:44 |  TTM | XANG | H20 | walkforward | seed=777
18:53:44 | ================================================================================
18:53:44 | Data: 4513 rows | Features: 14
18:58:01 |  Iter-01 | MAE=4.429 | MAPE=5.38%
19:02:14 |  Iter-02 | MAE=2.256 | MAPE=3.09%
19:06:23 |  Iter-03 | MAE=0.831 | MAPE=1.10%
19:10:32 |  Iter-04 | MAE=5.078 | MAPE=5.98%
19:14:41 |  Iter-05 | MAE=0.947 | MAPE=1.21%
19:18:55 |  Iter-06 | MAE=2.720 | MAPE=3.42%
19:23:08 |  Iter-07 | MAE=1.867 | MAPE=2.29%
19:27:20 |  Iter-08 | MAE=3.789 | MAPE=4.85%
19:31:33 |  Iter-09 | MAE=3.133 | MAPE=3.89%
19:35:50 |  Iter-10 | MAE=2.393 | MAPE=3.04%
19:40:09 |  Iter-11 | MAE=4.342 | MAPE=5.96%
19:44:28 |  Iter-12 | MAE=2.511 | MAPE=3.43%
19:48:47 |  Iter-13 | MAE=7.255 | MAPE=8.29%
19:53:12 |  Iter-14 | MAE=37.364 | MAPE=26.09%
19:57:39 |  Iter-15 | MAE=18.093 | MAPE=14.19%
19:57:39 | 
 OVERALL: MAE=6.467, MAPE=6.15%, R2=0.6224 (3834.8s)
19:57:39 | Saved model checkpoint: /data/quyhv/oil_forecast_tail_risk/results_v4/walkforward/TTM/XANG_H20_seed777/model_checkpoint.pth
19:57:39 | Saved processor/scaler: /data/quyhv/oil_forecast_tail_risk/results_v4/walkforward/TTM/XANG_H20_seed777/processor.pkl
