05:52:34 | ================================================================================
05:52:34 |  TTM | XANG | H60 | walkforward | seed=9999
05:52:34 | ================================================================================
05:52:34 | Data: 4513 rows | Features: 19
05:58:05 |  Iter-01 | MAE=10.874 | MAPE=11.00%
06:03:33 |  Iter-02 | MAE=5.868 | MAPE=5.70%
06:09:05 |  Iter-03 | MAE=4.761 | MAPE=4.68%
06:14:45 |  Iter-04 | MAE=7.593 | MAPE=8.31%
06:20:25 |  Iter-05 | MAE=8.990 | MAPE=9.83%
06:26:04 |  Iter-06 | MAE=5.520 | MAPE=5.94%
06:31:37 |  Iter-07 | MAE=5.135 | MAPE=6.04%
06:37:15 |  Iter-08 | MAE=3.626 | MAPE=4.42%
06:42:53 |  Iter-09 | MAE=3.561 | MAPE=4.44%
06:48:31 |  Iter-10 | MAE=2.043 | MAPE=2.47%
06:54:10 |  Iter-11 | MAE=1.774 | MAPE=2.15%
06:59:57 |  Iter-12 | MAE=5.012 | MAPE=5.95%
07:05:44 |  Iter-13 | MAE=3.024 | MAPE=3.55%
07:11:32 |  Iter-14 | MAE=2.941 | MAPE=3.62%
07:17:19 |  Iter-15 | MAE=2.708 | MAPE=3.41%
07:23:14 |  Iter-16 | MAE=8.013 | MAPE=10.31%
07:29:10 |  Iter-17 | MAE=3.119 | MAPE=3.97%
07:35:11 |  Iter-18 | MAE=2.526 | MAPE=3.12%
07:41:17 |  Iter-19 | MAE=2.887 | MAPE=3.55%
07:47:25 |  Iter-20 | MAE=3.166 | MAPE=3.98%
07:53:34 |  Iter-21 | MAE=4.037 | MAPE=5.03%
07:59:43 |  Iter-22 | MAE=2.582 | MAPE=3.23%
08:06:00 |  Iter-23 | MAE=3.410 | MAPE=4.29%
08:12:18 |  Iter-24 | MAE=2.931 | MAPE=3.75%
08:18:35 |  Iter-25 | MAE=7.350 | MAPE=9.98%
08:24:51 |  Iter-26 | MAE=4.631 | MAPE=5.98%
08:31:16 |  Iter-27 | MAE=31.739 | MAPE=26.09%
08:37:56 |  Iter-28 | MAE=43.546 | MAPE=32.89%
08:37:57 | 
 OVERALL: MAE=6.906, MAPE=7.06%, R2=-0.1970 (9923.2s)
08:37:57 | Saved model checkpoint: /data/quyhv/oil_forecast_tail_risk/results_v4/walkforward/TTM/XANG_H60_seed9999/model_checkpoint.pth
08:37:57 | Saved processor/scaler: /data/quyhv/oil_forecast_tail_risk/results_v4/walkforward/TTM/XANG_H60_seed9999/processor.pkl
