12:01:22 | ================================================================================
12:01:22 |  TimeMachine | XANG | H60 | walkforward | seed=2025
12:01:22 | ================================================================================
12:01:22 | Data: 4513 rows | Features: 19
12:22:03 |  Iter-01 | MAE=9.176 | MAPE=9.19%
12:48:56 |  Iter-02 | MAE=17.306 | MAPE=16.94%
13:11:57 |  Iter-03 | MAE=7.154 | MAPE=6.99%
13:35:56 |  Iter-04 | MAE=2.723 | MAPE=2.82%
14:00:35 |  Iter-05 | MAE=9.459 | MAPE=10.31%
14:25:46 |  Iter-06 | MAE=2.786 | MAPE=3.06%
14:50:49 |  Iter-07 | MAE=3.159 | MAPE=3.69%
15:15:47 |  Iter-08 | MAE=2.478 | MAPE=2.95%
15:41:03 |  Iter-09 | MAE=2.861 | MAPE=3.57%
16:06:23 |  Iter-10 | MAE=5.421 | MAPE=6.55%
16:32:09 |  Iter-11 | MAE=2.767 | MAPE=3.35%
16:58:18 |  Iter-12 | MAE=5.816 | MAPE=6.90%
17:24:31 |  Iter-13 | MAE=1.820 | MAPE=2.20%
17:50:47 |  Iter-14 | MAE=2.402 | MAPE=2.88%
18:17:09 |  Iter-15 | MAE=3.864 | MAPE=5.05%
18:43:54 |  Iter-16 | MAE=3.453 | MAPE=4.45%
19:10:40 |  Iter-17 | MAE=7.083 | MAPE=8.89%
19:37:02 |  Iter-18 | MAE=7.377 | MAPE=9.18%
20:03:22 |  Iter-19 | MAE=5.569 | MAPE=6.89%
20:29:14 |  Iter-20 | MAE=2.249 | MAPE=2.80%
20:54:54 |  Iter-21 | MAE=3.889 | MAPE=4.87%
21:20:15 |  Iter-22 | MAE=1.991 | MAPE=2.48%
21:45:19 |  Iter-23 | MAE=2.846 | MAPE=3.64%
22:11:10 |  Iter-24 | MAE=3.286 | MAPE=4.19%
22:35:38 |  Iter-25 | MAE=2.969 | MAPE=4.04%
23:00:19 |  Iter-26 | MAE=5.116 | MAPE=6.72%
23:25:32 |  Iter-27 | MAE=27.748 | MAPE=22.10%
23:50:19 |  Iter-28 | MAE=40.467 | MAPE=30.48%
23:50:19 | 
 OVERALL: MAE=6.901, MAPE=7.04%, R2=-0.1046 (42538.1s)
23:50:20 | Saved model checkpoint: /data/quyhv/oil_forecast_tail_risk/results_v4/walkforward/TimeMachine/XANG_H60_seed2025/model_checkpoint.pth
23:50:20 | Saved processor/scaler: /data/quyhv/oil_forecast_tail_risk/results_v4/walkforward/TimeMachine/XANG_H60_seed2025/processor.pkl
