09:36:57 | ================================================================================
09:36:57 |  TimeMachine | XANG | H60 | walkforward | seed=123
09:36:57 | ================================================================================
09:36:57 | Data: 4513 rows | Features: 19
09:57:50 |  Iter-01 | MAE=10.741 | MAPE=10.81%
10:19:13 |  Iter-02 | MAE=9.282 | MAPE=9.06%
10:41:44 |  Iter-03 | MAE=12.728 | MAPE=12.80%
11:04:13 |  Iter-04 | MAE=8.326 | MAPE=9.12%
11:28:34 |  Iter-05 | MAE=4.847 | MAPE=5.30%
11:53:10 |  Iter-06 | MAE=4.898 | MAPE=5.29%
12:18:23 |  Iter-07 | MAE=5.304 | MAPE=6.28%
12:44:27 |  Iter-08 | MAE=2.627 | MAPE=3.17%
13:10:31 |  Iter-09 | MAE=3.070 | MAPE=3.74%
13:35:56 |  Iter-10 | MAE=1.815 | MAPE=2.20%
14:01:24 |  Iter-11 | MAE=1.757 | MAPE=2.14%
14:27:35 |  Iter-12 | MAE=5.601 | MAPE=6.66%
14:53:49 |  Iter-13 | MAE=2.044 | MAPE=2.42%
15:20:05 |  Iter-14 | MAE=3.585 | MAPE=4.39%
15:46:28 |  Iter-15 | MAE=6.594 | MAPE=8.56%
16:13:11 |  Iter-16 | MAE=3.059 | MAPE=3.92%
16:39:57 |  Iter-17 | MAE=5.858 | MAPE=7.34%
17:06:52 |  Iter-18 | MAE=4.873 | MAPE=6.03%
17:33:22 |  Iter-19 | MAE=6.710 | MAPE=8.34%
17:59:30 |  Iter-20 | MAE=3.637 | MAPE=4.53%
18:25:38 |  Iter-21 | MAE=7.166 | MAPE=9.00%
18:51:34 |  Iter-22 | MAE=2.776 | MAPE=3.44%
19:16:54 |  Iter-23 | MAE=3.062 | MAPE=3.86%
19:42:05 |  Iter-24 | MAE=4.335 | MAPE=5.50%
20:06:51 |  Iter-25 | MAE=3.492 | MAPE=4.73%
20:31:07 |  Iter-26 | MAE=4.348 | MAPE=5.52%
20:56:33 |  Iter-27 | MAE=26.859 | MAPE=20.77%
21:22:03 |  Iter-28 | MAE=40.229 | MAPE=30.21%
21:22:03 | 
 OVERALL: MAE=7.129, MAPE=7.33%, R2=-0.1113 (42307.0s)
21:22:03 | Saved model checkpoint: /data/quyhv/oil_forecast_tail_risk/results_v4/walkforward/TimeMachine/XANG_H60_seed123/model_checkpoint.pth
21:22:03 | Saved processor/scaler: /data/quyhv/oil_forecast_tail_risk/results_v4/walkforward/TimeMachine/XANG_H60_seed123/processor.pkl
