05:12:34 | ================================================================================
05:12:34 |  TimeMachine | XANG | H20 | walkforward | seed=2025
05:12:34 | ================================================================================
05:12:34 | Data: 4513 rows | Features: 14
05:24:28 |  Iter-01 | MAE=3.950 | MAPE=4.80%
05:36:32 |  Iter-02 | MAE=2.422 | MAPE=3.31%
05:48:36 |  Iter-03 | MAE=2.233 | MAPE=2.94%
06:00:41 |  Iter-04 | MAE=5.356 | MAPE=6.32%
06:13:16 |  Iter-05 | MAE=1.605 | MAPE=2.05%
06:26:16 |  Iter-06 | MAE=2.018 | MAPE=2.54%
06:39:16 |  Iter-07 | MAE=3.011 | MAPE=3.71%
06:52:15 |  Iter-08 | MAE=4.244 | MAPE=5.45%
07:05:09 |  Iter-09 | MAE=5.070 | MAPE=6.27%
07:17:52 |  Iter-10 | MAE=2.308 | MAPE=2.92%
07:30:35 |  Iter-11 | MAE=3.719 | MAPE=5.10%
07:43:01 |  Iter-12 | MAE=3.365 | MAPE=4.62%
07:54:57 |  Iter-13 | MAE=6.408 | MAPE=7.27%
08:06:51 |  Iter-14 | MAE=37.272 | MAPE=26.05%
08:34:57 |  Iter-15 | MAE=17.332 | MAPE=13.65%
08:34:57 | 
 OVERALL: MAE=6.687, MAPE=6.47%, R2=0.6306 (12144.1s)
08:34:57 | Saved model checkpoint: /data/quyhv/oil_forecast_tail_risk/results_v4/walkforward/TimeMachine/XANG_H20_seed2025/model_checkpoint.pth
08:34:57 | Saved processor/scaler: /data/quyhv/oil_forecast_tail_risk/results_v4/walkforward/TimeMachine/XANG_H20_seed2025/processor.pkl
