12:47:51 | ================================================================================
12:47:51 |  TimeMachine | XANG | H60 | walkforward | seed=2025
12:47:51 | ================================================================================
12:47:51 | Data: 4513 rows | Features: 19
13:10:49 |  Iter-01 | MAE=9.176 | MAPE=9.19%
13:40:27 |  Iter-02 | MAE=17.306 | MAPE=16.94%
14:04:51 |  Iter-03 | MAE=7.154 | MAPE=6.99%
14:29:56 |  Iter-04 | MAE=2.723 | MAPE=2.82%
14:54:43 |  Iter-05 | MAE=9.459 | MAPE=10.31%
15:19:21 |  Iter-06 | MAE=2.786 | MAPE=3.06%
15:44:16 |  Iter-07 | MAE=3.159 | MAPE=3.69%
16:09:31 |  Iter-08 | MAE=2.478 | MAPE=2.95%
16:35:11 |  Iter-09 | MAE=2.861 | MAPE=3.57%
17:00:55 |  Iter-10 | MAE=5.421 | MAPE=6.55%
17:26:46 |  Iter-11 | MAE=2.767 | MAPE=3.35%
17:52:57 |  Iter-12 | MAE=5.816 | MAPE=6.90%
18:19:12 |  Iter-13 | MAE=1.820 | MAPE=2.20%
18:45:32 |  Iter-14 | MAE=2.402 | MAPE=2.88%
19:11:57 |  Iter-15 | MAE=3.864 | MAPE=5.05%
19:38:07 |  Iter-16 | MAE=3.453 | MAPE=4.45%
20:03:59 |  Iter-17 | MAE=7.083 | MAPE=8.89%
20:29:27 |  Iter-18 | MAE=7.377 | MAPE=9.18%
20:55:02 |  Iter-19 | MAE=5.569 | MAPE=6.89%
21:20:18 |  Iter-20 | MAE=2.249 | MAPE=2.80%
21:44:59 |  Iter-21 | MAE=3.889 | MAPE=4.87%
22:10:28 |  Iter-22 | MAE=1.991 | MAPE=2.48%
22:34:54 |  Iter-23 | MAE=2.846 | MAPE=3.64%
22:59:28 |  Iter-24 | MAE=3.286 | MAPE=4.19%
23:24:22 |  Iter-25 | MAE=2.969 | MAPE=4.04%
23:48:47 |  Iter-26 | MAE=5.116 | MAPE=6.72%
00:12:57 |  Iter-27 | MAE=27.748 | MAPE=22.10%
00:37:06 |  Iter-28 | MAE=40.467 | MAPE=30.48%
00:37:06 | 
 OVERALL: MAE=6.901, MAPE=7.04%, R2=-0.1046 (42555.1s)
00:37:06 | Saved model checkpoint: /data/quyhv/oil_forecast_tail_risk/results_v4/walkforward/TimeMachine/XANG_H60_seed2025/model_checkpoint.pth
00:37:06 | Saved processor/scaler: /data/quyhv/oil_forecast_tail_risk/results_v4/walkforward/TimeMachine/XANG_H60_seed2025/processor.pkl
