12:10:51 | ================================================================================
12:10:51 |  GUMNet_MoE_Sparse | XANG | H3 | walkforward | seed=123
12:10:51 | ================================================================================
12:10:51 | Data: 4513 rows | Features: 15
12:19:22 |  Iter-01 | MAE=0.216 | MAPE=0.28%
12:29:19 |  Iter-02 | MAE=3.552 | MAPE=4.76%
12:37:06 |  Iter-03 | MAE=0.664 | MAPE=0.90%
12:45:24 |  Iter-04 | MAE=0.576 | MAPE=0.79%
12:53:41 |  Iter-05 | MAE=0.513 | MAPE=0.71%
13:03:12 |  Iter-06 | MAE=0.663 | MAPE=0.92%
13:11:45 |  Iter-07 | MAE=1.112 | MAPE=1.58%
13:21:31 |  Iter-08 | MAE=0.373 | MAPE=0.51%
13:29:50 |  Iter-09 | MAE=1.837 | MAPE=2.57%
13:37:54 |  Iter-10 | MAE=0.371 | MAPE=0.51%
13:46:10 |  Iter-11 | MAE=0.650 | MAPE=0.90%
13:54:24 |  Iter-12 | MAE=1.538 | MAPE=2.10%
14:02:37 |  Iter-13 | MAE=3.059 | MAPE=4.24%
14:12:14 |  Iter-14 | MAE=1.825 | MAPE=2.46%
14:20:27 |  Iter-15 | MAE=2.431 | MAPE=3.17%
14:28:40 |  Iter-16 | MAE=3.093 | MAPE=4.24%
14:36:39 |  Iter-17 | MAE=2.078 | MAPE=2.76%
14:45:34 |  Iter-18 | MAE=2.108 | MAPE=2.66%
14:54:44 |  Iter-19 | MAE=1.516 | MAPE=1.88%
15:03:06 |  Iter-20 | MAE=15.276 | MAPE=15.59%
15:12:09 |  Iter-21 | MAE=25.931 | MAPE=19.95%
15:20:17 |  Iter-22 | MAE=12.487 | MAPE=10.14%
15:28:06 |  Iter-23 | MAE=9.111 | MAPE=6.28%
15:36:08 |  Iter-24 | MAE=7.255 | MAPE=4.62%
15:43:48 |  Iter-25 | MAE=15.633 | MAPE=11.23%
15:53:26 |  Iter-26 | MAE=6.524 | MAPE=4.88%
16:02:08 |  Iter-27 | MAE=3.241 | MAPE=2.26%
16:10:54 |  Iter-28 | MAE=14.491 | MAPE=11.25%
16:19:09 |  Iter-29 | MAE=10.566 | MAPE=8.00%
16:28:36 |  Iter-30 | MAE=11.633 | MAPE=9.47%
16:36:35 |  Iter-31 | MAE=2.608 | MAPE=2.15%
16:44:21 |  Iter-32 | MAE=4.534 | MAPE=3.55%
16:52:22 |  Iter-33 | MAE=2.576 | MAPE=1.98%
16:52:22 | 
 OVERALL: MAE=5.153, MAPE=4.52%, R2=0.9138 (16891.5s)
16:52:22 | Saved model checkpoint: /data/quyhv/oil_forecast_tail_risk/results_v4/walkforward/GUMNet_MoE_Sparse/XANG_H3_seed123/model_checkpoint.pth
16:52:22 | Saved processor/scaler: /data/quyhv/oil_forecast_tail_risk/results_v4/walkforward/GUMNet_MoE_Sparse/XANG_H3_seed123/processor.pkl
