14:09:00 | ================================================================================
14:09:00 |  GUMNet_MoE_Sparse | XANG | H20 | walkforward | seed=9999
14:09:00 | ================================================================================
14:09:00 | Data: 4513 rows | Features: 14
15:20:45 |  Iter-01 | MAE=2.758 | MAPE=3.35%
16:33:43 |  Iter-02 | MAE=2.815 | MAPE=3.79%
17:46:36 |  Iter-03 | MAE=3.012 | MAPE=3.96%
18:58:55 |  Iter-04 | MAE=4.133 | MAPE=4.86%
20:10:44 |  Iter-05 | MAE=1.247 | MAPE=1.60%
21:23:43 |  Iter-06 | MAE=3.049 | MAPE=3.85%
22:36:30 |  Iter-07 | MAE=1.096 | MAPE=1.35%
23:50:35 |  Iter-08 | MAE=4.303 | MAPE=5.52%
01:09:58 |  Iter-09 | MAE=3.793 | MAPE=4.69%
02:37:51 |  Iter-10 | MAE=2.760 | MAPE=3.49%
04:10:26 |  Iter-11 | MAE=4.296 | MAPE=5.90%
05:41:17 |  Iter-12 | MAE=2.299 | MAPE=3.15%
07:10:09 |  Iter-13 | MAE=5.804 | MAPE=6.59%
08:42:38 |  Iter-14 | MAE=36.401 | MAPE=25.43%
10:27:43 |  Iter-15 | MAE=12.217 | MAPE=9.56%
10:27:43 | 
 OVERALL: MAE=5.999, MAPE=5.81%, R2=0.6831 (73123.3s)
10:27:43 | Saved model checkpoint: /data/quyhv/oil_forecast_tail_risk/results_v4/walkforward/GUMNet_MoE_Sparse/XANG_H20_seed9999/model_checkpoint.pth
10:27:43 | Saved processor/scaler: /data/quyhv/oil_forecast_tail_risk/results_v4/walkforward/GUMNet_MoE_Sparse/XANG_H20_seed9999/processor.pkl
