15:48:05 | ================================================================================
15:48:05 |  GUMNet_MoE_Sparse | XANG | H1 | walkforward | seed=777
15:48:05 | ================================================================================
15:48:05 | Data: 4513 rows | Features: 15
15:53:07 |  Iter-01 | MAE=0.151 | MAPE=0.19%
15:58:38 |  Iter-02 | MAE=0.191 | MAPE=0.24%
16:04:25 |  Iter-03 | MAE=0.597 | MAPE=0.76%
16:09:33 |  Iter-04 | MAE=2.731 | MAPE=3.63%
16:15:30 |  Iter-05 | MAE=0.415 | MAPE=0.56%
16:20:52 |  Iter-06 | MAE=0.694 | MAPE=0.93%
16:27:19 |  Iter-07 | MAE=1.067 | MAPE=1.45%
16:33:45 |  Iter-08 | MAE=0.474 | MAPE=0.64%
16:40:22 |  Iter-09 | MAE=1.027 | MAPE=1.39%
16:47:27 |  Iter-10 | MAE=0.510 | MAPE=0.69%
16:53:15 |  Iter-11 | MAE=0.068 | MAPE=0.09%
16:59:03 |  Iter-12 | MAE=0.469 | MAPE=0.64%
17:06:07 |  Iter-13 | MAE=0.290 | MAPE=0.40%
17:12:24 |  Iter-14 | MAE=0.529 | MAPE=0.73%
17:18:22 |  Iter-15 | MAE=0.227 | MAPE=0.31%
17:23:50 |  Iter-16 | MAE=0.706 | MAPE=0.97%
17:30:08 |  Iter-17 | MAE=0.544 | MAPE=0.75%
17:36:15 |  Iter-18 | MAE=1.356 | MAPE=1.92%
17:42:32 |  Iter-19 | MAE=0.281 | MAPE=0.39%
17:48:20 |  Iter-20 | MAE=1.236 | MAPE=1.76%
17:54:28 |  Iter-21 | MAE=1.658 | MAPE=2.35%
18:00:06 |  Iter-22 | MAE=0.670 | MAPE=0.92%
18:06:23 |  Iter-23 | MAE=1.111 | MAPE=1.54%
18:11:52 |  Iter-24 | MAE=0.435 | MAPE=0.60%
18:18:28 |  Iter-25 | MAE=1.217 | MAPE=1.68%
18:24:06 |  Iter-26 | MAE=1.259 | MAPE=1.75%
18:29:15 |  Iter-27 | MAE=0.545 | MAPE=0.77%
18:35:42 |  Iter-28 | MAE=0.231 | MAPE=0.33%
18:42:27 |  Iter-29 | MAE=0.412 | MAPE=0.57%
18:49:23 |  Iter-30 | MAE=0.728 | MAPE=1.00%
18:54:42 |  Iter-31 | MAE=0.393 | MAPE=0.54%
19:00:30 |  Iter-32 | MAE=0.600 | MAPE=0.83%
19:06:27 |  Iter-33 | MAE=0.476 | MAPE=0.65%
19:11:46 |  Iter-34 | MAE=1.364 | MAPE=1.91%
19:16:55 |  Iter-35 | MAE=0.610 | MAPE=0.83%
19:24:10 |  Iter-36 | MAE=0.418 | MAPE=0.56%
19:29:49 |  Iter-37 | MAE=1.306 | MAPE=1.75%
19:35:27 |  Iter-38 | MAE=2.798 | MAPE=3.90%
19:41:34 |  Iter-39 | MAE=2.416 | MAPE=3.36%
19:47:03 |  Iter-40 | MAE=1.125 | MAPE=1.52%
19:52:02 |  Iter-41 | MAE=0.480 | MAPE=0.65%
19:57:31 |  Iter-42 | MAE=1.275 | MAPE=1.72%
20:03:38 |  Iter-43 | MAE=1.380 | MAPE=1.82%
20:10:40 |  Iter-44 | MAE=1.843 | MAPE=2.38%
20:19:00 |  Iter-45 | MAE=1.008 | MAPE=1.32%
20:24:14 |  Iter-46 | MAE=1.357 | MAPE=1.79%
20:30:06 |  Iter-47 | MAE=2.372 | MAPE=3.26%
20:36:01 |  Iter-48 | MAE=0.154 | MAPE=0.21%
20:43:14 |  Iter-49 | MAE=0.162 | MAPE=0.22%
20:49:08 |  Iter-50 | MAE=0.411 | MAPE=0.56%
20:55:21 |  Iter-51 | MAE=2.742 | MAPE=3.56%
21:00:46 |  Iter-52 | MAE=0.906 | MAPE=1.15%
21:07:48 |  Iter-53 | MAE=0.443 | MAPE=0.56%
21:14:31 |  Iter-54 | MAE=2.131 | MAPE=2.66%
21:20:45 |  Iter-55 | MAE=0.453 | MAPE=0.56%
21:26:19 |  Iter-56 | MAE=0.521 | MAPE=0.65%
21:32:52 |  Iter-57 | MAE=0.154 | MAPE=0.19%
21:38:26 |  Iter-58 | MAE=10.870 | MAPE=11.88%
21:44:20 |  Iter-59 | MAE=5.837 | MAPE=6.01%
21:50:33 |  Iter-60 | MAE=5.146 | MAPE=5.03%
21:56:07 |  Iter-61 | MAE=9.929 | MAPE=9.15%
22:02:01 |  Iter-62 | MAE=7.373 | MAPE=6.25%
22:07:55 |  Iter-63 | MAE=18.760 | MAPE=13.09%
22:13:49 |  Iter-64 | MAE=24.662 | MAPE=20.01%
22:19:43 |  Iter-65 | MAE=2.054 | MAPE=1.72%
22:24:57 |  Iter-66 | MAE=12.405 | MAPE=9.07%
22:30:31 |  Iter-67 | MAE=3.469 | MAPE=2.44%
22:35:44 |  Iter-68 | MAE=1.945 | MAPE=1.34%
22:40:58 |  Iter-69 | MAE=2.933 | MAPE=2.02%
22:46:12 |  Iter-70 | MAE=2.799 | MAPE=1.92%
22:51:27 |  Iter-71 | MAE=9.143 | MAPE=5.78%
22:57:50 |  Iter-72 | MAE=1.298 | MAPE=0.82%
23:03:08 |  Iter-73 | MAE=5.169 | MAPE=3.17%
23:07:59 |  Iter-74 | MAE=13.999 | MAPE=9.67%
23:13:36 |  Iter-75 | MAE=14.636 | MAPE=10.98%
23:18:44 |  Iter-76 | MAE=7.590 | MAPE=5.85%
23:24:02 |  Iter-77 | MAE=1.246 | MAPE=0.94%
23:29:11 |  Iter-78 | MAE=6.048 | MAPE=4.20%
23:34:29 |  Iter-79 | MAE=2.809 | MAPE=1.97%
23:39:56 |  Iter-80 | MAE=3.466 | MAPE=2.48%
23:45:32 |  Iter-81 | MAE=11.579 | MAPE=7.83%
23:50:51 |  Iter-82 | MAE=6.267 | MAPE=4.30%
23:56:18 |  Iter-83 | MAE=4.939 | MAPE=3.47%
00:01:27 |  Iter-84 | MAE=22.978 | MAPE=18.72%
00:07:04 |  Iter-85 | MAE=14.078 | MAPE=10.60%
00:12:50 |  Iter-86 | MAE=0.947 | MAPE=0.73%
00:17:59 |  Iter-87 | MAE=1.803 | MAPE=1.35%
00:23:25 |  Iter-88 | MAE=8.694 | MAPE=6.86%
00:29:30 |  Iter-89 | MAE=2.202 | MAPE=1.82%
00:35:25 |  Iter-90 | MAE=2.430 | MAPE=1.99%
00:41:02 |  Iter-91 | MAE=3.933 | MAPE=3.10%
00:46:10 |  Iter-92 | MAE=1.995 | MAPE=1.65%
00:51:28 |  Iter-93 | MAE=4.166 | MAPE=3.44%
00:56:27 |  Iter-94 | MAE=4.954 | MAPE=3.92%
01:01:17 |  Iter-95 | MAE=0.262 | MAPE=0.20%
01:06:17 |  Iter-96 | MAE=2.065 | MAPE=1.64%
01:12:05 |  Iter-97 | MAE=2.370 | MAPE=1.83%
01:17:32 |  Iter-98 | MAE=1.318 | MAPE=1.02%
01:22:59 |  Iter-99 | MAE=1.315 | MAPE=1.00%
01:28:35 |  Iter-100 | MAE=0.399 | MAPE=0.29%
01:28:35 | 
 OVERALL: MAE=3.234, MAPE=2.81%, R2=0.9641 (34830.2s)
01:28:35 | Saved model checkpoint: /data/quyhv/oil_forecast_tail_risk/results_v4/walkforward/GUMNet_MoE_Sparse/XANG_H1_seed777/model_checkpoint.pth
01:28:35 | Saved processor/scaler: /data/quyhv/oil_forecast_tail_risk/results_v4/walkforward/GUMNet_MoE_Sparse/XANG_H1_seed777/processor.pkl
