16:27:12 | ================================================================================
16:27:12 |  GUMNet_MoE_Sparse | XANG | H1 | walkforward | seed=123
16:27:12 | ================================================================================
16:27:12 | Data: 4513 rows | Features: 15
16:33:04 |  Iter-01 | MAE=0.113 | MAPE=0.14%
16:39:22 |  Iter-02 | MAE=0.199 | MAPE=0.25%
16:45:49 |  Iter-03 | MAE=0.576 | MAPE=0.74%
16:51:28 |  Iter-04 | MAE=2.731 | MAPE=3.63%
16:57:10 |  Iter-05 | MAE=0.368 | MAPE=0.49%
17:03:00 |  Iter-06 | MAE=0.642 | MAPE=0.86%
17:08:02 |  Iter-07 | MAE=1.392 | MAPE=1.90%
17:13:22 |  Iter-08 | MAE=0.493 | MAPE=0.67%
17:18:52 |  Iter-09 | MAE=1.166 | MAPE=1.58%
17:25:11 |  Iter-10 | MAE=1.334 | MAPE=1.81%
17:32:48 |  Iter-11 | MAE=0.254 | MAPE=0.34%
17:38:29 |  Iter-12 | MAE=0.587 | MAPE=0.81%
17:44:47 |  Iter-13 | MAE=0.656 | MAPE=0.91%
17:50:09 |  Iter-14 | MAE=0.262 | MAPE=0.36%
17:56:39 |  Iter-15 | MAE=0.083 | MAPE=0.12%
18:01:59 |  Iter-16 | MAE=0.099 | MAPE=0.14%
18:07:20 |  Iter-17 | MAE=0.557 | MAPE=0.77%
18:12:41 |  Iter-18 | MAE=0.882 | MAPE=1.25%
18:19:29 |  Iter-19 | MAE=0.146 | MAPE=0.20%
18:25:57 |  Iter-20 | MAE=1.013 | MAPE=1.44%
18:31:27 |  Iter-21 | MAE=0.455 | MAPE=0.64%
18:37:46 |  Iter-22 | MAE=0.617 | MAPE=0.85%
18:42:57 |  Iter-23 | MAE=0.695 | MAPE=0.96%
18:49:16 |  Iter-24 | MAE=0.529 | MAPE=0.73%
18:54:47 |  Iter-25 | MAE=1.143 | MAPE=1.58%
19:00:17 |  Iter-26 | MAE=2.199 | MAPE=3.05%
19:06:26 |  Iter-27 | MAE=0.410 | MAPE=0.58%
19:11:55 |  Iter-28 | MAE=0.360 | MAPE=0.51%
19:18:34 |  Iter-29 | MAE=0.631 | MAPE=0.88%
19:24:24 |  Iter-30 | MAE=0.730 | MAPE=1.01%
19:31:12 |  Iter-31 | MAE=0.527 | MAPE=0.72%
19:36:14 |  Iter-32 | MAE=0.733 | MAPE=1.01%
19:43:20 |  Iter-33 | MAE=0.243 | MAPE=0.33%
19:49:30 |  Iter-34 | MAE=1.277 | MAPE=1.79%
19:55:10 |  Iter-35 | MAE=0.561 | MAPE=0.76%
20:01:01 |  Iter-36 | MAE=1.361 | MAPE=1.82%
20:06:30 |  Iter-37 | MAE=1.067 | MAPE=1.43%
20:12:30 |  Iter-38 | MAE=2.749 | MAPE=3.83%
20:18:10 |  Iter-39 | MAE=2.487 | MAPE=3.46%
20:24:19 |  Iter-40 | MAE=1.213 | MAPE=1.64%
20:29:40 |  Iter-41 | MAE=0.671 | MAPE=0.90%
20:35:30 |  Iter-42 | MAE=1.313 | MAPE=1.76%
20:41:01 |  Iter-43 | MAE=1.045 | MAPE=1.38%
20:46:18 |  Iter-44 | MAE=1.585 | MAPE=2.04%
20:52:44 |  Iter-45 | MAE=0.838 | MAPE=1.10%
20:58:52 |  Iter-46 | MAE=0.610 | MAPE=0.81%
21:04:49 |  Iter-47 | MAE=2.257 | MAPE=3.10%
21:10:25 |  Iter-48 | MAE=0.416 | MAPE=0.57%
21:16:12 |  Iter-49 | MAE=0.375 | MAPE=0.51%
21:22:08 |  Iter-50 | MAE=0.461 | MAPE=0.63%
21:28:24 |  Iter-51 | MAE=2.424 | MAPE=3.15%
21:34:30 |  Iter-52 | MAE=0.695 | MAPE=0.88%
21:40:36 |  Iter-53 | MAE=0.478 | MAPE=0.61%
21:47:02 |  Iter-54 | MAE=1.473 | MAPE=1.84%
21:52:38 |  Iter-55 | MAE=0.772 | MAPE=0.96%
22:00:52 |  Iter-56 | MAE=0.454 | MAPE=0.56%
22:06:19 |  Iter-57 | MAE=0.490 | MAPE=0.61%
22:12:45 |  Iter-58 | MAE=10.249 | MAPE=11.20%
22:19:01 |  Iter-59 | MAE=6.709 | MAPE=6.91%
22:26:46 |  Iter-60 | MAE=5.301 | MAPE=5.18%
22:32:49 |  Iter-61 | MAE=9.977 | MAPE=9.19%
22:38:39 |  Iter-62 | MAE=6.706 | MAPE=5.66%
22:44:58 |  Iter-63 | MAE=21.331 | MAPE=14.89%
22:50:08 |  Iter-64 | MAE=19.640 | MAPE=15.94%
22:56:52 |  Iter-65 | MAE=1.819 | MAPE=1.41%
23:02:55 |  Iter-66 | MAE=14.789 | MAPE=10.82%
23:09:19 |  Iter-67 | MAE=4.616 | MAPE=3.24%
23:14:54 |  Iter-68 | MAE=2.485 | MAPE=1.70%
23:20:29 |  Iter-69 | MAE=1.092 | MAPE=0.74%
23:25:45 |  Iter-70 | MAE=2.719 | MAPE=1.85%
23:30:56 |  Iter-71 | MAE=7.847 | MAPE=4.96%
23:36:06 |  Iter-72 | MAE=2.643 | MAPE=1.69%
23:41:26 |  Iter-73 | MAE=4.072 | MAPE=2.50%
23:46:55 |  Iter-74 | MAE=12.033 | MAPE=8.31%
23:53:02 |  Iter-75 | MAE=20.065 | MAPE=15.06%
23:58:22 |  Iter-76 | MAE=7.918 | MAPE=6.11%
00:03:43 |  Iter-77 | MAE=0.333 | MAPE=0.25%
00:09:03 |  Iter-78 | MAE=7.795 | MAPE=5.42%
00:14:15 |  Iter-79 | MAE=1.988 | MAPE=1.40%
00:20:03 |  Iter-80 | MAE=6.776 | MAPE=4.85%
00:25:24 |  Iter-81 | MAE=10.630 | MAPE=7.18%
00:30:35 |  Iter-82 | MAE=4.250 | MAPE=2.93%
00:36:24 |  Iter-83 | MAE=4.239 | MAPE=2.98%
00:41:34 |  Iter-84 | MAE=22.036 | MAPE=17.96%
00:47:03 |  Iter-85 | MAE=13.282 | MAPE=10.00%
00:52:14 |  Iter-86 | MAE=1.001 | MAPE=0.78%
00:58:11 |  Iter-87 | MAE=1.141 | MAPE=0.85%
01:03:50 |  Iter-88 | MAE=8.955 | MAPE=7.07%
01:09:10 |  Iter-89 | MAE=1.795 | MAPE=1.48%
01:15:17 |  Iter-90 | MAE=2.388 | MAPE=1.96%
01:20:27 |  Iter-91 | MAE=3.027 | MAPE=2.37%
01:26:33 |  Iter-92 | MAE=8.426 | MAPE=6.93%
01:31:23 |  Iter-93 | MAE=1.057 | MAPE=0.88%
01:36:22 |  Iter-94 | MAE=3.368 | MAPE=2.67%
01:41:30 |  Iter-95 | MAE=0.768 | MAPE=0.60%
01:46:46 |  Iter-96 | MAE=3.099 | MAPE=2.45%
01:52:04 |  Iter-97 | MAE=2.460 | MAPE=1.90%
01:57:13 |  Iter-98 | MAE=1.075 | MAPE=0.83%
02:02:42 |  Iter-99 | MAE=0.760 | MAPE=0.58%
02:07:52 |  Iter-100 | MAE=0.650 | MAPE=0.48%
02:07:52 | 
 OVERALL: MAE=3.232, MAPE=2.80%, R2=0.9638 (34839.4s)
02:07:52 | Saved model checkpoint: /data/quyhv/oil_forecast_tail_risk/results_v4/walkforward/GUMNet_MoE_Sparse/XANG_H1_seed123/model_checkpoint.pth
02:07:52 | Saved processor/scaler: /data/quyhv/oil_forecast_tail_risk/results_v4/walkforward/GUMNet_MoE_Sparse/XANG_H1_seed123/processor.pkl
