21:57:17 | ================================================================================
21:57:17 |  TFT | DAU | H3 | walkforward | seed=777
21:57:17 | ================================================================================
21:57:17 | Data: 4513 rows | Features: 16
21:59:17 |  Iter-01 | MAE=1.663 | MAPE=2.03%
22:01:21 |  Iter-02 | MAE=1.332 | MAPE=1.67%
22:03:30 |  Iter-03 | MAE=0.860 | MAPE=1.09%
22:05:30 |  Iter-04 | MAE=0.445 | MAPE=0.55%
22:07:40 |  Iter-05 | MAE=0.418 | MAPE=0.53%
22:09:48 |  Iter-06 | MAE=0.710 | MAPE=0.90%
22:12:01 |  Iter-07 | MAE=1.193 | MAPE=1.54%
22:14:18 |  Iter-08 | MAE=1.851 | MAPE=2.30%
22:16:26 |  Iter-09 | MAE=0.792 | MAPE=0.97%
22:18:30 |  Iter-10 | MAE=0.806 | MAPE=0.97%
22:20:32 |  Iter-11 | MAE=1.959 | MAPE=2.30%
22:22:41 |  Iter-12 | MAE=1.790 | MAPE=2.05%
22:24:38 |  Iter-13 | MAE=2.921 | MAPE=3.36%
22:27:06 |  Iter-14 | MAE=1.051 | MAPE=1.19%
22:29:16 |  Iter-15 | MAE=1.006 | MAPE=1.15%
22:31:30 |  Iter-16 | MAE=2.598 | MAPE=2.99%
22:33:40 |  Iter-17 | MAE=1.932 | MAPE=2.15%
22:35:57 |  Iter-18 | MAE=0.477 | MAPE=0.52%
22:38:13 |  Iter-19 | MAE=0.878 | MAPE=0.95%
22:40:28 |  Iter-20 | MAE=35.243 | MAPE=27.00%
22:42:50 |  Iter-21 | MAE=22.892 | MAPE=13.32%
22:45:13 |  Iter-22 | MAE=17.887 | MAPE=10.91%
22:47:38 |  Iter-23 | MAE=6.544 | MAPE=3.42%
22:50:13 |  Iter-24 | MAE=14.449 | MAPE=6.59%
22:52:51 |  Iter-25 | MAE=13.283 | MAPE=6.02%
22:55:18 |  Iter-26 | MAE=21.669 | MAPE=8.87%
22:57:42 |  Iter-27 | MAE=21.436 | MAPE=8.09%
23:00:05 |  Iter-28 | MAE=68.411 | MAPE=32.02%
23:02:21 |  Iter-29 | MAE=6.626 | MAPE=3.35%
23:04:35 |  Iter-30 | MAE=25.030 | MAPE=14.85%
23:06:52 |  Iter-31 | MAE=12.892 | MAPE=8.70%
23:09:07 |  Iter-32 | MAE=15.159 | MAPE=9.25%
23:11:14 |  Iter-33 | MAE=2.581 | MAPE=1.58%
23:11:14 | 
 OVERALL: MAE=9.357, MAPE=5.55%, R2=0.8999 (4437.3s)
23:11:14 | Saved model checkpoint: /data/quyhv/oil_forecast_tail_risk/results_v4/walkforward/TFT/DAU_H3_seed777/model_checkpoint.pth
23:11:14 | Saved processor/scaler: /data/quyhv/oil_forecast_tail_risk/results_v4/walkforward/TFT/DAU_H3_seed777/processor.pkl
