23:44:12 | ================================================================================
23:44:12 |  TFT | XANG | H60 | walkforward | seed=9999
23:44:12 | ================================================================================
23:44:12 | Data: 4513 rows | Features: 19
23:51:14 |  Iter-01 | MAE=11.947 | MAPE=12.09%
23:58:15 |  Iter-02 | MAE=8.124 | MAPE=8.07%
00:05:21 |  Iter-03 | MAE=23.204 | MAPE=23.31%
00:12:33 |  Iter-04 | MAE=5.028 | MAPE=5.23%
00:19:45 |  Iter-05 | MAE=13.512 | MAPE=14.44%
00:27:03 |  Iter-06 | MAE=8.422 | MAPE=9.37%
00:34:29 |  Iter-07 | MAE=5.796 | MAPE=6.55%
00:42:01 |  Iter-08 | MAE=14.604 | MAPE=17.50%
00:49:35 |  Iter-09 | MAE=9.866 | MAPE=11.88%
00:57:09 |  Iter-10 | MAE=11.221 | MAPE=13.59%
01:04:43 |  Iter-11 | MAE=4.520 | MAPE=5.50%
01:12:24 |  Iter-12 | MAE=4.732 | MAPE=5.62%
01:20:10 |  Iter-13 | MAE=5.232 | MAPE=6.25%
01:28:00 |  Iter-14 | MAE=4.607 | MAPE=5.52%
01:36:02 |  Iter-15 | MAE=7.343 | MAPE=9.12%
01:44:27 |  Iter-16 | MAE=7.144 | MAPE=9.28%
01:52:58 |  Iter-17 | MAE=10.867 | MAPE=13.67%
02:01:35 |  Iter-18 | MAE=11.507 | MAPE=14.39%
02:10:19 |  Iter-19 | MAE=4.086 | MAPE=5.18%
02:19:16 |  Iter-20 | MAE=5.593 | MAPE=7.01%
02:28:21 |  Iter-21 | MAE=3.555 | MAPE=4.50%
02:37:28 |  Iter-22 | MAE=5.044 | MAPE=6.34%
02:46:40 |  Iter-23 | MAE=4.879 | MAPE=6.14%
02:55:52 |  Iter-24 | MAE=4.987 | MAPE=6.41%
03:05:07 |  Iter-25 | MAE=6.737 | MAPE=9.00%
03:14:16 |  Iter-26 | MAE=4.968 | MAPE=6.27%
03:23:37 |  Iter-27 | MAE=29.888 | MAPE=23.26%
03:33:04 |  Iter-28 | MAE=49.220 | MAPE=37.64%
03:33:04 | 
 OVERALL: MAE=10.237, MAPE=10.83%, R2=-0.7651 (13732.6s)
03:33:04 | Saved model checkpoint: /data/quyhv/oil_forecast_tail_risk/results_v4/walkforward/TFT/XANG_H60_seed9999/model_checkpoint.pth
03:33:04 | Saved processor/scaler: /data/quyhv/oil_forecast_tail_risk/results_v4/walkforward/TFT/XANG_H60_seed9999/processor.pkl
