01:54:40 | ================================================================================
01:54:40 |  TFT | XANG | H1 | walkforward | seed=123
01:54:40 | ================================================================================
01:54:41 | Data: 4513 rows | Features: 15
01:57:20 |  Iter-01 | MAE=0.122 | MAPE=0.16%
01:59:42 |  Iter-02 | MAE=0.341 | MAPE=0.44%
02:02:17 |  Iter-03 | MAE=0.480 | MAPE=0.61%
02:05:12 |  Iter-04 | MAE=2.523 | MAPE=3.36%
02:07:41 |  Iter-05 | MAE=0.396 | MAPE=0.53%
02:10:19 |  Iter-06 | MAE=0.597 | MAPE=0.80%
02:13:06 |  Iter-07 | MAE=1.086 | MAPE=1.48%
02:16:18 |  Iter-08 | MAE=0.350 | MAPE=0.48%
02:18:47 |  Iter-09 | MAE=1.609 | MAPE=2.18%
02:21:40 |  Iter-10 | MAE=0.214 | MAPE=0.29%
02:24:25 |  Iter-11 | MAE=0.170 | MAPE=0.23%
02:27:15 |  Iter-12 | MAE=0.833 | MAPE=1.14%
02:29:42 |  Iter-13 | MAE=0.040 | MAPE=0.06%
02:32:23 |  Iter-14 | MAE=0.108 | MAPE=0.15%
02:34:28 |  Iter-15 | MAE=0.232 | MAPE=0.32%
02:37:04 |  Iter-16 | MAE=0.563 | MAPE=0.77%
02:40:01 |  Iter-17 | MAE=0.566 | MAPE=0.78%
02:42:29 |  Iter-18 | MAE=1.207 | MAPE=1.71%
02:45:11 |  Iter-19 | MAE=0.479 | MAPE=0.67%
02:47:33 |  Iter-20 | MAE=1.098 | MAPE=1.57%
02:49:53 |  Iter-21 | MAE=0.768 | MAPE=1.09%
02:52:28 |  Iter-22 | MAE=1.183 | MAPE=1.63%
02:55:00 |  Iter-23 | MAE=0.952 | MAPE=1.32%
02:57:31 |  Iter-24 | MAE=0.297 | MAPE=0.41%
03:00:27 |  Iter-25 | MAE=1.249 | MAPE=1.72%
03:03:09 |  Iter-26 | MAE=2.001 | MAPE=2.78%
03:05:32 |  Iter-27 | MAE=0.740 | MAPE=1.04%
03:08:00 |  Iter-28 | MAE=0.163 | MAPE=0.23%
03:10:18 |  Iter-29 | MAE=0.342 | MAPE=0.48%
03:13:12 |  Iter-30 | MAE=0.515 | MAPE=0.71%
03:15:36 |  Iter-31 | MAE=0.445 | MAPE=0.61%
03:18:07 |  Iter-32 | MAE=0.644 | MAPE=0.90%
03:20:46 |  Iter-33 | MAE=0.406 | MAPE=0.55%
03:23:24 |  Iter-34 | MAE=0.610 | MAPE=0.85%
03:25:42 |  Iter-35 | MAE=0.613 | MAPE=0.83%
03:28:19 |  Iter-36 | MAE=0.392 | MAPE=0.53%
03:31:18 |  Iter-37 | MAE=1.392 | MAPE=1.87%
03:33:46 |  Iter-38 | MAE=3.368 | MAPE=4.69%
03:36:28 |  Iter-39 | MAE=1.807 | MAPE=2.51%
03:39:23 |  Iter-40 | MAE=0.729 | MAPE=0.99%
03:42:10 |  Iter-41 | MAE=0.713 | MAPE=0.96%
03:44:43 |  Iter-42 | MAE=0.784 | MAPE=1.05%
03:47:17 |  Iter-43 | MAE=1.451 | MAPE=1.91%
03:50:21 |  Iter-44 | MAE=2.158 | MAPE=2.78%
03:53:07 |  Iter-45 | MAE=0.390 | MAPE=0.51%
03:56:18 |  Iter-46 | MAE=1.709 | MAPE=2.25%
03:58:48 |  Iter-47 | MAE=1.895 | MAPE=2.60%
04:01:18 |  Iter-48 | MAE=0.243 | MAPE=0.34%
04:04:07 |  Iter-49 | MAE=0.793 | MAPE=1.09%
04:07:04 |  Iter-50 | MAE=0.288 | MAPE=0.39%
04:09:41 |  Iter-51 | MAE=2.894 | MAPE=3.75%
04:12:01 |  Iter-52 | MAE=1.482 | MAPE=1.88%
04:14:38 |  Iter-53 | MAE=0.214 | MAPE=0.28%
04:17:06 |  Iter-54 | MAE=2.229 | MAPE=2.78%
04:19:50 |  Iter-55 | MAE=1.263 | MAPE=1.57%
04:22:25 |  Iter-56 | MAE=0.403 | MAPE=0.50%
04:24:46 |  Iter-57 | MAE=0.015 | MAPE=0.02%
04:27:07 |  Iter-58 | MAE=10.929 | MAPE=11.94%
04:29:33 |  Iter-59 | MAE=5.447 | MAPE=5.61%
04:31:56 |  Iter-60 | MAE=4.173 | MAPE=4.07%
04:34:02 |  Iter-61 | MAE=8.953 | MAPE=8.25%
04:36:26 |  Iter-62 | MAE=8.717 | MAPE=7.39%
04:38:56 |  Iter-63 | MAE=23.985 | MAPE=16.75%
04:41:03 |  Iter-64 | MAE=20.611 | MAPE=16.72%
04:43:22 |  Iter-65 | MAE=2.103 | MAPE=1.77%
04:46:16 |  Iter-66 | MAE=13.293 | MAPE=9.74%
04:48:29 |  Iter-67 | MAE=2.336 | MAPE=1.65%
04:51:48 |  Iter-68 | MAE=1.062 | MAPE=0.70%
04:54:29 |  Iter-69 | MAE=6.333 | MAPE=4.38%
04:56:57 |  Iter-70 | MAE=3.585 | MAPE=2.43%
04:59:50 |  Iter-71 | MAE=12.666 | MAPE=8.01%
05:02:15 |  Iter-72 | MAE=0.291 | MAPE=0.19%
05:04:30 |  Iter-73 | MAE=1.977 | MAPE=1.21%
05:06:55 |  Iter-74 | MAE=9.586 | MAPE=6.61%
05:09:02 |  Iter-75 | MAE=14.069 | MAPE=10.55%
05:12:41 |  Iter-76 | MAE=8.255 | MAPE=6.36%
05:14:54 |  Iter-77 | MAE=0.932 | MAPE=0.70%
05:17:43 |  Iter-78 | MAE=2.978 | MAPE=2.05%
05:20:25 |  Iter-79 | MAE=0.438 | MAPE=0.32%
05:22:42 |  Iter-80 | MAE=3.997 | MAPE=2.86%
05:25:23 |  Iter-81 | MAE=10.907 | MAPE=7.37%
05:27:46 |  Iter-82 | MAE=5.368 | MAPE=3.69%
05:30:15 |  Iter-83 | MAE=4.639 | MAPE=3.25%
05:32:31 |  Iter-84 | MAE=23.851 | MAPE=19.43%
05:34:32 |  Iter-85 | MAE=12.593 | MAPE=9.48%
05:36:40 |  Iter-86 | MAE=1.401 | MAPE=1.09%
05:38:47 |  Iter-87 | MAE=1.045 | MAPE=0.79%
05:41:05 |  Iter-88 | MAE=8.012 | MAPE=6.32%
05:43:22 |  Iter-89 | MAE=2.513 | MAPE=2.07%
05:45:46 |  Iter-90 | MAE=2.935 | MAPE=2.40%
05:48:10 |  Iter-91 | MAE=2.280 | MAPE=1.79%
05:50:33 |  Iter-92 | MAE=0.771 | MAPE=0.64%
05:52:40 |  Iter-93 | MAE=3.549 | MAPE=2.94%
05:54:50 |  Iter-94 | MAE=2.679 | MAPE=2.12%
05:57:15 |  Iter-95 | MAE=0.551 | MAPE=0.43%
05:59:23 |  Iter-96 | MAE=3.153 | MAPE=2.48%
06:01:33 |  Iter-97 | MAE=2.460 | MAPE=1.90%
06:03:39 |  Iter-98 | MAE=1.513 | MAPE=1.18%
06:05:35 |  Iter-99 | MAE=0.671 | MAPE=0.51%
06:08:16 |  Iter-100 | MAE=1.473 | MAPE=1.09%
06:08:16 | 
 OVERALL: MAE=3.096, MAPE=2.69%, R2=0.9648 (15222.2s)
06:08:16 | Saved model checkpoint: /data/quyhv/oil_forecast_tail_risk/results_v4/walkforward/TFT/XANG_H1_seed123/model_checkpoint.pth
06:08:16 | Saved processor/scaler: /data/quyhv/oil_forecast_tail_risk/results_v4/walkforward/TFT/XANG_H1_seed123/processor.pkl
