02:13:03 | ================================================================================
02:13:03 |  TFT | XANG | H3 | walkforward | seed=123
02:13:03 | ================================================================================
02:13:03 | Data: 4513 rows | Features: 15
02:15:23 |  Iter-01 | MAE=0.518 | MAPE=0.66%
02:17:32 |  Iter-02 | MAE=2.628 | MAPE=3.52%
02:19:37 |  Iter-03 | MAE=0.626 | MAPE=0.85%
02:21:55 |  Iter-04 | MAE=0.453 | MAPE=0.62%
02:24:06 |  Iter-05 | MAE=0.411 | MAPE=0.57%
02:26:07 |  Iter-06 | MAE=1.043 | MAPE=1.45%
02:28:35 |  Iter-07 | MAE=0.962 | MAPE=1.37%
02:30:42 |  Iter-08 | MAE=1.467 | MAPE=2.02%
02:32:50 |  Iter-09 | MAE=2.210 | MAPE=3.09%
02:35:05 |  Iter-10 | MAE=0.890 | MAPE=1.23%
02:37:22 |  Iter-11 | MAE=0.736 | MAPE=1.02%
02:39:35 |  Iter-12 | MAE=1.311 | MAPE=1.79%
02:41:50 |  Iter-13 | MAE=2.521 | MAPE=3.49%
02:43:51 |  Iter-14 | MAE=0.693 | MAPE=0.93%
02:45:47 |  Iter-15 | MAE=1.893 | MAPE=2.46%
02:48:07 |  Iter-16 | MAE=3.775 | MAPE=5.16%
02:50:19 |  Iter-17 | MAE=1.638 | MAPE=2.19%
02:52:33 |  Iter-18 | MAE=1.480 | MAPE=1.86%
02:54:39 |  Iter-19 | MAE=0.896 | MAPE=1.11%
02:57:01 |  Iter-20 | MAE=16.225 | MAPE=16.59%
02:59:22 |  Iter-21 | MAE=24.678 | MAPE=18.88%
03:01:47 |  Iter-22 | MAE=16.446 | MAPE=13.22%
03:04:10 |  Iter-23 | MAE=3.842 | MAPE=2.65%
03:06:16 |  Iter-24 | MAE=6.047 | MAPE=3.87%
03:08:17 |  Iter-25 | MAE=16.208 | MAPE=11.61%
03:10:27 |  Iter-26 | MAE=5.748 | MAPE=4.31%
03:12:24 |  Iter-27 | MAE=3.435 | MAPE=2.38%
03:14:37 |  Iter-28 | MAE=17.124 | MAPE=13.19%
03:16:33 |  Iter-29 | MAE=8.941 | MAPE=6.77%
03:18:36 |  Iter-30 | MAE=10.302 | MAPE=8.37%
03:20:37 |  Iter-31 | MAE=2.841 | MAPE=2.34%
03:22:30 |  Iter-32 | MAE=5.892 | MAPE=4.62%
03:24:33 |  Iter-33 | MAE=3.507 | MAPE=2.69%
03:24:33 | 
 OVERALL: MAE=5.072, MAPE=4.45%, R2=0.9128 (4290.2s)
03:24:33 | Saved model checkpoint: /data/quyhv/oil_forecast_tail_risk/results_v4/walkforward/TFT/XANG_H3_seed123/model_checkpoint.pth
03:24:33 | Saved processor/scaler: /data/quyhv/oil_forecast_tail_risk/results_v4/walkforward/TFT/XANG_H3_seed123/processor.pkl
