01:33:38 | ================================================================================
01:33:38 |  TFT | XANG | H60 | walkforward | seed=9999
01:33:38 | ================================================================================
01:33:38 | Data: 4513 rows | Features: 19
01:41:32 |  Iter-01 | MAE=11.947 | MAPE=12.09%
01:49:25 |  Iter-02 | MAE=8.124 | MAPE=8.07%
01:57:22 |  Iter-03 | MAE=23.204 | MAPE=23.31%
02:05:26 |  Iter-04 | MAE=5.028 | MAPE=5.23%
02:13:34 |  Iter-05 | MAE=13.512 | MAPE=14.44%
02:21:51 |  Iter-06 | MAE=8.422 | MAPE=9.37%
02:30:19 |  Iter-07 | MAE=5.796 | MAPE=6.55%
02:38:50 |  Iter-08 | MAE=14.604 | MAPE=17.50%
02:47:21 |  Iter-09 | MAE=9.866 | MAPE=11.88%
02:55:52 |  Iter-10 | MAE=11.221 | MAPE=13.59%
03:04:25 |  Iter-11 | MAE=4.520 | MAPE=5.50%
03:13:01 |  Iter-12 | MAE=4.732 | MAPE=5.62%
03:21:41 |  Iter-13 | MAE=5.232 | MAPE=6.25%
03:30:25 |  Iter-14 | MAE=4.607 | MAPE=5.52%
03:39:05 |  Iter-15 | MAE=7.343 | MAPE=9.12%
03:47:49 |  Iter-16 | MAE=7.144 | MAPE=9.28%
03:56:35 |  Iter-17 | MAE=10.867 | MAPE=13.67%
04:05:24 |  Iter-18 | MAE=11.507 | MAPE=14.39%
04:14:22 |  Iter-19 | MAE=4.086 | MAPE=5.18%
04:23:19 |  Iter-20 | MAE=5.593 | MAPE=7.01%
04:32:19 |  Iter-21 | MAE=3.555 | MAPE=4.50%
04:41:12 |  Iter-22 | MAE=5.044 | MAPE=6.34%
04:50:20 |  Iter-23 | MAE=4.879 | MAPE=6.14%
04:59:28 |  Iter-24 | MAE=4.987 | MAPE=6.41%
05:08:30 |  Iter-25 | MAE=6.737 | MAPE=9.00%
05:17:23 |  Iter-26 | MAE=4.968 | MAPE=6.27%
05:26:22 |  Iter-27 | MAE=29.888 | MAPE=23.26%
05:35:23 |  Iter-28 | MAE=49.220 | MAPE=37.64%
05:35:23 | 
 OVERALL: MAE=10.237, MAPE=10.83%, R2=-0.7651 (14506.2s)
05:35:24 | Saved model checkpoint: /data/quyhv/oil_forecast_tail_risk/results_v4/walkforward/TFT/XANG_H60_seed9999/model_checkpoint.pth
05:35:24 | Saved processor/scaler: /data/quyhv/oil_forecast_tail_risk/results_v4/walkforward/TFT/XANG_H60_seed9999/processor.pkl
