23:34:46 | ================================================================================
23:34:46 |  TFT | XANG | H60 | walkforward | seed=777
23:34:46 | ================================================================================
23:34:46 | Data: 4513 rows | Features: 19
23:41:49 |  Iter-01 | MAE=5.598 | MAPE=5.67%
23:48:50 |  Iter-02 | MAE=13.351 | MAPE=12.99%
23:55:50 |  Iter-03 | MAE=15.387 | MAPE=15.38%
00:03:00 |  Iter-04 | MAE=4.744 | MAPE=4.93%
00:10:13 |  Iter-05 | MAE=6.198 | MAPE=6.61%
00:17:28 |  Iter-06 | MAE=5.861 | MAPE=6.54%
00:24:42 |  Iter-07 | MAE=5.282 | MAPE=6.00%
00:32:05 |  Iter-08 | MAE=6.759 | MAPE=8.00%
00:39:39 |  Iter-09 | MAE=8.234 | MAPE=9.91%
00:47:13 |  Iter-10 | MAE=4.073 | MAPE=4.96%
00:54:48 |  Iter-11 | MAE=6.719 | MAPE=8.16%
01:02:29 |  Iter-12 | MAE=9.064 | MAPE=10.76%
01:10:12 |  Iter-13 | MAE=5.667 | MAPE=6.73%
01:17:55 |  Iter-14 | MAE=4.926 | MAPE=5.93%
01:25:40 |  Iter-15 | MAE=8.278 | MAPE=10.41%
01:33:45 |  Iter-16 | MAE=9.185 | MAPE=11.86%
01:42:07 |  Iter-17 | MAE=16.274 | MAPE=20.64%
01:50:38 |  Iter-18 | MAE=12.219 | MAPE=15.41%
01:59:24 |  Iter-19 | MAE=2.901 | MAPE=3.62%
02:08:09 |  Iter-20 | MAE=4.925 | MAPE=6.23%
02:17:05 |  Iter-21 | MAE=3.734 | MAPE=4.69%
02:26:04 |  Iter-22 | MAE=7.414 | MAPE=9.24%
02:35:11 |  Iter-23 | MAE=5.890 | MAPE=7.37%
02:44:24 |  Iter-24 | MAE=4.308 | MAPE=5.64%
02:53:38 |  Iter-25 | MAE=3.528 | MAPE=4.67%
03:02:51 |  Iter-26 | MAE=9.672 | MAPE=12.32%
03:12:20 |  Iter-27 | MAE=27.775 | MAPE=21.64%
03:21:39 |  Iter-28 | MAE=46.804 | MAPE=35.29%
03:21:39 | 
 OVERALL: MAE=9.456, MAPE=10.06%, R2=-0.5504 (13613.8s)
03:21:39 | Saved model checkpoint: /data/quyhv/oil_forecast_tail_risk/results_v4/walkforward/TFT/XANG_H60_seed777/model_checkpoint.pth
03:21:39 | Saved processor/scaler: /data/quyhv/oil_forecast_tail_risk/results_v4/walkforward/TFT/XANG_H60_seed777/processor.pkl
