09:38:42 | ================================================================================
09:38:42 |  TFT | XANG | H10 | walkforward | seed=9999
09:38:42 | ================================================================================
09:38:42 | Data: 4513 rows | Features: 14
09:40:39 |  Iter-01 | MAE=1.521 | MAPE=1.90%
09:42:30 |  Iter-02 | MAE=1.016 | MAPE=1.29%
09:44:21 |  Iter-03 | MAE=0.790 | MAPE=1.00%
09:46:11 |  Iter-04 | MAE=1.661 | MAPE=2.08%
09:48:01 |  Iter-05 | MAE=2.985 | MAPE=3.70%
09:50:00 |  Iter-06 | MAE=2.626 | MAPE=3.25%
09:51:59 |  Iter-07 | MAE=1.748 | MAPE=2.14%
09:53:45 |  Iter-08 | MAE=1.691 | MAPE=2.08%
09:55:35 |  Iter-09 | MAE=2.640 | MAPE=3.34%
09:57:26 |  Iter-10 | MAE=1.794 | MAPE=2.31%
09:59:15 |  Iter-11 | MAE=1.064 | MAPE=1.38%
10:01:10 |  Iter-12 | MAE=2.219 | MAPE=2.89%
10:02:58 |  Iter-13 | MAE=3.132 | MAPE=3.91%
10:04:49 |  Iter-14 | MAE=3.573 | MAPE=4.43%
10:06:41 |  Iter-15 | MAE=1.145 | MAPE=1.42%
10:08:46 |  Iter-16 | MAE=2.687 | MAPE=3.30%
10:10:35 |  Iter-17 | MAE=1.718 | MAPE=2.20%
10:12:26 |  Iter-18 | MAE=2.052 | MAPE=2.58%
10:14:17 |  Iter-19 | MAE=1.739 | MAPE=2.16%
10:16:09 |  Iter-20 | MAE=3.474 | MAPE=4.49%
10:18:00 |  Iter-21 | MAE=2.219 | MAPE=2.98%
10:19:52 |  Iter-22 | MAE=1.357 | MAPE=1.85%
10:21:44 |  Iter-23 | MAE=1.411 | MAPE=1.98%
10:23:37 |  Iter-24 | MAE=0.870 | MAPE=1.22%
10:25:29 |  Iter-25 | MAE=3.162 | MAPE=4.39%
10:27:22 |  Iter-26 | MAE=1.407 | MAPE=1.96%
10:29:15 |  Iter-27 | MAE=0.806 | MAPE=1.10%
10:31:02 |  Iter-28 | MAE=1.026 | MAPE=1.38%
10:32:55 |  Iter-29 | MAE=1.420 | MAPE=1.87%
10:34:49 |  Iter-30 | MAE=2.854 | MAPE=3.76%
10:36:38 |  Iter-31 | MAE=10.309 | MAPE=11.40%
10:38:28 |  Iter-32 | MAE=26.766 | MAPE=22.67%
10:40:18 |  Iter-33 | MAE=33.460 | MAPE=24.18%
10:42:07 |  Iter-34 | MAE=23.436 | MAPE=15.57%
10:43:57 |  Iter-35 | MAE=12.131 | MAPE=8.53%
10:45:47 |  Iter-36 | MAE=6.268 | MAPE=4.62%
10:47:54 |  Iter-37 | MAE=7.446 | MAPE=5.63%
10:49:39 |  Iter-38 | MAE=7.426 | MAPE=6.00%
10:51:31 |  Iter-39 | MAE=3.338 | MAPE=2.64%
10:51:31 | 
 OVERALL: MAE=4.830, MAPE=4.50%, R2=0.8238 (4369.2s)
10:51:31 | Saved model checkpoint: /data/quyhv/oil_forecast_tail_risk/results_v4/walkforward/TFT/XANG_H10_seed9999/model_checkpoint.pth
10:51:31 | Saved processor/scaler: /data/quyhv/oil_forecast_tail_risk/results_v4/walkforward/TFT/XANG_H10_seed9999/processor.pkl
