09:31:38 | ================================================================================
09:31:38 |  TFT | XANG | H10 | walkforward | seed=777
09:31:38 | ================================================================================
09:31:38 | Data: 4513 rows | Features: 14
09:33:30 |  Iter-01 | MAE=1.653 | MAPE=2.08%
09:35:19 |  Iter-02 | MAE=1.126 | MAPE=1.44%
09:37:08 |  Iter-03 | MAE=2.285 | MAPE=2.90%
09:39:01 |  Iter-04 | MAE=1.982 | MAPE=2.48%
09:40:52 |  Iter-05 | MAE=1.942 | MAPE=2.40%
09:42:43 |  Iter-06 | MAE=2.823 | MAPE=3.49%
09:44:33 |  Iter-07 | MAE=1.462 | MAPE=1.79%
09:46:25 |  Iter-08 | MAE=1.105 | MAPE=1.36%
09:48:15 |  Iter-09 | MAE=2.317 | MAPE=2.94%
09:50:05 |  Iter-10 | MAE=2.312 | MAPE=2.99%
09:51:56 |  Iter-11 | MAE=0.936 | MAPE=1.20%
09:53:59 |  Iter-12 | MAE=2.640 | MAPE=3.44%
09:55:48 |  Iter-13 | MAE=3.671 | MAPE=4.57%
09:57:40 |  Iter-14 | MAE=4.193 | MAPE=5.20%
09:59:31 |  Iter-15 | MAE=1.976 | MAPE=2.46%
10:01:27 |  Iter-16 | MAE=1.802 | MAPE=2.21%
10:03:17 |  Iter-17 | MAE=2.002 | MAPE=2.55%
10:05:08 |  Iter-18 | MAE=1.318 | MAPE=1.67%
10:06:59 |  Iter-19 | MAE=1.156 | MAPE=1.44%
10:08:52 |  Iter-20 | MAE=2.286 | MAPE=2.97%
10:10:43 |  Iter-21 | MAE=2.872 | MAPE=3.86%
10:12:36 |  Iter-22 | MAE=0.829 | MAPE=1.13%
10:14:26 |  Iter-23 | MAE=1.473 | MAPE=2.06%
10:16:18 |  Iter-24 | MAE=0.995 | MAPE=1.39%
10:18:10 |  Iter-25 | MAE=2.664 | MAPE=3.69%
10:20:02 |  Iter-26 | MAE=1.928 | MAPE=2.69%
10:21:53 |  Iter-27 | MAE=1.076 | MAPE=1.47%
10:23:44 |  Iter-28 | MAE=1.426 | MAPE=1.89%
10:25:35 |  Iter-29 | MAE=1.543 | MAPE=2.05%
10:27:30 |  Iter-30 | MAE=2.616 | MAPE=3.45%
10:29:24 |  Iter-31 | MAE=11.306 | MAPE=12.56%
10:31:18 |  Iter-32 | MAE=27.751 | MAPE=23.46%
10:33:16 |  Iter-33 | MAE=34.580 | MAPE=25.04%
10:35:10 |  Iter-34 | MAE=25.527 | MAPE=17.00%
10:37:02 |  Iter-35 | MAE=13.609 | MAPE=9.68%
10:39:17 |  Iter-36 | MAE=8.452 | MAPE=5.95%
10:41:12 |  Iter-37 | MAE=13.895 | MAPE=10.84%
10:43:04 |  Iter-38 | MAE=9.321 | MAPE=7.53%
10:44:55 |  Iter-39 | MAE=3.402 | MAPE=2.71%
10:44:55 | 
 OVERALL: MAE=5.289, MAPE=4.87%, R2=0.7957 (4396.7s)
10:44:55 | Saved model checkpoint: /data/quyhv/oil_forecast_tail_risk/results_v4/walkforward/TFT/XANG_H10_seed777/model_checkpoint.pth
10:44:55 | Saved processor/scaler: /data/quyhv/oil_forecast_tail_risk/results_v4/walkforward/TFT/XANG_H10_seed777/processor.pkl
