00:58:02 | ================================================================================
00:58:02 |  TFT | DAU | H7 | walkforward | seed=123
00:58:02 | ================================================================================
00:58:02 | Data: 4513 rows | Features: 17
01:00:03 |  Iter-01 | MAE=0.922 | MAPE=1.05%
01:01:59 |  Iter-02 | MAE=2.930 | MAPE=3.50%
01:03:57 |  Iter-03 | MAE=7.259 | MAPE=7.92%
01:06:01 |  Iter-04 | MAE=1.648 | MAPE=1.74%
01:07:56 |  Iter-05 | MAE=1.751 | MAPE=1.81%
01:10:00 |  Iter-06 | MAE=7.638 | MAPE=8.75%
01:12:03 |  Iter-07 | MAE=2.294 | MAPE=2.69%
01:14:13 |  Iter-08 | MAE=3.206 | MAPE=3.99%
01:16:10 |  Iter-09 | MAE=1.223 | MAPE=1.53%
01:18:22 |  Iter-10 | MAE=1.213 | MAPE=1.55%
01:20:22 |  Iter-11 | MAE=4.836 | MAPE=5.96%
01:22:20 |  Iter-12 | MAE=2.531 | MAPE=2.99%
01:24:19 |  Iter-13 | MAE=1.909 | MAPE=2.17%
01:26:23 |  Iter-14 | MAE=1.438 | MAPE=1.63%
01:28:24 |  Iter-15 | MAE=3.342 | MAPE=3.65%
01:30:21 |  Iter-16 | MAE=33.023 | MAPE=23.37%
01:32:16 |  Iter-17 | MAE=26.737 | MAPE=14.05%
01:34:22 |  Iter-18 | MAE=15.819 | MAPE=6.97%
01:36:30 |  Iter-19 | MAE=31.611 | MAPE=12.03%
01:38:28 |  Iter-20 | MAE=62.692 | MAPE=35.07%
01:40:36 |  Iter-21 | MAE=9.750 | MAPE=6.41%
01:40:36 | 
 OVERALL: MAE=10.656, MAPE=7.09%, R2=0.8422 (2554.7s)
01:40:36 | Saved model checkpoint: /data/quyhv/oil_forecast_tail_risk/results_v4/walkforward/TFT/DAU_H7_seed123/model_checkpoint.pth
01:40:36 | Saved processor/scaler: /data/quyhv/oil_forecast_tail_risk/results_v4/walkforward/TFT/DAU_H7_seed123/processor.pkl
