13:10:22 | ================================================================================
13:10:22 |  GUMNetHet | XANG | H3 | walkforward | seed=777
13:10:22 | ================================================================================
13:10:22 | Data: 4513 rows | Features: 15
13:12:55 |  Iter-01 | MAE=0.564 | MAPE=0.72%
13:14:54 |  Iter-02 | MAE=2.511 | MAPE=3.37%
13:16:57 |  Iter-03 | MAE=0.988 | MAPE=1.34%
13:19:06 |  Iter-04 | MAE=0.748 | MAPE=1.02%
13:21:10 |  Iter-05 | MAE=0.490 | MAPE=0.68%
13:23:17 |  Iter-06 | MAE=0.971 | MAPE=1.36%
13:25:42 |  Iter-07 | MAE=1.086 | MAPE=1.54%
13:27:52 |  Iter-08 | MAE=1.246 | MAPE=1.72%
13:30:08 |  Iter-09 | MAE=2.467 | MAPE=3.44%
13:32:34 |  Iter-10 | MAE=0.794 | MAPE=1.10%
13:34:28 |  Iter-11 | MAE=0.594 | MAPE=0.83%
13:36:28 |  Iter-12 | MAE=0.896 | MAPE=1.23%
13:38:35 |  Iter-13 | MAE=3.262 | MAPE=4.51%
13:40:26 |  Iter-14 | MAE=1.522 | MAPE=2.05%
13:42:33 |  Iter-15 | MAE=2.050 | MAPE=2.67%
13:44:24 |  Iter-16 | MAE=3.784 | MAPE=5.18%
13:46:24 |  Iter-17 | MAE=1.488 | MAPE=1.98%
13:48:19 |  Iter-18 | MAE=1.279 | MAPE=1.60%
13:50:26 |  Iter-19 | MAE=0.841 | MAPE=1.04%
13:52:25 |  Iter-20 | MAE=16.831 | MAPE=17.20%
13:54:15 |  Iter-21 | MAE=27.027 | MAPE=20.98%
13:55:55 |  Iter-22 | MAE=15.752 | MAPE=12.65%
13:57:42 |  Iter-23 | MAE=5.192 | MAPE=3.63%
13:59:25 |  Iter-24 | MAE=3.636 | MAPE=2.42%
14:01:08 |  Iter-25 | MAE=18.868 | MAPE=13.65%
14:02:55 |  Iter-26 | MAE=8.593 | MAPE=6.43%
14:04:44 |  Iter-27 | MAE=3.681 | MAPE=2.57%
14:06:34 |  Iter-28 | MAE=14.284 | MAPE=11.21%
14:08:17 |  Iter-29 | MAE=11.504 | MAPE=8.70%
14:10:01 |  Iter-30 | MAE=10.422 | MAPE=8.47%
14:11:44 |  Iter-31 | MAE=2.804 | MAPE=2.30%
14:13:27 |  Iter-32 | MAE=6.144 | MAPE=4.82%
14:15:11 |  Iter-33 | MAE=2.500 | MAPE=1.91%
14:15:11 | 
 OVERALL: MAE=5.298, MAPE=4.68%, R2=0.9027 (3889.2s)
14:15:11 | Saved model checkpoint: /data/quyhv/oil_forecast_tail_risk/results_v4/walkforward/GUMNetHet/XANG_H3_seed777/model_checkpoint.pth
14:15:11 | Saved processor/scaler: /data/quyhv/oil_forecast_tail_risk/results_v4/walkforward/GUMNetHet/XANG_H3_seed777/processor.pkl
