21:54:24 | ================================================================================
21:54:24 |  GUMNetHet | XANG | H20 | walkforward | seed=2025
21:54:24 | ================================================================================
21:54:24 | Data: 4513 rows | Features: 14
21:58:31 |  Iter-01 | MAE=2.615 | MAPE=3.20%
22:02:37 |  Iter-02 | MAE=3.613 | MAPE=4.84%
22:06:44 |  Iter-03 | MAE=1.523 | MAPE=2.03%
22:10:50 |  Iter-04 | MAE=4.393 | MAPE=5.24%
22:14:57 |  Iter-05 | MAE=1.831 | MAPE=2.33%
22:19:07 |  Iter-06 | MAE=2.788 | MAPE=3.52%
22:23:18 |  Iter-07 | MAE=3.310 | MAPE=4.08%
22:27:29 |  Iter-08 | MAE=4.504 | MAPE=5.78%
22:31:40 |  Iter-09 | MAE=7.374 | MAPE=9.15%
22:35:55 |  Iter-10 | MAE=2.064 | MAPE=2.61%
22:40:13 |  Iter-11 | MAE=2.581 | MAPE=3.54%
22:44:31 |  Iter-12 | MAE=1.676 | MAPE=2.30%
22:48:49 |  Iter-13 | MAE=5.847 | MAPE=6.66%
22:53:11 |  Iter-14 | MAE=37.292 | MAPE=26.19%
22:59:09 |  Iter-15 | MAE=10.514 | MAPE=8.20%
22:59:09 | 
 OVERALL: MAE=6.128, MAPE=5.98%, R2=0.6736 (3884.9s)
22:59:09 | Saved model checkpoint: /data/quyhv/oil_forecast_tail_risk/results_v4/walkforward/GUMNetHet/XANG_H20_seed2025/model_checkpoint.pth
22:59:09 | Saved processor/scaler: /data/quyhv/oil_forecast_tail_risk/results_v4/walkforward/GUMNetHet/XANG_H20_seed2025/processor.pkl
