12:15:30 | ================================================================================
12:15:30 |  GUMNetHet | DAU | H1 | walkforward | seed=123
12:15:30 | ================================================================================
12:15:30 | Data: 4513 rows | Features: 16
12:18:17 |  Iter-01 | MAE=1.410 | MAPE=1.71%
12:20:41 |  Iter-02 | MAE=0.309 | MAPE=0.37%
12:22:55 |  Iter-03 | MAE=1.299 | MAPE=1.59%
12:26:09 |  Iter-04 | MAE=1.453 | MAPE=1.82%
12:29:10 |  Iter-05 | MAE=0.089 | MAPE=0.11%
12:32:11 |  Iter-06 | MAE=0.529 | MAPE=0.66%
12:34:26 |  Iter-07 | MAE=1.720 | MAPE=2.18%
12:37:02 |  Iter-08 | MAE=0.275 | MAPE=0.35%
12:39:10 |  Iter-09 | MAE=0.398 | MAPE=0.50%
12:41:18 |  Iter-10 | MAE=0.484 | MAPE=0.60%
12:43:29 |  Iter-11 | MAE=0.297 | MAPE=0.37%
12:45:59 |  Iter-12 | MAE=0.792 | MAPE=0.98%
12:48:10 |  Iter-13 | MAE=1.039 | MAPE=1.31%
12:50:31 |  Iter-14 | MAE=0.346 | MAPE=0.43%
12:52:39 |  Iter-15 | MAE=0.629 | MAPE=0.78%
12:54:57 |  Iter-16 | MAE=0.268 | MAPE=0.33%
12:57:27 |  Iter-17 | MAE=0.838 | MAPE=1.06%
13:00:03 |  Iter-18 | MAE=0.629 | MAPE=0.81%
13:02:33 |  Iter-19 | MAE=0.081 | MAPE=0.10%
13:04:53 |  Iter-20 | MAE=2.019 | MAPE=2.61%
13:06:55 |  Iter-21 | MAE=0.102 | MAPE=0.13%
13:09:10 |  Iter-22 | MAE=1.600 | MAPE=2.01%
13:11:27 |  Iter-23 | MAE=0.998 | MAPE=1.25%
13:13:35 |  Iter-24 | MAE=0.523 | MAPE=0.64%
13:15:59 |  Iter-25 | MAE=0.314 | MAPE=0.38%
13:18:10 |  Iter-26 | MAE=1.680 | MAPE=2.06%
13:20:49 |  Iter-27 | MAE=1.466 | MAPE=1.80%
13:23:13 |  Iter-28 | MAE=0.532 | MAPE=0.65%
13:26:14 |  Iter-29 | MAE=0.356 | MAPE=0.43%
13:28:41 |  Iter-30 | MAE=1.049 | MAPE=1.25%
13:30:46 |  Iter-31 | MAE=1.739 | MAPE=2.04%
13:32:48 |  Iter-32 | MAE=0.111 | MAPE=0.13%
13:34:53 |  Iter-33 | MAE=0.533 | MAPE=0.62%
13:37:01 |  Iter-34 | MAE=1.433 | MAPE=1.71%
13:39:41 |  Iter-35 | MAE=0.513 | MAPE=0.59%
13:41:49 |  Iter-36 | MAE=1.430 | MAPE=1.61%
13:43:51 |  Iter-37 | MAE=0.996 | MAPE=1.12%
13:46:05 |  Iter-38 | MAE=2.086 | MAPE=2.40%
13:48:13 |  Iter-39 | MAE=1.339 | MAPE=1.55%
13:50:23 |  Iter-40 | MAE=1.507 | MAPE=1.72%
13:52:43 |  Iter-41 | MAE=0.237 | MAPE=0.27%
13:56:10 |  Iter-42 | MAE=1.690 | MAPE=1.90%
13:58:35 |  Iter-43 | MAE=1.546 | MAPE=1.77%
14:00:42 |  Iter-44 | MAE=0.268 | MAPE=0.30%
14:03:05 |  Iter-45 | MAE=1.175 | MAPE=1.32%
14:05:30 |  Iter-46 | MAE=0.616 | MAPE=0.69%
14:07:34 |  Iter-47 | MAE=0.768 | MAPE=0.88%
14:09:41 |  Iter-48 | MAE=0.298 | MAPE=0.34%
14:11:48 |  Iter-49 | MAE=0.803 | MAPE=0.93%
14:14:20 |  Iter-50 | MAE=0.905 | MAPE=1.05%
14:16:20 |  Iter-51 | MAE=3.760 | MAPE=4.12%
14:18:49 |  Iter-52 | MAE=0.198 | MAPE=0.21%
14:21:15 |  Iter-53 | MAE=0.638 | MAPE=0.70%
14:23:38 |  Iter-54 | MAE=0.817 | MAPE=0.89%
14:26:55 |  Iter-55 | MAE=0.297 | MAPE=0.32%
14:30:03 |  Iter-56 | MAE=1.146 | MAPE=1.24%
14:32:39 |  Iter-57 | MAE=0.490 | MAPE=0.53%
14:35:52 |  Iter-58 | MAE=22.612 | MAPE=19.69%
14:38:39 |  Iter-59 | MAE=13.568 | MAPE=10.81%
14:41:14 |  Iter-60 | MAE=16.091 | MAPE=11.25%
14:43:44 |  Iter-61 | MAE=17.594 | MAPE=11.52%
14:46:06 |  Iter-62 | MAE=3.405 | MAPE=2.20%
14:48:28 |  Iter-63 | MAE=24.757 | MAPE=13.38%
14:50:27 |  Iter-64 | MAE=18.405 | MAPE=11.44%
14:52:32 |  Iter-65 | MAE=2.963 | MAPE=1.80%
14:54:22 |  Iter-66 | MAE=26.779 | MAPE=13.79%
14:56:55 |  Iter-67 | MAE=6.762 | MAPE=3.52%
14:59:30 |  Iter-68 | MAE=8.917 | MAPE=4.68%
15:01:56 |  Iter-69 | MAE=8.761 | MAPE=4.43%
15:04:18 |  Iter-70 | MAE=5.603 | MAPE=2.82%
15:06:28 |  Iter-71 | MAE=19.209 | MAPE=8.58%
15:08:25 |  Iter-72 | MAE=3.576 | MAPE=1.61%
15:10:25 |  Iter-73 | MAE=11.775 | MAPE=4.86%
15:12:54 |  Iter-74 | MAE=6.875 | MAPE=3.13%
15:15:20 |  Iter-75 | MAE=19.081 | MAPE=9.30%
15:17:50 |  Iter-76 | MAE=4.566 | MAPE=2.11%
15:20:29 |  Iter-77 | MAE=15.684 | MAPE=6.61%
15:22:21 |  Iter-78 | MAE=9.843 | MAPE=3.91%
15:24:19 |  Iter-79 | MAE=14.304 | MAPE=6.00%
15:26:12 |  Iter-80 | MAE=2.770 | MAPE=1.13%
15:28:33 |  Iter-81 | MAE=47.378 | MAPE=16.21%
15:31:45 |  Iter-82 | MAE=20.476 | MAPE=7.65%
15:34:11 |  Iter-83 | MAE=29.298 | MAPE=12.02%
15:36:42 |  Iter-84 | MAE=63.833 | MAPE=33.40%
15:39:07 |  Iter-85 | MAE=7.316 | MAPE=3.48%
15:40:59 |  Iter-86 | MAE=3.797 | MAPE=1.88%
15:42:59 |  Iter-87 | MAE=1.965 | MAPE=1.00%
15:44:58 |  Iter-88 | MAE=10.704 | MAPE=5.80%
15:46:55 |  Iter-89 | MAE=14.674 | MAPE=8.93%
15:48:49 |  Iter-90 | MAE=5.335 | MAPE=3.28%
15:50:46 |  Iter-91 | MAE=11.249 | MAPE=6.89%
15:52:41 |  Iter-92 | MAE=12.103 | MAPE=8.23%
15:54:44 |  Iter-93 | MAE=8.809 | MAPE=6.07%
15:56:42 |  Iter-94 | MAE=13.418 | MAPE=8.36%
15:58:33 |  Iter-95 | MAE=0.301 | MAPE=0.18%
16:00:24 |  Iter-96 | MAE=1.892 | MAPE=1.14%
16:02:18 |  Iter-97 | MAE=3.249 | MAPE=1.97%
16:04:22 |  Iter-98 | MAE=5.058 | MAPE=3.15%
16:06:22 |  Iter-99 | MAE=0.732 | MAPE=0.45%
16:08:23 |  Iter-100 | MAE=7.395 | MAPE=4.32%
16:08:23 | 
 OVERALL: MAE=6.037, MAPE=3.53%, R2=0.9601 (13973.8s)
16:08:23 | Saved model checkpoint: /data/quyhv/oil_forecast_tail_risk/results_v4/walkforward/GUMNetHet/DAU_H1_seed123/model_checkpoint.pth
16:08:23 | Saved processor/scaler: /data/quyhv/oil_forecast_tail_risk/results_v4/walkforward/GUMNetHet/DAU_H1_seed123/processor.pkl
