07:31:51 | ================================================================================
07:31:51 |  GUMNetHet | DAU | H3 | walkforward | seed=777
07:31:51 | ================================================================================
07:31:51 | Data: 4513 rows | Features: 16
07:33:44 |  Iter-01 | MAE=1.603 | MAPE=1.96%
07:35:44 |  Iter-02 | MAE=2.063 | MAPE=2.59%
07:37:38 |  Iter-03 | MAE=0.935 | MAPE=1.18%
07:39:32 |  Iter-04 | MAE=0.410 | MAPE=0.51%
07:41:26 |  Iter-05 | MAE=0.651 | MAPE=0.82%
07:43:26 |  Iter-06 | MAE=1.031 | MAPE=1.31%
07:45:26 |  Iter-07 | MAE=1.657 | MAPE=2.15%
07:47:30 |  Iter-08 | MAE=1.805 | MAPE=2.24%
07:49:30 |  Iter-09 | MAE=1.196 | MAPE=1.46%
07:51:30 |  Iter-10 | MAE=1.254 | MAPE=1.50%
07:53:30 |  Iter-11 | MAE=1.364 | MAPE=1.59%
07:55:24 |  Iter-12 | MAE=1.631 | MAPE=1.89%
07:57:15 |  Iter-13 | MAE=2.465 | MAPE=2.84%
07:59:18 |  Iter-14 | MAE=1.592 | MAPE=1.81%
08:01:24 |  Iter-15 | MAE=1.008 | MAPE=1.15%
08:03:21 |  Iter-16 | MAE=2.565 | MAPE=2.95%
08:05:16 |  Iter-17 | MAE=1.910 | MAPE=2.13%
08:07:10 |  Iter-18 | MAE=0.667 | MAPE=0.73%
08:09:10 |  Iter-19 | MAE=0.625 | MAPE=0.68%
08:11:13 |  Iter-20 | MAE=35.401 | MAPE=27.14%
08:13:09 |  Iter-21 | MAE=30.689 | MAPE=18.24%
08:14:55 |  Iter-22 | MAE=17.220 | MAPE=10.51%
08:16:41 |  Iter-23 | MAE=9.057 | MAPE=4.72%
08:18:31 |  Iter-24 | MAE=16.474 | MAPE=7.74%
08:20:17 |  Iter-25 | MAE=13.792 | MAPE=6.26%
08:22:10 |  Iter-26 | MAE=20.552 | MAPE=8.39%
08:23:59 |  Iter-27 | MAE=22.113 | MAPE=8.38%
08:25:55 |  Iter-28 | MAE=59.694 | MAPE=28.37%
08:27:51 |  Iter-29 | MAE=6.928 | MAPE=3.47%
08:29:37 |  Iter-30 | MAE=25.267 | MAPE=15.02%
08:31:36 |  Iter-31 | MAE=19.043 | MAPE=12.76%
08:33:19 |  Iter-32 | MAE=22.228 | MAPE=13.61%
08:35:06 |  Iter-33 | MAE=2.102 | MAPE=1.31%
08:35:06 | 
 OVERALL: MAE=9.909, MAPE=5.98%, R2=0.8984 (3794.9s)
08:35:06 | Saved model checkpoint: /data/quyhv/oil_forecast_tail_risk/results_v4/walkforward/GUMNetHet/DAU_H3_seed777/model_checkpoint.pth
08:35:06 | Saved processor/scaler: /data/quyhv/oil_forecast_tail_risk/results_v4/walkforward/GUMNetHet/DAU_H3_seed777/processor.pkl
