15:13:26 | ================================================================================
15:13:26 |  GUMNetHet | XANG | H3 | walkforward | seed=2025
15:13:26 | ================================================================================
15:13:26 | Data: 4513 rows | Features: 15
15:15:24 |  Iter-01 | MAE=0.545 | MAPE=0.69%
15:17:20 |  Iter-02 | MAE=2.669 | MAPE=3.58%
15:20:28 |  Iter-03 | MAE=0.758 | MAPE=1.03%
15:22:28 |  Iter-04 | MAE=0.593 | MAPE=0.81%
15:24:28 |  Iter-05 | MAE=0.419 | MAPE=0.58%
15:26:25 |  Iter-06 | MAE=1.125 | MAPE=1.57%
15:28:31 |  Iter-07 | MAE=1.172 | MAPE=1.67%
15:30:57 |  Iter-08 | MAE=1.351 | MAPE=1.86%
15:33:03 |  Iter-09 | MAE=2.528 | MAPE=3.53%
15:35:13 |  Iter-10 | MAE=0.624 | MAPE=0.86%
15:37:16 |  Iter-11 | MAE=0.564 | MAPE=0.79%
15:39:26 |  Iter-12 | MAE=1.256 | MAPE=1.72%
15:41:23 |  Iter-13 | MAE=3.178 | MAPE=4.40%
15:43:23 |  Iter-14 | MAE=1.710 | MAPE=2.31%
15:45:21 |  Iter-15 | MAE=2.280 | MAPE=2.97%
15:48:04 |  Iter-16 | MAE=3.835 | MAPE=5.24%
15:50:57 |  Iter-17 | MAE=1.502 | MAPE=2.01%
15:53:15 |  Iter-18 | MAE=1.433 | MAPE=1.80%
15:55:10 |  Iter-19 | MAE=0.949 | MAPE=1.18%
15:57:46 |  Iter-20 | MAE=16.724 | MAPE=17.11%
16:00:07 |  Iter-21 | MAE=29.027 | MAPE=22.47%
16:02:00 |  Iter-22 | MAE=16.689 | MAPE=13.38%
16:03:43 |  Iter-23 | MAE=4.516 | MAPE=3.08%
16:05:41 |  Iter-24 | MAE=6.890 | MAPE=4.49%
16:07:55 |  Iter-25 | MAE=17.269 | MAPE=12.39%
16:09:56 |  Iter-26 | MAE=5.266 | MAPE=4.04%
16:11:42 |  Iter-27 | MAE=3.284 | MAPE=2.26%
16:13:44 |  Iter-28 | MAE=15.748 | MAPE=12.10%
16:15:50 |  Iter-29 | MAE=11.529 | MAPE=8.74%
16:17:58 |  Iter-30 | MAE=9.047 | MAPE=7.36%
16:19:41 |  Iter-31 | MAE=3.467 | MAPE=2.84%
16:21:55 |  Iter-32 | MAE=7.076 | MAPE=5.53%
16:23:59 |  Iter-33 | MAE=3.190 | MAPE=2.45%
16:23:59 | 
 OVERALL: MAE=5.400, MAPE=4.75%, R2=0.9021 (4232.6s)
16:23:59 | Saved model checkpoint: /data/quyhv/oil_forecast_tail_risk/results_v4/walkforward/GUMNetHet/XANG_H3_seed2025/model_checkpoint.pth
16:23:59 | Saved processor/scaler: /data/quyhv/oil_forecast_tail_risk/results_v4/walkforward/GUMNetHet/XANG_H3_seed2025/processor.pkl
