15:08:07 | ================================================================================
15:08:07 |  GUMNetHet | XANG | H60 | walkforward | seed=9999
15:08:07 | ================================================================================
15:08:07 | Data: 4513 rows | Features: 19
15:12:50 |  Iter-01 | MAE=9.069 | MAPE=9.14%
15:17:24 |  Iter-02 | MAE=14.100 | MAPE=13.70%
15:22:15 |  Iter-03 | MAE=6.974 | MAPE=7.08%
15:26:55 |  Iter-04 | MAE=3.464 | MAPE=3.60%
15:31:34 |  Iter-05 | MAE=8.833 | MAPE=9.45%
15:36:41 |  Iter-06 | MAE=4.053 | MAPE=4.49%
15:41:59 |  Iter-07 | MAE=6.767 | MAPE=7.68%
15:46:59 |  Iter-08 | MAE=6.258 | MAPE=7.66%
15:51:44 |  Iter-09 | MAE=6.683 | MAPE=8.23%
15:56:28 |  Iter-10 | MAE=3.772 | MAPE=4.55%
16:01:13 |  Iter-11 | MAE=3.206 | MAPE=3.89%
16:06:36 |  Iter-12 | MAE=6.199 | MAPE=7.36%
16:11:26 |  Iter-13 | MAE=3.957 | MAPE=4.73%
16:16:15 |  Iter-14 | MAE=5.518 | MAPE=6.69%
16:21:10 |  Iter-15 | MAE=2.900 | MAPE=3.63%
16:26:04 |  Iter-16 | MAE=3.941 | MAPE=5.01%
16:30:58 |  Iter-17 | MAE=6.027 | MAPE=7.59%
16:35:56 |  Iter-18 | MAE=4.792 | MAPE=6.01%
16:40:59 |  Iter-19 | MAE=3.403 | MAPE=4.20%
16:46:02 |  Iter-20 | MAE=3.856 | MAPE=4.87%
16:51:04 |  Iter-21 | MAE=2.740 | MAPE=3.45%
16:56:07 |  Iter-22 | MAE=6.628 | MAPE=8.30%
17:01:15 |  Iter-23 | MAE=5.717 | MAPE=7.14%
17:06:23 |  Iter-24 | MAE=7.405 | MAPE=9.39%
17:11:31 |  Iter-25 | MAE=3.573 | MAPE=4.78%
17:16:38 |  Iter-26 | MAE=3.796 | MAPE=4.81%
17:21:51 |  Iter-27 | MAE=22.133 | MAPE=17.01%
17:27:04 |  Iter-28 | MAE=36.682 | MAPE=27.58%
17:27:04 | 
 OVERALL: MAE=7.230, MAPE=7.57%, R2=0.0324 (8345.3s)
17:27:04 | Saved model checkpoint: /data/quyhv/oil_forecast_tail_risk/results_v4/walkforward/GUMNetHet/XANG_H60_seed9999/model_checkpoint.pth
17:27:04 | Saved processor/scaler: /data/quyhv/oil_forecast_tail_risk/results_v4/walkforward/GUMNetHet/XANG_H60_seed9999/processor.pkl
