15:08:05 | ================================================================================
15:08:05 |  GUMNetHet | XANG | H60 | walkforward | seed=2025
15:08:05 | ================================================================================
15:08:06 | Data: 4513 rows | Features: 19
15:12:49 |  Iter-01 | MAE=10.529 | MAPE=10.56%
15:17:24 |  Iter-02 | MAE=11.665 | MAPE=11.35%
15:22:04 |  Iter-03 | MAE=11.019 | MAPE=11.09%
15:27:01 |  Iter-04 | MAE=2.759 | MAPE=2.86%
15:31:41 |  Iter-05 | MAE=5.790 | MAPE=6.24%
15:36:20 |  Iter-06 | MAE=3.179 | MAPE=3.53%
15:41:00 |  Iter-07 | MAE=4.331 | MAPE=5.02%
15:45:45 |  Iter-08 | MAE=6.870 | MAPE=8.32%
15:50:29 |  Iter-09 | MAE=8.262 | MAPE=10.14%
15:55:14 |  Iter-10 | MAE=2.849 | MAPE=3.44%
16:00:26 |  Iter-11 | MAE=4.510 | MAPE=5.45%
16:05:21 |  Iter-12 | MAE=7.316 | MAPE=8.68%
16:10:11 |  Iter-13 | MAE=3.429 | MAPE=4.11%
16:15:01 |  Iter-14 | MAE=4.198 | MAPE=5.04%
16:20:07 |  Iter-15 | MAE=2.959 | MAPE=3.71%
16:25:25 |  Iter-16 | MAE=5.115 | MAPE=6.55%
16:30:19 |  Iter-17 | MAE=9.693 | MAPE=12.24%
16:35:18 |  Iter-18 | MAE=4.326 | MAPE=5.44%
16:40:21 |  Iter-19 | MAE=4.394 | MAPE=5.53%
16:45:23 |  Iter-20 | MAE=4.537 | MAPE=5.71%
16:50:27 |  Iter-21 | MAE=3.794 | MAPE=4.79%
16:55:30 |  Iter-22 | MAE=5.279 | MAPE=6.59%
17:00:38 |  Iter-23 | MAE=3.976 | MAPE=4.99%
17:05:46 |  Iter-24 | MAE=8.058 | MAPE=10.25%
17:10:54 |  Iter-25 | MAE=3.064 | MAPE=4.08%
17:16:02 |  Iter-26 | MAE=3.904 | MAPE=5.00%
17:21:16 |  Iter-27 | MAE=21.277 | MAPE=16.07%
17:26:29 |  Iter-28 | MAE=36.995 | MAPE=27.82%
17:26:29 | 
 OVERALL: MAE=7.289, MAPE=7.66%, R2=0.0279 (8310.7s)
17:26:29 | Saved model checkpoint: /data/quyhv/oil_forecast_tail_risk/results_v4/walkforward/GUMNetHet/XANG_H60_seed2025/model_checkpoint.pth
17:26:29 | Saved processor/scaler: /data/quyhv/oil_forecast_tail_risk/results_v4/walkforward/GUMNetHet/XANG_H60_seed2025/processor.pkl
