08:00:59 | ================================================================================
08:00:59 |  GUMNetHet | XANG | H7 | walkforward | seed=123
08:00:59 | ================================================================================
08:00:59 | Data: 4513 rows | Features: 16
08:03:10 |  Iter-01 | MAE=0.790 | MAPE=1.01%
08:05:22 |  Iter-02 | MAE=1.498 | MAPE=1.95%
08:07:07 |  Iter-03 | MAE=3.894 | MAPE=4.82%
08:09:01 |  Iter-04 | MAE=1.077 | MAPE=1.35%
08:10:50 |  Iter-05 | MAE=0.971 | MAPE=1.20%
08:12:47 |  Iter-06 | MAE=1.526 | MAPE=1.94%
08:15:19 |  Iter-07 | MAE=1.724 | MAPE=2.16%
08:17:16 |  Iter-08 | MAE=1.539 | MAPE=2.04%
08:19:11 |  Iter-09 | MAE=0.765 | MAPE=1.05%
08:20:57 |  Iter-10 | MAE=1.100 | MAPE=1.54%
08:22:53 |  Iter-11 | MAE=1.887 | MAPE=2.61%
08:24:40 |  Iter-12 | MAE=0.831 | MAPE=1.14%
08:26:24 |  Iter-13 | MAE=1.142 | MAPE=1.56%
08:28:11 |  Iter-14 | MAE=1.931 | MAPE=2.56%
08:30:01 |  Iter-15 | MAE=3.389 | MAPE=4.30%
08:31:51 |  Iter-16 | MAE=16.794 | MAPE=15.90%
08:33:50 |  Iter-17 | MAE=12.483 | MAPE=8.85%
08:35:37 |  Iter-18 | MAE=13.188 | MAPE=9.55%
08:37:21 |  Iter-19 | MAE=7.377 | MAPE=5.14%
08:39:14 |  Iter-20 | MAE=15.548 | MAPE=12.34%
08:40:59 |  Iter-21 | MAE=8.430 | MAPE=6.56%
08:40:59 | 
 OVERALL: MAE=4.661, MAPE=4.26%, R2=0.8996 (2400.4s)
08:40:59 | Saved model checkpoint: /data/quyhv/oil_forecast_tail_risk/results_v4/walkforward/GUMNetHet/XANG_H7_seed123/model_checkpoint.pth
08:40:59 | Saved processor/scaler: /data/quyhv/oil_forecast_tail_risk/results_v4/walkforward/GUMNetHet/XANG_H7_seed123/processor.pkl
