01:30:59 | ================================================================================
01:30:59 |  TimesFM | DAU | H10 | walkforward | seed=777
01:30:59 | ================================================================================
01:30:59 | Data: 4513 rows | Features: 15
01:32:40 |  Iter-01 | MAE=1.539 | MAPE=1.71%
01:34:19 |  Iter-02 | MAE=4.733 | MAPE=5.50%
01:35:58 |  Iter-03 | MAE=2.307 | MAPE=2.74%
01:37:43 |  Iter-04 | MAE=1.234 | MAPE=1.45%
01:39:35 |  Iter-05 | MAE=1.397 | MAPE=1.60%
01:41:14 |  Iter-06 | MAE=2.124 | MAPE=2.41%
01:42:53 |  Iter-07 | MAE=1.277 | MAPE=1.45%
01:44:32 |  Iter-08 | MAE=0.707 | MAPE=0.80%
01:46:10 |  Iter-09 | MAE=1.499 | MAPE=1.69%
01:47:46 |  Iter-10 | MAE=1.306 | MAPE=1.46%
01:49:22 |  Iter-11 | MAE=2.392 | MAPE=2.77%
01:50:59 |  Iter-12 | MAE=3.170 | MAPE=3.76%
01:52:54 |  Iter-13 | MAE=4.225 | MAPE=4.67%
01:54:35 |  Iter-14 | MAE=7.313 | MAPE=7.92%
01:56:16 |  Iter-15 | MAE=3.032 | MAPE=3.19%
01:57:57 |  Iter-16 | MAE=1.856 | MAPE=1.92%
01:59:37 |  Iter-17 | MAE=4.962 | MAPE=5.57%
02:01:17 |  Iter-18 | MAE=10.681 | MAPE=12.26%
02:03:07 |  Iter-19 | MAE=0.970 | MAPE=1.14%
02:04:55 |  Iter-20 | MAE=2.937 | MAPE=3.61%
02:06:34 |  Iter-21 | MAE=2.832 | MAPE=3.54%
02:08:13 |  Iter-22 | MAE=1.280 | MAPE=1.59%
02:09:52 |  Iter-23 | MAE=1.371 | MAPE=1.74%
02:11:30 |  Iter-24 | MAE=1.222 | MAPE=1.55%
02:13:09 |  Iter-25 | MAE=4.471 | MAPE=5.45%
02:14:48 |  Iter-26 | MAE=2.723 | MAPE=3.21%
02:16:30 |  Iter-27 | MAE=2.615 | MAPE=2.99%
02:18:24 |  Iter-28 | MAE=3.013 | MAPE=3.41%
02:20:05 |  Iter-29 | MAE=0.949 | MAPE=1.08%
02:21:45 |  Iter-30 | MAE=2.558 | MAPE=2.85%
02:23:24 |  Iter-31 | MAE=16.529 | MAPE=13.99%
02:25:05 |  Iter-32 | MAE=47.058 | MAPE=30.40%
02:26:45 |  Iter-33 | MAE=37.850 | MAPE=20.30%
02:28:25 |  Iter-34 | MAE=44.418 | MAPE=20.82%
02:30:15 |  Iter-35 | MAE=31.033 | MAPE=13.15%
02:31:55 |  Iter-36 | MAE=38.581 | MAPE=15.37%
02:33:35 |  Iter-37 | MAE=51.918 | MAPE=27.65%
02:35:15 |  Iter-38 | MAE=29.460 | MAPE=18.41%
02:36:55 |  Iter-39 | MAE=6.278 | MAPE=4.09%
02:36:55 | 
 OVERALL: MAE=9.893, MAPE=6.65%, R2=0.8113 (3956.0s)
02:36:55 | Saved model checkpoint: /data/quyhv/oil_forecast_tail_risk/results_v4/walkforward/TimesFM/DAU_H10_seed777/model_checkpoint.pth
02:36:55 | Saved processor/scaler: /data/quyhv/oil_forecast_tail_risk/results_v4/walkforward/TimesFM/DAU_H10_seed777/processor.pkl
