07:50:41 | ================================================================================
07:50:41 |  TimesFM | XANG | H3 | walkforward | seed=2025
07:50:41 | ================================================================================
07:50:41 | Data: 4513 rows | Features: 15
07:53:09 |  Iter-01 | MAE=0.295 | MAPE=0.38%
07:55:35 |  Iter-02 | MAE=3.385 | MAPE=4.54%
07:57:54 |  Iter-03 | MAE=0.795 | MAPE=1.08%
08:00:04 |  Iter-04 | MAE=0.778 | MAPE=1.06%
08:02:14 |  Iter-05 | MAE=1.224 | MAPE=1.69%
08:04:50 |  Iter-06 | MAE=0.981 | MAPE=1.37%
08:07:12 |  Iter-07 | MAE=1.816 | MAPE=2.58%
08:09:44 |  Iter-08 | MAE=1.800 | MAPE=2.48%
08:11:50 |  Iter-09 | MAE=2.721 | MAPE=3.80%
08:13:56 |  Iter-10 | MAE=0.395 | MAPE=0.55%
08:15:59 |  Iter-11 | MAE=0.394 | MAPE=0.55%
08:18:16 |  Iter-12 | MAE=1.411 | MAPE=1.92%
08:20:16 |  Iter-13 | MAE=2.652 | MAPE=3.67%
08:22:26 |  Iter-14 | MAE=1.589 | MAPE=2.15%
08:24:47 |  Iter-15 | MAE=1.911 | MAPE=2.48%
08:27:07 |  Iter-16 | MAE=3.877 | MAPE=5.30%
08:29:16 |  Iter-17 | MAE=1.491 | MAPE=1.96%
08:31:22 |  Iter-18 | MAE=2.075 | MAPE=2.62%
08:33:42 |  Iter-19 | MAE=1.300 | MAPE=1.61%
08:36:12 |  Iter-20 | MAE=15.381 | MAPE=15.71%
08:38:47 |  Iter-21 | MAE=22.987 | MAPE=17.56%
08:40:55 |  Iter-22 | MAE=15.847 | MAPE=12.74%
08:43:50 |  Iter-23 | MAE=6.931 | MAPE=4.78%
08:46:44 |  Iter-24 | MAE=5.529 | MAPE=3.51%
08:49:34 |  Iter-25 | MAE=16.394 | MAPE=11.80%
08:52:26 |  Iter-26 | MAE=5.225 | MAPE=3.85%
08:55:01 |  Iter-27 | MAE=3.577 | MAPE=2.48%
08:57:17 |  Iter-28 | MAE=11.725 | MAPE=9.23%
09:00:07 |  Iter-29 | MAE=6.623 | MAPE=5.03%
09:02:33 |  Iter-30 | MAE=10.829 | MAPE=8.80%
09:04:43 |  Iter-31 | MAE=3.132 | MAPE=2.57%
09:06:55 |  Iter-32 | MAE=5.117 | MAPE=4.01%
09:09:05 |  Iter-33 | MAE=2.702 | MAPE=2.09%
09:09:05 | 
 OVERALL: MAE=4.936, MAPE=4.42%, R2=0.9220 (4704.0s)
09:09:05 | Saved model checkpoint: /data/quyhv/oil_forecast_tail_risk/results_v4/walkforward/TimesFM/XANG_H3_seed2025/model_checkpoint.pth
09:09:05 | Saved processor/scaler: /data/quyhv/oil_forecast_tail_risk/results_v4/walkforward/TimesFM/XANG_H3_seed2025/processor.pkl
