10:41:19 | ================================================================================
10:41:19 |  TimesFM | XANG | H60 | walkforward | seed=777
10:41:19 | ================================================================================
10:41:19 | Data: 4513 rows | Features: 19
10:50:55 |  Iter-01 | MAE=10.483 | MAPE=10.49%
11:00:30 |  Iter-02 | MAE=8.740 | MAPE=8.48%
11:10:05 |  Iter-03 | MAE=12.598 | MAPE=12.36%
11:19:53 |  Iter-04 | MAE=5.757 | MAPE=6.25%
11:29:55 |  Iter-05 | MAE=8.686 | MAPE=9.42%
11:40:14 |  Iter-06 | MAE=3.221 | MAPE=3.51%
11:50:35 |  Iter-07 | MAE=3.112 | MAPE=3.63%
12:01:23 |  Iter-08 | MAE=6.029 | MAPE=7.37%
12:12:14 |  Iter-09 | MAE=4.124 | MAPE=5.11%
12:23:07 |  Iter-10 | MAE=1.877 | MAPE=2.25%
12:34:00 |  Iter-11 | MAE=1.676 | MAPE=2.03%
12:45:03 |  Iter-12 | MAE=4.088 | MAPE=4.86%
12:56:01 |  Iter-13 | MAE=2.240 | MAPE=2.67%
13:06:56 |  Iter-14 | MAE=3.808 | MAPE=4.64%
13:17:52 |  Iter-15 | MAE=5.509 | MAPE=7.19%
13:28:57 |  Iter-16 | MAE=2.790 | MAPE=3.56%
13:40:04 |  Iter-17 | MAE=2.907 | MAPE=3.69%
13:51:16 |  Iter-18 | MAE=6.753 | MAPE=8.41%
14:02:38 |  Iter-19 | MAE=3.353 | MAPE=4.10%
14:14:00 |  Iter-20 | MAE=1.804 | MAPE=2.29%
14:25:25 |  Iter-21 | MAE=2.060 | MAPE=2.62%
14:36:49 |  Iter-22 | MAE=2.113 | MAPE=2.64%
14:48:24 |  Iter-23 | MAE=3.129 | MAPE=4.00%
14:59:59 |  Iter-24 | MAE=2.917 | MAPE=3.76%
15:11:35 |  Iter-25 | MAE=5.558 | MAPE=7.57%
15:23:12 |  Iter-26 | MAE=4.678 | MAPE=6.03%
15:34:58 |  Iter-27 | MAE=27.403 | MAPE=21.61%
15:46:45 |  Iter-28 | MAE=45.704 | MAPE=34.65%
15:46:45 | 
 OVERALL: MAE=6.897, MAPE=6.97%, R2=-0.2082 (18326.4s)
15:46:45 | Saved model checkpoint: /data/quyhv/oil_forecast_tail_risk/results_v4/walkforward/TimesFM/XANG_H60_seed777/model_checkpoint.pth
15:46:45 | Saved processor/scaler: /data/quyhv/oil_forecast_tail_risk/results_v4/walkforward/TimesFM/XANG_H60_seed777/processor.pkl
