04:41:57 | ================================================================================
04:41:57 |  TimesFM | DAU | H60 | walkforward | seed=123
04:41:57 | ================================================================================
04:41:57 | Data: 4513 rows | Features: 20
04:45:39 |  Iter-01 | MAE=6.971 | MAPE=6.64%
04:49:20 |  Iter-02 | MAE=2.522 | MAPE=2.41%
04:53:00 |  Iter-03 | MAE=3.368 | MAPE=3.27%
04:56:43 |  Iter-04 | MAE=8.926 | MAPE=9.21%
05:00:28 |  Iter-05 | MAE=3.355 | MAPE=3.47%
05:04:09 |  Iter-06 | MAE=3.578 | MAPE=3.74%
05:07:49 |  Iter-07 | MAE=6.525 | MAPE=7.43%
05:11:41 |  Iter-08 | MAE=9.868 | MAPE=11.46%
05:15:40 |  Iter-09 | MAE=3.687 | MAPE=4.22%
05:19:34 |  Iter-10 | MAE=5.372 | MAPE=6.06%
05:23:22 |  Iter-11 | MAE=5.499 | MAPE=6.12%
05:27:09 |  Iter-12 | MAE=4.558 | MAPE=4.87%
05:30:56 |  Iter-13 | MAE=3.944 | MAPE=4.21%
05:34:43 |  Iter-14 | MAE=3.485 | MAPE=3.91%
05:38:32 |  Iter-15 | MAE=4.047 | MAPE=4.91%
05:42:23 |  Iter-16 | MAE=2.371 | MAPE=2.94%
05:46:14 |  Iter-17 | MAE=3.967 | MAPE=4.77%
05:50:08 |  Iter-18 | MAE=7.371 | MAPE=8.29%
05:54:05 |  Iter-19 | MAE=14.066 | MAPE=15.77%
05:58:02 |  Iter-20 | MAE=8.233 | MAPE=9.48%
06:01:58 |  Iter-21 | MAE=3.580 | MAPE=4.11%
06:05:54 |  Iter-22 | MAE=3.537 | MAPE=3.89%
06:09:53 |  Iter-23 | MAE=3.559 | MAPE=4.00%
06:13:53 |  Iter-24 | MAE=5.621 | MAPE=6.31%
06:18:06 |  Iter-25 | MAE=15.154 | MAPE=18.39%
06:22:29 |  Iter-26 | MAE=5.506 | MAPE=5.64%
06:26:55 |  Iter-27 | MAE=50.796 | MAPE=29.01%
06:31:22 |  Iter-28 | MAE=74.995 | MAPE=38.44%
06:31:22 | 
 OVERALL: MAE=9.802, MAPE=8.32%, R2=-0.1567 (6565.8s)
06:31:23 | Saved model checkpoint: /data/quyhv/oil_forecast_tail_risk/results_v4/walkforward/TimesFM/DAU_H60_seed123/model_checkpoint.pth
06:31:23 | Saved processor/scaler: /data/quyhv/oil_forecast_tail_risk/results_v4/walkforward/TimesFM/DAU_H60_seed123/processor.pkl
