12:38:51 | ================================================================================
12:38:51 |  TimesFM | XANG | H60 | walkforward | seed=9999
12:38:51 | ================================================================================
12:38:51 | Data: 4513 rows | Features: 19
12:49:13 |  Iter-01 | MAE=9.373 | MAPE=9.45%
12:59:33 |  Iter-02 | MAE=6.794 | MAPE=6.60%
13:09:52 |  Iter-03 | MAE=5.022 | MAPE=4.97%
13:20:20 |  Iter-04 | MAE=7.966 | MAPE=8.78%
13:30:49 |  Iter-05 | MAE=8.863 | MAPE=9.67%
13:41:19 |  Iter-06 | MAE=3.146 | MAPE=3.45%
13:51:49 |  Iter-07 | MAE=5.881 | MAPE=6.99%
14:02:29 |  Iter-08 | MAE=6.880 | MAPE=8.40%
14:13:10 |  Iter-09 | MAE=3.476 | MAPE=4.34%
14:23:52 |  Iter-10 | MAE=3.551 | MAPE=4.27%
14:34:35 |  Iter-11 | MAE=1.982 | MAPE=2.40%
14:45:27 |  Iter-12 | MAE=6.636 | MAPE=7.86%
14:56:21 |  Iter-13 | MAE=1.697 | MAPE=2.05%
15:07:15 |  Iter-14 | MAE=3.093 | MAPE=3.71%
15:18:09 |  Iter-15 | MAE=3.709 | MAPE=4.80%
15:29:14 |  Iter-16 | MAE=3.623 | MAPE=4.61%
15:40:02 |  Iter-17 | MAE=4.547 | MAPE=5.70%
15:50:43 |  Iter-18 | MAE=5.247 | MAPE=6.50%
16:01:32 |  Iter-19 | MAE=3.447 | MAPE=4.22%
16:12:23 |  Iter-20 | MAE=2.902 | MAPE=3.69%
16:23:15 |  Iter-21 | MAE=4.940 | MAPE=6.16%
16:34:07 |  Iter-22 | MAE=2.182 | MAPE=2.78%
16:45:09 |  Iter-23 | MAE=3.303 | MAPE=4.21%
16:56:11 |  Iter-24 | MAE=3.245 | MAPE=4.23%
17:07:14 |  Iter-25 | MAE=4.782 | MAPE=6.54%
17:18:18 |  Iter-26 | MAE=5.439 | MAPE=7.14%
17:29:29 |  Iter-27 | MAE=28.696 | MAPE=22.96%
17:40:39 |  Iter-28 | MAE=43.114 | MAPE=32.60%
17:40:40 | 
 OVERALL: MAE=6.912, MAPE=7.11%, R2=-0.1419 (18109.1s)
17:40:40 | Saved model checkpoint: /data/quyhv/oil_forecast_tail_risk/results_v4/walkforward/TimesFM/XANG_H60_seed9999/model_checkpoint.pth
17:40:40 | Saved processor/scaler: /data/quyhv/oil_forecast_tail_risk/results_v4/walkforward/TimesFM/XANG_H60_seed9999/processor.pkl
