03:04:35 | ================================================================================
03:04:35 |  UniTS | XANG | H60 | walkforward | seed=9999
03:04:35 | ================================================================================
03:04:35 | Data: 4513 rows | Features: 19
03:10:20 |  Iter-01 | MAE=16.999 | MAPE=17.15%
03:16:01 |  Iter-02 | MAE=13.008 | MAPE=12.70%
03:21:46 |  Iter-03 | MAE=8.194 | MAPE=8.05%
03:27:38 |  Iter-04 | MAE=4.255 | MAPE=4.62%
03:33:29 |  Iter-05 | MAE=6.428 | MAPE=7.04%
03:39:16 |  Iter-06 | MAE=7.350 | MAPE=7.94%
03:45:03 |  Iter-07 | MAE=3.559 | MAPE=4.07%
03:50:56 |  Iter-08 | MAE=3.338 | MAPE=4.10%
03:56:49 |  Iter-09 | MAE=2.417 | MAPE=2.95%
04:02:41 |  Iter-10 | MAE=2.999 | MAPE=3.60%
04:08:34 |  Iter-11 | MAE=2.023 | MAPE=2.46%
04:14:33 |  Iter-12 | MAE=5.991 | MAPE=7.11%
04:20:31 |  Iter-13 | MAE=3.517 | MAPE=4.12%
04:26:31 |  Iter-14 | MAE=2.396 | MAPE=2.88%
04:32:30 |  Iter-15 | MAE=2.885 | MAPE=3.66%
04:38:32 |  Iter-16 | MAE=3.417 | MAPE=4.35%
04:44:35 |  Iter-17 | MAE=6.720 | MAPE=8.45%
04:50:45 |  Iter-18 | MAE=8.935 | MAPE=11.17%
04:57:01 |  Iter-19 | MAE=6.555 | MAPE=8.14%
05:03:14 |  Iter-20 | MAE=2.609 | MAPE=3.25%
05:09:25 |  Iter-21 | MAE=6.387 | MAPE=8.01%
05:15:31 |  Iter-22 | MAE=4.216 | MAPE=5.26%
05:21:39 |  Iter-23 | MAE=2.951 | MAPE=3.70%
05:27:50 |  Iter-24 | MAE=3.831 | MAPE=4.82%
05:34:00 |  Iter-25 | MAE=3.082 | MAPE=4.19%
05:40:06 |  Iter-26 | MAE=4.084 | MAPE=5.09%
05:46:17 |  Iter-27 | MAE=28.621 | MAPE=22.83%
05:52:27 |  Iter-28 | MAE=45.937 | MAPE=34.83%
05:52:27 | 
 OVERALL: MAE=7.597, MAPE=7.73%, R2=-0.2943 (10073.0s)
05:52:27 | Saved model checkpoint: /data/quyhv/oil_forecast_tail_risk/results_v4/walkforward/UniTS/XANG_H60_seed9999/model_checkpoint.pth
05:52:27 | Saved processor/scaler: /data/quyhv/oil_forecast_tail_risk/results_v4/walkforward/UniTS/XANG_H60_seed9999/processor.pkl
