11:27:01 | ================================================================================
11:27:01 |  UniTS | XANG | H10 | walkforward | seed=123
11:27:01 | ================================================================================
11:27:01 | Data: 4513 rows | Features: 14
11:28:41 |  Iter-01 | MAE=3.016 | MAPE=3.79%
11:30:19 |  Iter-02 | MAE=2.250 | MAPE=2.88%
11:31:56 |  Iter-03 | MAE=0.943 | MAPE=1.19%
11:33:35 |  Iter-04 | MAE=1.446 | MAPE=1.80%
11:35:12 |  Iter-05 | MAE=1.245 | MAPE=1.54%
11:36:47 |  Iter-06 | MAE=2.182 | MAPE=2.70%
11:38:22 |  Iter-07 | MAE=1.108 | MAPE=1.37%
11:39:57 |  Iter-08 | MAE=1.200 | MAPE=1.49%
11:41:32 |  Iter-09 | MAE=2.630 | MAPE=3.33%
11:43:07 |  Iter-10 | MAE=1.507 | MAPE=1.93%
11:44:41 |  Iter-11 | MAE=0.790 | MAPE=1.02%
11:46:16 |  Iter-12 | MAE=1.029 | MAPE=1.34%
11:47:52 |  Iter-13 | MAE=2.191 | MAPE=2.73%
11:49:29 |  Iter-14 | MAE=3.524 | MAPE=4.37%
11:51:07 |  Iter-15 | MAE=0.822 | MAPE=1.02%
11:52:44 |  Iter-16 | MAE=1.960 | MAPE=2.41%
11:54:21 |  Iter-17 | MAE=3.221 | MAPE=4.10%
11:55:58 |  Iter-18 | MAE=1.468 | MAPE=1.85%
11:57:35 |  Iter-19 | MAE=0.944 | MAPE=1.18%
11:59:12 |  Iter-20 | MAE=1.947 | MAPE=2.55%
12:00:50 |  Iter-21 | MAE=2.699 | MAPE=3.64%
12:02:26 |  Iter-22 | MAE=0.773 | MAPE=1.06%
12:04:06 |  Iter-23 | MAE=1.454 | MAPE=2.03%
12:05:45 |  Iter-24 | MAE=0.937 | MAPE=1.32%
12:07:25 |  Iter-25 | MAE=2.076 | MAPE=2.87%
12:09:05 |  Iter-26 | MAE=0.857 | MAPE=1.20%
12:10:45 |  Iter-27 | MAE=1.003 | MAPE=1.37%
12:12:25 |  Iter-28 | MAE=1.593 | MAPE=2.12%
12:14:07 |  Iter-29 | MAE=1.585 | MAPE=2.10%
12:15:48 |  Iter-30 | MAE=2.777 | MAPE=3.67%
12:17:29 |  Iter-31 | MAE=12.168 | MAPE=13.58%
12:19:11 |  Iter-32 | MAE=26.649 | MAPE=22.46%
12:20:52 |  Iter-33 | MAE=30.629 | MAPE=22.09%
12:23:03 |  Iter-34 | MAE=27.261 | MAPE=18.17%
12:25:56 |  Iter-35 | MAE=23.737 | MAPE=17.07%
12:27:38 |  Iter-36 | MAE=6.531 | MAPE=4.80%
12:29:19 |  Iter-37 | MAE=11.098 | MAPE=8.65%
12:31:01 |  Iter-38 | MAE=8.214 | MAPE=6.65%
12:32:42 |  Iter-39 | MAE=7.194 | MAPE=5.51%
12:32:42 | 
 OVERALL: MAE=5.248, MAPE=4.74%, R2=0.7905 (3941.7s)
12:32:42 | Saved model checkpoint: /data/quyhv/oil_forecast_tail_risk/results_v4/walkforward/UniTS/XANG_H10_seed123/model_checkpoint.pth
12:32:42 | Saved processor/scaler: /data/quyhv/oil_forecast_tail_risk/results_v4/walkforward/UniTS/XANG_H10_seed123/processor.pkl
