11:12:52 | ================================================================================
11:12:52 |  UniTS | XANG | H1 | walkforward | seed=123
11:12:52 | ================================================================================
11:12:52 | Data: 4513 rows | Features: 15
11:14:35 |  Iter-01 | MAE=0.168 | MAPE=0.21%
11:16:30 |  Iter-02 | MAE=0.184 | MAPE=0.23%
11:18:39 |  Iter-03 | MAE=0.703 | MAPE=0.90%
11:21:14 |  Iter-04 | MAE=3.223 | MAPE=4.29%
11:22:49 |  Iter-05 | MAE=0.543 | MAPE=0.73%
11:24:24 |  Iter-06 | MAE=0.092 | MAPE=0.12%
11:26:01 |  Iter-07 | MAE=1.413 | MAPE=1.93%
11:28:11 |  Iter-08 | MAE=0.448 | MAPE=0.60%
11:30:59 |  Iter-09 | MAE=1.361 | MAPE=1.84%
11:32:39 |  Iter-10 | MAE=0.739 | MAPE=1.00%
11:34:20 |  Iter-11 | MAE=0.404 | MAPE=0.55%
11:36:00 |  Iter-12 | MAE=0.947 | MAPE=1.29%
11:37:48 |  Iter-13 | MAE=1.469 | MAPE=2.03%
11:39:26 |  Iter-14 | MAE=0.201 | MAPE=0.28%
11:40:57 |  Iter-15 | MAE=0.628 | MAPE=0.86%
11:42:37 |  Iter-16 | MAE=0.267 | MAPE=0.37%
11:44:31 |  Iter-17 | MAE=0.771 | MAPE=1.06%
11:46:15 |  Iter-18 | MAE=1.339 | MAPE=1.89%
11:47:56 |  Iter-19 | MAE=0.509 | MAPE=0.71%
11:49:44 |  Iter-20 | MAE=2.137 | MAPE=3.05%
11:51:31 |  Iter-21 | MAE=0.572 | MAPE=0.81%
11:53:07 |  Iter-22 | MAE=1.589 | MAPE=2.19%
11:54:54 |  Iter-23 | MAE=0.556 | MAPE=0.77%
11:56:47 |  Iter-24 | MAE=0.454 | MAPE=0.62%
11:58:49 |  Iter-25 | MAE=1.044 | MAPE=1.44%
12:00:51 |  Iter-26 | MAE=1.422 | MAPE=1.97%
12:02:38 |  Iter-27 | MAE=0.851 | MAPE=1.20%
12:05:02 |  Iter-28 | MAE=0.612 | MAPE=0.86%
12:06:43 |  Iter-29 | MAE=0.138 | MAPE=0.19%
12:08:39 |  Iter-30 | MAE=0.303 | MAPE=0.42%
12:10:20 |  Iter-31 | MAE=0.334 | MAPE=0.46%
12:12:08 |  Iter-32 | MAE=0.721 | MAPE=1.02%
12:14:43 |  Iter-33 | MAE=0.487 | MAPE=0.67%
12:16:36 |  Iter-34 | MAE=1.420 | MAPE=1.99%
12:18:41 |  Iter-35 | MAE=1.889 | MAPE=2.57%
12:20:46 |  Iter-36 | MAE=1.222 | MAPE=1.64%
12:22:35 |  Iter-37 | MAE=0.768 | MAPE=1.03%
12:24:30 |  Iter-38 | MAE=2.853 | MAPE=3.98%
12:26:20 |  Iter-39 | MAE=0.880 | MAPE=1.22%
12:27:55 |  Iter-40 | MAE=1.643 | MAPE=2.23%
12:30:02 |  Iter-41 | MAE=0.203 | MAPE=0.27%
12:31:44 |  Iter-42 | MAE=0.092 | MAPE=0.12%
12:33:25 |  Iter-43 | MAE=1.302 | MAPE=1.72%
12:35:36 |  Iter-44 | MAE=1.748 | MAPE=2.25%
12:37:25 |  Iter-45 | MAE=0.497 | MAPE=0.65%
12:39:04 |  Iter-46 | MAE=0.462 | MAPE=0.61%
12:41:06 |  Iter-47 | MAE=2.451 | MAPE=3.37%
12:42:47 |  Iter-48 | MAE=0.694 | MAPE=0.96%
12:44:27 |  Iter-49 | MAE=0.369 | MAPE=0.51%
12:46:26 |  Iter-50 | MAE=0.199 | MAPE=0.27%
12:48:05 |  Iter-51 | MAE=4.082 | MAPE=5.30%
12:50:24 |  Iter-52 | MAE=1.185 | MAPE=1.50%
12:52:23 |  Iter-53 | MAE=0.026 | MAPE=0.03%
12:54:15 |  Iter-54 | MAE=1.773 | MAPE=2.21%
12:55:59 |  Iter-55 | MAE=0.418 | MAPE=0.52%
12:58:01 |  Iter-56 | MAE=1.077 | MAPE=1.34%
13:00:10 |  Iter-57 | MAE=0.809 | MAPE=1.00%
13:02:23 |  Iter-58 | MAE=11.619 | MAPE=12.69%
13:04:19 |  Iter-59 | MAE=5.122 | MAPE=5.27%
13:07:04 |  Iter-60 | MAE=5.037 | MAPE=4.92%
13:09:23 |  Iter-61 | MAE=8.047 | MAPE=7.41%
13:10:52 |  Iter-62 | MAE=10.737 | MAPE=9.12%
13:12:21 |  Iter-63 | MAE=25.916 | MAPE=18.09%
13:13:54 |  Iter-64 | MAE=20.567 | MAPE=16.69%
13:15:28 |  Iter-65 | MAE=1.916 | MAPE=1.51%
13:20:47 |  Iter-66 | MAE=22.194 | MAPE=16.24%
13:22:27 |  Iter-67 | MAE=5.323 | MAPE=3.73%
13:24:02 |  Iter-68 | MAE=1.921 | MAPE=1.32%
13:25:36 |  Iter-69 | MAE=1.077 | MAPE=0.75%
13:27:11 |  Iter-70 | MAE=0.353 | MAPE=0.24%
13:28:49 |  Iter-71 | MAE=12.297 | MAPE=7.77%
13:30:26 |  Iter-72 | MAE=1.986 | MAPE=1.26%
13:32:00 |  Iter-73 | MAE=6.808 | MAPE=4.17%
13:33:34 |  Iter-74 | MAE=19.191 | MAPE=13.27%
13:35:09 |  Iter-75 | MAE=11.209 | MAPE=8.41%
13:36:51 |  Iter-76 | MAE=4.015 | MAPE=3.09%
13:38:25 |  Iter-77 | MAE=2.468 | MAPE=1.86%
13:40:00 |  Iter-78 | MAE=9.364 | MAPE=6.51%
13:41:35 |  Iter-79 | MAE=3.173 | MAPE=2.23%
13:43:22 |  Iter-80 | MAE=4.883 | MAPE=3.50%
13:45:15 |  Iter-81 | MAE=7.584 | MAPE=5.12%
13:47:11 |  Iter-82 | MAE=1.628 | MAPE=1.13%
13:48:51 |  Iter-83 | MAE=4.189 | MAPE=2.94%
13:50:26 |  Iter-84 | MAE=20.700 | MAPE=16.86%
13:52:05 |  Iter-85 | MAE=10.394 | MAPE=7.83%
13:53:59 |  Iter-86 | MAE=2.643 | MAPE=2.03%
13:55:57 |  Iter-87 | MAE=0.917 | MAPE=0.68%
13:57:52 |  Iter-88 | MAE=6.574 | MAPE=5.18%
13:59:26 |  Iter-89 | MAE=4.114 | MAPE=3.39%
14:01:01 |  Iter-90 | MAE=2.438 | MAPE=2.00%
14:02:49 |  Iter-91 | MAE=3.630 | MAPE=2.86%
14:04:45 |  Iter-92 | MAE=4.166 | MAPE=3.43%
14:06:32 |  Iter-93 | MAE=0.306 | MAPE=0.25%
14:08:22 |  Iter-94 | MAE=5.146 | MAPE=4.07%
14:10:00 |  Iter-95 | MAE=1.203 | MAPE=0.94%
14:11:38 |  Iter-96 | MAE=1.218 | MAPE=0.95%
14:13:26 |  Iter-97 | MAE=2.563 | MAPE=1.98%
14:15:06 |  Iter-98 | MAE=1.002 | MAPE=0.78%
14:16:49 |  Iter-99 | MAE=2.572 | MAPE=1.95%
14:18:31 |  Iter-100 | MAE=3.810 | MAPE=2.81%
14:18:31 | 
 OVERALL: MAE=3.367, MAPE=2.91%, R2=0.9596 (11140.3s)
14:18:31 | Saved model checkpoint: /data/quyhv/oil_forecast_tail_risk/results_v4/walkforward/UniTS/XANG_H1_seed123/model_checkpoint.pth
14:18:31 | Saved processor/scaler: /data/quyhv/oil_forecast_tail_risk/results_v4/walkforward/UniTS/XANG_H1_seed123/processor.pkl
