05:54:18 | ================================================================================
05:54:18 |  UniTS | DAU | H3 | walkforward | seed=777
05:54:18 | ================================================================================
05:54:18 | Data: 4513 rows | Features: 16
05:58:07 |  Iter-01 | MAE=2.402 | MAPE=2.93%
06:01:34 |  Iter-02 | MAE=2.060 | MAPE=2.58%
06:05:01 |  Iter-03 | MAE=1.288 | MAPE=1.63%
06:08:22 |  Iter-04 | MAE=0.870 | MAPE=1.07%
06:11:48 |  Iter-05 | MAE=0.974 | MAPE=1.22%
06:15:15 |  Iter-06 | MAE=1.100 | MAPE=1.40%
06:18:35 |  Iter-07 | MAE=1.051 | MAPE=1.34%
06:22:02 |  Iter-08 | MAE=2.859 | MAPE=3.55%
06:25:36 |  Iter-09 | MAE=0.521 | MAPE=0.64%
06:29:02 |  Iter-10 | MAE=0.973 | MAPE=1.17%
06:32:29 |  Iter-11 | MAE=0.816 | MAPE=0.96%
06:35:58 |  Iter-12 | MAE=1.693 | MAPE=1.96%
06:39:27 |  Iter-13 | MAE=1.531 | MAPE=1.77%
06:43:02 |  Iter-14 | MAE=1.543 | MAPE=1.75%
06:46:50 |  Iter-15 | MAE=0.687 | MAPE=0.78%
06:50:18 |  Iter-16 | MAE=1.728 | MAPE=1.99%
06:54:04 |  Iter-17 | MAE=1.676 | MAPE=1.84%
06:57:44 |  Iter-18 | MAE=0.607 | MAPE=0.66%
07:01:10 |  Iter-19 | MAE=0.320 | MAPE=0.35%
07:04:39 |  Iter-20 | MAE=35.402 | MAPE=27.12%
07:08:01 |  Iter-21 | MAE=20.022 | MAPE=11.54%
07:12:16 |  Iter-22 | MAE=20.980 | MAPE=11.44%
07:15:45 |  Iter-23 | MAE=4.931 | MAPE=2.58%
07:19:14 |  Iter-24 | MAE=14.309 | MAPE=6.50%
07:22:37 |  Iter-25 | MAE=15.058 | MAPE=6.80%
07:26:00 |  Iter-26 | MAE=29.074 | MAPE=12.06%
07:29:22 |  Iter-27 | MAE=19.756 | MAPE=7.26%
07:32:51 |  Iter-28 | MAE=66.682 | MAPE=31.32%
07:36:13 |  Iter-29 | MAE=6.488 | MAPE=3.20%
07:39:43 |  Iter-30 | MAE=21.836 | MAPE=12.96%
07:43:06 |  Iter-31 | MAE=12.441 | MAPE=8.46%
07:46:28 |  Iter-32 | MAE=16.888 | MAPE=10.32%
07:49:50 |  Iter-33 | MAE=3.503 | MAPE=2.16%
07:49:50 | 
 OVERALL: MAE=9.457, MAPE=5.55%, R2=0.8969 (6933.2s)
07:49:50 | Saved model checkpoint: /data/quyhv/oil_forecast_tail_risk/results_v4/walkforward/UniTS/DAU_H3_seed777/model_checkpoint.pth
07:49:50 | Saved processor/scaler: /data/quyhv/oil_forecast_tail_risk/results_v4/walkforward/UniTS/DAU_H3_seed777/processor.pkl
