10:44:51 | ================================================================================
10:44:51 |  UniTS | XANG | H10 | walkforward | seed=9999
10:44:51 | ================================================================================
10:44:51 | Data: 4513 rows | Features: 14
10:46:26 |  Iter-01 | MAE=2.711 | MAPE=3.40%
10:48:00 |  Iter-02 | MAE=2.209 | MAPE=2.83%
10:49:34 |  Iter-03 | MAE=0.940 | MAPE=1.19%
10:51:08 |  Iter-04 | MAE=1.525 | MAPE=1.90%
10:52:41 |  Iter-05 | MAE=1.419 | MAPE=1.76%
10:54:16 |  Iter-06 | MAE=2.415 | MAPE=2.99%
10:55:51 |  Iter-07 | MAE=1.042 | MAPE=1.29%
10:57:25 |  Iter-08 | MAE=1.219 | MAPE=1.51%
10:58:59 |  Iter-09 | MAE=2.825 | MAPE=3.57%
11:00:34 |  Iter-10 | MAE=1.514 | MAPE=1.94%
11:02:08 |  Iter-11 | MAE=0.883 | MAPE=1.14%
11:03:42 |  Iter-12 | MAE=1.162 | MAPE=1.52%
11:05:16 |  Iter-13 | MAE=2.231 | MAPE=2.78%
11:06:52 |  Iter-14 | MAE=3.656 | MAPE=4.53%
11:08:28 |  Iter-15 | MAE=0.869 | MAPE=1.07%
11:10:03 |  Iter-16 | MAE=1.781 | MAPE=2.18%
11:11:40 |  Iter-17 | MAE=2.905 | MAPE=3.70%
11:13:16 |  Iter-18 | MAE=1.533 | MAPE=1.93%
11:14:53 |  Iter-19 | MAE=0.990 | MAPE=1.23%
11:16:29 |  Iter-20 | MAE=1.937 | MAPE=2.53%
11:18:06 |  Iter-21 | MAE=3.038 | MAPE=4.09%
11:19:45 |  Iter-22 | MAE=0.763 | MAPE=1.05%
11:21:24 |  Iter-23 | MAE=1.227 | MAPE=1.72%
11:23:03 |  Iter-24 | MAE=0.930 | MAPE=1.31%
11:24:43 |  Iter-25 | MAE=2.061 | MAPE=2.85%
11:26:22 |  Iter-26 | MAE=0.756 | MAPE=1.05%
11:28:01 |  Iter-27 | MAE=1.037 | MAPE=1.42%
11:29:40 |  Iter-28 | MAE=1.522 | MAPE=2.03%
11:31:21 |  Iter-29 | MAE=1.499 | MAPE=1.99%
11:33:02 |  Iter-30 | MAE=2.779 | MAPE=3.67%
11:34:43 |  Iter-31 | MAE=11.910 | MAPE=13.29%
11:36:23 |  Iter-32 | MAE=26.650 | MAPE=22.45%
11:38:04 |  Iter-33 | MAE=30.689 | MAPE=22.14%
11:39:45 |  Iter-34 | MAE=27.327 | MAPE=18.22%
11:41:26 |  Iter-35 | MAE=10.082 | MAPE=6.98%
11:43:06 |  Iter-36 | MAE=7.178 | MAPE=5.17%
11:44:47 |  Iter-37 | MAE=11.439 | MAPE=8.94%
11:46:27 |  Iter-38 | MAE=8.575 | MAPE=6.95%
11:48:08 |  Iter-39 | MAE=7.697 | MAPE=5.90%
11:48:08 | 
 OVERALL: MAE=4.947, MAPE=4.52%, R2=0.8164 (3797.6s)
11:48:08 | Saved model checkpoint: /data/quyhv/oil_forecast_tail_risk/results_v4/walkforward/UniTS/XANG_H10_seed9999/model_checkpoint.pth
11:48:08 | Saved processor/scaler: /data/quyhv/oil_forecast_tail_risk/results_v4/walkforward/UniTS/XANG_H10_seed9999/processor.pkl
