01:14:30 | ================================================================================
01:14:30 |  UniTS | XANG | H7 | walkforward | seed=123
01:14:30 | ================================================================================
01:14:30 | Data: 4513 rows | Features: 16
01:16:07 |  Iter-01 | MAE=0.793 | MAPE=1.02%
01:17:42 |  Iter-02 | MAE=0.994 | MAPE=1.30%
01:19:27 |  Iter-03 | MAE=4.021 | MAPE=4.98%
01:21:02 |  Iter-04 | MAE=0.953 | MAPE=1.19%
01:22:37 |  Iter-05 | MAE=0.746 | MAPE=0.92%
01:24:12 |  Iter-06 | MAE=1.349 | MAPE=1.73%
01:25:48 |  Iter-07 | MAE=1.081 | MAPE=1.35%
01:27:23 |  Iter-08 | MAE=1.612 | MAPE=2.15%
01:28:58 |  Iter-09 | MAE=0.825 | MAPE=1.13%
01:30:34 |  Iter-10 | MAE=0.863 | MAPE=1.21%
01:32:31 |  Iter-11 | MAE=1.643 | MAPE=2.27%
01:34:09 |  Iter-12 | MAE=0.948 | MAPE=1.30%
01:35:59 |  Iter-13 | MAE=1.844 | MAPE=2.49%
01:37:38 |  Iter-14 | MAE=1.779 | MAPE=2.35%
01:39:16 |  Iter-15 | MAE=4.403 | MAPE=5.56%
01:41:20 |  Iter-16 | MAE=16.548 | MAPE=15.65%
01:43:01 |  Iter-17 | MAE=19.453 | MAPE=13.70%
01:44:46 |  Iter-18 | MAE=11.148 | MAPE=7.76%
01:46:27 |  Iter-19 | MAE=10.857 | MAPE=7.52%
01:48:08 |  Iter-20 | MAE=16.042 | MAPE=12.77%
01:49:51 |  Iter-21 | MAE=4.294 | MAPE=3.36%
01:49:51 | 
 OVERALL: MAE=4.867, MAPE=4.37%, R2=0.8886 (2121.6s)
01:49:51 | Saved model checkpoint: /data/quyhv/oil_forecast_tail_risk/results_v4/walkforward/UniTS/XANG_H7_seed123/model_checkpoint.pth
01:49:51 | Saved processor/scaler: /data/quyhv/oil_forecast_tail_risk/results_v4/walkforward/UniTS/XANG_H7_seed123/processor.pkl
