02:16:49 | ================================================================================
02:16:49 |  UniTS | XANG | H20 | walkforward | seed=2025
02:16:49 | ================================================================================
02:16:49 | Data: 4513 rows | Features: 14
02:20:58 |  Iter-01 | MAE=4.062 | MAPE=4.94%
02:25:06 |  Iter-02 | MAE=2.279 | MAPE=3.11%
02:29:16 |  Iter-03 | MAE=2.798 | MAPE=3.68%
02:33:31 |  Iter-04 | MAE=6.251 | MAPE=7.42%
02:37:46 |  Iter-05 | MAE=0.789 | MAPE=1.00%
02:42:05 |  Iter-06 | MAE=4.152 | MAPE=5.26%
02:46:24 |  Iter-07 | MAE=3.035 | MAPE=3.74%
02:50:43 |  Iter-08 | MAE=2.792 | MAPE=3.59%
02:55:03 |  Iter-09 | MAE=4.401 | MAPE=5.45%
02:59:25 |  Iter-10 | MAE=1.655 | MAPE=2.10%
03:03:52 |  Iter-11 | MAE=3.357 | MAPE=4.60%
03:08:14 |  Iter-12 | MAE=3.571 | MAPE=4.90%
03:12:37 |  Iter-13 | MAE=7.031 | MAPE=8.02%
03:17:03 |  Iter-14 | MAE=37.825 | MAPE=26.43%
03:21:29 |  Iter-15 | MAE=7.702 | MAPE=5.82%
03:21:29 | 
 OVERALL: MAE=6.113, MAPE=6.00%, R2=0.6639 (3880.5s)
03:21:29 | Saved model checkpoint: /data/quyhv/oil_forecast_tail_risk/results_v4/walkforward/UniTS/XANG_H20_seed2025/model_checkpoint.pth
03:21:29 | Saved processor/scaler: /data/quyhv/oil_forecast_tail_risk/results_v4/walkforward/UniTS/XANG_H20_seed2025/processor.pkl
