03:37:10 | ================================================================================
03:37:10 |  UniTS | XANG | H7 | walkforward | seed=2025
03:37:10 | ================================================================================
03:37:10 | Data: 4513 rows | Features: 16
03:39:14 |  Iter-01 | MAE=0.884 | MAPE=1.14%
03:41:00 |  Iter-02 | MAE=1.049 | MAPE=1.37%
03:42:49 |  Iter-03 | MAE=4.069 | MAPE=5.04%
03:44:28 |  Iter-04 | MAE=0.798 | MAPE=1.00%
03:46:04 |  Iter-05 | MAE=0.801 | MAPE=0.99%
03:47:40 |  Iter-06 | MAE=1.326 | MAPE=1.70%
03:49:16 |  Iter-07 | MAE=1.016 | MAPE=1.27%
03:50:52 |  Iter-08 | MAE=1.781 | MAPE=2.38%
03:52:30 |  Iter-09 | MAE=0.769 | MAPE=1.06%
03:54:46 |  Iter-10 | MAE=0.780 | MAPE=1.10%
03:56:27 |  Iter-11 | MAE=2.009 | MAPE=2.78%
03:58:07 |  Iter-12 | MAE=1.112 | MAPE=1.53%
03:59:48 |  Iter-13 | MAE=2.190 | MAPE=2.96%
04:01:28 |  Iter-14 | MAE=1.771 | MAPE=2.34%
04:03:25 |  Iter-15 | MAE=4.087 | MAPE=5.17%
04:05:06 |  Iter-16 | MAE=16.654 | MAPE=15.73%
04:07:12 |  Iter-17 | MAE=29.084 | MAPE=20.67%
04:08:53 |  Iter-18 | MAE=11.235 | MAPE=7.80%
04:10:37 |  Iter-19 | MAE=9.149 | MAPE=6.33%
04:12:24 |  Iter-20 | MAE=14.491 | MAPE=11.54%
04:14:06 |  Iter-21 | MAE=4.799 | MAPE=3.76%
04:14:06 | 
 OVERALL: MAE=5.231, MAPE=4.65%, R2=0.8583 (2216.5s)
04:14:06 | Saved model checkpoint: /data/quyhv/oil_forecast_tail_risk/results_v4/walkforward/UniTS/XANG_H7_seed2025/model_checkpoint.pth
04:14:06 | Saved processor/scaler: /data/quyhv/oil_forecast_tail_risk/results_v4/walkforward/UniTS/XANG_H7_seed2025/processor.pkl
