16:08:30 | ================================================================================
16:08:30 |  UniTS | XANG | H5 | walkforward | seed=777
16:08:30 | ================================================================================
16:08:30 | Data: 4513 rows | Features: 16
16:10:22 |  Iter-01 | MAE=1.519 | MAPE=2.02%
16:12:34 |  Iter-02 | MAE=0.604 | MAPE=0.82%
16:14:28 |  Iter-03 | MAE=1.350 | MAPE=1.86%
16:16:28 |  Iter-04 | MAE=1.432 | MAPE=2.02%
16:18:33 |  Iter-05 | MAE=2.300 | MAPE=3.17%
16:20:13 |  Iter-06 | MAE=0.950 | MAPE=1.33%
16:21:56 |  Iter-07 | MAE=0.692 | MAPE=0.96%
16:23:48 |  Iter-08 | MAE=1.048 | MAPE=1.45%
16:25:34 |  Iter-09 | MAE=1.590 | MAPE=2.07%
16:27:32 |  Iter-10 | MAE=3.341 | MAPE=4.58%
16:29:23 |  Iter-11 | MAE=5.605 | MAPE=7.08%
16:31:28 |  Iter-12 | MAE=11.198 | MAPE=11.56%
16:33:39 |  Iter-13 | MAE=24.399 | MAPE=19.05%
16:35:19 |  Iter-14 | MAE=18.958 | MAPE=13.17%
16:36:59 |  Iter-15 | MAE=11.874 | MAPE=8.04%
16:38:42 |  Iter-16 | MAE=4.877 | MAPE=3.49%
16:40:22 |  Iter-17 | MAE=8.772 | MAPE=6.66%
16:42:02 |  Iter-18 | MAE=7.184 | MAPE=5.82%
16:43:43 |  Iter-19 | MAE=3.688 | MAPE=2.92%
16:45:24 |  Iter-20 | MAE=2.771 | MAPE=2.08%
16:45:24 | 
 OVERALL: MAE=5.708, MAPE=5.01%, R2=0.9016 (2214.7s)
16:45:24 | Saved model checkpoint: /data/quyhv/oil_forecast_tail_risk/results_v4/walkforward/UniTS/XANG_H5_seed777/model_checkpoint.pth
16:45:24 | Saved processor/scaler: /data/quyhv/oil_forecast_tail_risk/results_v4/walkforward/UniTS/XANG_H5_seed777/processor.pkl
