03:12:46 | ================================================================================
03:12:46 |  UniTS | XANG | H60 | walkforward | seed=777
03:12:46 | ================================================================================
03:12:46 | Data: 4513 rows | Features: 19
03:18:32 |  Iter-01 | MAE=14.872 | MAPE=15.00%
03:24:11 |  Iter-02 | MAE=12.921 | MAPE=12.63%
03:29:50 |  Iter-03 | MAE=8.493 | MAPE=8.35%
03:35:37 |  Iter-04 | MAE=5.751 | MAPE=6.26%
03:41:24 |  Iter-05 | MAE=4.423 | MAPE=4.83%
03:47:11 |  Iter-06 | MAE=6.726 | MAPE=7.26%
03:52:58 |  Iter-07 | MAE=3.633 | MAPE=4.18%
03:58:52 |  Iter-08 | MAE=3.484 | MAPE=4.27%
04:04:45 |  Iter-09 | MAE=2.414 | MAPE=2.95%
04:10:38 |  Iter-10 | MAE=3.097 | MAPE=3.71%
04:16:31 |  Iter-11 | MAE=2.440 | MAPE=2.96%
04:22:30 |  Iter-12 | MAE=6.637 | MAPE=7.87%
04:28:28 |  Iter-13 | MAE=2.867 | MAPE=3.37%
04:34:28 |  Iter-14 | MAE=2.432 | MAPE=2.93%
04:40:24 |  Iter-15 | MAE=3.404 | MAPE=4.41%
04:46:25 |  Iter-16 | MAE=5.023 | MAPE=6.43%
04:52:25 |  Iter-17 | MAE=6.298 | MAPE=7.91%
04:58:31 |  Iter-18 | MAE=8.683 | MAPE=10.84%
05:04:42 |  Iter-19 | MAE=7.458 | MAPE=9.28%
05:10:54 |  Iter-20 | MAE=4.192 | MAPE=5.23%
05:17:05 |  Iter-21 | MAE=7.974 | MAPE=10.01%
05:23:16 |  Iter-22 | MAE=3.534 | MAPE=4.40%
05:29:27 |  Iter-23 | MAE=2.525 | MAPE=3.18%
05:35:34 |  Iter-24 | MAE=6.780 | MAPE=8.64%
05:41:39 |  Iter-25 | MAE=2.002 | MAPE=2.70%
05:47:45 |  Iter-26 | MAE=4.331 | MAPE=5.37%
05:53:57 |  Iter-27 | MAE=29.152 | MAPE=23.36%
06:00:08 |  Iter-28 | MAE=44.470 | MAPE=33.60%
06:00:08 | 
 OVERALL: MAE=7.715, MAPE=7.93%, R2=-0.2703 (10042.4s)
06:00:08 | Saved model checkpoint: /data/quyhv/oil_forecast_tail_risk/results_v4/walkforward/UniTS/XANG_H60_seed777/model_checkpoint.pth
06:00:08 | Saved processor/scaler: /data/quyhv/oil_forecast_tail_risk/results_v4/walkforward/UniTS/XANG_H60_seed777/processor.pkl
