05:34:09 | ================================================================================
05:34:09 |  TEMPO | XANG | H7 | walkforward | seed=2025
05:34:09 | ================================================================================
05:34:09 | Data: 4513 rows | Features: 16
05:36:15 |  Iter-01 | MAE=0.858 | MAPE=1.10%
05:38:04 |  Iter-02 | MAE=0.537 | MAPE=0.70%
05:40:15 |  Iter-03 | MAE=4.207 | MAPE=5.20%
05:42:20 |  Iter-04 | MAE=0.524 | MAPE=0.65%
05:44:18 |  Iter-05 | MAE=0.858 | MAPE=1.05%
05:46:14 |  Iter-06 | MAE=1.068 | MAPE=1.35%
05:48:10 |  Iter-07 | MAE=1.042 | MAPE=1.30%
05:49:51 |  Iter-08 | MAE=1.818 | MAPE=2.43%
05:53:16 |  Iter-09 | MAE=1.080 | MAPE=1.48%
05:55:22 |  Iter-10 | MAE=1.004 | MAPE=1.41%
05:57:10 |  Iter-11 | MAE=2.463 | MAPE=3.41%
05:59:26 |  Iter-12 | MAE=0.747 | MAPE=1.03%
06:01:53 |  Iter-13 | MAE=1.227 | MAPE=1.67%
06:03:48 |  Iter-14 | MAE=2.029 | MAPE=2.68%
06:05:41 |  Iter-15 | MAE=4.216 | MAPE=5.34%
06:07:56 |  Iter-16 | MAE=16.870 | MAPE=15.94%
06:09:48 |  Iter-17 | MAE=14.838 | MAPE=10.36%
06:11:59 |  Iter-18 | MAE=10.941 | MAPE=7.78%
06:14:21 |  Iter-19 | MAE=6.081 | MAPE=4.18%
06:16:19 |  Iter-20 | MAE=23.105 | MAPE=18.32%
06:18:06 |  Iter-21 | MAE=4.798 | MAPE=3.74%
06:18:06 | 
 OVERALL: MAE=4.777, MAPE=4.34%, R2=0.8840 (2638.2s)
06:18:06 | Saved model checkpoint: /data/quyhv/oil_forecast_tail_risk/results_v4/walkforward/TEMPO/XANG_H7_seed2025/model_checkpoint.pth
06:18:06 | Saved processor/scaler: /data/quyhv/oil_forecast_tail_risk/results_v4/walkforward/TEMPO/XANG_H7_seed2025/processor.pkl
