03:51:56 | ================================================================================
03:51:56 |  TEMPO | XANG | H20 | walkforward | seed=9999
03:51:56 | ================================================================================
03:51:56 | Data: 4513 rows | Features: 14
03:56:05 |  Iter-01 | MAE=2.759 | MAPE=3.35%
04:00:14 |  Iter-02 | MAE=2.228 | MAPE=3.06%
04:04:22 |  Iter-03 | MAE=1.999 | MAPE=2.63%
04:08:30 |  Iter-04 | MAE=5.098 | MAPE=6.04%
04:12:39 |  Iter-05 | MAE=2.338 | MAPE=2.98%
04:16:55 |  Iter-06 | MAE=3.243 | MAPE=4.10%
04:21:15 |  Iter-07 | MAE=2.807 | MAPE=3.46%
04:25:36 |  Iter-08 | MAE=2.709 | MAPE=3.48%
04:29:57 |  Iter-09 | MAE=3.528 | MAPE=4.37%
04:34:22 |  Iter-10 | MAE=1.864 | MAPE=2.37%
04:38:50 |  Iter-11 | MAE=4.733 | MAPE=6.50%
04:43:19 |  Iter-12 | MAE=2.684 | MAPE=3.68%
04:47:48 |  Iter-13 | MAE=6.042 | MAPE=6.83%
04:52:21 |  Iter-14 | MAE=38.089 | MAPE=26.64%
05:03:31 |  Iter-15 | MAE=25.872 | MAPE=20.30%
05:03:31 | 
 OVERALL: MAE=7.066, MAPE=6.65%, R2=0.5573 (4295.2s)
05:03:31 | Saved model checkpoint: /data/quyhv/oil_forecast_tail_risk/results_v4/walkforward/TEMPO/XANG_H20_seed9999/model_checkpoint.pth
05:03:31 | Saved processor/scaler: /data/quyhv/oil_forecast_tail_risk/results_v4/walkforward/TEMPO/XANG_H20_seed9999/processor.pkl
