14:49:20 | ================================================================================
14:49:20 |  TEMPO | XANG | H10 | walkforward | seed=123
14:49:20 | ================================================================================
14:49:20 | Data: 4513 rows | Features: 14
14:51:13 |  Iter-01 | MAE=3.646 | MAPE=4.59%
14:53:03 |  Iter-02 | MAE=2.144 | MAPE=2.75%
14:54:52 |  Iter-03 | MAE=0.969 | MAPE=1.22%
14:56:40 |  Iter-04 | MAE=1.746 | MAPE=2.18%
14:58:28 |  Iter-05 | MAE=1.469 | MAPE=1.82%
15:00:16 |  Iter-06 | MAE=2.299 | MAPE=2.84%
15:02:01 |  Iter-07 | MAE=0.886 | MAPE=1.10%
15:03:47 |  Iter-08 | MAE=1.328 | MAPE=1.65%
15:05:27 |  Iter-09 | MAE=2.372 | MAPE=3.01%
15:07:07 |  Iter-10 | MAE=1.411 | MAPE=1.81%
15:08:46 |  Iter-11 | MAE=0.856 | MAPE=1.11%
15:10:29 |  Iter-12 | MAE=1.592 | MAPE=2.08%
15:12:10 |  Iter-13 | MAE=2.146 | MAPE=2.68%
15:13:51 |  Iter-14 | MAE=3.668 | MAPE=4.55%
15:15:32 |  Iter-15 | MAE=0.780 | MAPE=0.96%
15:17:14 |  Iter-16 | MAE=2.111 | MAPE=2.59%
15:18:55 |  Iter-17 | MAE=1.895 | MAPE=2.42%
15:20:37 |  Iter-18 | MAE=1.278 | MAPE=1.61%
15:22:18 |  Iter-19 | MAE=1.041 | MAPE=1.30%
15:23:56 |  Iter-20 | MAE=2.153 | MAPE=2.81%
15:25:36 |  Iter-21 | MAE=3.281 | MAPE=4.42%
15:27:15 |  Iter-22 | MAE=1.186 | MAPE=1.63%
15:28:56 |  Iter-23 | MAE=1.663 | MAPE=2.33%
15:30:36 |  Iter-24 | MAE=0.879 | MAPE=1.23%
15:32:16 |  Iter-25 | MAE=2.410 | MAPE=3.34%
15:33:56 |  Iter-26 | MAE=0.974 | MAPE=1.36%
15:35:35 |  Iter-27 | MAE=1.272 | MAPE=1.72%
15:37:16 |  Iter-28 | MAE=1.795 | MAPE=2.39%
15:38:57 |  Iter-29 | MAE=1.513 | MAPE=2.01%
15:40:39 |  Iter-30 | MAE=2.878 | MAPE=3.80%
15:42:21 |  Iter-31 | MAE=11.178 | MAPE=12.41%
15:44:03 |  Iter-32 | MAE=26.922 | MAPE=22.70%
15:45:45 |  Iter-33 | MAE=33.651 | MAPE=24.37%
15:47:26 |  Iter-34 | MAE=25.137 | MAPE=16.72%
15:49:09 |  Iter-35 | MAE=10.712 | MAPE=7.52%
15:50:51 |  Iter-36 | MAE=7.848 | MAPE=5.65%
15:52:34 |  Iter-37 | MAE=10.517 | MAPE=8.15%
15:54:17 |  Iter-38 | MAE=5.416 | MAPE=4.40%
15:56:07 |  Iter-39 | MAE=9.105 | MAPE=6.97%
15:56:07 | 
 OVERALL: MAE=4.978, MAPE=4.57%, R2=0.8124 (4006.8s)
15:56:07 | Saved model checkpoint: /data/quyhv/oil_forecast_tail_risk/results_v4/walkforward/TEMPO/XANG_H10_seed123/model_checkpoint.pth
15:56:07 | Saved processor/scaler: /data/quyhv/oil_forecast_tail_risk/results_v4/walkforward/TEMPO/XANG_H10_seed123/processor.pkl
