12:27:46 | ================================================================================
12:27:46 |  MambaFormer | XANG | H10 | walkforward | seed=777
12:27:46 | ================================================================================
12:27:46 | Data: 4513 rows | Features: 14
12:30:23 |  Iter-01 | MAE=2.400 | MAPE=3.01%
12:33:01 |  Iter-02 | MAE=2.044 | MAPE=2.62%
12:35:44 |  Iter-03 | MAE=1.194 | MAPE=1.51%
12:38:28 |  Iter-04 | MAE=1.422 | MAPE=1.77%
12:41:12 |  Iter-05 | MAE=1.883 | MAPE=2.33%
12:43:56 |  Iter-06 | MAE=2.020 | MAPE=2.50%
12:46:40 |  Iter-07 | MAE=1.084 | MAPE=1.34%
12:49:24 |  Iter-08 | MAE=1.308 | MAPE=1.63%
12:52:08 |  Iter-09 | MAE=2.886 | MAPE=3.65%
12:54:51 |  Iter-10 | MAE=1.578 | MAPE=2.02%
12:58:00 |  Iter-11 | MAE=0.823 | MAPE=1.06%
13:00:44 |  Iter-12 | MAE=1.103 | MAPE=1.44%
13:03:27 |  Iter-13 | MAE=2.366 | MAPE=2.95%
13:06:16 |  Iter-14 | MAE=3.579 | MAPE=4.44%
13:09:05 |  Iter-15 | MAE=0.864 | MAPE=1.07%
13:11:53 |  Iter-16 | MAE=1.835 | MAPE=2.25%
13:14:43 |  Iter-17 | MAE=2.984 | MAPE=3.80%
13:17:34 |  Iter-18 | MAE=1.531 | MAPE=1.93%
13:20:24 |  Iter-19 | MAE=1.025 | MAPE=1.28%
13:23:13 |  Iter-20 | MAE=1.751 | MAPE=2.29%
13:26:04 |  Iter-21 | MAE=3.116 | MAPE=4.19%
13:28:53 |  Iter-22 | MAE=0.666 | MAPE=0.91%
13:31:43 |  Iter-23 | MAE=1.413 | MAPE=1.98%
13:34:33 |  Iter-24 | MAE=0.925 | MAPE=1.30%
13:37:50 |  Iter-25 | MAE=2.043 | MAPE=2.83%
13:40:40 |  Iter-26 | MAE=0.846 | MAPE=1.18%
13:43:30 |  Iter-27 | MAE=1.041 | MAPE=1.42%
13:46:21 |  Iter-28 | MAE=1.569 | MAPE=2.09%
13:49:13 |  Iter-29 | MAE=1.537 | MAPE=2.04%
13:51:58 |  Iter-30 | MAE=2.781 | MAPE=3.68%
13:54:43 |  Iter-31 | MAE=11.854 | MAPE=13.21%
13:57:33 |  Iter-32 | MAE=26.584 | MAPE=22.39%
14:00:19 |  Iter-33 | MAE=28.722 | MAPE=20.68%
14:03:04 |  Iter-34 | MAE=21.908 | MAPE=14.55%
14:05:54 |  Iter-35 | MAE=13.589 | MAPE=9.57%
14:08:39 |  Iter-36 | MAE=9.053 | MAPE=6.84%
14:11:41 |  Iter-37 | MAE=21.719 | MAPE=17.02%
14:15:09 |  Iter-38 | MAE=5.276 | MAPE=4.21%
14:17:54 |  Iter-39 | MAE=3.511 | MAPE=2.72%
14:17:54 | 
 OVERALL: MAE=4.970, MAPE=4.56%, R2=0.8124 (6608.3s)
14:17:54 | Saved model checkpoint: /data/quyhv/oil_forecast_tail_risk/results_v4/walkforward/MambaFormer/XANG_H10_seed777/model_checkpoint.pth
14:17:54 | Saved processor/scaler: /data/quyhv/oil_forecast_tail_risk/results_v4/walkforward/MambaFormer/XANG_H10_seed777/processor.pkl
