03:45:59 | ================================================================================
03:45:59 |  MambaFormer | DAU | H1 | walkforward | seed=123
03:45:59 | ================================================================================
03:45:59 | Data: 4513 rows | Features: 16
03:52:13 |  Iter-01 | MAE=1.331 | MAPE=1.61%
03:57:07 |  Iter-02 | MAE=0.221 | MAPE=0.27%
04:01:49 |  Iter-03 | MAE=1.030 | MAPE=1.26%
04:08:01 |  Iter-04 | MAE=1.101 | MAPE=1.38%
04:15:03 |  Iter-05 | MAE=0.533 | MAPE=0.67%
04:23:44 |  Iter-06 | MAE=0.285 | MAPE=0.36%
04:29:28 |  Iter-07 | MAE=1.273 | MAPE=1.61%
04:35:52 |  Iter-08 | MAE=0.425 | MAPE=0.54%
04:41:29 |  Iter-09 | MAE=0.330 | MAPE=0.41%
04:48:05 |  Iter-10 | MAE=0.374 | MAPE=0.46%
04:56:01 |  Iter-11 | MAE=0.554 | MAPE=0.68%
05:01:38 |  Iter-12 | MAE=0.577 | MAPE=0.72%
05:07:23 |  Iter-13 | MAE=0.764 | MAPE=0.96%
05:16:25 |  Iter-14 | MAE=0.370 | MAPE=0.46%
05:22:02 |  Iter-15 | MAE=0.836 | MAPE=1.04%
05:29:38 |  Iter-16 | MAE=0.486 | MAPE=0.61%
05:36:34 |  Iter-17 | MAE=0.430 | MAPE=0.54%
05:44:09 |  Iter-18 | MAE=1.376 | MAPE=1.76%
05:49:00 |  Iter-19 | MAE=0.095 | MAPE=0.12%
05:55:36 |  Iter-20 | MAE=1.912 | MAPE=2.47%
06:00:28 |  Iter-21 | MAE=0.450 | MAPE=0.58%
06:06:45 |  Iter-22 | MAE=1.447 | MAPE=1.82%
06:12:37 |  Iter-23 | MAE=0.836 | MAPE=1.05%
06:18:47 |  Iter-24 | MAE=1.201 | MAPE=1.48%
06:25:05 |  Iter-25 | MAE=0.324 | MAPE=0.39%
06:31:36 |  Iter-26 | MAE=2.135 | MAPE=2.61%
06:37:41 |  Iter-27 | MAE=1.207 | MAPE=1.48%
06:43:56 |  Iter-28 | MAE=0.516 | MAPE=0.63%
06:48:40 |  Iter-29 | MAE=0.574 | MAPE=0.70%
06:54:01 |  Iter-30 | MAE=1.115 | MAPE=1.33%
07:00:00 |  Iter-31 | MAE=1.723 | MAPE=2.02%
07:05:15 |  Iter-32 | MAE=0.963 | MAPE=1.14%
07:10:35 |  Iter-33 | MAE=0.908 | MAPE=1.06%
07:15:35 |  Iter-34 | MAE=1.054 | MAPE=1.25%
07:22:19 |  Iter-35 | MAE=2.116 | MAPE=2.44%
07:30:15 |  Iter-36 | MAE=0.910 | MAPE=1.03%
07:35:22 |  Iter-37 | MAE=0.389 | MAPE=0.44%
07:41:40 |  Iter-38 | MAE=2.522 | MAPE=2.90%
07:47:12 |  Iter-39 | MAE=1.787 | MAPE=2.07%
07:51:46 |  Iter-40 | MAE=0.699 | MAPE=0.80%
07:58:10 |  Iter-41 | MAE=0.339 | MAPE=0.39%
08:03:30 |  Iter-42 | MAE=1.583 | MAPE=1.78%
08:08:03 |  Iter-43 | MAE=1.491 | MAPE=1.71%
08:13:21 |  Iter-44 | MAE=0.322 | MAPE=0.37%
08:20:30 |  Iter-45 | MAE=0.098 | MAPE=0.11%
08:24:54 |  Iter-46 | MAE=0.115 | MAPE=0.13%
08:31:05 |  Iter-47 | MAE=0.814 | MAPE=0.94%
08:37:42 |  Iter-48 | MAE=0.573 | MAPE=0.66%
08:44:00 |  Iter-49 | MAE=0.697 | MAPE=0.81%
08:48:24 |  Iter-50 | MAE=0.789 | MAPE=0.91%
08:55:17 |  Iter-51 | MAE=3.062 | MAPE=3.35%
09:02:05 |  Iter-52 | MAE=0.426 | MAPE=0.46%
09:06:36 |  Iter-53 | MAE=0.786 | MAPE=0.86%
09:12:49 |  Iter-54 | MAE=1.105 | MAPE=1.20%
09:20:08 |  Iter-55 | MAE=1.062 | MAPE=1.15%
09:25:31 |  Iter-56 | MAE=0.943 | MAPE=1.02%
09:30:35 |  Iter-57 | MAE=0.175 | MAPE=0.19%
09:36:40 |  Iter-58 | MAE=22.370 | MAPE=19.48%
09:44:06 |  Iter-59 | MAE=11.404 | MAPE=9.08%
09:48:50 |  Iter-60 | MAE=15.631 | MAPE=10.92%
09:53:48 |  Iter-61 | MAE=19.661 | MAPE=12.88%
09:57:52 |  Iter-62 | MAE=1.742 | MAPE=1.13%
10:05:18 |  Iter-63 | MAE=49.397 | MAPE=26.71%
10:09:42 |  Iter-64 | MAE=17.421 | MAPE=10.83%
10:14:00 |  Iter-65 | MAE=9.705 | MAPE=5.91%
10:19:37 |  Iter-66 | MAE=28.398 | MAPE=14.64%
10:24:22 |  Iter-67 | MAE=5.811 | MAPE=3.03%
10:27:59 |  Iter-68 | MAE=4.737 | MAPE=2.49%
10:33:17 |  Iter-69 | MAE=10.573 | MAPE=5.35%
10:38:42 |  Iter-70 | MAE=16.678 | MAPE=8.41%
10:42:37 |  Iter-71 | MAE=23.290 | MAPE=10.40%
10:48:19 |  Iter-72 | MAE=10.927 | MAPE=4.91%
10:52:48 |  Iter-73 | MAE=18.250 | MAPE=7.53%
10:58:31 |  Iter-74 | MAE=1.261 | MAPE=0.58%
11:03:55 |  Iter-75 | MAE=28.580 | MAPE=13.93%
11:07:51 |  Iter-76 | MAE=10.550 | MAPE=4.88%
11:13:21 |  Iter-77 | MAE=16.399 | MAPE=6.91%
11:17:44 |  Iter-78 | MAE=10.274 | MAPE=4.08%
11:21:26 |  Iter-79 | MAE=17.351 | MAPE=7.28%
11:25:09 |  Iter-80 | MAE=4.026 | MAPE=1.64%
11:29:46 |  Iter-81 | MAE=45.517 | MAPE=15.57%
11:34:22 |  Iter-82 | MAE=22.905 | MAPE=8.56%
11:38:38 |  Iter-83 | MAE=23.835 | MAPE=9.83%
11:42:55 |  Iter-84 | MAE=62.204 | MAPE=32.61%
11:48:04 |  Iter-85 | MAE=24.867 | MAPE=12.41%
11:53:07 |  Iter-86 | MAE=2.295 | MAPE=1.25%
11:59:44 |  Iter-87 | MAE=9.027 | MAPE=4.79%
12:04:00 |  Iter-88 | MAE=2.339 | MAPE=1.25%
12:08:22 |  Iter-89 | MAE=14.816 | MAPE=8.94%
12:13:25 |  Iter-90 | MAE=2.352 | MAPE=1.47%
12:16:54 |  Iter-91 | MAE=2.900 | MAPE=1.80%
12:23:51 |  Iter-92 | MAE=16.534 | MAPE=11.19%
12:27:46 |  Iter-93 | MAE=6.929 | MAPE=4.78%
12:31:42 |  Iter-94 | MAE=17.837 | MAPE=11.14%
12:36:32 |  Iter-95 | MAE=0.600 | MAPE=0.38%
12:41:21 |  Iter-96 | MAE=3.585 | MAPE=2.16%
12:45:24 |  Iter-97 | MAE=0.217 | MAPE=0.13%
12:49:00 |  Iter-98 | MAE=8.296 | MAPE=5.17%
12:54:16 |  Iter-99 | MAE=0.547 | MAPE=0.34%
12:59:53 |  Iter-100 | MAE=5.360 | MAPE=3.12%
12:59:53 | 
 OVERALL: MAE=6.790, MAPE=3.91%, R2=0.9506 (33233.8s)
12:59:53 | Saved model checkpoint: /data/quyhv/oil_forecast_tail_risk/results_v4/walkforward/MambaFormer/DAU_H1_seed123/model_checkpoint.pth
12:59:53 | Saved processor/scaler: /data/quyhv/oil_forecast_tail_risk/results_v4/walkforward/MambaFormer/DAU_H1_seed123/processor.pkl
