12:25:48 | ================================================================================
12:25:48 |  MambaFormer | XANG | H10 | walkforward | seed=9999
12:25:48 | ================================================================================
12:25:48 | Data: 4513 rows | Features: 14
12:28:24 |  Iter-01 | MAE=2.717 | MAPE=3.41%
12:30:57 |  Iter-02 | MAE=2.098 | MAPE=2.69%
12:33:31 |  Iter-03 | MAE=0.902 | MAPE=1.14%
12:36:06 |  Iter-04 | MAE=1.551 | MAPE=1.94%
12:38:46 |  Iter-05 | MAE=1.380 | MAPE=1.71%
12:41:30 |  Iter-06 | MAE=1.828 | MAPE=2.26%
12:44:13 |  Iter-07 | MAE=1.090 | MAPE=1.35%
12:46:57 |  Iter-08 | MAE=1.166 | MAPE=1.45%
12:49:40 |  Iter-09 | MAE=3.018 | MAPE=3.82%
12:52:23 |  Iter-10 | MAE=1.595 | MAPE=2.05%
12:55:05 |  Iter-11 | MAE=0.871 | MAPE=1.13%
12:57:48 |  Iter-12 | MAE=1.101 | MAPE=1.44%
13:00:30 |  Iter-13 | MAE=2.363 | MAPE=2.94%
13:03:15 |  Iter-14 | MAE=3.397 | MAPE=4.21%
13:06:03 |  Iter-15 | MAE=0.794 | MAPE=0.98%
13:08:52 |  Iter-16 | MAE=1.654 | MAPE=2.03%
13:11:41 |  Iter-17 | MAE=2.854 | MAPE=3.64%
13:14:30 |  Iter-18 | MAE=1.415 | MAPE=1.79%
13:17:19 |  Iter-19 | MAE=0.994 | MAPE=1.24%
13:20:09 |  Iter-20 | MAE=2.049 | MAPE=2.67%
13:23:03 |  Iter-21 | MAE=2.831 | MAPE=3.81%
13:25:53 |  Iter-22 | MAE=0.879 | MAPE=1.21%
13:28:42 |  Iter-23 | MAE=1.674 | MAPE=2.34%
13:31:32 |  Iter-24 | MAE=0.987 | MAPE=1.39%
13:34:21 |  Iter-25 | MAE=2.144 | MAPE=2.97%
13:38:33 |  Iter-26 | MAE=1.043 | MAPE=1.46%
13:41:23 |  Iter-27 | MAE=1.022 | MAPE=1.39%
13:44:12 |  Iter-28 | MAE=1.761 | MAPE=2.34%
13:47:04 |  Iter-29 | MAE=1.705 | MAPE=2.26%
13:49:57 |  Iter-30 | MAE=2.712 | MAPE=3.59%
13:52:43 |  Iter-31 | MAE=11.935 | MAPE=13.32%
13:55:28 |  Iter-32 | MAE=26.594 | MAPE=22.41%
13:58:12 |  Iter-33 | MAE=29.706 | MAPE=21.44%
14:00:57 |  Iter-34 | MAE=22.033 | MAPE=14.58%
14:03:42 |  Iter-35 | MAE=12.238 | MAPE=8.53%
14:06:48 |  Iter-36 | MAE=6.560 | MAPE=4.95%
14:09:53 |  Iter-37 | MAE=33.276 | MAPE=26.02%
14:12:38 |  Iter-38 | MAE=14.142 | MAPE=11.43%
14:15:23 |  Iter-39 | MAE=3.310 | MAPE=2.64%
14:15:23 | 
 OVERALL: MAE=5.420, MAPE=4.92%, R2=0.7667 (6575.1s)
14:15:23 | Saved model checkpoint: /data/quyhv/oil_forecast_tail_risk/results_v4/walkforward/MambaFormer/XANG_H10_seed9999/model_checkpoint.pth
14:15:23 | Saved processor/scaler: /data/quyhv/oil_forecast_tail_risk/results_v4/walkforward/MambaFormer/XANG_H10_seed9999/processor.pkl
