17:47:36 | ================================================================================
17:47:36 |  MambaFormer | XANG | H1 | walkforward | seed=9999
17:47:36 | ================================================================================
17:47:37 | Data: 4513 rows | Features: 15
17:51:54 |  Iter-01 | MAE=0.202 | MAPE=0.26%
17:55:28 |  Iter-02 | MAE=0.413 | MAPE=0.53%
17:58:38 |  Iter-03 | MAE=0.287 | MAPE=0.37%
18:03:40 |  Iter-04 | MAE=2.555 | MAPE=3.40%
18:08:30 |  Iter-05 | MAE=0.397 | MAPE=0.53%
18:11:21 |  Iter-06 | MAE=0.616 | MAPE=0.83%
18:14:23 |  Iter-07 | MAE=1.205 | MAPE=1.64%
18:17:51 |  Iter-08 | MAE=0.449 | MAPE=0.61%
18:22:54 |  Iter-09 | MAE=1.285 | MAPE=1.74%
18:26:01 |  Iter-10 | MAE=0.845 | MAPE=1.14%
18:28:58 |  Iter-11 | MAE=0.241 | MAPE=0.33%
18:33:13 |  Iter-12 | MAE=0.701 | MAPE=0.96%
18:37:51 |  Iter-13 | MAE=0.581 | MAPE=0.80%
18:42:21 |  Iter-14 | MAE=0.530 | MAPE=0.73%
18:45:53 |  Iter-15 | MAE=0.394 | MAPE=0.54%
18:50:02 |  Iter-16 | MAE=0.470 | MAPE=0.65%
18:53:02 |  Iter-17 | MAE=0.523 | MAPE=0.72%
18:56:35 |  Iter-18 | MAE=1.383 | MAPE=1.96%
19:01:04 |  Iter-19 | MAE=0.165 | MAPE=0.23%
19:05:00 |  Iter-20 | MAE=1.389 | MAPE=1.98%
19:09:15 |  Iter-21 | MAE=1.331 | MAPE=1.89%
19:13:54 |  Iter-22 | MAE=1.039 | MAPE=1.43%
19:17:44 |  Iter-23 | MAE=1.338 | MAPE=1.85%
19:21:41 |  Iter-24 | MAE=0.423 | MAPE=0.58%
19:26:16 |  Iter-25 | MAE=1.461 | MAPE=2.02%
19:30:41 |  Iter-26 | MAE=1.488 | MAPE=2.07%
19:33:08 |  Iter-27 | MAE=0.344 | MAPE=0.48%
19:38:11 |  Iter-28 | MAE=0.332 | MAPE=0.47%
19:41:22 |  Iter-29 | MAE=0.674 | MAPE=0.94%
19:45:05 |  Iter-30 | MAE=0.876 | MAPE=1.21%
19:48:57 |  Iter-31 | MAE=0.264 | MAPE=0.36%
19:53:17 |  Iter-32 | MAE=0.600 | MAPE=0.83%
19:57:05 |  Iter-33 | MAE=0.552 | MAPE=0.75%
20:01:21 |  Iter-34 | MAE=0.823 | MAPE=1.15%
20:04:27 |  Iter-35 | MAE=0.703 | MAPE=0.96%
20:08:54 |  Iter-36 | MAE=0.639 | MAPE=0.86%
20:12:42 |  Iter-37 | MAE=1.316 | MAPE=1.77%
20:15:36 |  Iter-38 | MAE=3.581 | MAPE=4.99%
20:20:06 |  Iter-39 | MAE=1.948 | MAPE=2.71%
20:24:43 |  Iter-40 | MAE=1.309 | MAPE=1.77%
20:30:01 |  Iter-41 | MAE=0.730 | MAPE=0.98%
20:33:11 |  Iter-42 | MAE=1.260 | MAPE=1.69%
20:37:42 |  Iter-43 | MAE=1.262 | MAPE=1.67%
20:42:24 |  Iter-44 | MAE=1.078 | MAPE=1.39%
20:45:55 |  Iter-45 | MAE=0.668 | MAPE=0.87%
20:49:58 |  Iter-46 | MAE=1.222 | MAPE=1.61%
20:54:50 |  Iter-47 | MAE=2.339 | MAPE=3.22%
20:58:55 |  Iter-48 | MAE=0.122 | MAPE=0.17%
21:02:17 |  Iter-49 | MAE=0.791 | MAPE=1.09%
21:07:34 |  Iter-50 | MAE=0.240 | MAPE=0.33%
21:11:35 |  Iter-51 | MAE=2.611 | MAPE=3.39%
21:14:35 |  Iter-52 | MAE=1.312 | MAPE=1.66%
21:18:18 |  Iter-53 | MAE=0.616 | MAPE=0.78%
21:23:05 |  Iter-54 | MAE=2.263 | MAPE=2.82%
21:26:29 |  Iter-55 | MAE=0.578 | MAPE=0.72%
21:31:06 |  Iter-56 | MAE=0.856 | MAPE=1.06%
21:35:28 |  Iter-57 | MAE=0.453 | MAPE=0.56%
21:39:09 |  Iter-58 | MAE=10.741 | MAPE=11.74%
21:42:51 |  Iter-59 | MAE=7.858 | MAPE=8.09%
21:47:09 |  Iter-60 | MAE=3.741 | MAPE=3.65%
21:50:59 |  Iter-61 | MAE=3.241 | MAPE=2.99%
21:53:21 |  Iter-62 | MAE=14.711 | MAPE=12.50%
21:55:10 |  Iter-63 | MAE=25.578 | MAPE=17.86%
21:58:09 |  Iter-64 | MAE=17.599 | MAPE=14.28%
22:02:12 |  Iter-65 | MAE=2.883 | MAPE=2.28%
22:04:42 |  Iter-66 | MAE=10.891 | MAPE=7.96%
22:08:05 |  Iter-67 | MAE=9.341 | MAPE=6.54%
22:10:34 |  Iter-68 | MAE=7.397 | MAPE=5.03%
22:12:47 |  Iter-69 | MAE=2.066 | MAPE=1.45%
22:15:50 |  Iter-70 | MAE=3.232 | MAPE=2.20%
22:17:59 |  Iter-71 | MAE=10.904 | MAPE=6.87%
22:20:04 |  Iter-72 | MAE=5.343 | MAPE=3.41%
22:22:22 |  Iter-73 | MAE=5.569 | MAPE=3.41%
22:24:34 |  Iter-74 | MAE=19.321 | MAPE=13.36%
22:28:15 |  Iter-75 | MAE=4.111 | MAPE=3.08%
22:30:47 |  Iter-76 | MAE=3.406 | MAPE=2.63%
22:33:08 |  Iter-77 | MAE=1.325 | MAPE=1.00%
22:35:25 |  Iter-78 | MAE=3.974 | MAPE=2.74%
22:37:39 |  Iter-79 | MAE=0.359 | MAPE=0.26%
22:40:01 |  Iter-80 | MAE=0.241 | MAPE=0.17%
22:43:01 |  Iter-81 | MAE=5.941 | MAPE=4.02%
22:46:16 |  Iter-82 | MAE=4.904 | MAPE=3.37%
22:48:25 |  Iter-83 | MAE=4.464 | MAPE=3.12%
22:50:35 |  Iter-84 | MAE=23.266 | MAPE=18.96%
22:52:49 |  Iter-85 | MAE=9.953 | MAPE=7.49%
22:55:49 |  Iter-86 | MAE=0.667 | MAPE=0.50%
22:58:28 |  Iter-87 | MAE=2.047 | MAPE=1.53%
23:00:54 |  Iter-88 | MAE=6.091 | MAPE=4.80%
23:03:09 |  Iter-89 | MAE=4.380 | MAPE=3.61%
23:05:27 |  Iter-90 | MAE=2.386 | MAPE=1.95%
23:08:04 |  Iter-91 | MAE=2.879 | MAPE=2.26%
23:10:55 |  Iter-92 | MAE=2.930 | MAPE=2.42%
23:13:27 |  Iter-93 | MAE=0.159 | MAPE=0.13%
23:16:27 |  Iter-94 | MAE=1.878 | MAPE=1.50%
23:19:01 |  Iter-95 | MAE=0.689 | MAPE=0.54%
23:21:29 |  Iter-96 | MAE=1.012 | MAPE=0.80%
23:23:41 |  Iter-97 | MAE=3.425 | MAPE=2.64%
23:27:24 |  Iter-98 | MAE=2.353 | MAPE=1.82%
23:30:34 |  Iter-99 | MAE=0.858 | MAPE=0.65%
23:33:12 |  Iter-100 | MAE=1.880 | MAPE=1.39%
23:33:12 | 
 OVERALL: MAE=3.101, MAPE=2.70%, R2=0.9652 (20736.5s)
23:33:12 | Saved model checkpoint: /data/quyhv/oil_forecast_tail_risk/results_v4/walkforward/MambaFormer/XANG_H1_seed9999/model_checkpoint.pth
23:33:12 | Saved processor/scaler: /data/quyhv/oil_forecast_tail_risk/results_v4/walkforward/MambaFormer/XANG_H1_seed9999/processor.pkl
