18:51:46 | ================================================================================
18:51:46 |  MambaFormer | XANG | H1 | walkforward | seed=123
18:51:46 | ================================================================================
18:51:46 | Data: 4513 rows | Features: 15
18:54:31 |  Iter-01 | MAE=0.171 | MAPE=0.22%
19:00:11 |  Iter-02 | MAE=0.423 | MAPE=0.54%
19:04:37 |  Iter-03 | MAE=0.275 | MAPE=0.35%
19:09:46 |  Iter-04 | MAE=1.944 | MAPE=2.59%
19:13:35 |  Iter-05 | MAE=0.405 | MAPE=0.54%
19:16:31 |  Iter-06 | MAE=0.739 | MAPE=0.99%
19:19:37 |  Iter-07 | MAE=1.148 | MAPE=1.56%
19:23:35 |  Iter-08 | MAE=0.435 | MAPE=0.59%
19:27:20 |  Iter-09 | MAE=0.977 | MAPE=1.32%
19:32:55 |  Iter-10 | MAE=0.770 | MAPE=1.04%
19:37:17 |  Iter-11 | MAE=0.225 | MAPE=0.30%
19:41:25 |  Iter-12 | MAE=0.612 | MAPE=0.84%
19:45:39 |  Iter-13 | MAE=0.865 | MAPE=1.19%
19:49:39 |  Iter-14 | MAE=0.146 | MAPE=0.20%
19:52:56 |  Iter-15 | MAE=0.190 | MAPE=0.26%
19:56:53 |  Iter-16 | MAE=0.437 | MAPE=0.60%
20:00:32 |  Iter-17 | MAE=0.551 | MAPE=0.76%
20:05:11 |  Iter-18 | MAE=1.596 | MAPE=2.25%
20:10:24 |  Iter-19 | MAE=0.200 | MAPE=0.28%
20:15:29 |  Iter-20 | MAE=0.731 | MAPE=1.04%
20:18:47 |  Iter-21 | MAE=0.986 | MAPE=1.40%
20:21:49 |  Iter-22 | MAE=0.691 | MAPE=0.95%
20:24:57 |  Iter-23 | MAE=1.389 | MAPE=1.92%
20:29:45 |  Iter-24 | MAE=0.397 | MAPE=0.54%
20:34:58 |  Iter-25 | MAE=2.013 | MAPE=2.78%
20:38:10 |  Iter-26 | MAE=1.985 | MAPE=2.76%
20:41:50 |  Iter-27 | MAE=0.123 | MAPE=0.17%
20:46:30 |  Iter-28 | MAE=0.424 | MAPE=0.59%
20:49:29 |  Iter-29 | MAE=0.528 | MAPE=0.74%
20:52:42 |  Iter-30 | MAE=0.233 | MAPE=0.32%
20:57:12 |  Iter-31 | MAE=0.673 | MAPE=0.92%
21:01:26 |  Iter-32 | MAE=0.647 | MAPE=0.90%
21:06:22 |  Iter-33 | MAE=0.399 | MAPE=0.54%
21:09:40 |  Iter-34 | MAE=0.973 | MAPE=1.36%
21:13:58 |  Iter-35 | MAE=0.268 | MAPE=0.37%
21:17:59 |  Iter-36 | MAE=0.371 | MAPE=0.50%
21:21:01 |  Iter-37 | MAE=1.292 | MAPE=1.74%
21:25:33 |  Iter-38 | MAE=3.178 | MAPE=4.43%
21:30:12 |  Iter-39 | MAE=2.171 | MAPE=3.02%
21:33:18 |  Iter-40 | MAE=1.028 | MAPE=1.39%
21:38:19 |  Iter-41 | MAE=0.573 | MAPE=0.77%
21:40:57 |  Iter-42 | MAE=0.410 | MAPE=0.55%
21:44:32 |  Iter-43 | MAE=1.229 | MAPE=1.62%
21:48:25 |  Iter-44 | MAE=0.981 | MAPE=1.26%
21:51:55 |  Iter-45 | MAE=0.581 | MAPE=0.76%
21:56:22 |  Iter-46 | MAE=1.060 | MAPE=1.40%
22:01:43 |  Iter-47 | MAE=2.291 | MAPE=3.15%
22:05:43 |  Iter-48 | MAE=0.236 | MAPE=0.32%
22:09:44 |  Iter-49 | MAE=0.438 | MAPE=0.60%
22:12:45 |  Iter-50 | MAE=0.921 | MAPE=1.27%
22:16:07 |  Iter-51 | MAE=3.179 | MAPE=4.12%
22:19:26 |  Iter-52 | MAE=1.252 | MAPE=1.58%
22:24:56 |  Iter-53 | MAE=0.422 | MAPE=0.54%
22:31:00 |  Iter-54 | MAE=1.571 | MAPE=1.96%
22:34:53 |  Iter-55 | MAE=1.179 | MAPE=1.47%
22:40:57 |  Iter-56 | MAE=1.161 | MAPE=1.44%
22:45:18 |  Iter-57 | MAE=0.385 | MAPE=0.48%
22:50:17 |  Iter-58 | MAE=10.434 | MAPE=11.40%
22:56:07 |  Iter-59 | MAE=10.814 | MAPE=11.14%
23:00:54 |  Iter-60 | MAE=5.886 | MAPE=5.76%
23:03:36 |  Iter-61 | MAE=11.327 | MAPE=10.43%
23:06:35 |  Iter-62 | MAE=9.784 | MAPE=8.30%
23:11:11 |  Iter-63 | MAE=20.555 | MAPE=14.35%
23:16:24 |  Iter-64 | MAE=20.761 | MAPE=16.89%
23:18:59 |  Iter-65 | MAE=2.640 | MAPE=2.25%
23:21:00 |  Iter-66 | MAE=12.484 | MAPE=9.17%
23:23:01 |  Iter-67 | MAE=4.537 | MAPE=3.20%
23:25:42 |  Iter-68 | MAE=10.655 | MAPE=7.27%
23:28:07 |  Iter-69 | MAE=0.290 | MAPE=0.21%
23:30:44 |  Iter-70 | MAE=1.453 | MAPE=1.01%
23:35:43 |  Iter-71 | MAE=11.395 | MAPE=7.19%
23:37:58 |  Iter-72 | MAE=1.862 | MAPE=1.19%
23:40:35 |  Iter-73 | MAE=3.535 | MAPE=2.16%
23:42:59 |  Iter-74 | MAE=20.107 | MAPE=13.91%
23:46:58 |  Iter-75 | MAE=24.709 | MAPE=18.54%
23:49:14 |  Iter-76 | MAE=8.551 | MAPE=6.59%
23:51:40 |  Iter-77 | MAE=4.126 | MAPE=3.11%
23:53:56 |  Iter-78 | MAE=7.329 | MAPE=5.09%
23:56:32 |  Iter-79 | MAE=4.694 | MAPE=3.30%
23:59:09 |  Iter-80 | MAE=4.843 | MAPE=3.47%
00:01:54 |  Iter-81 | MAE=7.386 | MAPE=4.99%
00:04:18 |  Iter-82 | MAE=4.139 | MAPE=2.85%
00:07:01 |  Iter-83 | MAE=2.529 | MAPE=1.77%
00:09:32 |  Iter-84 | MAE=28.337 | MAPE=23.08%
00:11:44 |  Iter-85 | MAE=10.363 | MAPE=7.81%
00:14:13 |  Iter-86 | MAE=2.080 | MAPE=1.60%
00:16:36 |  Iter-87 | MAE=0.810 | MAPE=0.63%
00:19:51 |  Iter-88 | MAE=7.218 | MAPE=5.69%
00:22:27 |  Iter-89 | MAE=3.564 | MAPE=2.92%
00:24:52 |  Iter-90 | MAE=2.568 | MAPE=2.11%
00:28:25 |  Iter-91 | MAE=2.139 | MAPE=1.70%
00:30:33 |  Iter-92 | MAE=2.772 | MAPE=2.28%
00:33:02 |  Iter-93 | MAE=2.771 | MAPE=2.29%
00:35:48 |  Iter-94 | MAE=4.324 | MAPE=3.43%
00:38:05 |  Iter-95 | MAE=1.217 | MAPE=0.95%
00:40:20 |  Iter-96 | MAE=1.320 | MAPE=1.05%
00:42:45 |  Iter-97 | MAE=3.429 | MAPE=2.64%
00:46:30 |  Iter-98 | MAE=2.315 | MAPE=1.79%
00:49:02 |  Iter-99 | MAE=0.361 | MAPE=0.27%
00:52:09 |  Iter-100 | MAE=0.512 | MAPE=0.38%
00:52:09 | 
 OVERALL: MAE=3.534, MAPE=3.04%, R2=0.9543 (21623.6s)
00:52:09 | Saved model checkpoint: /data/quyhv/oil_forecast_tail_risk/results_v4/walkforward/MambaFormer/XANG_H1_seed123/model_checkpoint.pth
00:52:09 | Saved processor/scaler: /data/quyhv/oil_forecast_tail_risk/results_v4/walkforward/MambaFormer/XANG_H1_seed123/processor.pkl
