01:43:48 | ================================================================================
01:43:48 |  MambaFormer | XANG | H7 | walkforward | seed=777
01:43:48 | ================================================================================
01:43:48 | Data: 4513 rows | Features: 16
01:46:27 |  Iter-01 | MAE=0.781 | MAPE=1.01%
01:48:39 |  Iter-02 | MAE=1.181 | MAPE=1.54%
01:50:59 |  Iter-03 | MAE=4.139 | MAPE=5.12%
01:53:29 |  Iter-04 | MAE=1.098 | MAPE=1.37%
01:56:04 |  Iter-05 | MAE=0.756 | MAPE=0.93%
01:58:49 |  Iter-06 | MAE=1.357 | MAPE=1.73%
02:01:31 |  Iter-07 | MAE=1.133 | MAPE=1.42%
02:04:18 |  Iter-08 | MAE=1.712 | MAPE=2.28%
02:06:54 |  Iter-09 | MAE=0.702 | MAPE=0.96%
02:09:24 |  Iter-10 | MAE=0.856 | MAPE=1.20%
02:12:02 |  Iter-11 | MAE=1.748 | MAPE=2.41%
02:14:49 |  Iter-12 | MAE=1.130 | MAPE=1.56%
02:17:46 |  Iter-13 | MAE=1.487 | MAPE=2.01%
02:21:06 |  Iter-14 | MAE=1.944 | MAPE=2.59%
02:23:28 |  Iter-15 | MAE=4.416 | MAPE=5.59%
02:26:18 |  Iter-16 | MAE=16.322 | MAPE=15.46%
02:29:22 |  Iter-17 | MAE=17.668 | MAPE=12.39%
02:32:13 |  Iter-18 | MAE=11.560 | MAPE=8.14%
02:35:48 |  Iter-19 | MAE=14.381 | MAPE=10.07%
02:39:10 |  Iter-20 | MAE=9.184 | MAPE=7.35%
02:42:42 |  Iter-21 | MAE=13.770 | MAPE=10.77%
02:42:42 | 
 OVERALL: MAE=5.111, MAPE=4.57%, R2=0.8747 (3534.0s)
02:42:42 | Saved model checkpoint: /data/quyhv/oil_forecast_tail_risk/results_v4/walkforward/MambaFormer/XANG_H7_seed777/model_checkpoint.pth
02:42:42 | Saved processor/scaler: /data/quyhv/oil_forecast_tail_risk/results_v4/walkforward/MambaFormer/XANG_H7_seed777/processor.pkl
