12:49:41 | ================================================================================
12:49:41 |  MambaFormer | DAU | H1 | walkforward | seed=123
12:49:41 | ================================================================================
12:49:42 | Data: 4513 rows | Features: 16
12:56:13 |  Iter-01 | MAE=1.331 | MAPE=1.61%
13:01:30 |  Iter-02 | MAE=0.221 | MAPE=0.27%
13:06:21 |  Iter-03 | MAE=1.030 | MAPE=1.26%
13:12:45 |  Iter-04 | MAE=1.101 | MAPE=1.38%
13:19:57 |  Iter-05 | MAE=0.533 | MAPE=0.67%
13:28:51 |  Iter-06 | MAE=0.285 | MAPE=0.36%
13:34:42 |  Iter-07 | MAE=1.273 | MAPE=1.61%
13:41:14 |  Iter-08 | MAE=0.425 | MAPE=0.54%
13:46:58 |  Iter-09 | MAE=0.330 | MAPE=0.41%
13:53:45 |  Iter-10 | MAE=0.374 | MAPE=0.46%
14:01:54 |  Iter-11 | MAE=0.554 | MAPE=0.68%
14:07:36 |  Iter-12 | MAE=0.577 | MAPE=0.72%
14:13:27 |  Iter-13 | MAE=0.764 | MAPE=0.96%
14:22:42 |  Iter-14 | MAE=0.370 | MAPE=0.46%
14:28:28 |  Iter-15 | MAE=0.836 | MAPE=1.04%
14:36:26 |  Iter-16 | MAE=0.486 | MAPE=0.61%
14:43:38 |  Iter-17 | MAE=0.430 | MAPE=0.54%
14:51:33 |  Iter-18 | MAE=1.376 | MAPE=1.76%
14:56:40 |  Iter-19 | MAE=0.095 | MAPE=0.12%
15:03:25 |  Iter-20 | MAE=1.912 | MAPE=2.47%
15:08:35 |  Iter-21 | MAE=0.450 | MAPE=0.58%
15:15:06 |  Iter-22 | MAE=1.447 | MAPE=1.82%
15:21:06 |  Iter-23 | MAE=0.836 | MAPE=1.05%
15:27:39 |  Iter-24 | MAE=1.201 | MAPE=1.48%
15:33:47 |  Iter-25 | MAE=0.324 | MAPE=0.39%
15:40:17 |  Iter-26 | MAE=2.135 | MAPE=2.61%
15:46:32 |  Iter-27 | MAE=1.207 | MAPE=1.48%
15:52:46 |  Iter-28 | MAE=0.516 | MAPE=0.63%
15:57:28 |  Iter-29 | MAE=0.574 | MAPE=0.70%
16:02:50 |  Iter-30 | MAE=1.115 | MAPE=1.33%
16:08:52 |  Iter-31 | MAE=1.723 | MAPE=2.02%
16:14:07 |  Iter-32 | MAE=0.963 | MAPE=1.14%
16:19:27 |  Iter-33 | MAE=0.908 | MAPE=1.06%
16:24:23 |  Iter-34 | MAE=1.054 | MAPE=1.25%
16:31:11 |  Iter-35 | MAE=2.116 | MAPE=2.44%
16:39:00 |  Iter-36 | MAE=0.910 | MAPE=1.03%
16:44:02 |  Iter-37 | MAE=0.389 | MAPE=0.44%
16:50:12 |  Iter-38 | MAE=2.522 | MAPE=2.90%
16:55:38 |  Iter-39 | MAE=1.787 | MAPE=2.07%
17:00:06 |  Iter-40 | MAE=0.699 | MAPE=0.80%
17:06:23 |  Iter-41 | MAE=0.339 | MAPE=0.39%
17:11:37 |  Iter-42 | MAE=1.583 | MAPE=1.78%
17:16:10 |  Iter-43 | MAE=1.491 | MAPE=1.71%
17:21:22 |  Iter-44 | MAE=0.322 | MAPE=0.37%
17:28:25 |  Iter-45 | MAE=0.098 | MAPE=0.11%
17:32:44 |  Iter-46 | MAE=0.115 | MAPE=0.13%
17:38:46 |  Iter-47 | MAE=0.814 | MAPE=0.94%
17:45:15 |  Iter-48 | MAE=0.573 | MAPE=0.66%
17:51:29 |  Iter-49 | MAE=0.697 | MAPE=0.81%
17:55:51 |  Iter-50 | MAE=0.789 | MAPE=0.91%
18:02:39 |  Iter-51 | MAE=3.062 | MAPE=3.35%
18:09:21 |  Iter-52 | MAE=0.426 | MAPE=0.46%
18:13:43 |  Iter-53 | MAE=0.786 | MAPE=0.86%
18:19:44 |  Iter-54 | MAE=1.105 | MAPE=1.20%
18:26:51 |  Iter-55 | MAE=1.062 | MAPE=1.15%
18:32:08 |  Iter-56 | MAE=0.943 | MAPE=1.02%
18:37:04 |  Iter-57 | MAE=0.175 | MAPE=0.19%
18:43:00 |  Iter-58 | MAE=22.370 | MAPE=19.48%
18:50:25 |  Iter-59 | MAE=11.404 | MAPE=9.08%
18:55:09 |  Iter-60 | MAE=15.631 | MAPE=10.92%
19:00:07 |  Iter-61 | MAE=19.661 | MAPE=12.88%
19:04:10 |  Iter-62 | MAE=1.742 | MAPE=1.13%
19:11:38 |  Iter-63 | MAE=49.397 | MAPE=26.71%
19:16:04 |  Iter-64 | MAE=17.421 | MAPE=10.83%
19:20:23 |  Iter-65 | MAE=9.705 | MAPE=5.91%
19:26:08 |  Iter-66 | MAE=28.398 | MAPE=14.64%
19:30:59 |  Iter-67 | MAE=5.811 | MAPE=3.03%
19:34:40 |  Iter-68 | MAE=4.737 | MAPE=2.49%
19:40:09 |  Iter-69 | MAE=10.573 | MAPE=5.35%
19:45:44 |  Iter-70 | MAE=16.678 | MAPE=8.41%
19:49:50 |  Iter-71 | MAE=23.290 | MAPE=10.40%
19:55:47 |  Iter-72 | MAE=10.927 | MAPE=4.91%
20:00:28 |  Iter-73 | MAE=18.250 | MAPE=7.53%
20:06:25 |  Iter-74 | MAE=1.261 | MAPE=0.58%
20:12:02 |  Iter-75 | MAE=28.580 | MAPE=13.93%
20:16:07 |  Iter-76 | MAE=10.550 | MAPE=4.88%
20:21:51 |  Iter-77 | MAE=16.399 | MAPE=6.91%
20:26:25 |  Iter-78 | MAE=10.274 | MAPE=4.08%
20:30:18 |  Iter-79 | MAE=17.351 | MAPE=7.28%
20:34:12 |  Iter-80 | MAE=4.026 | MAPE=1.64%
20:39:02 |  Iter-81 | MAE=45.517 | MAPE=15.57%
20:43:52 |  Iter-82 | MAE=22.905 | MAPE=8.56%
20:48:21 |  Iter-83 | MAE=23.835 | MAPE=9.83%
20:52:50 |  Iter-84 | MAE=62.204 | MAPE=32.61%
20:58:18 |  Iter-85 | MAE=24.867 | MAPE=12.41%
21:03:40 |  Iter-86 | MAE=2.295 | MAPE=1.25%
21:10:43 |  Iter-87 | MAE=9.027 | MAPE=4.79%
21:15:15 |  Iter-88 | MAE=2.339 | MAPE=1.25%
21:19:52 |  Iter-89 | MAE=14.816 | MAPE=8.94%
21:25:09 |  Iter-90 | MAE=2.352 | MAPE=1.47%
21:28:46 |  Iter-91 | MAE=2.900 | MAPE=1.80%
21:35:55 |  Iter-92 | MAE=16.534 | MAPE=11.19%
21:39:58 |  Iter-93 | MAE=6.929 | MAPE=4.78%
21:43:56 |  Iter-94 | MAE=17.837 | MAPE=11.14%
21:48:49 |  Iter-95 | MAE=0.600 | MAPE=0.38%
21:53:43 |  Iter-96 | MAE=3.585 | MAPE=2.16%
21:57:43 |  Iter-97 | MAE=0.217 | MAPE=0.13%
22:01:18 |  Iter-98 | MAE=8.296 | MAPE=5.17%
22:06:33 |  Iter-99 | MAE=0.547 | MAPE=0.34%
22:12:08 |  Iter-100 | MAE=5.360 | MAPE=3.12%
22:12:08 | 
 OVERALL: MAE=6.790, MAPE=3.91%, R2=0.9506 (33747.9s)
22:12:08 | Saved model checkpoint: /data/quyhv/oil_forecast_tail_risk/results_v4/walkforward/MambaFormer/DAU_H1_seed123/model_checkpoint.pth
22:12:08 | Saved processor/scaler: /data/quyhv/oil_forecast_tail_risk/results_v4/walkforward/MambaFormer/DAU_H1_seed123/processor.pkl
