08:44:15 | ================================================================================
08:44:15 |  MambaFormer | XANG | H60 | walkforward | seed=9999
08:44:15 | ================================================================================
08:44:15 | Data: 4513 rows | Features: 19
09:01:37 |  Iter-01 | MAE=17.061 | MAPE=17.23%
09:19:02 |  Iter-02 | MAE=8.729 | MAPE=8.47%
09:36:38 |  Iter-03 | MAE=13.241 | MAPE=13.20%
09:55:04 |  Iter-04 | MAE=5.135 | MAPE=5.56%
10:13:30 |  Iter-05 | MAE=5.249 | MAPE=5.64%
10:31:54 |  Iter-06 | MAE=6.303 | MAPE=6.83%
10:50:18 |  Iter-07 | MAE=2.120 | MAPE=2.45%
11:09:51 |  Iter-08 | MAE=2.505 | MAPE=2.99%
11:29:43 |  Iter-09 | MAE=3.341 | MAPE=4.01%
11:50:05 |  Iter-10 | MAE=5.608 | MAPE=6.76%
12:11:16 |  Iter-11 | MAE=3.116 | MAPE=3.77%
12:32:43 |  Iter-12 | MAE=8.662 | MAPE=10.27%
12:54:02 |  Iter-13 | MAE=2.523 | MAPE=2.97%
13:15:16 |  Iter-14 | MAE=3.354 | MAPE=4.14%
13:36:33 |  Iter-15 | MAE=3.465 | MAPE=4.47%
13:58:06 |  Iter-16 | MAE=2.973 | MAPE=3.78%
14:19:43 |  Iter-17 | MAE=5.092 | MAPE=6.40%
14:41:25 |  Iter-18 | MAE=7.102 | MAPE=8.85%
15:03:24 |  Iter-19 | MAE=5.381 | MAPE=6.67%
15:25:30 |  Iter-20 | MAE=4.906 | MAPE=6.13%
15:46:58 |  Iter-21 | MAE=7.303 | MAPE=9.18%
16:08:05 |  Iter-22 | MAE=2.709 | MAPE=3.37%
16:29:29 |  Iter-23 | MAE=3.101 | MAPE=3.91%
16:50:56 |  Iter-24 | MAE=3.797 | MAPE=4.79%
17:12:25 |  Iter-25 | MAE=3.467 | MAPE=4.65%
17:33:55 |  Iter-26 | MAE=4.173 | MAPE=5.24%
17:55:52 |  Iter-27 | MAE=30.293 | MAPE=24.55%
18:17:23 |  Iter-28 | MAE=45.072 | MAPE=34.22%
18:17:23 | 
 OVERALL: MAE=7.706, MAPE=7.87%, R2=-0.3028 (34388.6s)
18:17:23 | Saved model checkpoint: /data/quyhv/oil_forecast_tail_risk/results_v4/walkforward/MambaFormer/XANG_H60_seed9999/model_checkpoint.pth
18:17:23 | Saved processor/scaler: /data/quyhv/oil_forecast_tail_risk/results_v4/walkforward/MambaFormer/XANG_H60_seed9999/processor.pkl
