11:31:29 | ================================================================================
11:31:29 |  MambaFormer | XANG | H60 | walkforward | seed=9999
11:31:29 | ================================================================================
11:31:29 | Data: 4513 rows | Features: 19
11:51:13 |  Iter-01 | MAE=17.061 | MAPE=17.23%
12:11:30 |  Iter-02 | MAE=8.729 | MAPE=8.47%
12:31:50 |  Iter-03 | MAE=13.241 | MAPE=13.20%
12:52:17 |  Iter-04 | MAE=5.135 | MAPE=5.56%
13:12:42 |  Iter-05 | MAE=5.249 | MAPE=5.64%
13:33:09 |  Iter-06 | MAE=6.303 | MAPE=6.83%
13:53:37 |  Iter-07 | MAE=2.120 | MAPE=2.45%
14:14:23 |  Iter-08 | MAE=2.505 | MAPE=2.99%
14:35:10 |  Iter-09 | MAE=3.341 | MAPE=4.01%
14:56:01 |  Iter-10 | MAE=5.608 | MAPE=6.76%
15:16:55 |  Iter-11 | MAE=3.116 | MAPE=3.77%
15:37:57 |  Iter-12 | MAE=8.662 | MAPE=10.27%
15:58:11 |  Iter-13 | MAE=2.523 | MAPE=2.97%
16:18:26 |  Iter-14 | MAE=3.354 | MAPE=4.14%
16:38:46 |  Iter-15 | MAE=3.465 | MAPE=4.47%
16:59:23 |  Iter-16 | MAE=2.973 | MAPE=3.78%
17:20:02 |  Iter-17 | MAE=5.092 | MAPE=6.40%
17:40:50 |  Iter-18 | MAE=7.102 | MAPE=8.85%
18:01:30 |  Iter-19 | MAE=5.381 | MAPE=6.67%
18:21:52 |  Iter-20 | MAE=4.906 | MAPE=6.13%
18:41:10 |  Iter-21 | MAE=7.303 | MAPE=9.18%
19:00:44 |  Iter-22 | MAE=2.709 | MAPE=3.37%
19:20:59 |  Iter-23 | MAE=3.101 | MAPE=3.91%
19:41:51 |  Iter-24 | MAE=3.797 | MAPE=4.79%
20:02:18 |  Iter-25 | MAE=3.467 | MAPE=4.65%
20:22:29 |  Iter-26 | MAE=4.173 | MAPE=5.24%
20:42:16 |  Iter-27 | MAE=30.293 | MAPE=24.55%
21:01:57 |  Iter-28 | MAE=45.072 | MAPE=34.22%
21:01:57 | 
 OVERALL: MAE=7.706, MAPE=7.87%, R2=-0.3028 (34228.0s)
21:01:57 | Saved model checkpoint: /data/quyhv/oil_forecast_tail_risk/results_v4/walkforward/MambaFormer/XANG_H60_seed9999/model_checkpoint.pth
21:01:57 | Saved processor/scaler: /data/quyhv/oil_forecast_tail_risk/results_v4/walkforward/MambaFormer/XANG_H60_seed9999/processor.pkl
