15:17:36 | ================================================================================
15:17:36 |  MambaFormer | XANG | H10 | walkforward | seed=2025
15:17:36 | ================================================================================
15:17:36 | Data: 4513 rows | Features: 14
15:20:18 |  Iter-01 | MAE=3.092 | MAPE=3.89%
15:23:01 |  Iter-02 | MAE=1.953 | MAPE=2.50%
15:25:44 |  Iter-03 | MAE=1.027 | MAPE=1.30%
15:28:28 |  Iter-04 | MAE=1.504 | MAPE=1.88%
15:31:12 |  Iter-05 | MAE=1.344 | MAPE=1.66%
15:33:56 |  Iter-06 | MAE=2.361 | MAPE=2.92%
15:36:41 |  Iter-07 | MAE=1.144 | MAPE=1.42%
15:39:24 |  Iter-08 | MAE=1.232 | MAPE=1.53%
15:42:09 |  Iter-09 | MAE=3.129 | MAPE=3.96%
15:44:52 |  Iter-10 | MAE=1.597 | MAPE=2.04%
15:47:35 |  Iter-11 | MAE=0.903 | MAPE=1.17%
15:50:18 |  Iter-12 | MAE=1.246 | MAPE=1.63%
15:53:02 |  Iter-13 | MAE=2.158 | MAPE=2.69%
15:55:48 |  Iter-14 | MAE=3.678 | MAPE=4.56%
15:58:36 |  Iter-15 | MAE=0.943 | MAPE=1.16%
16:01:25 |  Iter-16 | MAE=1.691 | MAPE=2.07%
16:04:15 |  Iter-17 | MAE=2.833 | MAPE=3.61%
16:07:05 |  Iter-18 | MAE=1.417 | MAPE=1.80%
16:09:55 |  Iter-19 | MAE=0.934 | MAPE=1.17%
16:12:44 |  Iter-20 | MAE=1.679 | MAPE=2.20%
16:15:34 |  Iter-21 | MAE=3.108 | MAPE=4.18%
16:18:24 |  Iter-22 | MAE=0.958 | MAPE=1.32%
16:21:14 |  Iter-23 | MAE=1.484 | MAPE=2.08%
16:24:04 |  Iter-24 | MAE=0.982 | MAPE=1.38%
16:26:54 |  Iter-25 | MAE=1.999 | MAPE=2.76%
16:29:44 |  Iter-26 | MAE=0.697 | MAPE=0.96%
16:32:35 |  Iter-27 | MAE=1.039 | MAPE=1.42%
16:35:25 |  Iter-28 | MAE=1.631 | MAPE=2.17%
16:38:17 |  Iter-29 | MAE=1.510 | MAPE=1.99%
16:41:10 |  Iter-30 | MAE=2.987 | MAPE=3.94%
16:44:01 |  Iter-31 | MAE=11.758 | MAPE=13.11%
16:46:46 |  Iter-32 | MAE=26.377 | MAPE=22.22%
16:49:31 |  Iter-33 | MAE=25.348 | MAPE=18.28%
16:52:15 |  Iter-34 | MAE=24.945 | MAPE=16.60%
16:55:06 |  Iter-35 | MAE=12.285 | MAPE=8.46%
16:57:51 |  Iter-36 | MAE=6.185 | MAPE=4.64%
17:00:47 |  Iter-37 | MAE=14.677 | MAPE=11.47%
17:03:32 |  Iter-38 | MAE=12.491 | MAPE=10.10%
17:06:18 |  Iter-39 | MAE=6.240 | MAPE=4.81%
17:06:18 | 
 OVERALL: MAE=4.938, MAPE=4.54%, R2=0.8277 (6522.5s)
17:06:18 | Saved model checkpoint: /data/quyhv/oil_forecast_tail_risk/results_v4/walkforward/MambaFormer/XANG_H10_seed2025/model_checkpoint.pth
17:06:18 | Saved processor/scaler: /data/quyhv/oil_forecast_tail_risk/results_v4/walkforward/MambaFormer/XANG_H10_seed2025/processor.pkl
