10:05:23 | ================================================================================
10:05:23 |  MambaFormer | XANG | H60 | walkforward | seed=123
10:05:23 | ================================================================================
10:05:23 | Data: 4513 rows | Features: 19
10:22:59 |  Iter-01 | MAE=14.434 | MAPE=14.50%
10:40:37 |  Iter-02 | MAE=15.158 | MAPE=14.80%
10:58:28 |  Iter-03 | MAE=11.141 | MAPE=11.04%
11:17:51 |  Iter-04 | MAE=6.487 | MAPE=7.06%
11:37:41 |  Iter-05 | MAE=6.176 | MAPE=6.72%
11:57:51 |  Iter-06 | MAE=8.684 | MAPE=9.46%
12:18:29 |  Iter-07 | MAE=3.058 | MAPE=3.62%
12:39:48 |  Iter-08 | MAE=4.231 | MAPE=5.17%
13:01:11 |  Iter-09 | MAE=2.878 | MAPE=3.52%
13:22:09 |  Iter-10 | MAE=4.538 | MAPE=5.47%
13:42:59 |  Iter-11 | MAE=5.748 | MAPE=6.94%
14:04:05 |  Iter-12 | MAE=6.630 | MAPE=7.86%
14:25:38 |  Iter-13 | MAE=5.442 | MAPE=6.38%
14:47:09 |  Iter-14 | MAE=3.798 | MAPE=4.67%
15:08:59 |  Iter-15 | MAE=6.571 | MAPE=8.56%
15:31:13 |  Iter-16 | MAE=4.428 | MAPE=5.69%
15:53:34 |  Iter-17 | MAE=5.781 | MAPE=7.22%
16:15:49 |  Iter-18 | MAE=7.311 | MAPE=9.11%
16:38:16 |  Iter-19 | MAE=7.176 | MAPE=8.93%
17:00:48 |  Iter-20 | MAE=4.710 | MAPE=5.87%
17:23:10 |  Iter-21 | MAE=5.567 | MAPE=6.98%
17:45:06 |  Iter-22 | MAE=5.092 | MAPE=6.37%
18:07:30 |  Iter-23 | MAE=2.107 | MAPE=2.68%
18:29:45 |  Iter-24 | MAE=5.109 | MAPE=6.46%
18:51:48 |  Iter-25 | MAE=5.725 | MAPE=7.73%
19:13:13 |  Iter-26 | MAE=3.937 | MAPE=4.86%
19:34:57 |  Iter-27 | MAE=29.913 | MAPE=24.23%
19:56:34 |  Iter-28 | MAE=43.845 | MAPE=33.16%
19:56:34 | 
 OVERALL: MAE=8.417, MAPE=8.75%, R2=-0.3339 (35471.5s)
19:56:34 | Saved model checkpoint: /data/quyhv/oil_forecast_tail_risk/results_v4/walkforward/MambaFormer/XANG_H60_seed123/model_checkpoint.pth
19:56:34 | Saved processor/scaler: /data/quyhv/oil_forecast_tail_risk/results_v4/walkforward/MambaFormer/XANG_H60_seed123/processor.pkl
