02:36:08 | ================================================================================
02:36:08 |  MambaFormer | XANG | H20 | walkforward | seed=123
02:36:08 | ================================================================================
02:36:08 | Data: 4513 rows | Features: 14
02:45:08 |  Iter-01 | MAE=4.021 | MAPE=4.88%
02:54:14 |  Iter-02 | MAE=2.466 | MAPE=3.36%
03:03:27 |  Iter-03 | MAE=2.557 | MAPE=3.36%
03:12:41 |  Iter-04 | MAE=6.057 | MAPE=7.20%
03:21:57 |  Iter-05 | MAE=1.188 | MAPE=1.51%
03:31:20 |  Iter-06 | MAE=4.096 | MAPE=5.19%
03:40:43 |  Iter-07 | MAE=2.700 | MAPE=3.33%
03:50:07 |  Iter-08 | MAE=1.990 | MAPE=2.56%
03:59:32 |  Iter-09 | MAE=3.775 | MAPE=4.68%
04:09:05 |  Iter-10 | MAE=1.671 | MAPE=2.12%
04:18:42 |  Iter-11 | MAE=3.204 | MAPE=4.40%
04:28:14 |  Iter-12 | MAE=3.840 | MAPE=5.27%
04:37:28 |  Iter-13 | MAE=6.507 | MAPE=7.38%
04:46:47 |  Iter-14 | MAE=36.762 | MAPE=25.67%
04:58:05 |  Iter-15 | MAE=16.165 | MAPE=12.47%
04:58:05 | 
 OVERALL: MAE=6.467, MAPE=6.22%, R2=0.6302 (8516.9s)
04:58:05 | Saved model checkpoint: /data/quyhv/oil_forecast_tail_risk/results_v4/walkforward/MambaFormer/XANG_H20_seed123/model_checkpoint.pth
04:58:05 | Saved processor/scaler: /data/quyhv/oil_forecast_tail_risk/results_v4/walkforward/MambaFormer/XANG_H20_seed123/processor.pkl
