17:12:53 | ================================================================================
17:12:53 |  MambaFormer | XANG | H5 | walkforward | seed=9999
17:12:53 | ================================================================================
17:12:53 | Data: 4513 rows | Features: 16
17:15:07 |  Iter-01 | MAE=1.577 | MAPE=2.10%
17:18:11 |  Iter-02 | MAE=0.699 | MAPE=0.95%
17:20:49 |  Iter-03 | MAE=1.088 | MAPE=1.50%
17:23:09 |  Iter-04 | MAE=1.283 | MAPE=1.81%
17:26:06 |  Iter-05 | MAE=2.037 | MAPE=2.81%
17:29:44 |  Iter-06 | MAE=1.929 | MAPE=2.69%
17:32:03 |  Iter-07 | MAE=0.786 | MAPE=1.09%
17:35:01 |  Iter-08 | MAE=1.297 | MAPE=1.78%
17:38:06 |  Iter-09 | MAE=1.922 | MAPE=2.52%
17:40:27 |  Iter-10 | MAE=3.320 | MAPE=4.56%
17:43:58 |  Iter-11 | MAE=5.253 | MAPE=6.63%
17:47:48 |  Iter-12 | MAE=10.482 | MAPE=10.75%
17:50:24 |  Iter-13 | MAE=19.697 | MAPE=15.29%
17:53:53 |  Iter-14 | MAE=17.411 | MAPE=12.08%
17:57:27 |  Iter-15 | MAE=10.561 | MAPE=7.19%
17:59:56 |  Iter-16 | MAE=6.871 | MAPE=4.91%
18:02:56 |  Iter-17 | MAE=8.783 | MAPE=6.64%
18:06:05 |  Iter-18 | MAE=5.000 | MAPE=4.02%
18:09:12 |  Iter-19 | MAE=2.797 | MAPE=2.25%
18:11:43 |  Iter-20 | MAE=2.654 | MAPE=1.98%
18:11:43 | 
 OVERALL: MAE=5.272, MAPE=4.68%, R2=0.9211 (3530.0s)
18:11:43 | Saved model checkpoint: /data/quyhv/oil_forecast_tail_risk/results_v4/walkforward/MambaFormer/XANG_H5_seed9999/model_checkpoint.pth
18:11:43 | Saved processor/scaler: /data/quyhv/oil_forecast_tail_risk/results_v4/walkforward/MambaFormer/XANG_H5_seed9999/processor.pkl
