23:26:16 | ================================================================================
23:26:16 |  RLinear | XANG | H3 | walkforward | seed=123
23:26:16 | ================================================================================
23:26:17 | Data: 4513 rows | Features: 15
23:30:18 |  Iter-01 | MAE=0.450 | MAPE=0.57%
23:33:39 |  Iter-02 | MAE=2.992 | MAPE=4.01%
23:38:12 |  Iter-03 | MAE=1.056 | MAPE=1.44%
23:42:00 |  Iter-04 | MAE=0.777 | MAPE=1.05%
23:46:24 |  Iter-05 | MAE=0.072 | MAPE=0.10%
23:52:04 |  Iter-06 | MAE=0.947 | MAPE=1.32%
23:54:47 |  Iter-07 | MAE=1.055 | MAPE=1.50%
23:58:47 |  Iter-08 | MAE=0.681 | MAPE=0.94%
00:02:14 |  Iter-09 | MAE=2.512 | MAPE=3.51%
00:06:05 |  Iter-10 | MAE=0.511 | MAPE=0.71%
00:09:01 |  Iter-11 | MAE=0.622 | MAPE=0.85%
00:13:10 |  Iter-12 | MAE=1.450 | MAPE=1.98%
00:16:27 |  Iter-13 | MAE=3.127 | MAPE=4.33%
00:19:35 |  Iter-14 | MAE=1.285 | MAPE=1.73%
00:25:18 |  Iter-15 | MAE=1.786 | MAPE=2.32%
00:28:11 |  Iter-16 | MAE=3.485 | MAPE=4.77%
00:32:14 |  Iter-17 | MAE=1.610 | MAPE=2.12%
00:36:50 |  Iter-18 | MAE=2.164 | MAPE=2.72%
00:41:28 |  Iter-19 | MAE=1.172 | MAPE=1.46%
00:47:58 |  Iter-20 | MAE=15.854 | MAPE=16.20%
00:56:04 |  Iter-21 | MAE=25.527 | MAPE=19.67%
00:58:16 |  Iter-22 | MAE=13.549 | MAPE=10.91%
01:00:38 |  Iter-23 | MAE=5.734 | MAPE=4.05%
01:02:50 |  Iter-24 | MAE=6.529 | MAPE=4.17%
01:07:24 |  Iter-25 | MAE=15.872 | MAPE=11.35%
01:12:49 |  Iter-26 | MAE=8.243 | MAPE=6.21%
01:19:57 |  Iter-27 | MAE=3.688 | MAPE=2.58%
01:22:09 |  Iter-28 | MAE=13.369 | MAPE=10.42%
01:24:40 |  Iter-29 | MAE=13.662 | MAPE=10.31%
01:30:02 |  Iter-30 | MAE=8.617 | MAPE=7.00%
01:40:12 |  Iter-31 | MAE=2.565 | MAPE=2.10%
01:42:26 |  Iter-32 | MAE=5.681 | MAPE=4.45%
01:50:00 |  Iter-33 | MAE=2.646 | MAPE=2.04%
01:50:00 | 
 OVERALL: MAE=5.130, MAPE=4.51%, R2=0.9151 (8624.0s)
01:50:00 | Saved model checkpoint: /data/quyhv/oil_forecast_tail_risk/results_v4/walkforward/RLinear/XANG_H3_seed123/model_checkpoint.pth
01:50:00 | Saved processor/scaler: /data/quyhv/oil_forecast_tail_risk/results_v4/walkforward/RLinear/XANG_H3_seed123/processor.pkl
