20:45:53 | ================================================================================
20:45:53 |  RLinear | XANG | H60 | walkforward | seed=777
20:45:53 | ================================================================================
20:45:54 | Data: 4513 rows | Features: 19
20:50:34 |  Iter-01 | MAE=6.363 | MAPE=6.39%
20:55:11 |  Iter-02 | MAE=4.444 | MAPE=4.32%
20:59:48 |  Iter-03 | MAE=5.395 | MAPE=5.33%
21:04:30 |  Iter-04 | MAE=6.820 | MAPE=7.37%
21:09:12 |  Iter-05 | MAE=5.708 | MAPE=6.28%
21:13:55 |  Iter-06 | MAE=4.232 | MAPE=4.57%
21:18:37 |  Iter-07 | MAE=5.159 | MAPE=5.97%
21:23:30 |  Iter-08 | MAE=4.116 | MAPE=5.02%
21:28:17 |  Iter-09 | MAE=6.155 | MAPE=7.62%
21:33:04 |  Iter-10 | MAE=2.704 | MAPE=3.28%
21:37:51 |  Iter-11 | MAE=1.992 | MAPE=2.42%
21:42:43 |  Iter-12 | MAE=2.105 | MAPE=2.50%
21:50:56 |  Iter-13 | MAE=4.270 | MAPE=5.11%
21:55:48 |  Iter-14 | MAE=2.833 | MAPE=3.44%
22:00:40 |  Iter-15 | MAE=3.813 | MAPE=4.87%
22:06:36 |  Iter-16 | MAE=2.794 | MAPE=3.59%
22:11:31 |  Iter-17 | MAE=2.449 | MAPE=3.06%
22:16:29 |  Iter-18 | MAE=7.913 | MAPE=9.92%
22:21:33 |  Iter-19 | MAE=4.666 | MAPE=5.75%
22:26:54 |  Iter-20 | MAE=4.618 | MAPE=5.83%
22:32:39 |  Iter-21 | MAE=2.133 | MAPE=2.67%
22:37:42 |  Iter-22 | MAE=2.707 | MAPE=3.37%
22:44:45 |  Iter-23 | MAE=1.864 | MAPE=2.34%
22:50:42 |  Iter-24 | MAE=3.383 | MAPE=4.25%
22:57:26 |  Iter-25 | MAE=3.157 | MAPE=4.30%
23:05:54 |  Iter-26 | MAE=4.434 | MAPE=5.75%
23:11:08 |  Iter-27 | MAE=26.977 | MAPE=21.19%
23:16:22 |  Iter-28 | MAE=41.563 | MAPE=31.40%
23:16:22 | 
 OVERALL: MAE=6.242, MAPE=6.35%, R2=-0.0268 (9029.3s)
23:16:22 | Saved model checkpoint: /data/quyhv/oil_forecast_tail_risk/results_v4/walkforward/RLinear/XANG_H60_seed777/model_checkpoint.pth
23:16:22 | Saved processor/scaler: /data/quyhv/oil_forecast_tail_risk/results_v4/walkforward/RLinear/XANG_H60_seed777/processor.pkl
