10:40:17 | ================================================================================
10:40:17 |  RLinear | XANG | H10 | walkforward | seed=2025
10:40:17 | ================================================================================
10:40:17 | Data: 4513 rows | Features: 14
10:42:11 |  Iter-01 | MAE=2.796 | MAPE=3.52%
10:43:53 |  Iter-02 | MAE=2.070 | MAPE=2.65%
10:45:47 |  Iter-03 | MAE=0.850 | MAPE=1.07%
10:47:21 |  Iter-04 | MAE=1.317 | MAPE=1.64%
10:50:27 |  Iter-05 | MAE=0.995 | MAPE=1.23%
10:52:01 |  Iter-06 | MAE=2.432 | MAPE=3.01%
10:53:35 |  Iter-07 | MAE=1.169 | MAPE=1.46%
10:57:20 |  Iter-08 | MAE=1.433 | MAPE=1.78%
10:58:54 |  Iter-09 | MAE=2.668 | MAPE=3.38%
11:02:12 |  Iter-10 | MAE=1.757 | MAPE=2.26%
11:03:52 |  Iter-11 | MAE=1.011 | MAPE=1.31%
11:05:27 |  Iter-12 | MAE=1.153 | MAPE=1.50%
11:07:25 |  Iter-13 | MAE=2.279 | MAPE=2.84%
11:10:43 |  Iter-14 | MAE=3.644 | MAPE=4.52%
11:12:34 |  Iter-15 | MAE=0.813 | MAPE=1.01%
11:14:10 |  Iter-16 | MAE=1.382 | MAPE=1.70%
11:15:55 |  Iter-17 | MAE=3.038 | MAPE=3.88%
11:17:30 |  Iter-18 | MAE=1.369 | MAPE=1.73%
11:19:15 |  Iter-19 | MAE=1.078 | MAPE=1.34%
11:23:56 |  Iter-20 | MAE=2.047 | MAPE=2.68%
11:25:35 |  Iter-21 | MAE=3.306 | MAPE=4.45%
11:27:10 |  Iter-22 | MAE=0.906 | MAPE=1.25%
11:29:04 |  Iter-23 | MAE=1.650 | MAPE=2.31%
11:32:40 |  Iter-24 | MAE=0.921 | MAPE=1.29%
11:36:36 |  Iter-25 | MAE=3.228 | MAPE=4.48%
11:38:39 |  Iter-26 | MAE=0.770 | MAPE=1.07%
11:40:16 |  Iter-27 | MAE=1.021 | MAPE=1.40%
11:42:37 |  Iter-28 | MAE=1.651 | MAPE=2.20%
11:44:29 |  Iter-29 | MAE=1.621 | MAPE=2.15%
11:46:39 |  Iter-30 | MAE=2.731 | MAPE=3.62%
11:49:49 |  Iter-31 | MAE=12.003 | MAPE=13.39%
11:51:59 |  Iter-32 | MAE=26.408 | MAPE=22.24%
11:53:35 |  Iter-33 | MAE=31.600 | MAPE=22.78%
11:55:11 |  Iter-34 | MAE=24.958 | MAPE=16.61%
11:56:54 |  Iter-35 | MAE=12.186 | MAPE=8.59%
11:58:30 |  Iter-36 | MAE=8.388 | MAPE=5.95%
12:00:47 |  Iter-37 | MAE=15.966 | MAPE=12.60%
12:02:38 |  Iter-38 | MAE=8.352 | MAPE=6.76%
12:04:33 |  Iter-39 | MAE=7.587 | MAPE=5.83%
12:04:33 | 
 OVERALL: MAE=5.142, MAPE=4.70%, R2=0.8085 (5056.2s)
12:04:33 | Saved model checkpoint: /data/quyhv/oil_forecast_tail_risk/results_v4/walkforward/RLinear/XANG_H10_seed2025/model_checkpoint.pth
12:04:33 | Saved processor/scaler: /data/quyhv/oil_forecast_tail_risk/results_v4/walkforward/RLinear/XANG_H10_seed2025/processor.pkl
