16:02:19 | ================================================================================
16:02:19 |  RLinear | XANG | H5 | walkforward | seed=2025
16:02:19 | ================================================================================
16:02:19 | Data: 4513 rows | Features: 16
16:04:21 |  Iter-01 | MAE=1.635 | MAPE=2.18%
16:07:37 |  Iter-02 | MAE=0.732 | MAPE=1.00%
16:11:36 |  Iter-03 | MAE=0.871 | MAPE=1.20%
16:15:57 |  Iter-04 | MAE=1.204 | MAPE=1.70%
16:21:33 |  Iter-05 | MAE=2.625 | MAPE=3.62%
16:25:48 |  Iter-06 | MAE=1.649 | MAPE=2.30%
16:27:45 |  Iter-07 | MAE=0.711 | MAPE=0.98%
16:30:17 |  Iter-08 | MAE=1.320 | MAPE=1.82%
16:34:51 |  Iter-09 | MAE=1.784 | MAPE=2.33%
16:39:17 |  Iter-10 | MAE=3.990 | MAPE=5.48%
16:42:23 |  Iter-11 | MAE=4.483 | MAPE=5.65%
16:45:32 |  Iter-12 | MAE=10.322 | MAPE=10.63%
16:48:01 |  Iter-13 | MAE=22.848 | MAPE=17.88%
16:49:57 |  Iter-14 | MAE=20.231 | MAPE=14.01%
16:55:06 |  Iter-15 | MAE=10.798 | MAPE=7.28%
16:57:40 |  Iter-16 | MAE=5.224 | MAPE=3.77%
17:01:11 |  Iter-17 | MAE=8.821 | MAPE=6.70%
17:04:43 |  Iter-18 | MAE=7.782 | MAPE=6.30%
17:11:23 |  Iter-19 | MAE=3.120 | MAPE=2.49%
17:13:42 |  Iter-20 | MAE=2.268 | MAPE=1.71%
17:13:42 | 
 OVERALL: MAE=5.621, MAPE=4.95%, R2=0.9064 (4283.4s)
17:13:42 | Saved model checkpoint: /data/quyhv/oil_forecast_tail_risk/results_v4/walkforward/RLinear/XANG_H5_seed2025/model_checkpoint.pth
17:13:42 | Saved processor/scaler: /data/quyhv/oil_forecast_tail_risk/results_v4/walkforward/RLinear/XANG_H5_seed2025/processor.pkl
