17:29:16 | ================================================================================
17:29:16 |  RLinear | DAU | H1 | walkforward | seed=777
17:29:16 | ================================================================================
17:29:16 | Data: 4513 rows | Features: 16
17:43:42 |  Iter-01 | MAE=1.817 | MAPE=2.20%
17:58:57 |  Iter-02 | MAE=0.069 | MAPE=0.08%
18:12:53 |  Iter-03 | MAE=1.029 | MAPE=1.26%
18:24:39 |  Iter-04 | MAE=1.093 | MAPE=1.37%
18:35:41 |  Iter-05 | MAE=0.266 | MAPE=0.34%
18:44:07 |  Iter-06 | MAE=0.125 | MAPE=0.16%
18:56:39 |  Iter-07 | MAE=1.592 | MAPE=2.02%
19:06:10 |  Iter-08 | MAE=0.368 | MAPE=0.46%
19:20:07 |  Iter-09 | MAE=0.545 | MAPE=0.68%
19:31:14 |  Iter-10 | MAE=0.830 | MAPE=1.02%
19:51:33 |  Iter-11 | MAE=0.105 | MAPE=0.13%
20:09:36 |  Iter-12 | MAE=0.253 | MAPE=0.31%
20:17:50 |  Iter-13 | MAE=0.047 | MAPE=0.06%
20:25:04 |  Iter-14 | MAE=0.256 | MAPE=0.32%
20:34:49 |  Iter-15 | MAE=0.785 | MAPE=0.98%
20:48:39 |  Iter-16 | MAE=0.693 | MAPE=0.86%
20:58:23 |  Iter-17 | MAE=0.545 | MAPE=0.69%
21:08:01 |  Iter-18 | MAE=1.376 | MAPE=1.76%
21:20:25 |  Iter-19 | MAE=0.264 | MAPE=0.33%
21:33:56 |  Iter-20 | MAE=1.253 | MAPE=1.62%
21:44:50 |  Iter-21 | MAE=0.548 | MAPE=0.71%
21:58:14 |  Iter-22 | MAE=1.400 | MAPE=1.76%
22:07:06 |  Iter-23 | MAE=0.951 | MAPE=1.19%
22:18:53 |  Iter-24 | MAE=1.144 | MAPE=1.41%
22:30:53 |  Iter-25 | MAE=0.723 | MAPE=0.88%
22:45:10 |  Iter-26 | MAE=1.276 | MAPE=1.56%
22:54:09 |  Iter-27 | MAE=2.168 | MAPE=2.66%
23:02:35 |  Iter-28 | MAE=0.220 | MAPE=0.27%
23:11:27 |  Iter-29 | MAE=0.245 | MAPE=0.30%
23:22:26 |  Iter-30 | MAE=0.612 | MAPE=0.73%
23:40:49 |  Iter-31 | MAE=1.708 | MAPE=2.00%
23:48:10 |  Iter-32 | MAE=1.017 | MAPE=1.21%
00:06:11 |  Iter-33 | MAE=0.591 | MAPE=0.69%
00:22:41 |  Iter-34 | MAE=1.461 | MAPE=1.74%
00:35:45 |  Iter-35 | MAE=0.757 | MAPE=0.87%
00:50:08 |  Iter-36 | MAE=1.938 | MAPE=2.19%
01:03:12 |  Iter-37 | MAE=0.797 | MAPE=0.90%
01:23:00 |  Iter-38 | MAE=1.706 | MAPE=1.96%
01:33:17 |  Iter-39 | MAE=1.338 | MAPE=1.55%
01:48:12 |  Iter-40 | MAE=0.762 | MAPE=0.87%
02:01:23 |  Iter-41 | MAE=0.077 | MAPE=0.09%
02:07:53 |  Iter-42 | MAE=2.188 | MAPE=2.46%
02:16:43 |  Iter-43 | MAE=1.139 | MAPE=1.30%
02:30:39 |  Iter-44 | MAE=0.128 | MAPE=0.15%
02:43:16 |  Iter-45 | MAE=1.338 | MAPE=1.50%
02:56:09 |  Iter-46 | MAE=0.169 | MAPE=0.19%
03:12:12 |  Iter-47 | MAE=1.025 | MAPE=1.18%
03:28:06 |  Iter-48 | MAE=0.733 | MAPE=0.85%
03:34:21 |  Iter-49 | MAE=0.514 | MAPE=0.60%
03:43:50 |  Iter-50 | MAE=0.735 | MAPE=0.85%
03:52:55 |  Iter-51 | MAE=3.530 | MAPE=3.87%
03:58:24 |  Iter-52 | MAE=0.623 | MAPE=0.67%
04:12:00 |  Iter-53 | MAE=1.127 | MAPE=1.23%
04:18:15 |  Iter-54 | MAE=0.715 | MAPE=0.77%
04:25:04 |  Iter-55 | MAE=0.658 | MAPE=0.71%
04:35:19 |  Iter-56 | MAE=0.708 | MAPE=0.77%
04:52:03 |  Iter-57 | MAE=0.610 | MAPE=0.66%
05:05:25 |  Iter-58 | MAE=21.661 | MAPE=18.86%
05:22:25 |  Iter-59 | MAE=12.244 | MAPE=9.75%
05:37:27 |  Iter-60 | MAE=18.040 | MAPE=12.61%
05:52:02 |  Iter-61 | MAE=14.878 | MAPE=9.75%
06:05:39 |  Iter-62 | MAE=1.260 | MAPE=0.81%
06:11:01 |  Iter-63 | MAE=19.886 | MAPE=10.76%
06:23:31 |  Iter-64 | MAE=26.383 | MAPE=16.40%
06:29:01 |  Iter-65 | MAE=8.997 | MAPE=5.48%
06:39:26 |  Iter-66 | MAE=27.793 | MAPE=14.33%
06:44:24 |  Iter-67 | MAE=9.124 | MAPE=4.75%
06:55:01 |  Iter-68 | MAE=5.215 | MAPE=2.74%
07:01:49 |  Iter-69 | MAE=10.177 | MAPE=5.15%
07:08:11 |  Iter-70 | MAE=2.576 | MAPE=1.30%
07:19:41 |  Iter-71 | MAE=23.391 | MAPE=10.44%
07:30:19 |  Iter-72 | MAE=5.032 | MAPE=2.26%
07:36:08 |  Iter-73 | MAE=17.384 | MAPE=7.17%
07:44:09 |  Iter-74 | MAE=14.725 | MAPE=6.71%
07:49:57 |  Iter-75 | MAE=18.547 | MAPE=9.04%
07:59:56 |  Iter-76 | MAE=6.882 | MAPE=3.19%
08:08:22 |  Iter-77 | MAE=17.999 | MAPE=7.58%
08:16:03 |  Iter-78 | MAE=11.413 | MAPE=4.54%
08:29:38 |  Iter-79 | MAE=18.880 | MAPE=7.92%
08:37:52 |  Iter-80 | MAE=5.733 | MAPE=2.33%
08:47:31 |  Iter-81 | MAE=46.127 | MAPE=15.78%
08:52:29 |  Iter-82 | MAE=26.027 | MAPE=9.72%
08:58:33 |  Iter-83 | MAE=24.483 | MAPE=10.10%
09:03:29 |  Iter-84 | MAE=54.807 | MAPE=28.70%
09:07:33 |  Iter-85 | MAE=11.463 | MAPE=5.79%
09:14:21 |  Iter-86 | MAE=0.388 | MAPE=0.20%
09:21:33 |  Iter-87 | MAE=5.843 | MAPE=3.10%
09:28:34 |  Iter-88 | MAE=13.650 | MAPE=7.54%
09:35:48 |  Iter-89 | MAE=9.572 | MAPE=5.75%
09:43:36 |  Iter-90 | MAE=2.775 | MAPE=1.67%
09:50:12 |  Iter-91 | MAE=5.849 | MAPE=3.60%
09:54:55 |  Iter-92 | MAE=3.744 | MAPE=2.57%
10:01:56 |  Iter-93 | MAE=8.255 | MAPE=5.64%
10:09:16 |  Iter-94 | MAE=11.738 | MAPE=7.34%
10:17:23 |  Iter-95 | MAE=2.212 | MAPE=1.37%
10:25:56 |  Iter-96 | MAE=0.484 | MAPE=0.30%
10:34:59 |  Iter-97 | MAE=1.516 | MAPE=0.92%
10:40:31 |  Iter-98 | MAE=8.172 | MAPE=5.10%
10:48:31 |  Iter-99 | MAE=1.314 | MAPE=0.79%
10:56:18 |  Iter-100 | MAE=5.404 | MAPE=3.13%
10:56:18 | 
 OVERALL: MAE=6.127, MAPE=3.53%, R2=0.9618 (62823.0s)
10:56:18 | Saved model checkpoint: /data/quyhv/oil_forecast_tail_risk/results_v4/walkforward/RLinear/DAU_H1_seed777/model_checkpoint.pth
10:56:18 | Saved processor/scaler: /data/quyhv/oil_forecast_tail_risk/results_v4/walkforward/RLinear/DAU_H1_seed777/processor.pkl
