17:29:56 | ================================================================================
17:29:56 |  RLinear | DAU | H1 | walkforward | seed=123
17:29:56 | ================================================================================
17:29:56 | Data: 4513 rows | Features: 16
17:40:32 |  Iter-01 | MAE=1.373 | MAPE=1.67%
17:55:44 |  Iter-02 | MAE=0.441 | MAPE=0.53%
18:07:58 |  Iter-03 | MAE=0.967 | MAPE=1.19%
18:24:45 |  Iter-04 | MAE=1.118 | MAPE=1.40%
18:36:01 |  Iter-05 | MAE=0.196 | MAPE=0.25%
18:43:29 |  Iter-06 | MAE=0.096 | MAPE=0.12%
18:52:23 |  Iter-07 | MAE=1.409 | MAPE=1.79%
19:02:41 |  Iter-08 | MAE=0.466 | MAPE=0.59%
19:16:01 |  Iter-09 | MAE=0.567 | MAPE=0.71%
19:24:54 |  Iter-10 | MAE=0.529 | MAPE=0.65%
19:38:01 |  Iter-11 | MAE=0.034 | MAPE=0.04%
19:47:53 |  Iter-12 | MAE=0.419 | MAPE=0.52%
20:03:56 |  Iter-13 | MAE=0.165 | MAPE=0.21%
20:16:44 |  Iter-14 | MAE=0.161 | MAPE=0.20%
20:30:56 |  Iter-15 | MAE=0.959 | MAPE=1.19%
20:45:08 |  Iter-16 | MAE=0.705 | MAPE=0.88%
20:59:08 |  Iter-17 | MAE=0.591 | MAPE=0.74%
21:09:39 |  Iter-18 | MAE=1.308 | MAPE=1.68%
21:18:44 |  Iter-19 | MAE=0.175 | MAPE=0.22%
21:32:44 |  Iter-20 | MAE=1.359 | MAPE=1.76%
21:44:20 |  Iter-21 | MAE=0.348 | MAPE=0.45%
21:52:48 |  Iter-22 | MAE=1.262 | MAPE=1.59%
22:05:16 |  Iter-23 | MAE=0.918 | MAPE=1.15%
22:12:00 |  Iter-24 | MAE=0.874 | MAPE=1.07%
22:26:19 |  Iter-25 | MAE=0.744 | MAPE=0.90%
22:37:51 |  Iter-26 | MAE=1.173 | MAPE=1.43%
22:51:58 |  Iter-27 | MAE=1.670 | MAPE=2.04%
23:03:54 |  Iter-28 | MAE=0.522 | MAPE=0.64%
23:16:23 |  Iter-29 | MAE=0.612 | MAPE=0.74%
23:31:59 |  Iter-30 | MAE=0.993 | MAPE=1.18%
23:39:49 |  Iter-31 | MAE=2.007 | MAPE=2.35%
23:49:41 |  Iter-32 | MAE=0.952 | MAPE=1.13%
00:06:55 |  Iter-33 | MAE=1.150 | MAPE=1.34%
00:17:28 |  Iter-34 | MAE=1.344 | MAPE=1.60%
00:34:56 |  Iter-35 | MAE=1.117 | MAPE=1.29%
00:52:23 |  Iter-36 | MAE=1.711 | MAPE=1.93%
01:03:47 |  Iter-37 | MAE=0.726 | MAPE=0.82%
01:17:48 |  Iter-38 | MAE=1.657 | MAPE=1.91%
01:25:22 |  Iter-39 | MAE=1.809 | MAPE=2.10%
01:32:26 |  Iter-40 | MAE=0.518 | MAPE=0.59%
01:42:58 |  Iter-41 | MAE=0.941 | MAPE=1.07%
01:53:50 |  Iter-42 | MAE=2.445 | MAPE=2.75%
02:01:00 |  Iter-43 | MAE=1.869 | MAPE=2.14%
02:11:56 |  Iter-44 | MAE=0.155 | MAPE=0.18%
02:23:58 |  Iter-45 | MAE=1.364 | MAPE=1.53%
02:40:56 |  Iter-46 | MAE=0.364 | MAPE=0.41%
02:49:31 |  Iter-47 | MAE=0.185 | MAPE=0.21%
03:00:21 |  Iter-48 | MAE=0.823 | MAPE=0.95%
03:10:15 |  Iter-49 | MAE=0.286 | MAPE=0.33%
03:22:49 |  Iter-50 | MAE=0.898 | MAPE=1.04%
03:32:57 |  Iter-51 | MAE=3.162 | MAPE=3.46%
03:44:20 |  Iter-52 | MAE=0.361 | MAPE=0.39%
03:59:59 |  Iter-53 | MAE=1.082 | MAPE=1.18%
04:05:03 |  Iter-54 | MAE=0.737 | MAPE=0.80%
04:13:25 |  Iter-55 | MAE=0.541 | MAPE=0.59%
04:25:59 |  Iter-56 | MAE=0.494 | MAPE=0.54%
04:35:50 |  Iter-57 | MAE=0.600 | MAPE=0.65%
04:52:40 |  Iter-58 | MAE=21.700 | MAPE=18.90%
05:02:28 |  Iter-59 | MAE=9.200 | MAPE=7.33%
05:08:38 |  Iter-60 | MAE=13.441 | MAPE=9.39%
05:21:57 |  Iter-61 | MAE=11.461 | MAPE=7.51%
05:32:14 |  Iter-62 | MAE=3.099 | MAPE=1.99%
05:53:09 |  Iter-63 | MAE=24.022 | MAPE=12.99%
06:03:33 |  Iter-64 | MAE=17.319 | MAPE=10.76%
06:16:43 |  Iter-65 | MAE=8.268 | MAPE=5.04%
06:30:05 |  Iter-66 | MAE=28.846 | MAPE=14.87%
06:39:34 |  Iter-67 | MAE=7.653 | MAPE=3.99%
06:47:38 |  Iter-68 | MAE=5.587 | MAPE=2.93%
06:55:02 |  Iter-69 | MAE=9.931 | MAPE=5.02%
07:06:11 |  Iter-70 | MAE=0.274 | MAPE=0.14%
07:18:45 |  Iter-71 | MAE=19.212 | MAPE=8.58%
07:26:48 |  Iter-72 | MAE=1.907 | MAPE=0.86%
07:35:11 |  Iter-73 | MAE=16.497 | MAPE=6.81%
07:40:45 |  Iter-74 | MAE=13.535 | MAPE=6.17%
07:52:33 |  Iter-75 | MAE=21.450 | MAPE=10.46%
08:02:28 |  Iter-76 | MAE=7.277 | MAPE=3.37%
08:11:30 |  Iter-77 | MAE=17.862 | MAPE=7.53%
08:16:15 |  Iter-78 | MAE=11.303 | MAPE=4.49%
08:26:17 |  Iter-79 | MAE=18.139 | MAPE=7.61%
08:38:19 |  Iter-80 | MAE=8.842 | MAPE=3.60%
08:48:01 |  Iter-81 | MAE=46.733 | MAPE=15.99%
08:56:58 |  Iter-82 | MAE=26.845 | MAPE=10.03%
09:03:29 |  Iter-83 | MAE=26.171 | MAPE=10.78%
09:09:54 |  Iter-84 | MAE=56.868 | MAPE=29.89%
09:17:06 |  Iter-85 | MAE=16.293 | MAPE=8.07%
09:23:22 |  Iter-86 | MAE=3.076 | MAPE=1.63%
09:29:19 |  Iter-87 | MAE=2.777 | MAPE=1.43%
09:34:50 |  Iter-88 | MAE=14.149 | MAPE=7.83%
09:40:48 |  Iter-89 | MAE=10.378 | MAPE=6.22%
09:49:16 |  Iter-90 | MAE=4.053 | MAPE=2.45%
09:56:59 |  Iter-91 | MAE=4.055 | MAPE=2.48%
10:02:24 |  Iter-92 | MAE=4.667 | MAPE=3.15%
10:09:54 |  Iter-93 | MAE=5.823 | MAPE=3.96%
10:20:56 |  Iter-94 | MAE=11.743 | MAPE=7.34%
10:29:45 |  Iter-95 | MAE=3.396 | MAPE=2.07%
10:39:39 |  Iter-96 | MAE=0.747 | MAPE=0.45%
10:46:56 |  Iter-97 | MAE=0.192 | MAPE=0.11%
10:56:44 |  Iter-98 | MAE=7.238 | MAPE=4.52%
11:06:06 |  Iter-99 | MAE=0.234 | MAPE=0.15%
11:11:17 |  Iter-100 | MAE=6.544 | MAPE=3.82%
11:11:17 | 
 OVERALL: MAE=6.003, MAPE=3.43%, R2=0.9621 (63681.1s)
11:11:17 | Saved model checkpoint: /data/quyhv/oil_forecast_tail_risk/results_v4/walkforward/RLinear/DAU_H1_seed123/model_checkpoint.pth
11:11:17 | Saved processor/scaler: /data/quyhv/oil_forecast_tail_risk/results_v4/walkforward/RLinear/DAU_H1_seed123/processor.pkl
