01:55:55 | ================================================================================
01:55:55 |  RLinear | DAU | H10 | walkforward | seed=777
01:55:55 | ================================================================================
01:55:55 | Data: 4513 rows | Features: 15
01:57:34 |  Iter-01 | MAE=1.587 | MAPE=1.77%
02:00:09 |  Iter-02 | MAE=4.340 | MAPE=5.04%
02:01:58 |  Iter-03 | MAE=2.373 | MAPE=2.82%
02:03:57 |  Iter-04 | MAE=1.335 | MAPE=1.56%
02:07:00 |  Iter-05 | MAE=1.026 | MAPE=1.17%
02:09:56 |  Iter-06 | MAE=1.720 | MAPE=1.95%
02:12:19 |  Iter-07 | MAE=0.478 | MAPE=0.54%
02:15:12 |  Iter-08 | MAE=0.794 | MAPE=0.90%
02:21:11 |  Iter-09 | MAE=1.514 | MAPE=1.70%
02:23:39 |  Iter-10 | MAE=1.621 | MAPE=1.82%
02:30:09 |  Iter-11 | MAE=1.687 | MAPE=1.95%
02:32:12 |  Iter-12 | MAE=3.416 | MAPE=4.06%
02:42:21 |  Iter-13 | MAE=3.860 | MAPE=4.28%
02:45:08 |  Iter-14 | MAE=6.878 | MAPE=7.45%
02:50:21 |  Iter-15 | MAE=2.291 | MAPE=2.40%
02:54:39 |  Iter-16 | MAE=2.092 | MAPE=2.17%
02:58:51 |  Iter-17 | MAE=3.522 | MAPE=3.96%
03:05:16 |  Iter-18 | MAE=9.197 | MAPE=10.57%
03:07:59 |  Iter-19 | MAE=1.412 | MAPE=1.66%
03:09:45 |  Iter-20 | MAE=2.407 | MAPE=2.96%
03:14:31 |  Iter-21 | MAE=3.606 | MAPE=4.51%
03:19:00 |  Iter-22 | MAE=0.675 | MAPE=0.84%
03:21:56 |  Iter-23 | MAE=2.304 | MAPE=2.92%
03:23:38 |  Iter-24 | MAE=1.406 | MAPE=1.78%
03:26:48 |  Iter-25 | MAE=4.994 | MAPE=6.11%
03:33:03 |  Iter-26 | MAE=1.260 | MAPE=1.50%
03:36:01 |  Iter-27 | MAE=2.954 | MAPE=3.39%
03:37:39 |  Iter-28 | MAE=1.298 | MAPE=1.47%
03:43:51 |  Iter-29 | MAE=0.987 | MAPE=1.13%
03:45:37 |  Iter-30 | MAE=2.399 | MAPE=2.69%
03:53:38 |  Iter-31 | MAE=15.650 | MAPE=13.15%
03:56:44 |  Iter-32 | MAE=47.102 | MAPE=30.44%
04:01:42 |  Iter-33 | MAE=51.520 | MAPE=27.98%
04:04:51 |  Iter-34 | MAE=43.782 | MAPE=20.51%
04:06:38 |  Iter-35 | MAE=31.703 | MAPE=13.43%
04:08:31 |  Iter-36 | MAE=37.118 | MAPE=14.82%
04:10:12 |  Iter-37 | MAE=51.145 | MAPE=27.21%
04:13:41 |  Iter-38 | MAE=30.498 | MAPE=19.03%
04:15:34 |  Iter-39 | MAE=5.980 | MAPE=3.89%
04:15:34 | 
 OVERALL: MAE=9.998, MAPE=6.60%, R2=0.7998 (8379.5s)
04:15:35 | Saved model checkpoint: /data/quyhv/oil_forecast_tail_risk/results_v4/walkforward/RLinear/DAU_H10_seed777/model_checkpoint.pth
04:15:35 | Saved processor/scaler: /data/quyhv/oil_forecast_tail_risk/results_v4/walkforward/RLinear/DAU_H10_seed777/processor.pkl
