06:22:48 | ================================================================================
06:22:48 |  GUMNet_iTrans | XANG | H20 | walkforward | seed=777
06:22:48 | ================================================================================
06:22:48 | Data: 4513 rows | Features: 14
06:59:17 |  Iter-01 | MAE=2.506 | MAPE=3.05%
07:36:11 |  Iter-02 | MAE=2.398 | MAPE=3.24%
08:12:18 |  Iter-03 | MAE=1.959 | MAPE=2.57%
08:48:15 |  Iter-04 | MAE=4.013 | MAPE=4.72%
09:23:48 |  Iter-05 | MAE=2.539 | MAPE=3.24%
09:59:28 |  Iter-06 | MAE=3.841 | MAPE=4.86%
10:38:38 |  Iter-07 | MAE=1.483 | MAPE=1.83%
11:14:17 |  Iter-08 | MAE=3.403 | MAPE=4.38%
11:49:55 |  Iter-09 | MAE=3.438 | MAPE=4.26%
12:26:06 |  Iter-10 | MAE=2.457 | MAPE=3.11%
13:10:03 |  Iter-11 | MAE=4.723 | MAPE=6.49%
13:46:57 |  Iter-12 | MAE=2.906 | MAPE=3.99%
14:23:47 |  Iter-13 | MAE=5.895 | MAPE=6.70%
15:01:14 |  Iter-14 | MAE=35.564 | MAPE=24.82%
15:38:41 |  Iter-15 | MAE=13.513 | MAPE=10.65%
15:38:41 | 
 OVERALL: MAE=6.042, MAPE=5.86%, R2=0.6855 (33353.7s)
15:38:41 | Saved model checkpoint: /data/quyhv/oil_forecast_tail_risk/results_v4/walkforward/GUMNet_iTrans/XANG_H20_seed777/model_checkpoint.pth
15:38:41 | Saved processor/scaler: /data/quyhv/oil_forecast_tail_risk/results_v4/walkforward/GUMNet_iTrans/XANG_H20_seed777/processor.pkl
