08:47:11 | ================================================================================
08:47:11 |  GUMNet_iTrans | XANG | H20 | walkforward | seed=2025
08:47:11 | ================================================================================
08:47:11 | Data: 4513 rows | Features: 14
09:25:08 |  Iter-01 | MAE=3.510 | MAPE=4.26%
10:03:00 |  Iter-02 | MAE=2.619 | MAPE=3.52%
10:40:00 |  Iter-03 | MAE=1.892 | MAPE=2.49%
11:16:46 |  Iter-04 | MAE=4.127 | MAPE=4.86%
11:53:02 |  Iter-05 | MAE=1.378 | MAPE=1.76%
12:30:56 |  Iter-06 | MAE=2.878 | MAPE=3.63%
13:06:41 |  Iter-07 | MAE=1.229 | MAPE=1.52%
13:42:29 |  Iter-08 | MAE=3.881 | MAPE=4.99%
14:18:14 |  Iter-09 | MAE=4.683 | MAPE=5.80%
15:03:25 |  Iter-10 | MAE=3.199 | MAPE=4.05%
15:40:11 |  Iter-11 | MAE=4.388 | MAPE=6.03%
16:17:05 |  Iter-12 | MAE=3.852 | MAPE=5.29%
16:55:45 |  Iter-13 | MAE=5.521 | MAPE=6.26%
17:33:14 |  Iter-14 | MAE=35.530 | MAPE=24.81%
18:10:44 |  Iter-15 | MAE=14.276 | MAPE=11.24%
18:10:44 | 
 OVERALL: MAE=6.198, MAPE=6.03%, R2=0.6801 (33813.9s)
18:10:45 | Saved model checkpoint: /data/quyhv/oil_forecast_tail_risk/results_v4/walkforward/GUMNet_iTrans/XANG_H20_seed2025/model_checkpoint.pth
18:10:45 | Saved processor/scaler: /data/quyhv/oil_forecast_tail_risk/results_v4/walkforward/GUMNet_iTrans/XANG_H20_seed2025/processor.pkl
