22:48:14 | ================================================================================
22:48:14 |  GUMNet_iTrans | DAU | H10 | walkforward | seed=777
22:48:14 | ================================================================================
22:48:14 | Data: 4513 rows | Features: 15
22:57:34 |  Iter-01 | MAE=1.695 | MAPE=1.87%
23:06:49 |  Iter-02 | MAE=5.831 | MAPE=6.77%
23:16:05 |  Iter-03 | MAE=1.836 | MAPE=2.18%
23:26:57 |  Iter-04 | MAE=1.275 | MAPE=1.49%
23:36:17 |  Iter-05 | MAE=1.463 | MAPE=1.67%
23:45:34 |  Iter-06 | MAE=1.816 | MAPE=2.06%
23:55:20 |  Iter-07 | MAE=0.675 | MAPE=0.76%
00:04:31 |  Iter-08 | MAE=0.900 | MAPE=1.02%
00:13:42 |  Iter-09 | MAE=1.579 | MAPE=1.78%
00:23:29 |  Iter-10 | MAE=1.649 | MAPE=1.85%
00:32:58 |  Iter-11 | MAE=1.855 | MAPE=2.15%
00:42:11 |  Iter-12 | MAE=3.374 | MAPE=4.01%
00:51:22 |  Iter-13 | MAE=4.319 | MAPE=4.75%
01:00:40 |  Iter-14 | MAE=6.849 | MAPE=7.41%
01:10:16 |  Iter-15 | MAE=2.378 | MAPE=2.50%
01:19:34 |  Iter-16 | MAE=3.308 | MAPE=3.44%
01:28:53 |  Iter-17 | MAE=5.085 | MAPE=5.69%
01:38:13 |  Iter-18 | MAE=9.878 | MAPE=11.35%
01:47:30 |  Iter-19 | MAE=1.079 | MAPE=1.27%
01:56:49 |  Iter-20 | MAE=2.956 | MAPE=3.64%
02:06:08 |  Iter-21 | MAE=2.855 | MAPE=3.57%
02:15:26 |  Iter-22 | MAE=0.765 | MAPE=0.95%
02:24:45 |  Iter-23 | MAE=1.409 | MAPE=1.79%
02:34:03 |  Iter-24 | MAE=1.343 | MAPE=1.68%
02:43:40 |  Iter-25 | MAE=4.296 | MAPE=5.24%
02:53:52 |  Iter-26 | MAE=1.344 | MAPE=1.59%
03:04:59 |  Iter-27 | MAE=2.453 | MAPE=2.81%
03:15:31 |  Iter-28 | MAE=0.936 | MAPE=1.06%
03:26:28 |  Iter-29 | MAE=1.059 | MAPE=1.22%
03:37:08 |  Iter-30 | MAE=2.389 | MAPE=2.68%
03:46:35 |  Iter-31 | MAE=15.044 | MAPE=12.59%
03:56:00 |  Iter-32 | MAE=46.358 | MAPE=29.89%
04:05:43 |  Iter-33 | MAE=35.216 | MAPE=18.86%
04:15:06 |  Iter-34 | MAE=33.277 | MAPE=15.46%
04:24:29 |  Iter-35 | MAE=28.224 | MAPE=11.93%
04:33:51 |  Iter-36 | MAE=30.230 | MAPE=12.28%
04:45:58 |  Iter-37 | MAE=53.204 | MAPE=28.43%
04:55:22 |  Iter-38 | MAE=30.053 | MAPE=18.73%
05:04:50 |  Iter-39 | MAE=15.725 | MAPE=10.03%
05:04:50 | 
 OVERALL: MAE=9.384, MAPE=6.37%, R2=0.8319 (22597.0s)
05:04:50 | Saved model checkpoint: /data/quyhv/oil_forecast_tail_risk/results_v4/walkforward/GUMNet_iTrans/DAU_H10_seed777/model_checkpoint.pth
05:04:50 | Saved processor/scaler: /data/quyhv/oil_forecast_tail_risk/results_v4/walkforward/GUMNet_iTrans/DAU_H10_seed777/processor.pkl
