17:52:17 | ================================================================================
17:52:17 |  GUMNet_iTrans | XANG | H10 | walkforward | seed=2025
17:52:17 | ================================================================================
17:52:17 | Data: 4513 rows | Features: 14
18:02:32 |  Iter-01 | MAE=2.720 | MAPE=3.42%
18:11:25 |  Iter-02 | MAE=2.654 | MAPE=3.40%
18:22:24 |  Iter-03 | MAE=0.867 | MAPE=1.09%
18:32:11 |  Iter-04 | MAE=1.644 | MAPE=2.05%
18:41:25 |  Iter-05 | MAE=1.279 | MAPE=1.58%
18:53:55 |  Iter-06 | MAE=1.281 | MAPE=1.58%
19:03:08 |  Iter-07 | MAE=0.951 | MAPE=1.18%
19:14:27 |  Iter-08 | MAE=1.389 | MAPE=1.74%
19:26:03 |  Iter-09 | MAE=3.016 | MAPE=3.82%
19:35:46 |  Iter-10 | MAE=1.921 | MAPE=2.47%
19:46:50 |  Iter-11 | MAE=0.729 | MAPE=0.94%
19:56:25 |  Iter-12 | MAE=1.500 | MAPE=1.96%
20:07:43 |  Iter-13 | MAE=2.140 | MAPE=2.67%
20:17:11 |  Iter-14 | MAE=3.852 | MAPE=4.78%
20:26:17 |  Iter-15 | MAE=0.777 | MAPE=0.96%
20:35:26 |  Iter-16 | MAE=1.733 | MAPE=2.12%
20:44:36 |  Iter-17 | MAE=2.515 | MAPE=3.21%
20:57:17 |  Iter-18 | MAE=1.337 | MAPE=1.70%
21:09:03 |  Iter-19 | MAE=1.157 | MAPE=1.45%
21:21:10 |  Iter-20 | MAE=2.307 | MAPE=3.01%
21:30:19 |  Iter-21 | MAE=3.291 | MAPE=4.43%
21:39:29 |  Iter-22 | MAE=1.049 | MAPE=1.44%
21:48:38 |  Iter-23 | MAE=1.667 | MAPE=2.33%
21:57:44 |  Iter-24 | MAE=0.884 | MAPE=1.24%
22:07:28 |  Iter-25 | MAE=2.276 | MAPE=3.15%
22:17:46 |  Iter-26 | MAE=1.112 | MAPE=1.55%
22:27:46 |  Iter-27 | MAE=1.116 | MAPE=1.52%
22:36:56 |  Iter-28 | MAE=1.467 | MAPE=1.96%
22:48:00 |  Iter-29 | MAE=1.662 | MAPE=2.24%
22:57:33 |  Iter-30 | MAE=2.688 | MAPE=3.59%
23:08:02 |  Iter-31 | MAE=11.097 | MAPE=12.34%
23:17:18 |  Iter-32 | MAE=26.433 | MAPE=22.27%
23:26:36 |  Iter-33 | MAE=29.341 | MAPE=21.11%
23:35:53 |  Iter-34 | MAE=17.085 | MAPE=11.30%
23:46:19 |  Iter-35 | MAE=13.973 | MAPE=9.98%
23:55:52 |  Iter-36 | MAE=6.330 | MAPE=4.76%
00:06:52 |  Iter-37 | MAE=12.509 | MAPE=9.81%
00:18:08 |  Iter-38 | MAE=5.600 | MAPE=4.54%
00:29:44 |  Iter-39 | MAE=3.206 | MAPE=2.47%
00:29:44 | 
 OVERALL: MAE=4.578, MAPE=4.29%, R2=0.8425 (23846.8s)
00:29:44 | Saved model checkpoint: /data/quyhv/oil_forecast_tail_risk/results_v4/walkforward/GUMNet_iTrans/XANG_H10_seed2025/model_checkpoint.pth
00:29:44 | Saved processor/scaler: /data/quyhv/oil_forecast_tail_risk/results_v4/walkforward/GUMNet_iTrans/XANG_H10_seed2025/processor.pkl
