05:54:09 | ================================================================================
05:54:09 |  GUMNet_iTrans | XANG | H20 | walkforward | seed=123
05:54:09 | ================================================================================
05:54:09 | Data: 4513 rows | Features: 14
06:31:16 |  Iter-01 | MAE=2.180 | MAPE=2.65%
07:08:35 |  Iter-02 | MAE=2.221 | MAPE=3.05%
07:49:43 |  Iter-03 | MAE=1.999 | MAPE=2.63%
08:26:45 |  Iter-04 | MAE=4.175 | MAPE=4.91%
09:03:43 |  Iter-05 | MAE=1.744 | MAPE=2.23%
09:40:27 |  Iter-06 | MAE=2.285 | MAPE=2.88%
10:16:33 |  Iter-07 | MAE=0.886 | MAPE=1.09%
10:52:30 |  Iter-08 | MAE=4.520 | MAPE=5.80%
11:31:04 |  Iter-09 | MAE=3.912 | MAPE=4.84%
12:07:35 |  Iter-10 | MAE=2.203 | MAPE=2.79%
12:44:33 |  Iter-11 | MAE=4.647 | MAPE=6.39%
13:21:27 |  Iter-12 | MAE=2.474 | MAPE=3.39%
13:58:27 |  Iter-13 | MAE=5.790 | MAPE=6.57%
14:36:02 |  Iter-14 | MAE=37.143 | MAPE=25.97%
15:16:29 |  Iter-15 | MAE=12.142 | MAPE=9.55%
15:16:29 | 
 OVERALL: MAE=5.888, MAPE=5.65%, R2=0.6746 (33739.6s)
15:16:29 | Saved model checkpoint: /data/quyhv/oil_forecast_tail_risk/results_v4/walkforward/GUMNet_iTrans/XANG_H20_seed123/model_checkpoint.pth
15:16:29 | Saved processor/scaler: /data/quyhv/oil_forecast_tail_risk/results_v4/walkforward/GUMNet_iTrans/XANG_H20_seed123/processor.pkl
