06:12:04 | ================================================================================
06:12:04 |  GUMNet_iTrans | XANG | H20 | walkforward | seed=9999
06:12:04 | ================================================================================
06:12:04 | Data: 4513 rows | Features: 14
06:48:47 |  Iter-01 | MAE=3.044 | MAPE=3.70%
07:25:36 |  Iter-02 | MAE=2.317 | MAPE=3.16%
08:04:25 |  Iter-03 | MAE=1.590 | MAPE=2.09%
08:40:26 |  Iter-04 | MAE=3.973 | MAPE=4.67%
09:16:06 |  Iter-05 | MAE=3.534 | MAPE=4.51%
09:51:49 |  Iter-06 | MAE=2.698 | MAPE=3.40%
10:27:33 |  Iter-07 | MAE=0.880 | MAPE=1.09%
11:03:14 |  Iter-08 | MAE=4.637 | MAPE=5.96%
11:43:18 |  Iter-09 | MAE=4.044 | MAPE=5.01%
12:20:27 |  Iter-10 | MAE=2.321 | MAPE=2.94%
12:57:09 |  Iter-11 | MAE=4.565 | MAPE=6.27%
13:34:02 |  Iter-12 | MAE=3.136 | MAPE=4.30%
14:10:54 |  Iter-13 | MAE=5.832 | MAPE=6.62%
14:48:16 |  Iter-14 | MAE=34.316 | MAPE=23.93%
15:27:29 |  Iter-15 | MAE=12.688 | MAPE=9.96%
15:27:29 | 
 OVERALL: MAE=5.972, MAPE=5.84%, R2=0.7029 (33325.4s)
15:27:29 | Saved model checkpoint: /data/quyhv/oil_forecast_tail_risk/results_v4/walkforward/GUMNet_iTrans/XANG_H20_seed9999/model_checkpoint.pth
15:27:29 | Saved processor/scaler: /data/quyhv/oil_forecast_tail_risk/results_v4/walkforward/GUMNet_iTrans/XANG_H20_seed9999/processor.pkl
