15:46:24 | ================================================================================
15:46:24 |  GUMNet_iTrans | XANG | H10 | walkforward | seed=123
15:46:24 | ================================================================================
15:46:24 | Data: 4513 rows | Features: 14
15:55:47 |  Iter-01 | MAE=2.588 | MAPE=3.25%
16:05:54 |  Iter-02 | MAE=3.043 | MAPE=3.90%
16:15:00 |  Iter-03 | MAE=1.035 | MAPE=1.31%
16:24:13 |  Iter-04 | MAE=1.454 | MAPE=1.81%
16:33:24 |  Iter-05 | MAE=0.925 | MAPE=1.15%
16:44:28 |  Iter-06 | MAE=1.478 | MAPE=1.83%
16:56:01 |  Iter-07 | MAE=0.977 | MAPE=1.21%
17:09:42 |  Iter-08 | MAE=1.312 | MAPE=1.63%
17:18:52 |  Iter-09 | MAE=2.685 | MAPE=3.40%
17:29:54 |  Iter-10 | MAE=1.948 | MAPE=2.50%
17:40:05 |  Iter-11 | MAE=0.718 | MAPE=0.93%
17:50:51 |  Iter-12 | MAE=1.186 | MAPE=1.55%
18:01:20 |  Iter-13 | MAE=2.491 | MAPE=3.10%
18:12:40 |  Iter-14 | MAE=3.390 | MAPE=4.20%
18:23:55 |  Iter-15 | MAE=0.764 | MAPE=0.94%
18:33:06 |  Iter-16 | MAE=1.885 | MAPE=2.31%
18:42:15 |  Iter-17 | MAE=2.406 | MAPE=3.07%
18:51:43 |  Iter-18 | MAE=1.259 | MAPE=1.60%
19:04:08 |  Iter-19 | MAE=1.059 | MAPE=1.32%
19:13:38 |  Iter-20 | MAE=2.275 | MAPE=2.97%
19:22:43 |  Iter-21 | MAE=3.158 | MAPE=4.25%
19:31:47 |  Iter-22 | MAE=0.944 | MAPE=1.30%
19:42:23 |  Iter-23 | MAE=1.714 | MAPE=2.40%
19:51:34 |  Iter-24 | MAE=0.948 | MAPE=1.33%
20:00:46 |  Iter-25 | MAE=2.327 | MAPE=3.22%
20:12:02 |  Iter-26 | MAE=0.942 | MAPE=1.32%
20:23:47 |  Iter-27 | MAE=1.131 | MAPE=1.54%
20:35:32 |  Iter-28 | MAE=1.475 | MAPE=1.97%
20:45:07 |  Iter-29 | MAE=1.695 | MAPE=2.27%
20:55:42 |  Iter-30 | MAE=2.619 | MAPE=3.51%
21:04:55 |  Iter-31 | MAE=11.298 | MAPE=12.59%
21:14:14 |  Iter-32 | MAE=26.202 | MAPE=22.05%
21:23:35 |  Iter-33 | MAE=30.807 | MAPE=22.22%
21:32:48 |  Iter-34 | MAE=21.380 | MAPE=14.20%
21:43:45 |  Iter-35 | MAE=10.956 | MAPE=7.60%
21:53:07 |  Iter-36 | MAE=6.277 | MAPE=4.63%
22:03:47 |  Iter-37 | MAE=14.019 | MAPE=11.01%
22:13:35 |  Iter-38 | MAE=5.411 | MAPE=4.39%
22:23:11 |  Iter-39 | MAE=4.152 | MAPE=3.19%
22:23:11 | 
 OVERALL: MAE=4.675, MAPE=4.33%, R2=0.8324 (23807.4s)
22:23:11 | Saved model checkpoint: /data/quyhv/oil_forecast_tail_risk/results_v4/walkforward/GUMNet_iTrans/XANG_H10_seed123/model_checkpoint.pth
22:23:11 | Saved processor/scaler: /data/quyhv/oil_forecast_tail_risk/results_v4/walkforward/GUMNet_iTrans/XANG_H10_seed123/processor.pkl
