08:13:47 | ================================================================================
08:13:47 |  GUMNet_iTrans | XANG | H3 | walkforward | seed=9999
08:13:47 | ================================================================================
08:13:47 | Data: 4513 rows | Features: 15
08:20:20 |  Iter-01 | MAE=0.260 | MAPE=0.33%
08:27:38 |  Iter-02 | MAE=2.641 | MAPE=3.54%
08:34:49 |  Iter-03 | MAE=0.976 | MAPE=1.33%
08:40:40 |  Iter-04 | MAE=0.592 | MAPE=0.81%
08:47:35 |  Iter-05 | MAE=0.238 | MAPE=0.33%
08:54:45 |  Iter-06 | MAE=0.839 | MAPE=1.17%
09:01:21 |  Iter-07 | MAE=1.063 | MAPE=1.51%
09:08:31 |  Iter-08 | MAE=1.166 | MAPE=1.61%
09:15:20 |  Iter-09 | MAE=1.923 | MAPE=2.69%
09:22:00 |  Iter-10 | MAE=0.394 | MAPE=0.55%
09:28:54 |  Iter-11 | MAE=0.450 | MAPE=0.63%
09:36:22 |  Iter-12 | MAE=1.342 | MAPE=1.83%
09:43:03 |  Iter-13 | MAE=2.928 | MAPE=4.05%
09:49:28 |  Iter-14 | MAE=1.535 | MAPE=2.07%
09:55:52 |  Iter-15 | MAE=1.632 | MAPE=2.12%
10:02:38 |  Iter-16 | MAE=4.247 | MAPE=5.80%
10:10:05 |  Iter-17 | MAE=1.633 | MAPE=2.13%
10:16:47 |  Iter-18 | MAE=2.288 | MAPE=2.88%
10:22:57 |  Iter-19 | MAE=1.390 | MAPE=1.73%
10:29:34 |  Iter-20 | MAE=14.966 | MAPE=15.28%
10:35:51 |  Iter-21 | MAE=20.214 | MAPE=15.25%
10:42:10 |  Iter-22 | MAE=12.523 | MAPE=10.18%
10:49:22 |  Iter-23 | MAE=6.687 | MAPE=4.62%
10:55:38 |  Iter-24 | MAE=5.889 | MAPE=3.97%
11:01:45 |  Iter-25 | MAE=16.238 | MAPE=11.67%
11:08:05 |  Iter-26 | MAE=8.265 | MAPE=6.27%
11:14:45 |  Iter-27 | MAE=3.790 | MAPE=2.68%
11:21:25 |  Iter-28 | MAE=20.188 | MAPE=15.47%
11:27:42 |  Iter-29 | MAE=13.041 | MAPE=9.87%
11:33:40 |  Iter-30 | MAE=10.626 | MAPE=8.64%
11:40:07 |  Iter-31 | MAE=3.693 | MAPE=3.05%
11:46:13 |  Iter-32 | MAE=5.138 | MAPE=4.03%
11:52:20 |  Iter-33 | MAE=2.601 | MAPE=2.00%
11:52:20 | 
 OVERALL: MAE=5.194, MAPE=4.55%, R2=0.9134 (13113.6s)
11:52:20 | Saved model checkpoint: /data/quyhv/oil_forecast_tail_risk/results_v4/walkforward/GUMNet_iTrans/XANG_H3_seed9999/model_checkpoint.pth
11:52:20 | Saved processor/scaler: /data/quyhv/oil_forecast_tail_risk/results_v4/walkforward/GUMNet_iTrans/XANG_H3_seed9999/processor.pkl
