09:43:09 | ================================================================================
09:43:09 |  GUMNet_Graph | XANG | H3 | walkforward | seed=9999
09:43:09 | ================================================================================
09:43:09 | Data: 4513 rows | Features: 15
09:49:40 |  Iter-01 | MAE=0.875 | MAPE=1.12%
09:55:45 |  Iter-02 | MAE=2.920 | MAPE=3.91%
10:01:57 |  Iter-03 | MAE=0.636 | MAPE=0.87%
10:08:44 |  Iter-04 | MAE=0.896 | MAPE=1.22%
10:15:31 |  Iter-05 | MAE=0.200 | MAPE=0.28%
10:22:16 |  Iter-06 | MAE=0.860 | MAPE=1.20%
10:29:02 |  Iter-07 | MAE=1.038 | MAPE=1.47%
10:35:38 |  Iter-08 | MAE=1.096 | MAPE=1.51%
10:41:31 |  Iter-09 | MAE=2.054 | MAPE=2.87%
10:47:57 |  Iter-10 | MAE=0.411 | MAPE=0.57%
10:54:33 |  Iter-11 | MAE=0.558 | MAPE=0.77%
11:01:30 |  Iter-12 | MAE=1.412 | MAPE=1.93%
11:08:48 |  Iter-13 | MAE=2.465 | MAPE=3.42%
11:15:55 |  Iter-14 | MAE=1.659 | MAPE=2.24%
11:21:59 |  Iter-15 | MAE=1.757 | MAPE=2.28%
11:28:02 |  Iter-16 | MAE=3.404 | MAPE=4.66%
11:34:59 |  Iter-17 | MAE=1.663 | MAPE=2.19%
11:41:24 |  Iter-18 | MAE=1.937 | MAPE=2.44%
11:47:58 |  Iter-19 | MAE=1.050 | MAPE=1.30%
11:54:49 |  Iter-20 | MAE=15.688 | MAPE=16.02%
12:01:08 |  Iter-21 | MAE=26.705 | MAPE=20.52%
12:07:18 |  Iter-22 | MAE=17.815 | MAPE=14.30%
12:14:01 |  Iter-23 | MAE=8.253 | MAPE=5.69%
12:19:57 |  Iter-24 | MAE=5.475 | MAPE=3.59%
12:25:45 |  Iter-25 | MAE=15.554 | MAPE=11.11%
12:31:44 |  Iter-26 | MAE=6.218 | MAPE=4.66%
12:37:43 |  Iter-27 | MAE=2.760 | MAPE=1.94%
12:44:35 |  Iter-28 | MAE=16.555 | MAPE=12.82%
12:50:21 |  Iter-29 | MAE=11.955 | MAPE=9.06%
12:56:11 |  Iter-30 | MAE=11.544 | MAPE=9.39%
13:02:22 |  Iter-31 | MAE=2.944 | MAPE=2.43%
13:08:21 |  Iter-32 | MAE=4.747 | MAPE=3.72%
13:14:04 |  Iter-33 | MAE=2.602 | MAPE=2.00%
13:14:04 | 
 OVERALL: MAE=5.324, MAPE=4.65%, R2=0.9058 (12655.8s)
13:14:04 | Saved model checkpoint: /data/quyhv/oil_forecast_tail_risk/results_v4/walkforward/GUMNet_Graph/XANG_H3_seed9999/model_checkpoint.pth
13:14:04 | Saved processor/scaler: /data/quyhv/oil_forecast_tail_risk/results_v4/walkforward/GUMNet_Graph/XANG_H3_seed9999/processor.pkl
