00:45:17 | ================================================================================
00:45:17 |  GUMNet_Graph | DAU | H10 | walkforward | seed=777
00:45:17 | ================================================================================
00:45:17 | Data: 4513 rows | Features: 15
00:54:30 |  Iter-01 | MAE=1.572 | MAPE=1.74%
01:03:35 |  Iter-02 | MAE=5.261 | MAPE=6.11%
01:12:42 |  Iter-03 | MAE=2.217 | MAPE=2.64%
01:21:53 |  Iter-04 | MAE=1.313 | MAPE=1.54%
01:31:05 |  Iter-05 | MAE=2.091 | MAPE=2.39%
01:40:19 |  Iter-06 | MAE=2.194 | MAPE=2.49%
01:49:32 |  Iter-07 | MAE=1.389 | MAPE=1.58%
01:58:46 |  Iter-08 | MAE=0.925 | MAPE=1.05%
02:07:59 |  Iter-09 | MAE=1.454 | MAPE=1.63%
02:17:11 |  Iter-10 | MAE=1.932 | MAPE=2.17%
02:26:23 |  Iter-11 | MAE=1.273 | MAPE=1.47%
02:35:37 |  Iter-12 | MAE=3.940 | MAPE=4.68%
02:44:52 |  Iter-13 | MAE=4.441 | MAPE=4.88%
02:54:14 |  Iter-14 | MAE=6.782 | MAPE=7.34%
03:03:35 |  Iter-15 | MAE=1.673 | MAPE=1.75%
03:12:57 |  Iter-16 | MAE=2.932 | MAPE=3.05%
03:22:19 |  Iter-17 | MAE=4.587 | MAPE=5.14%
03:31:41 |  Iter-18 | MAE=9.995 | MAPE=11.48%
03:41:02 |  Iter-19 | MAE=1.400 | MAPE=1.65%
03:50:23 |  Iter-20 | MAE=2.780 | MAPE=3.42%
03:59:44 |  Iter-21 | MAE=2.997 | MAPE=3.75%
04:09:01 |  Iter-22 | MAE=0.764 | MAPE=0.95%
04:18:18 |  Iter-23 | MAE=2.014 | MAPE=2.55%
04:27:35 |  Iter-24 | MAE=1.388 | MAPE=1.74%
04:36:52 |  Iter-25 | MAE=4.450 | MAPE=5.43%
04:46:09 |  Iter-26 | MAE=1.220 | MAPE=1.45%
04:55:28 |  Iter-27 | MAE=3.363 | MAPE=3.86%
05:04:51 |  Iter-28 | MAE=0.880 | MAPE=1.00%
05:14:27 |  Iter-29 | MAE=1.085 | MAPE=1.25%
05:24:00 |  Iter-30 | MAE=2.296 | MAPE=2.58%
05:33:33 |  Iter-31 | MAE=14.728 | MAPE=12.28%
05:43:06 |  Iter-32 | MAE=46.946 | MAPE=30.35%
05:52:38 |  Iter-33 | MAE=38.506 | MAPE=20.70%
06:02:11 |  Iter-34 | MAE=41.733 | MAPE=19.52%
06:12:21 |  Iter-35 | MAE=16.931 | MAPE=7.16%
06:21:53 |  Iter-36 | MAE=35.983 | MAPE=14.43%
06:34:20 |  Iter-37 | MAE=52.615 | MAPE=28.05%
06:44:09 |  Iter-38 | MAE=31.009 | MAPE=19.35%
06:54:56 |  Iter-39 | MAE=13.444 | MAPE=8.54%
06:54:56 | 
 OVERALL: MAE=9.551, MAPE=6.49%, R2=0.8237 (22179.0s)
06:54:56 | Saved model checkpoint: /data/quyhv/oil_forecast_tail_risk/results_v4/walkforward/GUMNet_Graph/DAU_H10_seed777/model_checkpoint.pth
06:54:56 | Saved processor/scaler: /data/quyhv/oil_forecast_tail_risk/results_v4/walkforward/GUMNet_Graph/DAU_H10_seed777/processor.pkl
