17:24:47 | ================================================================================
17:24:47 |  GUMNet_Graph | XANG | H10 | walkforward | seed=777
17:24:47 | ================================================================================
17:24:47 | Data: 4513 rows | Features: 14
17:35:17 |  Iter-01 | MAE=2.939 | MAPE=3.69%
17:44:17 |  Iter-02 | MAE=3.434 | MAPE=4.40%
17:53:48 |  Iter-03 | MAE=1.054 | MAPE=1.33%
18:02:52 |  Iter-04 | MAE=1.921 | MAPE=2.40%
18:12:31 |  Iter-05 | MAE=1.313 | MAPE=1.63%
18:23:19 |  Iter-06 | MAE=1.872 | MAPE=2.32%
18:32:25 |  Iter-07 | MAE=0.910 | MAPE=1.12%
18:41:29 |  Iter-08 | MAE=1.359 | MAPE=1.70%
18:50:36 |  Iter-09 | MAE=2.426 | MAPE=3.07%
18:59:43 |  Iter-10 | MAE=2.292 | MAPE=2.95%
19:08:49 |  Iter-11 | MAE=0.673 | MAPE=0.87%
19:18:47 |  Iter-12 | MAE=1.071 | MAPE=1.40%
19:28:12 |  Iter-13 | MAE=2.453 | MAPE=3.05%
19:37:26 |  Iter-14 | MAE=2.838 | MAPE=3.52%
19:46:42 |  Iter-15 | MAE=1.494 | MAPE=1.86%
19:56:29 |  Iter-16 | MAE=2.659 | MAPE=3.27%
20:08:23 |  Iter-17 | MAE=1.874 | MAPE=2.39%
20:17:38 |  Iter-18 | MAE=1.270 | MAPE=1.61%
20:26:51 |  Iter-19 | MAE=0.966 | MAPE=1.21%
20:36:42 |  Iter-20 | MAE=2.681 | MAPE=3.49%
20:46:14 |  Iter-21 | MAE=3.299 | MAPE=4.44%
20:56:59 |  Iter-22 | MAE=1.454 | MAPE=2.00%
21:06:10 |  Iter-23 | MAE=2.058 | MAPE=2.88%
21:15:20 |  Iter-24 | MAE=0.892 | MAPE=1.25%
21:24:28 |  Iter-25 | MAE=2.854 | MAPE=3.95%
21:33:34 |  Iter-26 | MAE=1.425 | MAPE=1.99%
21:42:47 |  Iter-27 | MAE=1.183 | MAPE=1.60%
21:51:59 |  Iter-28 | MAE=1.494 | MAPE=1.99%
22:01:21 |  Iter-29 | MAE=1.589 | MAPE=2.13%
22:13:40 |  Iter-30 | MAE=2.647 | MAPE=3.53%
22:26:07 |  Iter-31 | MAE=10.482 | MAPE=11.61%
22:36:48 |  Iter-32 | MAE=26.681 | MAPE=22.51%
22:46:56 |  Iter-33 | MAE=34.180 | MAPE=24.76%
22:58:13 |  Iter-34 | MAE=21.892 | MAPE=14.55%
23:07:26 |  Iter-35 | MAE=12.384 | MAPE=8.79%
23:16:38 |  Iter-36 | MAE=6.778 | MAPE=5.04%
23:28:29 |  Iter-37 | MAE=11.704 | MAPE=9.12%
23:37:40 |  Iter-38 | MAE=6.496 | MAPE=5.27%
23:46:54 |  Iter-39 | MAE=5.954 | MAPE=4.56%
23:46:54 | 
 OVERALL: MAE=4.947, MAPE=4.60%, R2=0.8193 (22927.4s)
23:46:54 | Saved model checkpoint: /data/quyhv/oil_forecast_tail_risk/results_v4/walkforward/GUMNet_Graph/XANG_H10_seed777/model_checkpoint.pth
23:46:54 | Saved processor/scaler: /data/quyhv/oil_forecast_tail_risk/results_v4/walkforward/GUMNet_Graph/XANG_H10_seed777/processor.pkl
