12:46:33 | ================================================================================
12:46:33 |  GUMNet_Graph | XANG | H20 | walkforward | seed=2025
12:46:33 | ================================================================================
12:46:33 | Data: 4513 rows | Features: 14
13:21:23 |  Iter-01 | MAE=3.381 | MAPE=4.11%
13:56:42 |  Iter-02 | MAE=2.133 | MAPE=2.92%
14:32:01 |  Iter-03 | MAE=2.389 | MAPE=3.14%
15:07:22 |  Iter-04 | MAE=4.675 | MAPE=5.52%
15:42:44 |  Iter-05 | MAE=2.136 | MAPE=2.73%
16:18:50 |  Iter-06 | MAE=2.811 | MAPE=3.55%
16:54:56 |  Iter-07 | MAE=1.624 | MAPE=2.01%
17:31:01 |  Iter-08 | MAE=4.045 | MAPE=5.20%
18:07:10 |  Iter-09 | MAE=2.804 | MAPE=3.47%
18:48:25 |  Iter-10 | MAE=1.498 | MAPE=1.90%
19:25:35 |  Iter-11 | MAE=4.190 | MAPE=5.76%
20:02:47 |  Iter-12 | MAE=3.308 | MAPE=4.54%
20:40:00 |  Iter-13 | MAE=5.441 | MAPE=6.16%
21:17:42 |  Iter-14 | MAE=34.610 | MAPE=24.13%
21:55:05 |  Iter-15 | MAE=12.685 | MAPE=9.97%
21:55:05 | 
 OVERALL: MAE=5.849, MAPE=5.67%, R2=0.7031 (32911.8s)
21:55:05 | Saved model checkpoint: /data/quyhv/oil_forecast_tail_risk/results_v4/walkforward/GUMNet_Graph/XANG_H20_seed2025/model_checkpoint.pth
21:55:05 | Saved processor/scaler: /data/quyhv/oil_forecast_tail_risk/results_v4/walkforward/GUMNet_Graph/XANG_H20_seed2025/processor.pkl
