10:11:59 | ================================================================================
10:11:59 |  GUMNet_Graph | XANG | H3 | walkforward | seed=123
10:11:59 | ================================================================================
10:11:59 | Data: 4513 rows | Features: 15
10:18:06 |  Iter-01 | MAE=0.531 | MAPE=0.68%
10:24:13 |  Iter-02 | MAE=2.777 | MAPE=3.72%
10:30:28 |  Iter-03 | MAE=0.820 | MAPE=1.12%
10:37:05 |  Iter-04 | MAE=0.716 | MAPE=0.97%
10:43:43 |  Iter-05 | MAE=0.241 | MAPE=0.33%
10:50:00 |  Iter-06 | MAE=0.814 | MAPE=1.14%
10:57:33 |  Iter-07 | MAE=1.587 | MAPE=2.26%
11:03:49 |  Iter-08 | MAE=0.851 | MAPE=1.17%
11:09:41 |  Iter-09 | MAE=2.115 | MAPE=2.95%
11:15:59 |  Iter-10 | MAE=0.466 | MAPE=0.64%
11:22:48 |  Iter-11 | MAE=0.534 | MAPE=0.74%
11:29:27 |  Iter-12 | MAE=1.424 | MAPE=1.94%
11:35:45 |  Iter-13 | MAE=2.449 | MAPE=3.39%
11:42:23 |  Iter-14 | MAE=1.679 | MAPE=2.26%
11:49:29 |  Iter-15 | MAE=1.713 | MAPE=2.23%
11:56:27 |  Iter-16 | MAE=2.759 | MAPE=3.78%
12:02:44 |  Iter-17 | MAE=1.596 | MAPE=2.10%
12:09:00 |  Iter-18 | MAE=1.632 | MAPE=2.05%
12:15:14 |  Iter-19 | MAE=1.310 | MAPE=1.63%
12:21:30 |  Iter-20 | MAE=15.787 | MAPE=16.13%
12:28:03 |  Iter-21 | MAE=26.755 | MAPE=20.63%
12:33:52 |  Iter-22 | MAE=16.789 | MAPE=13.50%
12:39:55 |  Iter-23 | MAE=5.752 | MAPE=3.95%
12:45:45 |  Iter-24 | MAE=5.734 | MAPE=3.72%
12:53:20 |  Iter-25 | MAE=27.302 | MAPE=19.66%
12:59:46 |  Iter-26 | MAE=6.907 | MAPE=5.23%
13:05:38 |  Iter-27 | MAE=2.789 | MAPE=1.92%
13:11:42 |  Iter-28 | MAE=15.002 | MAPE=11.66%
13:17:47 |  Iter-29 | MAE=11.467 | MAPE=8.69%
13:23:48 |  Iter-30 | MAE=10.832 | MAPE=8.80%
13:29:42 |  Iter-31 | MAE=2.430 | MAPE=1.98%
13:35:25 |  Iter-32 | MAE=5.123 | MAPE=4.02%
13:41:31 |  Iter-33 | MAE=2.648 | MAPE=2.04%
13:41:31 | 
 OVERALL: MAE=5.495, MAPE=4.76%, R2=0.8868 (12572.7s)
13:41:31 | Saved model checkpoint: /data/quyhv/oil_forecast_tail_risk/results_v4/walkforward/GUMNet_Graph/XANG_H3_seed123/model_checkpoint.pth
13:41:31 | Saved processor/scaler: /data/quyhv/oil_forecast_tail_risk/results_v4/walkforward/GUMNet_Graph/XANG_H3_seed123/processor.pkl
