00:26:07 | ================================================================================
00:26:07 |  NHits | XANG | H7 | walkforward | seed=123
00:26:07 | ================================================================================
00:26:07 | Data: 4513 rows | Features: 16
00:27:57 |  Iter-01 | MAE=0.816 | MAPE=1.06%
00:29:52 |  Iter-02 | MAE=0.493 | MAPE=0.64%
00:31:42 |  Iter-03 | MAE=3.976 | MAPE=4.92%
00:33:34 |  Iter-04 | MAE=0.857 | MAPE=1.07%
00:35:26 |  Iter-05 | MAE=0.765 | MAPE=0.94%
00:37:16 |  Iter-06 | MAE=1.305 | MAPE=1.67%
00:39:07 |  Iter-07 | MAE=1.084 | MAPE=1.35%
00:40:58 |  Iter-08 | MAE=1.713 | MAPE=2.28%
00:42:51 |  Iter-09 | MAE=0.908 | MAPE=1.24%
00:44:44 |  Iter-10 | MAE=0.882 | MAPE=1.24%
00:46:41 |  Iter-11 | MAE=1.774 | MAPE=2.45%
00:48:42 |  Iter-12 | MAE=0.851 | MAPE=1.17%
00:50:36 |  Iter-13 | MAE=2.047 | MAPE=2.77%
00:52:29 |  Iter-14 | MAE=1.807 | MAPE=2.39%
00:54:23 |  Iter-15 | MAE=4.249 | MAPE=5.38%
00:56:21 |  Iter-16 | MAE=16.742 | MAPE=15.80%
00:58:12 |  Iter-17 | MAE=18.162 | MAPE=12.78%
01:00:05 |  Iter-18 | MAE=11.885 | MAPE=8.17%
01:01:56 |  Iter-19 | MAE=10.838 | MAPE=7.50%
01:03:49 |  Iter-20 | MAE=15.959 | MAPE=12.71%
01:06:17 |  Iter-21 | MAE=5.187 | MAPE=4.07%
01:06:17 | 
 OVERALL: MAE=4.872, MAPE=4.36%, R2=0.8898 (2410.0s)
01:06:17 | Saved model checkpoint: /data/quyhv/oil_forecast_tail_risk/results_v4/walkforward/NHits/XANG_H7_seed123/model_checkpoint.pth
01:06:17 | Saved processor/scaler: /data/quyhv/oil_forecast_tail_risk/results_v4/walkforward/NHits/XANG_H7_seed123/processor.pkl
