00:32:35 | ================================================================================
00:32:35 |  NHits | XANG | H60 | walkforward | seed=123
00:32:35 | ================================================================================
00:32:35 | Data: 4513 rows | Features: 19
00:37:21 |  Iter-01 | MAE=17.305 | MAPE=17.46%
00:42:10 |  Iter-02 | MAE=13.424 | MAPE=13.11%
00:47:02 |  Iter-03 | MAE=12.239 | MAPE=12.12%
00:52:05 |  Iter-04 | MAE=4.514 | MAPE=4.67%
00:57:08 |  Iter-05 | MAE=5.108 | MAPE=5.53%
01:02:11 |  Iter-06 | MAE=6.764 | MAPE=7.32%
01:07:15 |  Iter-07 | MAE=3.522 | MAPE=4.07%
01:12:26 |  Iter-08 | MAE=3.474 | MAPE=4.24%
01:17:39 |  Iter-09 | MAE=3.473 | MAPE=4.20%
01:22:53 |  Iter-10 | MAE=5.521 | MAPE=6.68%
01:28:24 |  Iter-11 | MAE=4.941 | MAPE=5.98%
01:34:01 |  Iter-12 | MAE=8.838 | MAPE=10.48%
01:39:37 |  Iter-13 | MAE=3.692 | MAPE=4.33%
01:45:13 |  Iter-14 | MAE=2.830 | MAPE=3.48%
01:50:54 |  Iter-15 | MAE=3.756 | MAPE=4.67%
01:56:43 |  Iter-16 | MAE=7.770 | MAPE=10.00%
02:02:33 |  Iter-17 | MAE=7.197 | MAPE=9.10%
02:08:26 |  Iter-18 | MAE=8.571 | MAPE=10.72%
02:14:26 |  Iter-19 | MAE=5.354 | MAPE=6.63%
02:20:26 |  Iter-20 | MAE=3.283 | MAPE=4.10%
02:26:26 |  Iter-21 | MAE=6.606 | MAPE=8.30%
02:32:28 |  Iter-22 | MAE=6.659 | MAPE=8.34%
02:38:48 |  Iter-23 | MAE=5.826 | MAPE=7.29%
02:45:10 |  Iter-24 | MAE=5.112 | MAPE=6.47%
02:51:37 |  Iter-25 | MAE=2.067 | MAPE=2.77%
02:58:04 |  Iter-26 | MAE=3.875 | MAPE=4.80%
03:04:37 |  Iter-27 | MAE=27.638 | MAPE=21.96%
03:11:11 |  Iter-28 | MAE=41.896 | MAPE=31.58%
03:11:11 | 
 OVERALL: MAE=8.259, MAPE=8.59%, R2=-0.2597 (9516.1s)
03:11:11 | Saved model checkpoint: /data/quyhv/oil_forecast_tail_risk/results_v4/walkforward/NHits/XANG_H60_seed123/model_checkpoint.pth
03:11:11 | Saved processor/scaler: /data/quyhv/oil_forecast_tail_risk/results_v4/walkforward/NHits/XANG_H60_seed123/processor.pkl
