15:07:38 | ================================================================================
15:07:38 |  NHits | XANG | H5 | walkforward | seed=9999
15:07:38 | ================================================================================
15:07:38 | Data: 4513 rows | Features: 16
15:09:34 |  Iter-01 | MAE=1.471 | MAPE=1.94%
15:11:21 |  Iter-02 | MAE=0.894 | MAPE=1.22%
15:13:18 |  Iter-03 | MAE=1.389 | MAPE=1.91%
15:15:14 |  Iter-04 | MAE=1.075 | MAPE=1.51%
15:17:03 |  Iter-05 | MAE=2.134 | MAPE=2.94%
15:18:44 |  Iter-06 | MAE=1.019 | MAPE=1.42%
15:20:45 |  Iter-07 | MAE=1.453 | MAPE=2.03%
15:22:44 |  Iter-08 | MAE=1.282 | MAPE=1.77%
15:24:30 |  Iter-09 | MAE=1.625 | MAPE=2.12%
15:26:30 |  Iter-10 | MAE=3.343 | MAPE=4.59%
15:28:28 |  Iter-11 | MAE=4.348 | MAPE=5.49%
15:30:28 |  Iter-12 | MAE=10.571 | MAPE=10.90%
15:32:26 |  Iter-13 | MAE=22.027 | MAPE=17.17%
15:34:20 |  Iter-14 | MAE=18.922 | MAPE=13.15%
15:36:17 |  Iter-15 | MAE=11.324 | MAPE=7.67%
15:38:14 |  Iter-16 | MAE=4.048 | MAPE=2.96%
15:40:16 |  Iter-17 | MAE=8.414 | MAPE=6.26%
15:42:08 |  Iter-18 | MAE=6.175 | MAPE=4.96%
15:44:02 |  Iter-19 | MAE=3.493 | MAPE=2.77%
15:46:17 |  Iter-20 | MAE=3.520 | MAPE=2.66%
15:46:17 | 
 OVERALL: MAE=5.426, MAPE=4.77%, R2=0.9146 (2319.1s)
15:46:17 | Saved model checkpoint: /data/quyhv/oil_forecast_tail_risk/results_v4/walkforward/NHits/XANG_H5_seed9999/model_checkpoint.pth
15:46:17 | Saved processor/scaler: /data/quyhv/oil_forecast_tail_risk/results_v4/walkforward/NHits/XANG_H5_seed9999/processor.pkl
