09:15:25 | ================================================================================
09:15:25 |  NHits | XANG | H10 | walkforward | seed=777
09:15:25 | ================================================================================
09:15:25 | Data: 4513 rows | Features: 14
09:17:12 |  Iter-01 | MAE=2.443 | MAPE=3.06%
09:18:55 |  Iter-02 | MAE=2.187 | MAPE=2.81%
09:20:39 |  Iter-03 | MAE=1.029 | MAPE=1.30%
09:22:22 |  Iter-04 | MAE=1.548 | MAPE=1.93%
09:24:07 |  Iter-05 | MAE=1.268 | MAPE=1.57%
09:25:55 |  Iter-06 | MAE=1.397 | MAPE=1.73%
09:27:43 |  Iter-07 | MAE=1.090 | MAPE=1.35%
09:29:29 |  Iter-08 | MAE=1.316 | MAPE=1.64%
09:31:18 |  Iter-09 | MAE=3.040 | MAPE=3.84%
09:33:06 |  Iter-10 | MAE=1.820 | MAPE=2.34%
09:34:56 |  Iter-11 | MAE=0.960 | MAPE=1.24%
09:36:44 |  Iter-12 | MAE=1.248 | MAPE=1.63%
09:38:33 |  Iter-13 | MAE=2.331 | MAPE=2.91%
09:40:24 |  Iter-14 | MAE=3.650 | MAPE=4.53%
09:42:16 |  Iter-15 | MAE=0.814 | MAPE=1.01%
09:44:08 |  Iter-16 | MAE=1.601 | MAPE=1.96%
09:45:59 |  Iter-17 | MAE=3.080 | MAPE=3.93%
09:47:49 |  Iter-18 | MAE=1.573 | MAPE=1.98%
09:49:40 |  Iter-19 | MAE=0.998 | MAPE=1.24%
09:51:30 |  Iter-20 | MAE=2.039 | MAPE=2.66%
09:53:21 |  Iter-21 | MAE=2.941 | MAPE=3.96%
09:55:11 |  Iter-22 | MAE=0.815 | MAPE=1.12%
09:57:02 |  Iter-23 | MAE=1.578 | MAPE=2.21%
09:58:52 |  Iter-24 | MAE=0.876 | MAPE=1.23%
10:00:42 |  Iter-25 | MAE=2.231 | MAPE=3.09%
10:02:32 |  Iter-26 | MAE=0.767 | MAPE=1.07%
10:04:21 |  Iter-27 | MAE=1.088 | MAPE=1.49%
10:06:11 |  Iter-28 | MAE=1.563 | MAPE=2.09%
10:07:57 |  Iter-29 | MAE=1.628 | MAPE=2.16%
10:09:46 |  Iter-30 | MAE=2.761 | MAPE=3.65%
10:11:39 |  Iter-31 | MAE=11.705 | MAPE=13.04%
10:13:30 |  Iter-32 | MAE=26.612 | MAPE=22.44%
10:15:23 |  Iter-33 | MAE=30.820 | MAPE=22.23%
10:17:14 |  Iter-34 | MAE=21.880 | MAPE=14.54%
10:19:07 |  Iter-35 | MAE=11.144 | MAPE=7.77%
10:21:10 |  Iter-36 | MAE=6.502 | MAPE=4.79%
10:23:00 |  Iter-37 | MAE=11.433 | MAPE=8.90%
10:24:49 |  Iter-38 | MAE=7.554 | MAPE=6.12%
10:26:40 |  Iter-39 | MAE=8.346 | MAPE=6.40%
10:26:40 | 
 OVERALL: MAE=4.812, MAPE=4.44%, R2=0.8292 (4275.2s)
10:26:40 | Saved model checkpoint: /data/quyhv/oil_forecast_tail_risk/results_v4/walkforward/NHits/XANG_H10_seed777/model_checkpoint.pth
10:26:40 | Saved processor/scaler: /data/quyhv/oil_forecast_tail_risk/results_v4/walkforward/NHits/XANG_H10_seed777/processor.pkl
