01:28:04 | ================================================================================
01:28:04 |  NHits | XANG | H3 | walkforward | seed=9999
01:28:04 | ================================================================================
01:28:04 | Data: 4513 rows | Features: 15
01:30:00 |  Iter-01 | MAE=0.239 | MAPE=0.30%
01:31:59 |  Iter-02 | MAE=2.236 | MAPE=3.00%
01:33:52 |  Iter-03 | MAE=0.807 | MAPE=1.10%
01:35:43 |  Iter-04 | MAE=0.990 | MAPE=1.35%
01:37:24 |  Iter-05 | MAE=0.651 | MAPE=0.90%
01:39:18 |  Iter-06 | MAE=0.965 | MAPE=1.35%
01:41:17 |  Iter-07 | MAE=1.146 | MAPE=1.63%
01:43:18 |  Iter-08 | MAE=1.141 | MAPE=1.57%
01:45:15 |  Iter-09 | MAE=2.529 | MAPE=3.53%
01:47:12 |  Iter-10 | MAE=0.780 | MAPE=1.08%
01:49:11 |  Iter-11 | MAE=0.460 | MAPE=0.64%
01:51:11 |  Iter-12 | MAE=1.438 | MAPE=1.96%
01:53:04 |  Iter-13 | MAE=3.047 | MAPE=4.22%
01:54:55 |  Iter-14 | MAE=1.692 | MAPE=2.28%
01:56:57 |  Iter-15 | MAE=1.478 | MAPE=1.92%
01:58:51 |  Iter-16 | MAE=3.699 | MAPE=5.06%
02:00:50 |  Iter-17 | MAE=1.446 | MAPE=1.89%
02:02:47 |  Iter-18 | MAE=1.264 | MAPE=1.59%
02:04:43 |  Iter-19 | MAE=0.358 | MAPE=0.45%
02:06:42 |  Iter-20 | MAE=16.916 | MAPE=17.29%
02:08:51 |  Iter-21 | MAE=27.240 | MAPE=21.03%
02:10:49 |  Iter-22 | MAE=14.141 | MAPE=11.42%
02:12:44 |  Iter-23 | MAE=6.474 | MAPE=4.46%
02:14:40 |  Iter-24 | MAE=5.133 | MAPE=3.31%
02:16:35 |  Iter-25 | MAE=14.801 | MAPE=10.50%
02:18:32 |  Iter-26 | MAE=4.846 | MAPE=3.53%
02:20:29 |  Iter-27 | MAE=1.530 | MAPE=1.06%
02:22:32 |  Iter-28 | MAE=13.786 | MAPE=10.72%
02:24:30 |  Iter-29 | MAE=8.503 | MAPE=6.44%
02:26:28 |  Iter-30 | MAE=11.614 | MAPE=9.43%
02:28:28 |  Iter-31 | MAE=3.289 | MAPE=2.71%
02:30:30 |  Iter-32 | MAE=6.765 | MAPE=5.30%
02:32:25 |  Iter-33 | MAE=2.491 | MAPE=1.92%
02:32:25 | 
 OVERALL: MAE=4.966, MAPE=4.39%, R2=0.9161 (3860.5s)
02:32:25 | Saved model checkpoint: /data/quyhv/oil_forecast_tail_risk/results_v4/walkforward/NHits/XANG_H3_seed9999/model_checkpoint.pth
02:32:25 | Saved processor/scaler: /data/quyhv/oil_forecast_tail_risk/results_v4/walkforward/NHits/XANG_H3_seed9999/processor.pkl
