02:30:18 | ================================================================================
02:30:18 |  NHits | XANG | H60 | walkforward | seed=2025
02:30:18 | ================================================================================
02:30:18 | Data: 4513 rows | Features: 19
02:35:02 |  Iter-01 | MAE=18.054 | MAPE=18.22%
02:39:42 |  Iter-02 | MAE=14.046 | MAPE=13.71%
02:44:23 |  Iter-03 | MAE=14.341 | MAPE=14.28%
02:49:08 |  Iter-04 | MAE=5.166 | MAPE=5.47%
02:53:53 |  Iter-05 | MAE=5.854 | MAPE=6.28%
02:58:42 |  Iter-06 | MAE=6.699 | MAPE=7.24%
03:03:38 |  Iter-07 | MAE=5.100 | MAPE=5.78%
03:08:44 |  Iter-08 | MAE=3.519 | MAPE=4.26%
03:13:53 |  Iter-09 | MAE=2.947 | MAPE=3.60%
03:19:02 |  Iter-10 | MAE=5.291 | MAPE=6.38%
03:24:11 |  Iter-11 | MAE=4.976 | MAPE=6.02%
03:29:26 |  Iter-12 | MAE=12.189 | MAPE=14.45%
03:34:46 |  Iter-13 | MAE=7.316 | MAPE=8.64%
03:40:08 |  Iter-14 | MAE=2.409 | MAPE=2.90%
03:45:40 |  Iter-15 | MAE=3.743 | MAPE=4.74%
03:51:24 |  Iter-16 | MAE=5.430 | MAPE=6.99%
03:57:11 |  Iter-17 | MAE=9.605 | MAPE=12.11%
04:03:07 |  Iter-18 | MAE=9.234 | MAPE=11.53%
04:09:10 |  Iter-19 | MAE=8.578 | MAPE=10.69%
04:15:14 |  Iter-20 | MAE=2.928 | MAPE=3.68%
04:21:24 |  Iter-21 | MAE=4.235 | MAPE=5.29%
04:27:34 |  Iter-22 | MAE=8.445 | MAPE=10.59%
04:33:49 |  Iter-23 | MAE=3.712 | MAPE=4.63%
04:40:06 |  Iter-24 | MAE=3.851 | MAPE=4.86%
04:46:22 |  Iter-25 | MAE=2.534 | MAPE=3.40%
04:52:42 |  Iter-26 | MAE=3.870 | MAPE=4.82%
04:59:16 |  Iter-27 | MAE=25.872 | MAPE=20.10%
05:05:54 |  Iter-28 | MAE=42.316 | MAPE=31.93%
05:05:54 | 
 OVERALL: MAE=8.652, MAPE=9.02%, R2=-0.3194 (9336.9s)
05:05:55 | Saved model checkpoint: /data/quyhv/oil_forecast_tail_risk/results_v4/walkforward/NHits/XANG_H60_seed2025/model_checkpoint.pth
05:05:55 | Saved processor/scaler: /data/quyhv/oil_forecast_tail_risk/results_v4/walkforward/NHits/XANG_H60_seed2025/processor.pkl
