11:25:57 | ================================================================================
11:25:57 |  LTSF_Linear | XANG | H10 | walkforward | seed=2025
11:25:57 | ================================================================================
11:25:57 | Data: 4513 rows | Features: 14
11:27:32 |  Iter-01 | MAE=3.176 | MAPE=3.99%
11:29:05 |  Iter-02 | MAE=1.516 | MAPE=1.94%
11:30:56 |  Iter-03 | MAE=1.532 | MAPE=1.94%
11:32:30 |  Iter-04 | MAE=1.666 | MAPE=2.08%
11:34:04 |  Iter-05 | MAE=1.704 | MAPE=2.11%
11:35:50 |  Iter-06 | MAE=3.079 | MAPE=3.81%
11:37:23 |  Iter-07 | MAE=1.064 | MAPE=1.31%
11:38:57 |  Iter-08 | MAE=1.346 | MAPE=1.67%
11:40:30 |  Iter-09 | MAE=2.931 | MAPE=3.71%
11:42:04 |  Iter-10 | MAE=1.610 | MAPE=2.06%
11:43:37 |  Iter-11 | MAE=0.775 | MAPE=1.00%
11:45:10 |  Iter-12 | MAE=1.159 | MAPE=1.51%
11:46:44 |  Iter-13 | MAE=2.148 | MAPE=2.69%
11:48:18 |  Iter-14 | MAE=3.613 | MAPE=4.48%
11:49:53 |  Iter-15 | MAE=0.961 | MAPE=1.19%
11:51:28 |  Iter-16 | MAE=1.601 | MAPE=1.96%
11:53:03 |  Iter-17 | MAE=3.257 | MAPE=4.15%
11:54:38 |  Iter-18 | MAE=1.448 | MAPE=1.84%
11:56:12 |  Iter-19 | MAE=0.891 | MAPE=1.11%
11:57:47 |  Iter-20 | MAE=2.203 | MAPE=2.88%
11:59:22 |  Iter-21 | MAE=2.982 | MAPE=4.02%
12:00:57 |  Iter-22 | MAE=1.065 | MAPE=1.47%
12:02:32 |  Iter-23 | MAE=1.528 | MAPE=2.14%
12:04:06 |  Iter-24 | MAE=1.229 | MAPE=1.72%
12:05:41 |  Iter-25 | MAE=2.137 | MAPE=2.96%
12:07:17 |  Iter-26 | MAE=0.916 | MAPE=1.28%
12:08:53 |  Iter-27 | MAE=1.028 | MAPE=1.41%
12:10:28 |  Iter-28 | MAE=1.645 | MAPE=2.19%
12:12:07 |  Iter-29 | MAE=1.679 | MAPE=2.23%
12:13:48 |  Iter-30 | MAE=2.567 | MAPE=3.40%
12:16:08 |  Iter-31 | MAE=12.101 | MAPE=13.50%
12:17:50 |  Iter-32 | MAE=26.718 | MAPE=22.50%
12:19:31 |  Iter-33 | MAE=31.327 | MAPE=22.60%
12:21:13 |  Iter-34 | MAE=24.501 | MAPE=16.30%
12:22:54 |  Iter-35 | MAE=12.660 | MAPE=8.99%
12:25:01 |  Iter-36 | MAE=6.303 | MAPE=4.59%
12:26:52 |  Iter-37 | MAE=14.434 | MAPE=11.31%
12:28:33 |  Iter-38 | MAE=8.328 | MAPE=6.72%
12:30:31 |  Iter-39 | MAE=8.478 | MAPE=6.48%
12:30:31 | 
 OVERALL: MAE=5.110, MAPE=4.70%, R2=0.8103 (3874.6s)
12:30:31 | Saved model checkpoint: /data/quyhv/oil_forecast_tail_risk/results_v4/walkforward/LTSF_Linear/XANG_H10_seed2025/model_checkpoint.pth
12:30:31 | Saved processor/scaler: /data/quyhv/oil_forecast_tail_risk/results_v4/walkforward/LTSF_Linear/XANG_H10_seed2025/processor.pkl
