00:12:28 | ================================================================================
00:12:28 |  LTSF_Linear | XANG | H60 | walkforward | seed=2025
00:12:28 | ================================================================================
00:12:28 | Data: 4513 rows | Features: 19
00:17:07 |  Iter-01 | MAE=13.027 | MAPE=13.14%
00:21:42 |  Iter-02 | MAE=6.657 | MAPE=6.49%
00:26:17 |  Iter-03 | MAE=5.257 | MAPE=5.13%
00:30:57 |  Iter-04 | MAE=10.117 | MAPE=11.10%
00:35:38 |  Iter-05 | MAE=5.193 | MAPE=5.71%
00:40:18 |  Iter-06 | MAE=3.457 | MAPE=3.79%
00:44:58 |  Iter-07 | MAE=4.143 | MAPE=4.85%
00:49:42 |  Iter-08 | MAE=7.070 | MAPE=8.58%
00:54:27 |  Iter-09 | MAE=3.839 | MAPE=4.59%
00:59:12 |  Iter-10 | MAE=4.189 | MAPE=4.98%
01:03:57 |  Iter-11 | MAE=4.445 | MAPE=5.37%
01:08:47 |  Iter-12 | MAE=5.658 | MAPE=6.73%
01:13:37 |  Iter-13 | MAE=2.323 | MAPE=2.75%
01:18:27 |  Iter-14 | MAE=2.349 | MAPE=2.85%
01:23:20 |  Iter-15 | MAE=4.901 | MAPE=6.38%
01:28:17 |  Iter-16 | MAE=2.653 | MAPE=3.44%
01:33:14 |  Iter-17 | MAE=3.726 | MAPE=4.65%
01:38:15 |  Iter-18 | MAE=4.662 | MAPE=5.78%
01:43:21 |  Iter-19 | MAE=7.548 | MAPE=9.40%
01:48:27 |  Iter-20 | MAE=4.442 | MAPE=5.55%
01:53:33 |  Iter-21 | MAE=5.607 | MAPE=7.03%
01:58:38 |  Iter-22 | MAE=3.945 | MAPE=4.96%
02:03:49 |  Iter-23 | MAE=3.241 | MAPE=4.15%
02:09:00 |  Iter-24 | MAE=3.326 | MAPE=4.26%
02:14:11 |  Iter-25 | MAE=8.126 | MAPE=11.06%
02:19:22 |  Iter-26 | MAE=5.064 | MAPE=6.61%
02:24:37 |  Iter-27 | MAE=28.784 | MAPE=23.13%
02:30:11 |  Iter-28 | MAE=40.954 | MAPE=30.84%
02:30:12 | 
 OVERALL: MAE=7.311, MAPE=7.62%, R2=-0.1333 (8264.3s)
02:30:12 | Saved model checkpoint: /data/quyhv/oil_forecast_tail_risk/results_v4/walkforward/LTSF_Linear/XANG_H60_seed2025/model_checkpoint.pth
02:30:12 | Saved processor/scaler: /data/quyhv/oil_forecast_tail_risk/results_v4/walkforward/LTSF_Linear/XANG_H60_seed2025/processor.pkl
