22:56:12 | ================================================================================
22:56:12 |  LTSF_Linear | XANG | H7 | walkforward | seed=777
22:56:12 | ================================================================================
22:56:12 | Data: 4513 rows | Features: 16
22:58:10 |  Iter-01 | MAE=0.903 | MAPE=1.17%
22:59:53 |  Iter-02 | MAE=1.115 | MAPE=1.46%
23:02:02 |  Iter-03 | MAE=3.910 | MAPE=4.84%
23:03:47 |  Iter-04 | MAE=0.945 | MAPE=1.18%
23:05:31 |  Iter-05 | MAE=0.755 | MAPE=0.93%
23:07:29 |  Iter-06 | MAE=1.348 | MAPE=1.73%
23:09:30 |  Iter-07 | MAE=1.129 | MAPE=1.41%
23:12:22 |  Iter-08 | MAE=1.922 | MAPE=2.57%
23:16:42 |  Iter-09 | MAE=0.777 | MAPE=1.07%
23:18:25 |  Iter-10 | MAE=0.953 | MAPE=1.34%
23:20:45 |  Iter-11 | MAE=2.566 | MAPE=3.55%
23:22:57 |  Iter-12 | MAE=0.541 | MAPE=0.75%
23:24:57 |  Iter-13 | MAE=1.916 | MAPE=2.59%
23:26:43 |  Iter-14 | MAE=1.643 | MAPE=2.18%
23:28:28 |  Iter-15 | MAE=4.385 | MAPE=5.54%
23:30:28 |  Iter-16 | MAE=16.508 | MAPE=15.59%
23:32:29 |  Iter-17 | MAE=20.054 | MAPE=14.14%
23:34:29 |  Iter-18 | MAE=11.873 | MAPE=8.25%
23:36:45 |  Iter-19 | MAE=10.020 | MAPE=6.95%
23:38:54 |  Iter-20 | MAE=18.923 | MAPE=15.05%
23:40:59 |  Iter-21 | MAE=5.610 | MAPE=4.36%
23:40:59 | 
 OVERALL: MAE=5.133, MAPE=4.60%, R2=0.8782 (2687.6s)
23:40:59 | Saved model checkpoint: /data/quyhv/oil_forecast_tail_risk/results_v4/walkforward/LTSF_Linear/XANG_H7_seed777/model_checkpoint.pth
23:40:59 | Saved processor/scaler: /data/quyhv/oil_forecast_tail_risk/results_v4/walkforward/LTSF_Linear/XANG_H7_seed777/processor.pkl
