22:27:25 | ================================================================================
22:27:25 |  LTSF_Linear | XANG | H60 | walkforward | seed=123
22:27:25 | ================================================================================
22:27:25 | Data: 4513 rows | Features: 19
22:32:04 |  Iter-01 | MAE=9.648 | MAPE=9.71%
22:36:40 |  Iter-02 | MAE=6.052 | MAPE=5.88%
22:41:16 |  Iter-03 | MAE=5.822 | MAPE=5.75%
22:45:57 |  Iter-04 | MAE=10.223 | MAPE=11.14%
22:50:38 |  Iter-05 | MAE=9.199 | MAPE=10.01%
22:55:20 |  Iter-06 | MAE=3.075 | MAPE=3.47%
23:00:01 |  Iter-07 | MAE=4.686 | MAPE=5.57%
23:04:47 |  Iter-08 | MAE=4.452 | MAPE=5.46%
23:09:33 |  Iter-09 | MAE=5.290 | MAPE=6.60%
23:14:25 |  Iter-10 | MAE=5.140 | MAPE=6.18%
23:19:11 |  Iter-11 | MAE=3.669 | MAPE=4.43%
23:24:02 |  Iter-12 | MAE=6.275 | MAPE=7.48%
23:28:53 |  Iter-13 | MAE=2.223 | MAPE=2.63%
23:33:56 |  Iter-14 | MAE=2.275 | MAPE=2.74%
23:38:48 |  Iter-15 | MAE=4.079 | MAPE=5.30%
23:43:43 |  Iter-16 | MAE=3.036 | MAPE=3.96%
23:48:40 |  Iter-17 | MAE=3.397 | MAPE=4.27%
23:53:40 |  Iter-18 | MAE=6.765 | MAPE=8.43%
23:58:44 |  Iter-19 | MAE=7.293 | MAPE=9.09%
00:03:49 |  Iter-20 | MAE=2.063 | MAPE=2.57%
00:08:54 |  Iter-21 | MAE=4.144 | MAPE=5.18%
00:14:00 |  Iter-22 | MAE=2.416 | MAPE=3.01%
00:19:10 |  Iter-23 | MAE=2.529 | MAPE=3.24%
00:24:21 |  Iter-24 | MAE=3.349 | MAPE=4.34%
00:29:31 |  Iter-25 | MAE=6.223 | MAPE=8.44%
00:34:43 |  Iter-26 | MAE=4.778 | MAPE=6.18%
00:40:09 |  Iter-27 | MAE=25.594 | MAPE=19.64%
00:45:38 |  Iter-28 | MAE=43.164 | MAPE=32.59%
00:45:38 | 
 OVERALL: MAE=7.031, MAPE=7.26%, R2=-0.1214 (8294.1s)
00:45:38 | Saved model checkpoint: /data/quyhv/oil_forecast_tail_risk/results_v4/walkforward/LTSF_Linear/XANG_H60_seed123/model_checkpoint.pth
00:45:38 | Saved processor/scaler: /data/quyhv/oil_forecast_tail_risk/results_v4/walkforward/LTSF_Linear/XANG_H60_seed123/processor.pkl
