06:23:41 | ================================================================================
06:23:41 |  LTSF_Linear | DAU | H60 | walkforward | seed=777
06:23:41 | ================================================================================
06:23:41 | Data: 4513 rows | Features: 20
06:26:13 |  Iter-01 | MAE=5.820 | MAPE=5.54%
06:28:42 |  Iter-02 | MAE=1.977 | MAPE=1.88%
06:31:11 |  Iter-03 | MAE=4.062 | MAPE=4.03%
06:33:43 |  Iter-04 | MAE=5.868 | MAPE=6.06%
06:36:15 |  Iter-05 | MAE=4.185 | MAPE=4.33%
06:38:48 |  Iter-06 | MAE=3.416 | MAPE=3.55%
06:41:21 |  Iter-07 | MAE=5.837 | MAPE=6.68%
06:44:01 |  Iter-08 | MAE=5.642 | MAPE=6.60%
06:46:51 |  Iter-09 | MAE=3.372 | MAPE=3.96%
06:49:40 |  Iter-10 | MAE=5.544 | MAPE=6.26%
06:52:29 |  Iter-11 | MAE=6.032 | MAPE=6.72%
06:55:22 |  Iter-12 | MAE=7.056 | MAPE=7.59%
06:58:11 |  Iter-13 | MAE=6.110 | MAPE=6.53%
07:01:00 |  Iter-14 | MAE=5.702 | MAPE=6.49%
07:03:49 |  Iter-15 | MAE=5.787 | MAPE=7.00%
07:06:46 |  Iter-16 | MAE=4.114 | MAPE=5.16%
07:09:53 |  Iter-17 | MAE=4.362 | MAPE=5.07%
07:13:04 |  Iter-18 | MAE=7.404 | MAPE=8.30%
07:16:17 |  Iter-19 | MAE=10.849 | MAPE=12.13%
07:19:30 |  Iter-20 | MAE=2.915 | MAPE=3.31%
07:22:43 |  Iter-21 | MAE=2.787 | MAPE=3.23%
07:25:57 |  Iter-22 | MAE=4.582 | MAPE=5.04%
07:29:13 |  Iter-23 | MAE=3.145 | MAPE=3.50%
07:32:30 |  Iter-24 | MAE=5.321 | MAPE=5.93%
07:35:47 |  Iter-25 | MAE=12.720 | MAPE=15.42%
07:39:03 |  Iter-26 | MAE=6.332 | MAPE=6.47%
07:42:23 |  Iter-27 | MAE=50.092 | MAPE=28.35%
07:45:43 |  Iter-28 | MAE=74.645 | MAPE=38.26%
07:45:43 | 
 OVERALL: MAE=9.489, MAPE=7.98%, R2=-0.1294 (4922.6s)
07:45:43 | Saved model checkpoint: /data/quyhv/oil_forecast_tail_risk/results_v4/walkforward/LTSF_Linear/DAU_H60_seed777/model_checkpoint.pth
07:45:43 | Saved processor/scaler: /data/quyhv/oil_forecast_tail_risk/results_v4/walkforward/LTSF_Linear/DAU_H60_seed777/processor.pkl
