16:56:19 | ================================================================================
16:56:19 |  CARD | XANG | H20 | walkforward | seed=9999
16:56:19 | ================================================================================
16:56:19 | Data: 4513 rows | Features: 14
16:58:28 |  Iter-01 | MAE=4.236 | MAPE=5.14%
17:00:37 |  Iter-02 | MAE=2.251 | MAPE=3.07%
17:02:46 |  Iter-03 | MAE=2.984 | MAPE=3.92%
17:04:54 |  Iter-04 | MAE=4.422 | MAPE=5.22%
17:07:03 |  Iter-05 | MAE=0.787 | MAPE=1.00%
17:09:14 |  Iter-06 | MAE=4.225 | MAPE=5.34%
17:11:25 |  Iter-07 | MAE=1.761 | MAPE=2.17%
17:13:36 |  Iter-08 | MAE=2.443 | MAPE=3.14%
17:16:09 |  Iter-09 | MAE=7.491 | MAPE=9.28%
17:20:37 |  Iter-10 | MAE=2.378 | MAPE=3.01%
17:25:08 |  Iter-11 | MAE=2.695 | MAPE=3.69%
17:29:35 |  Iter-12 | MAE=3.801 | MAPE=5.22%
17:34:01 |  Iter-13 | MAE=7.058 | MAPE=8.04%
17:38:33 |  Iter-14 | MAE=36.143 | MAPE=25.25%
17:43:43 |  Iter-15 | MAE=16.267 | MAPE=12.80%
17:43:43 | 
 OVERALL: MAE=6.596, MAPE=6.42%, R2=0.6481 (2844.3s)
17:43:43 | Saved model checkpoint: /data/quyhv/oil_forecast_tail_risk/results_v4/walkforward/CARD/XANG_H20_seed9999/model_checkpoint.pth
17:43:43 | Saved processor/scaler: /data/quyhv/oil_forecast_tail_risk/results_v4/walkforward/CARD/XANG_H20_seed9999/processor.pkl
