06:27:10 | ================================================================================
06:27:10 |  CARD | XANG | H60 | walkforward | seed=777
06:27:10 | ================================================================================
06:27:10 | Data: 4513 rows | Features: 19
06:32:42 |  Iter-01 | MAE=14.229 | MAPE=14.36%
06:38:09 |  Iter-02 | MAE=12.169 | MAPE=11.88%
06:43:36 |  Iter-03 | MAE=13.589 | MAPE=13.55%
06:49:09 |  Iter-04 | MAE=4.272 | MAPE=4.65%
06:54:45 |  Iter-05 | MAE=7.167 | MAPE=7.62%
07:00:21 |  Iter-06 | MAE=7.715 | MAPE=8.35%
07:05:56 |  Iter-07 | MAE=3.801 | MAPE=4.25%
07:11:38 |  Iter-08 | MAE=2.502 | MAPE=3.04%
07:17:20 |  Iter-09 | MAE=2.383 | MAPE=2.95%
07:23:03 |  Iter-10 | MAE=4.360 | MAPE=5.25%
07:28:48 |  Iter-11 | MAE=4.748 | MAPE=5.73%
07:34:40 |  Iter-12 | MAE=5.828 | MAPE=6.93%
07:40:30 |  Iter-13 | MAE=3.441 | MAPE=4.03%
07:46:21 |  Iter-14 | MAE=2.452 | MAPE=3.00%
07:52:14 |  Iter-15 | MAE=3.842 | MAPE=5.00%
07:58:13 |  Iter-16 | MAE=7.684 | MAPE=9.92%
08:04:12 |  Iter-17 | MAE=7.297 | MAPE=9.19%
08:10:16 |  Iter-18 | MAE=9.714 | MAPE=12.13%
08:16:27 |  Iter-19 | MAE=8.406 | MAPE=10.48%
08:22:47 |  Iter-20 | MAE=5.969 | MAPE=7.47%
08:29:15 |  Iter-21 | MAE=2.762 | MAPE=3.44%
08:35:43 |  Iter-22 | MAE=3.541 | MAPE=4.42%
08:42:16 |  Iter-23 | MAE=3.389 | MAPE=4.26%
08:48:55 |  Iter-24 | MAE=4.182 | MAPE=5.27%
08:55:54 |  Iter-25 | MAE=3.656 | MAPE=4.96%
09:02:54 |  Iter-26 | MAE=4.633 | MAPE=6.00%
09:10:00 |  Iter-27 | MAE=26.937 | MAPE=21.10%
09:17:06 |  Iter-28 | MAE=44.167 | MAPE=33.41%
09:17:06 | 
 OVERALL: MAE=8.030, MAPE=8.31%, R2=-0.2648 (10196.0s)
09:17:06 | Saved model checkpoint: /data/quyhv/oil_forecast_tail_risk/results_v4/walkforward/CARD/XANG_H60_seed777/model_checkpoint.pth
09:17:06 | Saved processor/scaler: /data/quyhv/oil_forecast_tail_risk/results_v4/walkforward/CARD/XANG_H60_seed777/processor.pkl
