22:51:04 | ================================================================================
22:51:04 |  CARD | DAU | H7 | walkforward | seed=777
22:51:04 | ================================================================================
22:51:04 | Data: 4513 rows | Features: 17
22:54:28 |  Iter-01 | MAE=1.555 | MAPE=1.77%
22:57:49 |  Iter-02 | MAE=3.368 | MAPE=4.02%
23:01:13 |  Iter-03 | MAE=6.711 | MAPE=7.32%
23:04:32 |  Iter-04 | MAE=2.066 | MAPE=2.19%
23:07:51 |  Iter-05 | MAE=1.291 | MAPE=1.34%
23:11:16 |  Iter-06 | MAE=9.695 | MAPE=11.08%
23:14:42 |  Iter-07 | MAE=2.450 | MAPE=2.87%
23:18:07 |  Iter-08 | MAE=3.136 | MAPE=3.89%
23:21:33 |  Iter-09 | MAE=0.850 | MAPE=1.06%
23:25:01 |  Iter-10 | MAE=0.865 | MAPE=1.10%
23:28:31 |  Iter-11 | MAE=3.650 | MAPE=4.49%
23:31:58 |  Iter-12 | MAE=2.326 | MAPE=2.75%
23:35:35 |  Iter-13 | MAE=3.167 | MAPE=3.61%
23:39:04 |  Iter-14 | MAE=0.883 | MAPE=1.01%
23:42:38 |  Iter-15 | MAE=3.677 | MAPE=4.00%
23:46:15 |  Iter-16 | MAE=32.965 | MAPE=23.22%
23:49:52 |  Iter-17 | MAE=24.254 | MAPE=12.72%
23:53:41 |  Iter-18 | MAE=12.700 | MAPE=5.65%
23:57:31 |  Iter-19 | MAE=29.227 | MAPE=11.09%
00:01:16 |  Iter-20 | MAE=66.654 | MAPE=37.32%
00:05:12 |  Iter-21 | MAE=21.061 | MAPE=13.43%
00:05:12 | 
 OVERALL: MAE=11.074, MAPE=7.42%, R2=0.8337 (4448.9s)
00:05:12 | Saved model checkpoint: /data/quyhv/oil_forecast_tail_risk/results_v4/walkforward/CARD/DAU_H7_seed777/model_checkpoint.pth
00:05:12 | Saved processor/scaler: /data/quyhv/oil_forecast_tail_risk/results_v4/walkforward/CARD/DAU_H7_seed777/processor.pkl
