16:23:25 | ================================================================================
16:23:25 |  CARD | XANG | H5 | walkforward | seed=777
16:23:25 | ================================================================================
16:23:25 | Data: 4513 rows | Features: 16
16:25:12 |  Iter-01 | MAE=1.455 | MAPE=1.94%
16:26:53 |  Iter-02 | MAE=0.544 | MAPE=0.74%
16:28:45 |  Iter-03 | MAE=1.401 | MAPE=1.93%
16:30:34 |  Iter-04 | MAE=0.935 | MAPE=1.31%
16:32:14 |  Iter-05 | MAE=2.388 | MAPE=3.29%
16:33:57 |  Iter-06 | MAE=1.430 | MAPE=2.00%
16:35:43 |  Iter-07 | MAE=0.824 | MAPE=1.14%
16:37:29 |  Iter-08 | MAE=1.121 | MAPE=1.54%
16:39:22 |  Iter-09 | MAE=1.292 | MAPE=1.68%
16:41:09 |  Iter-10 | MAE=3.813 | MAPE=5.23%
16:42:55 |  Iter-11 | MAE=4.741 | MAPE=5.99%
16:44:40 |  Iter-12 | MAE=10.668 | MAPE=10.99%
16:46:25 |  Iter-13 | MAE=21.639 | MAPE=16.86%
16:48:13 |  Iter-14 | MAE=18.844 | MAPE=13.08%
16:50:01 |  Iter-15 | MAE=11.805 | MAPE=8.01%
16:51:51 |  Iter-16 | MAE=3.780 | MAPE=2.75%
16:53:30 |  Iter-17 | MAE=8.432 | MAPE=6.41%
16:55:18 |  Iter-18 | MAE=4.151 | MAPE=3.34%
16:57:09 |  Iter-19 | MAE=2.980 | MAPE=2.38%
16:58:58 |  Iter-20 | MAE=2.296 | MAPE=1.73%
16:58:58 | 
 OVERALL: MAE=5.227, MAPE=4.62%, R2=0.9152 (2132.6s)
16:58:58 | Saved model checkpoint: /data/quyhv/oil_forecast_tail_risk/results_v4/walkforward/CARD/XANG_H5_seed777/model_checkpoint.pth
16:58:58 | Saved processor/scaler: /data/quyhv/oil_forecast_tail_risk/results_v4/walkforward/CARD/XANG_H5_seed777/processor.pkl
