17:59:56 | ================================================================================
17:59:56 |  CARD | DAU | H5 | walkforward | seed=777
17:59:56 | ================================================================================
17:59:56 | Data: 4513 rows | Features: 17
18:03:20 |  Iter-01 | MAE=2.500 | MAPE=3.11%
18:06:48 |  Iter-02 | MAE=0.666 | MAPE=0.84%
18:10:15 |  Iter-03 | MAE=1.506 | MAPE=1.88%
18:13:36 |  Iter-04 | MAE=1.312 | MAPE=1.68%
18:17:03 |  Iter-05 | MAE=3.002 | MAPE=3.70%
18:20:29 |  Iter-06 | MAE=0.919 | MAPE=1.12%
18:23:57 |  Iter-07 | MAE=1.235 | MAPE=1.44%
18:27:25 |  Iter-08 | MAE=0.887 | MAPE=1.01%
18:30:46 |  Iter-09 | MAE=0.504 | MAPE=0.57%
18:34:14 |  Iter-10 | MAE=2.241 | MAPE=2.59%
18:37:42 |  Iter-11 | MAE=3.966 | MAPE=4.31%
18:41:09 |  Iter-12 | MAE=20.902 | MAPE=16.05%
18:44:31 |  Iter-13 | MAE=20.187 | MAPE=11.94%
18:48:04 |  Iter-14 | MAE=27.939 | MAPE=14.35%
18:51:31 |  Iter-15 | MAE=21.249 | MAPE=9.27%
18:55:07 |  Iter-16 | MAE=34.593 | MAPE=14.33%
18:58:51 |  Iter-17 | MAE=37.130 | MAPE=16.93%
19:02:34 |  Iter-18 | MAE=23.156 | MAPE=13.45%
19:06:17 |  Iter-19 | MAE=26.448 | MAPE=17.22%
19:10:01 |  Iter-20 | MAE=3.634 | MAPE=2.22%
19:10:01 | 
 OVERALL: MAE=11.699, MAPE=6.90%, R2=0.8916 (4204.8s)
19:10:01 | Saved model checkpoint: /data/quyhv/oil_forecast_tail_risk/results_v4/walkforward/CARD/DAU_H5_seed777/model_checkpoint.pth
19:10:01 | Saved processor/scaler: /data/quyhv/oil_forecast_tail_risk/results_v4/walkforward/CARD/DAU_H5_seed777/processor.pkl
