06:00:57 | ================================================================================
06:00:57 |  CARD | XANG | H60 | walkforward | seed=123
06:00:57 | ================================================================================
06:00:57 | Data: 4513 rows | Features: 19
06:06:21 |  Iter-01 | MAE=12.920 | MAPE=13.03%
06:11:41 |  Iter-02 | MAE=15.087 | MAPE=14.75%
06:17:06 |  Iter-03 | MAE=15.016 | MAPE=14.98%
06:22:37 |  Iter-04 | MAE=2.473 | MAPE=2.64%
06:28:08 |  Iter-05 | MAE=4.820 | MAPE=5.19%
06:33:39 |  Iter-06 | MAE=4.889 | MAPE=5.26%
06:39:10 |  Iter-07 | MAE=3.695 | MAPE=4.31%
06:44:47 |  Iter-08 | MAE=3.348 | MAPE=4.11%
06:50:27 |  Iter-09 | MAE=2.562 | MAPE=3.18%
06:56:03 |  Iter-10 | MAE=3.411 | MAPE=4.10%
07:01:40 |  Iter-11 | MAE=6.819 | MAPE=8.24%
07:07:22 |  Iter-12 | MAE=7.987 | MAPE=9.48%
07:13:04 |  Iter-13 | MAE=2.096 | MAPE=2.50%
07:18:46 |  Iter-14 | MAE=3.592 | MAPE=4.43%
07:24:36 |  Iter-15 | MAE=4.299 | MAPE=5.61%
07:30:31 |  Iter-16 | MAE=4.789 | MAPE=6.14%
07:36:25 |  Iter-17 | MAE=7.342 | MAPE=9.22%
07:42:23 |  Iter-18 | MAE=8.305 | MAPE=10.36%
07:48:28 |  Iter-19 | MAE=10.842 | MAPE=13.56%
07:54:33 |  Iter-20 | MAE=2.571 | MAPE=3.20%
08:00:38 |  Iter-21 | MAE=2.497 | MAPE=3.11%
08:06:43 |  Iter-22 | MAE=3.044 | MAPE=3.79%
08:12:57 |  Iter-23 | MAE=3.655 | MAPE=4.58%
08:19:12 |  Iter-24 | MAE=4.366 | MAPE=5.51%
08:25:27 |  Iter-25 | MAE=3.377 | MAPE=4.58%
08:31:42 |  Iter-26 | MAE=4.287 | MAPE=5.39%
08:38:01 |  Iter-27 | MAE=27.204 | MAPE=21.44%
08:44:20 |  Iter-28 | MAE=42.439 | MAPE=32.03%
08:44:20 | 
 OVERALL: MAE=7.776, MAPE=8.03%, R2=-0.2311 (9803.6s)
08:44:20 | Saved model checkpoint: /data/quyhv/oil_forecast_tail_risk/results_v4/walkforward/CARD/XANG_H60_seed123/model_checkpoint.pth
08:44:20 | Saved processor/scaler: /data/quyhv/oil_forecast_tail_risk/results_v4/walkforward/CARD/XANG_H60_seed123/processor.pkl
