08:38:47 | ================================================================================
08:38:47 |  CARD | XANG | H60 | walkforward | seed=2025
08:38:47 | ================================================================================
08:38:47 | Data: 4513 rows | Features: 19
08:44:20 |  Iter-01 | MAE=11.713 | MAPE=11.82%
08:49:49 |  Iter-02 | MAE=13.389 | MAPE=13.09%
08:55:18 |  Iter-03 | MAE=12.664 | MAPE=12.59%
09:00:52 |  Iter-04 | MAE=1.973 | MAPE=2.06%
09:06:26 |  Iter-05 | MAE=7.115 | MAPE=7.77%
09:12:01 |  Iter-06 | MAE=9.040 | MAPE=9.86%
09:17:37 |  Iter-07 | MAE=3.344 | MAPE=3.86%
09:23:18 |  Iter-08 | MAE=2.521 | MAPE=3.00%
09:29:01 |  Iter-09 | MAE=2.692 | MAPE=3.27%
09:34:45 |  Iter-10 | MAE=5.556 | MAPE=6.72%
09:40:29 |  Iter-11 | MAE=5.147 | MAPE=6.21%
09:46:19 |  Iter-12 | MAE=11.188 | MAPE=13.28%
09:52:09 |  Iter-13 | MAE=2.490 | MAPE=2.94%
09:57:56 |  Iter-14 | MAE=2.165 | MAPE=2.62%
10:03:46 |  Iter-15 | MAE=3.609 | MAPE=4.67%
10:09:42 |  Iter-16 | MAE=6.301 | MAPE=8.12%
10:15:37 |  Iter-17 | MAE=5.759 | MAPE=7.23%
10:21:37 |  Iter-18 | MAE=10.250 | MAPE=12.80%
10:27:44 |  Iter-19 | MAE=8.634 | MAPE=10.77%
10:33:51 |  Iter-20 | MAE=1.409 | MAPE=1.77%
10:39:57 |  Iter-21 | MAE=2.857 | MAPE=3.56%
10:46:06 |  Iter-22 | MAE=2.322 | MAPE=2.88%
10:52:22 |  Iter-23 | MAE=3.635 | MAPE=4.56%
10:58:38 |  Iter-24 | MAE=4.072 | MAPE=5.12%
11:04:55 |  Iter-25 | MAE=2.206 | MAPE=2.99%
11:11:11 |  Iter-26 | MAE=4.202 | MAPE=5.32%
11:17:33 |  Iter-27 | MAE=25.967 | MAPE=20.21%
11:23:56 |  Iter-28 | MAE=42.445 | MAPE=32.02%
11:23:56 | 
 OVERALL: MAE=7.667, MAPE=7.90%, R2=-0.1918 (9909.5s)
11:23:56 | Saved model checkpoint: /data/quyhv/oil_forecast_tail_risk/results_v4/walkforward/CARD/XANG_H60_seed2025/model_checkpoint.pth
11:23:56 | Saved processor/scaler: /data/quyhv/oil_forecast_tail_risk/results_v4/walkforward/CARD/XANG_H60_seed2025/processor.pkl
