03:59:55 | ================================================================================
03:59:55 |  CARD | XANG | H3 | walkforward | seed=777
03:59:55 | ================================================================================
03:59:55 | Data: 4513 rows | Features: 15
04:01:41 |  Iter-01 | MAE=0.642 | MAPE=0.82%
04:03:25 |  Iter-02 | MAE=2.720 | MAPE=3.64%
04:05:05 |  Iter-03 | MAE=0.777 | MAPE=1.06%
04:06:51 |  Iter-04 | MAE=0.582 | MAPE=0.79%
04:08:31 |  Iter-05 | MAE=0.368 | MAPE=0.51%
04:10:11 |  Iter-06 | MAE=0.839 | MAPE=1.17%
04:11:54 |  Iter-07 | MAE=1.042 | MAPE=1.48%
04:13:34 |  Iter-08 | MAE=0.971 | MAPE=1.34%
04:15:18 |  Iter-09 | MAE=2.056 | MAPE=2.87%
04:17:02 |  Iter-10 | MAE=0.724 | MAPE=1.00%
04:18:47 |  Iter-11 | MAE=0.618 | MAPE=0.86%
04:20:30 |  Iter-12 | MAE=1.298 | MAPE=1.78%
04:22:17 |  Iter-13 | MAE=2.456 | MAPE=3.40%
04:23:59 |  Iter-14 | MAE=1.739 | MAPE=2.34%
04:25:43 |  Iter-15 | MAE=1.710 | MAPE=2.22%
04:27:27 |  Iter-16 | MAE=4.463 | MAPE=6.10%
04:29:13 |  Iter-17 | MAE=1.531 | MAPE=2.01%
04:30:55 |  Iter-18 | MAE=1.409 | MAPE=1.77%
04:32:43 |  Iter-19 | MAE=0.435 | MAPE=0.54%
04:34:26 |  Iter-20 | MAE=16.315 | MAPE=16.67%
04:36:13 |  Iter-21 | MAE=24.002 | MAPE=18.35%
04:37:54 |  Iter-22 | MAE=16.991 | MAPE=13.66%
04:39:37 |  Iter-23 | MAE=5.082 | MAPE=3.51%
04:41:23 |  Iter-24 | MAE=4.174 | MAPE=2.71%
04:43:07 |  Iter-25 | MAE=18.484 | MAPE=13.43%
04:44:47 |  Iter-26 | MAE=4.510 | MAPE=3.26%
04:46:36 |  Iter-27 | MAE=3.130 | MAPE=2.23%
04:48:22 |  Iter-28 | MAE=15.303 | MAPE=11.90%
04:50:06 |  Iter-29 | MAE=9.301 | MAPE=7.05%
04:51:47 |  Iter-30 | MAE=9.303 | MAPE=7.56%
04:53:27 |  Iter-31 | MAE=2.309 | MAPE=1.89%
04:55:08 |  Iter-32 | MAE=6.232 | MAPE=4.88%
04:56:48 |  Iter-33 | MAE=2.470 | MAPE=1.90%
04:56:48 | 
 OVERALL: MAE=4.969, MAPE=4.39%, R2=0.9102 (3413.3s)
04:56:48 | Saved model checkpoint: /data/quyhv/oil_forecast_tail_risk/results_v4/walkforward/CARD/XANG_H3_seed777/model_checkpoint.pth
04:56:48 | Saved processor/scaler: /data/quyhv/oil_forecast_tail_risk/results_v4/walkforward/CARD/XANG_H3_seed777/processor.pkl
