06:26:31 | ================================================================================
06:26:31 |  CARD | XANG | H60 | walkforward | seed=9999
06:26:31 | ================================================================================
06:26:31 | Data: 4513 rows | Features: 19
06:32:02 |  Iter-01 | MAE=13.814 | MAPE=13.93%
06:37:29 |  Iter-02 | MAE=15.665 | MAPE=15.33%
06:42:55 |  Iter-03 | MAE=12.807 | MAPE=12.80%
06:48:27 |  Iter-04 | MAE=3.430 | MAPE=3.50%
06:54:01 |  Iter-05 | MAE=5.772 | MAPE=6.32%
06:59:36 |  Iter-06 | MAE=7.012 | MAPE=7.58%
07:05:11 |  Iter-07 | MAE=3.516 | MAPE=4.12%
07:10:52 |  Iter-08 | MAE=2.787 | MAPE=3.29%
07:16:33 |  Iter-09 | MAE=2.523 | MAPE=3.05%
07:22:16 |  Iter-10 | MAE=6.618 | MAPE=8.00%
07:28:01 |  Iter-11 | MAE=6.162 | MAPE=7.45%
07:33:51 |  Iter-12 | MAE=11.339 | MAPE=13.46%
07:39:41 |  Iter-13 | MAE=2.430 | MAPE=2.87%
07:45:31 |  Iter-14 | MAE=2.225 | MAPE=2.71%
07:51:23 |  Iter-15 | MAE=3.323 | MAPE=4.12%
07:57:22 |  Iter-16 | MAE=9.592 | MAPE=12.40%
08:03:22 |  Iter-17 | MAE=8.267 | MAPE=10.43%
08:09:27 |  Iter-18 | MAE=9.980 | MAPE=12.48%
08:15:39 |  Iter-19 | MAE=9.108 | MAPE=11.37%
08:21:49 |  Iter-20 | MAE=2.798 | MAPE=3.48%
08:27:58 |  Iter-21 | MAE=3.003 | MAPE=3.75%
08:34:21 |  Iter-22 | MAE=4.614 | MAPE=5.77%
08:41:00 |  Iter-23 | MAE=4.241 | MAPE=5.30%
08:47:52 |  Iter-24 | MAE=3.503 | MAPE=4.41%
08:54:51 |  Iter-25 | MAE=6.308 | MAPE=8.58%
09:01:49 |  Iter-26 | MAE=4.863 | MAPE=6.30%
09:08:55 |  Iter-27 | MAE=26.708 | MAPE=20.92%
09:16:00 |  Iter-28 | MAE=42.697 | MAPE=32.24%
09:16:00 | 
 OVERALL: MAE=8.397, MAPE=8.78%, R2=-0.2784 (10169.4s)
09:16:00 | Saved model checkpoint: /data/quyhv/oil_forecast_tail_risk/results_v4/walkforward/CARD/XANG_H60_seed9999/model_checkpoint.pth
09:16:00 | Saved processor/scaler: /data/quyhv/oil_forecast_tail_risk/results_v4/walkforward/CARD/XANG_H60_seed9999/processor.pkl
