07:49:55 | ================================================================================
07:49:55 |  CARD | DAU | H3 | walkforward | seed=777
07:49:55 | ================================================================================
07:49:56 | Data: 4513 rows | Features: 16
07:53:25 |  Iter-01 | MAE=0.983 | MAPE=1.20%
07:56:57 |  Iter-02 | MAE=1.810 | MAPE=2.27%
08:00:23 |  Iter-03 | MAE=1.524 | MAPE=1.92%
08:03:49 |  Iter-04 | MAE=0.236 | MAPE=0.29%
08:07:22 |  Iter-05 | MAE=0.312 | MAPE=0.39%
08:10:49 |  Iter-06 | MAE=1.069 | MAPE=1.36%
08:14:15 |  Iter-07 | MAE=1.624 | MAPE=2.10%
08:17:42 |  Iter-08 | MAE=2.373 | MAPE=2.95%
08:21:08 |  Iter-09 | MAE=0.577 | MAPE=0.70%
08:24:41 |  Iter-10 | MAE=1.859 | MAPE=2.24%
08:28:06 |  Iter-11 | MAE=1.055 | MAPE=1.23%
08:31:31 |  Iter-12 | MAE=1.654 | MAPE=1.91%
08:34:56 |  Iter-13 | MAE=2.268 | MAPE=2.62%
08:38:22 |  Iter-14 | MAE=1.560 | MAPE=1.77%
08:41:47 |  Iter-15 | MAE=1.373 | MAPE=1.56%
08:45:13 |  Iter-16 | MAE=2.877 | MAPE=3.31%
08:48:38 |  Iter-17 | MAE=1.862 | MAPE=2.06%
08:52:10 |  Iter-18 | MAE=0.585 | MAPE=0.63%
08:55:42 |  Iter-19 | MAE=0.289 | MAPE=0.31%
08:59:09 |  Iter-20 | MAE=34.496 | MAPE=26.41%
09:02:37 |  Iter-21 | MAE=28.494 | MAPE=16.74%
09:06:13 |  Iter-22 | MAE=16.915 | MAPE=10.17%
09:09:57 |  Iter-23 | MAE=11.534 | MAPE=5.98%
09:13:28 |  Iter-24 | MAE=10.589 | MAPE=4.91%
09:16:52 |  Iter-25 | MAE=15.861 | MAPE=7.21%
09:20:36 |  Iter-26 | MAE=16.785 | MAPE=6.86%
09:24:13 |  Iter-27 | MAE=18.883 | MAPE=6.68%
09:27:44 |  Iter-28 | MAE=58.567 | MAPE=27.83%
09:31:15 |  Iter-29 | MAE=6.078 | MAPE=3.01%
09:34:52 |  Iter-30 | MAE=20.371 | MAPE=12.09%
09:38:29 |  Iter-31 | MAE=20.448 | MAPE=13.76%
09:41:53 |  Iter-32 | MAE=15.266 | MAPE=9.32%
09:45:24 |  Iter-33 | MAE=2.201 | MAPE=1.35%
09:45:24 | 
 OVERALL: MAE=9.163, MAPE=5.55%, R2=0.9081 (6929.2s)
09:45:24 | Saved model checkpoint: /data/quyhv/oil_forecast_tail_risk/results_v4/walkforward/CARD/DAU_H3_seed777/model_checkpoint.pth
09:45:24 | Saved processor/scaler: /data/quyhv/oil_forecast_tail_risk/results_v4/walkforward/CARD/DAU_H3_seed777/processor.pkl
