03:40:47 | ================================================================================
03:40:47 |  CARD | XANG | H7 | walkforward | seed=2025
03:40:47 | ================================================================================
03:40:47 | Data: 4513 rows | Features: 16
03:42:42 |  Iter-01 | MAE=0.864 | MAPE=1.12%
03:44:29 |  Iter-02 | MAE=0.698 | MAPE=0.91%
03:46:09 |  Iter-03 | MAE=3.975 | MAPE=4.92%
03:47:48 |  Iter-04 | MAE=0.639 | MAPE=0.80%
03:49:24 |  Iter-05 | MAE=0.850 | MAPE=1.05%
03:51:05 |  Iter-06 | MAE=1.369 | MAPE=1.75%
03:52:53 |  Iter-07 | MAE=1.207 | MAPE=1.51%
03:54:33 |  Iter-08 | MAE=1.715 | MAPE=2.29%
03:56:13 |  Iter-09 | MAE=0.804 | MAPE=1.10%
03:58:01 |  Iter-10 | MAE=1.053 | MAPE=1.48%
03:59:45 |  Iter-11 | MAE=1.632 | MAPE=2.25%
04:01:33 |  Iter-12 | MAE=1.085 | MAPE=1.49%
04:03:14 |  Iter-13 | MAE=1.949 | MAPE=2.63%
04:04:55 |  Iter-14 | MAE=1.705 | MAPE=2.26%
04:06:42 |  Iter-15 | MAE=4.100 | MAPE=5.19%
04:08:30 |  Iter-16 | MAE=16.528 | MAPE=15.61%
04:10:15 |  Iter-17 | MAE=17.127 | MAPE=12.00%
04:11:57 |  Iter-18 | MAE=12.043 | MAPE=8.46%
04:13:38 |  Iter-19 | MAE=10.148 | MAPE=7.03%
04:15:22 |  Iter-20 | MAE=15.647 | MAPE=12.45%
04:17:15 |  Iter-21 | MAE=6.611 | MAPE=5.16%
04:17:15 | 
 OVERALL: MAE=4.845, MAPE=4.36%, R2=0.8922 (2187.8s)
04:17:15 | Saved model checkpoint: /data/quyhv/oil_forecast_tail_risk/results_v4/walkforward/CARD/XANG_H7_seed2025/model_checkpoint.pth
04:17:15 | Saved processor/scaler: /data/quyhv/oil_forecast_tail_risk/results_v4/walkforward/CARD/XANG_H7_seed2025/processor.pkl
