07:58:36 | ================================================================================
07:58:36 |  CARD | XANG | H60 | walkforward | seed=2025
07:58:36 | ================================================================================
07:58:36 | Data: 4513 rows | Features: 19
08:04:01 |  Iter-01 | MAE=11.713 | MAPE=11.82%
08:09:22 |  Iter-02 | MAE=13.389 | MAPE=13.09%
08:14:43 |  Iter-03 | MAE=12.664 | MAPE=12.59%
08:20:12 |  Iter-04 | MAE=1.973 | MAPE=2.06%
08:25:45 |  Iter-05 | MAE=7.115 | MAPE=7.77%
08:31:25 |  Iter-06 | MAE=9.040 | MAPE=9.86%
08:37:05 |  Iter-07 | MAE=3.344 | MAPE=3.86%
08:42:46 |  Iter-08 | MAE=2.521 | MAPE=3.00%
08:48:27 |  Iter-09 | MAE=2.692 | MAPE=3.27%
08:54:07 |  Iter-10 | MAE=5.556 | MAPE=6.72%
08:59:47 |  Iter-11 | MAE=5.147 | MAPE=6.21%
09:05:32 |  Iter-12 | MAE=11.188 | MAPE=13.28%
09:11:19 |  Iter-13 | MAE=2.490 | MAPE=2.94%
09:17:07 |  Iter-14 | MAE=2.165 | MAPE=2.62%
09:22:54 |  Iter-15 | MAE=3.609 | MAPE=4.67%
09:28:49 |  Iter-16 | MAE=6.301 | MAPE=8.12%
09:34:44 |  Iter-17 | MAE=5.759 | MAPE=7.23%
09:40:45 |  Iter-18 | MAE=10.250 | MAPE=12.80%
09:46:51 |  Iter-19 | MAE=8.634 | MAPE=10.77%
09:52:57 |  Iter-20 | MAE=1.409 | MAPE=1.77%
09:59:01 |  Iter-21 | MAE=2.857 | MAPE=3.56%
10:05:07 |  Iter-22 | MAE=2.322 | MAPE=2.88%
10:11:19 |  Iter-23 | MAE=3.635 | MAPE=4.56%
10:17:31 |  Iter-24 | MAE=4.072 | MAPE=5.12%
10:23:43 |  Iter-25 | MAE=2.206 | MAPE=2.99%
10:29:56 |  Iter-26 | MAE=4.202 | MAPE=5.32%
10:36:14 |  Iter-27 | MAE=25.967 | MAPE=20.21%
10:42:32 |  Iter-28 | MAE=42.445 | MAPE=32.02%
10:42:33 | 
 OVERALL: MAE=7.667, MAPE=7.90%, R2=-0.1918 (9837.0s)
10:42:33 | Saved model checkpoint: /data/quyhv/oil_forecast_tail_risk/results_v4/walkforward/CARD/XANG_H60_seed2025/model_checkpoint.pth
10:42:33 | Saved processor/scaler: /data/quyhv/oil_forecast_tail_risk/results_v4/walkforward/CARD/XANG_H60_seed2025/processor.pkl
