09:50:48 | ================================================================================
09:50:48 |  FITS | XANG | H60 | walkforward | seed=2025
09:50:48 | ================================================================================
09:50:48 | Data: 4513 rows | Features: 19
09:55:09 |  Iter-01 | MAE=10.946 | MAPE=11.03%
09:59:27 |  Iter-02 | MAE=5.941 | MAPE=5.78%
10:03:46 |  Iter-03 | MAE=5.592 | MAPE=5.50%
10:08:10 |  Iter-04 | MAE=8.418 | MAPE=9.20%
10:12:33 |  Iter-05 | MAE=10.915 | MAPE=11.87%
10:16:57 |  Iter-06 | MAE=3.595 | MAPE=3.99%
10:21:20 |  Iter-07 | MAE=6.367 | MAPE=7.46%
10:25:48 |  Iter-08 | MAE=5.676 | MAPE=6.95%
10:30:17 |  Iter-09 | MAE=3.016 | MAPE=3.74%
10:34:46 |  Iter-10 | MAE=1.905 | MAPE=2.30%
10:39:14 |  Iter-11 | MAE=3.737 | MAPE=4.52%
10:43:47 |  Iter-12 | MAE=6.938 | MAPE=8.26%
10:48:22 |  Iter-13 | MAE=1.883 | MAPE=2.23%
10:52:58 |  Iter-14 | MAE=2.813 | MAPE=3.47%
10:57:34 |  Iter-15 | MAE=4.802 | MAPE=6.25%
11:02:14 |  Iter-16 | MAE=2.794 | MAPE=3.57%
11:06:54 |  Iter-17 | MAE=2.893 | MAPE=3.61%
11:11:39 |  Iter-18 | MAE=4.733 | MAPE=5.87%
11:16:28 |  Iter-19 | MAE=5.093 | MAPE=6.31%
11:21:17 |  Iter-20 | MAE=1.710 | MAPE=2.17%
11:26:08 |  Iter-21 | MAE=2.996 | MAPE=3.75%
11:31:00 |  Iter-22 | MAE=1.426 | MAPE=1.81%
11:35:57 |  Iter-23 | MAE=2.680 | MAPE=3.41%
11:40:55 |  Iter-24 | MAE=3.424 | MAPE=4.37%
11:45:52 |  Iter-25 | MAE=5.727 | MAPE=7.82%
11:50:49 |  Iter-26 | MAE=4.717 | MAPE=6.09%
11:55:51 |  Iter-27 | MAE=27.951 | MAPE=22.33%
12:01:15 |  Iter-28 | MAE=42.162 | MAPE=31.82%
12:01:16 | 
 OVERALL: MAE=6.816, MAPE=6.98%, R2=-0.1077 (7828.5s)
12:01:16 | Saved model checkpoint: /data/quyhv/oil_forecast_tail_risk/results_v4/walkforward/FITS/XANG_H60_seed2025/model_checkpoint.pth
12:01:16 | Saved processor/scaler: /data/quyhv/oil_forecast_tail_risk/results_v4/walkforward/FITS/XANG_H60_seed2025/processor.pkl
