18:09:57 | ================================================================================
18:09:57 |  FITS | DAU | H5 | walkforward | seed=777
18:09:57 | ================================================================================
18:09:57 | Data: 4513 rows | Features: 17
18:16:24 |  Iter-01 | MAE=2.562 | MAPE=3.19%
18:23:53 |  Iter-02 | MAE=0.855 | MAPE=1.07%
18:28:32 |  Iter-03 | MAE=2.100 | MAPE=2.63%
18:32:26 |  Iter-04 | MAE=1.684 | MAPE=2.15%
18:41:07 |  Iter-05 | MAE=3.348 | MAPE=4.13%
18:45:48 |  Iter-06 | MAE=0.996 | MAPE=1.21%
18:50:14 |  Iter-07 | MAE=1.655 | MAPE=1.93%
18:54:08 |  Iter-08 | MAE=1.126 | MAPE=1.29%
18:58:33 |  Iter-09 | MAE=0.492 | MAPE=0.56%
19:03:30 |  Iter-10 | MAE=2.643 | MAPE=3.05%
19:08:01 |  Iter-11 | MAE=4.226 | MAPE=4.60%
19:12:48 |  Iter-12 | MAE=22.420 | MAPE=17.34%
19:16:08 |  Iter-13 | MAE=20.752 | MAPE=12.26%
19:19:22 |  Iter-14 | MAE=30.091 | MAPE=15.45%
19:23:09 |  Iter-15 | MAE=22.334 | MAPE=9.78%
19:27:01 |  Iter-16 | MAE=31.949 | MAPE=13.21%
19:30:53 |  Iter-17 | MAE=35.194 | MAPE=15.99%
19:35:01 |  Iter-18 | MAE=18.899 | MAPE=11.06%
19:38:45 |  Iter-19 | MAE=15.021 | MAPE=9.97%
19:43:46 |  Iter-20 | MAE=4.277 | MAPE=2.55%
19:43:46 | 
 OVERALL: MAE=11.131, MAPE=6.67%, R2=0.9022 (5629.3s)
19:43:46 | Saved model checkpoint: /data/quyhv/oil_forecast_tail_risk/results_v4/walkforward/FITS/DAU_H5_seed777/model_checkpoint.pth
19:43:46 | Saved processor/scaler: /data/quyhv/oil_forecast_tail_risk/results_v4/walkforward/FITS/DAU_H5_seed777/processor.pkl
