07:26:48 | ================================================================================
07:26:48 |  FITS | XANG | H60 | walkforward | seed=123
07:26:48 | ================================================================================
07:26:48 | Data: 4513 rows | Features: 19
07:31:15 |  Iter-01 | MAE=14.188 | MAPE=14.36%
07:35:33 |  Iter-02 | MAE=5.923 | MAPE=5.79%
07:39:51 |  Iter-03 | MAE=4.118 | MAPE=4.09%
07:44:14 |  Iter-04 | MAE=9.043 | MAPE=9.88%
07:48:36 |  Iter-05 | MAE=9.347 | MAPE=10.24%
07:52:59 |  Iter-06 | MAE=4.149 | MAPE=4.57%
07:57:22 |  Iter-07 | MAE=5.290 | MAPE=6.27%
08:01:49 |  Iter-08 | MAE=6.174 | MAPE=7.53%
08:06:16 |  Iter-09 | MAE=3.863 | MAPE=4.82%
08:10:45 |  Iter-10 | MAE=3.663 | MAPE=4.39%
08:15:15 |  Iter-11 | MAE=2.466 | MAPE=3.00%
08:19:50 |  Iter-12 | MAE=6.422 | MAPE=7.63%
08:24:25 |  Iter-13 | MAE=3.300 | MAPE=3.89%
08:29:00 |  Iter-14 | MAE=2.612 | MAPE=3.22%
08:33:34 |  Iter-15 | MAE=5.091 | MAPE=6.64%
08:38:12 |  Iter-16 | MAE=3.052 | MAPE=3.93%
08:42:49 |  Iter-17 | MAE=2.702 | MAPE=3.42%
08:47:33 |  Iter-18 | MAE=4.198 | MAPE=5.18%
08:52:22 |  Iter-19 | MAE=4.791 | MAPE=5.91%
08:57:11 |  Iter-20 | MAE=2.772 | MAPE=3.47%
09:02:00 |  Iter-21 | MAE=4.380 | MAPE=5.49%
09:06:49 |  Iter-22 | MAE=2.043 | MAPE=2.56%
09:11:43 |  Iter-23 | MAE=2.178 | MAPE=2.75%
09:17:00 |  Iter-24 | MAE=3.775 | MAPE=4.77%
09:21:54 |  Iter-25 | MAE=6.362 | MAPE=8.67%
09:26:48 |  Iter-26 | MAE=5.442 | MAPE=7.16%
09:31:46 |  Iter-27 | MAE=28.011 | MAPE=22.38%
09:36:50 |  Iter-28 | MAE=43.826 | MAPE=33.51%
09:36:50 | 
 OVERALL: MAE=7.114, MAPE=7.34%, R2=-0.1480 (7802.9s)
09:36:50 | Saved model checkpoint: /data/quyhv/oil_forecast_tail_risk/results_v4/walkforward/FITS/XANG_H60_seed123/model_checkpoint.pth
09:36:50 | Saved processor/scaler: /data/quyhv/oil_forecast_tail_risk/results_v4/walkforward/FITS/XANG_H60_seed123/processor.pkl
