08:15:28 | ================================================================================
08:15:28 |  FITS | XANG | H60 | walkforward | seed=777
08:15:28 | ================================================================================
08:15:28 | Data: 4513 rows | Features: 19
08:19:57 |  Iter-01 | MAE=14.027 | MAPE=14.17%
08:24:32 |  Iter-02 | MAE=7.532 | MAPE=7.33%
08:29:06 |  Iter-03 | MAE=6.515 | MAPE=6.36%
08:33:45 |  Iter-04 | MAE=8.092 | MAPE=8.81%
08:38:25 |  Iter-05 | MAE=7.358 | MAPE=8.03%
08:43:03 |  Iter-06 | MAE=2.983 | MAPE=3.26%
08:47:44 |  Iter-07 | MAE=5.478 | MAPE=6.44%
08:52:45 |  Iter-08 | MAE=6.270 | MAPE=7.63%
08:57:47 |  Iter-09 | MAE=2.874 | MAPE=3.54%
09:02:49 |  Iter-10 | MAE=2.008 | MAPE=2.44%
09:07:51 |  Iter-11 | MAE=3.350 | MAPE=4.05%
09:13:10 |  Iter-12 | MAE=5.595 | MAPE=6.67%
09:18:17 |  Iter-13 | MAE=3.155 | MAPE=3.72%
09:23:27 |  Iter-14 | MAE=2.812 | MAPE=3.44%
09:28:36 |  Iter-15 | MAE=5.027 | MAPE=6.56%
09:33:50 |  Iter-16 | MAE=3.014 | MAPE=3.94%
09:39:08 |  Iter-17 | MAE=2.897 | MAPE=3.63%
09:44:39 |  Iter-18 | MAE=6.243 | MAPE=7.78%
09:50:15 |  Iter-19 | MAE=5.885 | MAPE=7.29%
09:55:51 |  Iter-20 | MAE=1.992 | MAPE=2.54%
10:01:28 |  Iter-21 | MAE=4.106 | MAPE=5.14%
10:07:17 |  Iter-22 | MAE=1.827 | MAPE=2.28%
10:12:59 |  Iter-23 | MAE=2.021 | MAPE=2.57%
10:19:20 |  Iter-24 | MAE=3.521 | MAPE=4.49%
10:25:02 |  Iter-25 | MAE=5.163 | MAPE=7.06%
10:30:44 |  Iter-26 | MAE=4.286 | MAPE=5.53%
10:36:24 |  Iter-27 | MAE=27.080 | MAPE=21.37%
10:42:00 |  Iter-28 | MAE=43.812 | MAPE=33.23%
10:42:00 | 
 OVERALL: MAE=6.962, MAPE=7.12%, R2=-0.1435 (8792.1s)
10:42:00 | Saved model checkpoint: /data/quyhv/oil_forecast_tail_risk/results_v4/walkforward/FITS/XANG_H60_seed777/model_checkpoint.pth
10:42:00 | Saved processor/scaler: /data/quyhv/oil_forecast_tail_risk/results_v4/walkforward/FITS/XANG_H60_seed777/processor.pkl
