06:20:11 | ================================================================================
06:20:11 |  FITS | XANG | H60 | walkforward | seed=9999
06:20:11 | ================================================================================
06:20:11 | Data: 4513 rows | Features: 19
06:24:34 |  Iter-01 | MAE=12.506 | MAPE=12.63%
06:28:51 |  Iter-02 | MAE=5.733 | MAPE=5.58%
06:33:06 |  Iter-03 | MAE=5.547 | MAPE=5.46%
06:37:25 |  Iter-04 | MAE=7.693 | MAPE=8.41%
06:41:44 |  Iter-05 | MAE=8.807 | MAPE=9.60%
06:46:03 |  Iter-06 | MAE=2.147 | MAPE=2.36%
06:50:22 |  Iter-07 | MAE=5.733 | MAPE=6.78%
06:54:48 |  Iter-08 | MAE=4.629 | MAPE=5.65%
06:59:19 |  Iter-09 | MAE=2.561 | MAPE=3.09%
07:03:44 |  Iter-10 | MAE=2.655 | MAPE=3.17%
07:08:10 |  Iter-11 | MAE=3.465 | MAPE=4.19%
07:12:41 |  Iter-12 | MAE=6.920 | MAPE=8.22%
07:17:11 |  Iter-13 | MAE=2.322 | MAPE=2.76%
07:21:43 |  Iter-14 | MAE=2.489 | MAPE=3.03%
07:26:16 |  Iter-15 | MAE=5.226 | MAPE=6.82%
07:30:53 |  Iter-16 | MAE=2.501 | MAPE=3.24%
07:35:30 |  Iter-17 | MAE=3.176 | MAPE=3.99%
07:40:12 |  Iter-18 | MAE=7.688 | MAPE=9.63%
07:44:58 |  Iter-19 | MAE=5.204 | MAPE=6.43%
07:49:46 |  Iter-20 | MAE=2.386 | MAPE=2.98%
07:54:40 |  Iter-21 | MAE=3.999 | MAPE=5.01%
07:59:29 |  Iter-22 | MAE=1.968 | MAPE=2.45%
08:04:23 |  Iter-23 | MAE=3.665 | MAPE=4.68%
08:09:17 |  Iter-24 | MAE=3.599 | MAPE=4.57%
08:14:11 |  Iter-25 | MAE=7.266 | MAPE=9.87%
08:19:06 |  Iter-26 | MAE=5.375 | MAPE=7.04%
08:24:03 |  Iter-27 | MAE=27.971 | MAPE=22.50%
08:29:12 |  Iter-28 | MAE=43.122 | MAPE=32.64%
08:29:12 | 
 OVERALL: MAE=7.013, MAPE=7.24%, R2=-0.1263 (7741.7s)
08:29:12 | Saved model checkpoint: /data/quyhv/oil_forecast_tail_risk/results_v4/walkforward/FITS/XANG_H60_seed9999/model_checkpoint.pth
08:29:12 | Saved processor/scaler: /data/quyhv/oil_forecast_tail_risk/results_v4/walkforward/FITS/XANG_H60_seed9999/processor.pkl
