17:08:43 | ================================================================================
17:08:43 |  GUMNet_Adaptive | XANG | H20 | walkforward | seed=777
17:08:43 | ================================================================================
17:08:43 | Data: 4513 rows | Features: 14
17:43:44 |  Iter-01 | MAE=2.888 | MAPE=3.51%
18:19:06 |  Iter-02 | MAE=2.281 | MAPE=3.11%
18:54:27 |  Iter-03 | MAE=1.503 | MAPE=1.97%
19:29:41 |  Iter-04 | MAE=4.476 | MAPE=5.28%
20:04:52 |  Iter-05 | MAE=2.078 | MAPE=2.66%
20:40:37 |  Iter-06 | MAE=3.077 | MAPE=3.89%
21:16:18 |  Iter-07 | MAE=1.254 | MAPE=1.55%
21:52:54 |  Iter-08 | MAE=3.559 | MAPE=4.58%
22:28:28 |  Iter-09 | MAE=3.932 | MAPE=4.87%
23:07:58 |  Iter-10 | MAE=3.485 | MAPE=4.40%
23:45:45 |  Iter-11 | MAE=4.442 | MAPE=6.11%
00:25:52 |  Iter-12 | MAE=3.467 | MAPE=4.76%
01:07:57 |  Iter-13 | MAE=5.909 | MAPE=6.71%
01:50:15 |  Iter-14 | MAE=35.597 | MAPE=24.84%
02:35:20 |  Iter-15 | MAE=13.587 | MAPE=10.70%
02:35:20 | 
 OVERALL: MAE=6.102, MAPE=5.93%, R2=0.6827 (33997.9s)
02:35:20 | Saved model checkpoint: /data/quyhv/oil_forecast_tail_risk/results_v4/walkforward/GUMNet_Adaptive/XANG_H20_seed777/model_checkpoint.pth
02:35:20 | Saved processor/scaler: /data/quyhv/oil_forecast_tail_risk/results_v4/walkforward/GUMNet_Adaptive/XANG_H20_seed777/processor.pkl
