07:14:35 | ================================================================================
07:14:35 |  GUMNet_Adaptive | XANG | H7 | walkforward | seed=123
07:14:35 | ================================================================================
07:14:35 | Data: 4513 rows | Features: 16
07:25:27 |  Iter-01 | MAE=0.704 | MAPE=0.91%
07:34:46 |  Iter-02 | MAE=0.558 | MAPE=0.73%
07:44:36 |  Iter-03 | MAE=3.999 | MAPE=4.95%
07:52:56 |  Iter-04 | MAE=1.002 | MAPE=1.25%
08:02:14 |  Iter-05 | MAE=0.795 | MAPE=0.98%
08:12:30 |  Iter-06 | MAE=1.290 | MAPE=1.65%
08:21:47 |  Iter-07 | MAE=1.075 | MAPE=1.34%
08:30:33 |  Iter-08 | MAE=1.942 | MAPE=2.59%
08:40:00 |  Iter-09 | MAE=0.789 | MAPE=1.08%
08:49:29 |  Iter-10 | MAE=1.249 | MAPE=1.76%
08:58:29 |  Iter-11 | MAE=2.216 | MAPE=3.06%
09:08:38 |  Iter-12 | MAE=0.926 | MAPE=1.27%
09:18:03 |  Iter-13 | MAE=1.458 | MAPE=1.97%
09:27:43 |  Iter-14 | MAE=1.941 | MAPE=2.56%
09:38:01 |  Iter-15 | MAE=4.329 | MAPE=5.47%
09:47:21 |  Iter-16 | MAE=16.922 | MAPE=16.03%
09:56:41 |  Iter-17 | MAE=17.840 | MAPE=12.52%
10:06:25 |  Iter-18 | MAE=11.934 | MAPE=8.56%
10:14:49 |  Iter-19 | MAE=5.106 | MAPE=3.53%
10:24:27 |  Iter-20 | MAE=17.503 | MAPE=13.93%
10:35:06 |  Iter-21 | MAE=3.148 | MAPE=2.49%
10:35:06 | 
 OVERALL: MAE=4.606, MAPE=4.22%, R2=0.8931 (12031.6s)
10:35:06 | Saved model checkpoint: /data/quyhv/oil_forecast_tail_risk/results_v4/walkforward/GUMNet_Adaptive/XANG_H7_seed123/model_checkpoint.pth
10:35:06 | Saved processor/scaler: /data/quyhv/oil_forecast_tail_risk/results_v4/walkforward/GUMNet_Adaptive/XANG_H7_seed123/processor.pkl
