19:19:49 | ================================================================================
19:19:49 |  GUMNet_Adaptive | XANG | H20 | walkforward | seed=2025
19:19:49 | ================================================================================
19:19:50 | Data: 4513 rows | Features: 14
19:55:07 |  Iter-01 | MAE=2.732 | MAPE=3.32%
20:30:54 |  Iter-02 | MAE=2.598 | MAPE=3.50%
21:10:59 |  Iter-03 | MAE=1.630 | MAPE=2.14%
21:46:23 |  Iter-04 | MAE=3.649 | MAPE=4.29%
22:21:19 |  Iter-05 | MAE=1.934 | MAPE=2.47%
22:56:44 |  Iter-06 | MAE=2.546 | MAPE=3.21%
23:32:17 |  Iter-07 | MAE=1.462 | MAPE=1.81%
00:07:50 |  Iter-08 | MAE=3.955 | MAPE=5.08%
00:49:18 |  Iter-09 | MAE=2.839 | MAPE=3.52%
01:29:46 |  Iter-10 | MAE=2.814 | MAPE=3.56%
02:06:32 |  Iter-11 | MAE=4.868 | MAPE=6.69%
02:43:24 |  Iter-12 | MAE=2.201 | MAPE=3.02%
03:24:31 |  Iter-13 | MAE=5.780 | MAPE=6.56%
04:06:34 |  Iter-14 | MAE=34.091 | MAPE=23.75%
04:54:27 |  Iter-15 | MAE=13.193 | MAPE=10.35%
04:54:27 | 
 OVERALL: MAE=5.753, MAPE=5.55%, R2=0.7084 (34477.5s)
04:54:27 | Saved model checkpoint: /data/quyhv/oil_forecast_tail_risk/results_v4/walkforward/GUMNet_Adaptive/XANG_H20_seed2025/model_checkpoint.pth
04:54:27 | Saved processor/scaler: /data/quyhv/oil_forecast_tail_risk/results_v4/walkforward/GUMNet_Adaptive/XANG_H20_seed2025/processor.pkl
