14:20:37 | ================================================================================
14:20:37 |  GUMNet_Adaptive | XANG | H20 | walkforward | seed=9999
14:20:37 | ================================================================================
14:20:37 | Data: 4513 rows | Features: 14
14:55:45 |  Iter-01 | MAE=3.084 | MAPE=3.75%
15:31:21 |  Iter-02 | MAE=2.279 | MAPE=3.13%
16:07:50 |  Iter-03 | MAE=1.726 | MAPE=2.27%
16:43:36 |  Iter-04 | MAE=3.642 | MAPE=4.28%
17:19:22 |  Iter-05 | MAE=1.967 | MAPE=2.52%
17:58:49 |  Iter-06 | MAE=4.230 | MAPE=5.35%
18:34:44 |  Iter-07 | MAE=1.759 | MAPE=2.17%
19:13:06 |  Iter-08 | MAE=3.245 | MAPE=4.17%
19:48:43 |  Iter-09 | MAE=3.509 | MAPE=4.35%
20:25:44 |  Iter-10 | MAE=2.231 | MAPE=2.83%
21:05:56 |  Iter-11 | MAE=4.790 | MAPE=6.58%
21:42:35 |  Iter-12 | MAE=2.968 | MAPE=4.07%
22:19:10 |  Iter-13 | MAE=5.655 | MAPE=6.42%
23:03:17 |  Iter-14 | MAE=28.230 | MAPE=19.67%
23:44:06 |  Iter-15 | MAE=17.422 | MAPE=13.70%
23:44:06 | 
 OVERALL: MAE=5.783, MAPE=5.68%, R2=0.7480 (33809.3s)
23:44:06 | Saved model checkpoint: /data/quyhv/oil_forecast_tail_risk/results_v4/walkforward/GUMNet_Adaptive/XANG_H20_seed9999/model_checkpoint.pth
23:44:06 | Saved processor/scaler: /data/quyhv/oil_forecast_tail_risk/results_v4/walkforward/GUMNet_Adaptive/XANG_H20_seed9999/processor.pkl
