04:42:11 | ================================================================================
04:42:11 |  GUMNet_Adaptive | DAU | H10 | walkforward | seed=777
04:42:11 | ================================================================================
04:42:11 | Data: 4513 rows | Features: 15
04:51:27 |  Iter-01 | MAE=1.669 | MAPE=1.83%
05:01:33 |  Iter-02 | MAE=5.506 | MAPE=6.39%
05:10:52 |  Iter-03 | MAE=1.743 | MAPE=2.07%
05:20:16 |  Iter-04 | MAE=1.888 | MAPE=2.20%
05:31:11 |  Iter-05 | MAE=1.116 | MAPE=1.27%
05:40:35 |  Iter-06 | MAE=1.472 | MAPE=1.67%
05:50:15 |  Iter-07 | MAE=0.666 | MAPE=0.75%
05:59:57 |  Iter-08 | MAE=0.748 | MAPE=0.85%
06:10:50 |  Iter-09 | MAE=1.432 | MAPE=1.61%
06:20:14 |  Iter-10 | MAE=1.899 | MAPE=2.14%
06:31:29 |  Iter-11 | MAE=2.231 | MAPE=2.58%
06:41:46 |  Iter-12 | MAE=3.314 | MAPE=3.94%
06:51:25 |  Iter-13 | MAE=4.390 | MAPE=4.83%
07:01:13 |  Iter-14 | MAE=6.631 | MAPE=7.18%
07:10:58 |  Iter-15 | MAE=2.435 | MAPE=2.56%
07:20:44 |  Iter-16 | MAE=2.447 | MAPE=2.54%
07:30:31 |  Iter-17 | MAE=4.651 | MAPE=5.21%
07:41:29 |  Iter-18 | MAE=9.342 | MAPE=10.74%
07:51:14 |  Iter-19 | MAE=1.294 | MAPE=1.52%
08:03:29 |  Iter-20 | MAE=2.896 | MAPE=3.56%
08:13:14 |  Iter-21 | MAE=3.391 | MAPE=4.24%
08:23:54 |  Iter-22 | MAE=0.735 | MAPE=0.91%
08:33:41 |  Iter-23 | MAE=1.735 | MAPE=2.20%
08:43:36 |  Iter-24 | MAE=1.250 | MAPE=1.58%
08:53:06 |  Iter-25 | MAE=4.532 | MAPE=5.53%
09:02:34 |  Iter-26 | MAE=1.247 | MAPE=1.48%
09:12:03 |  Iter-27 | MAE=2.289 | MAPE=2.62%
09:21:32 |  Iter-28 | MAE=1.016 | MAPE=1.15%
09:32:21 |  Iter-29 | MAE=1.436 | MAPE=1.65%
09:42:16 |  Iter-30 | MAE=2.294 | MAPE=2.59%
09:52:12 |  Iter-31 | MAE=14.398 | MAPE=11.91%
10:01:48 |  Iter-32 | MAE=46.598 | MAPE=30.07%
10:11:24 |  Iter-33 | MAE=34.778 | MAPE=18.61%
10:21:02 |  Iter-34 | MAE=35.114 | MAPE=16.36%
10:30:39 |  Iter-35 | MAE=27.839 | MAPE=11.76%
10:40:33 |  Iter-36 | MAE=32.980 | MAPE=13.31%
10:51:05 |  Iter-37 | MAE=52.273 | MAPE=27.88%
11:01:19 |  Iter-38 | MAE=31.683 | MAPE=19.72%
11:10:56 |  Iter-39 | MAE=11.943 | MAPE=7.69%
11:10:56 | 
 OVERALL: MAE=9.367, MAPE=6.33%, R2=0.8302 (23325.7s)
11:10:56 | Saved model checkpoint: /data/quyhv/oil_forecast_tail_risk/results_v4/walkforward/GUMNet_Adaptive/DAU_H10_seed777/model_checkpoint.pth
11:10:56 | Saved processor/scaler: /data/quyhv/oil_forecast_tail_risk/results_v4/walkforward/GUMNet_Adaptive/DAU_H10_seed777/processor.pkl
