14:24:39 | ================================================================================
14:24:39 |  GUMNet_Adaptive | XANG | H20 | walkforward | seed=777
14:24:39 | ================================================================================
14:24:40 | Data: 4513 rows | Features: 14
14:59:50 |  Iter-01 | MAE=2.888 | MAPE=3.51%
15:35:31 |  Iter-02 | MAE=2.281 | MAPE=3.11%
16:11:16 |  Iter-03 | MAE=1.503 | MAPE=1.97%
16:47:04 |  Iter-04 | MAE=4.476 | MAPE=5.28%
17:22:52 |  Iter-05 | MAE=2.078 | MAPE=2.66%
17:58:51 |  Iter-06 | MAE=3.077 | MAPE=3.89%
18:34:51 |  Iter-07 | MAE=1.254 | MAPE=1.55%
19:11:31 |  Iter-08 | MAE=3.559 | MAPE=4.58%
19:47:16 |  Iter-09 | MAE=3.932 | MAPE=4.87%
20:27:02 |  Iter-10 | MAE=3.485 | MAPE=4.40%
21:03:48 |  Iter-11 | MAE=4.442 | MAPE=6.11%
21:41:30 |  Iter-12 | MAE=3.467 | MAPE=4.76%
22:19:58 |  Iter-13 | MAE=5.909 | MAPE=6.71%
22:56:59 |  Iter-14 | MAE=35.597 | MAPE=24.84%
23:34:39 |  Iter-15 | MAE=13.587 | MAPE=10.70%
23:34:39 | 
 OVERALL: MAE=6.102, MAPE=5.93%, R2=0.6827 (33000.4s)
23:34:40 | Saved model checkpoint: /data/quyhv/oil_forecast_tail_risk/results_v4/walkforward/GUMNet_Adaptive/XANG_H20_seed777/model_checkpoint.pth
23:34:40 | Saved processor/scaler: /data/quyhv/oil_forecast_tail_risk/results_v4/walkforward/GUMNet_Adaptive/XANG_H20_seed777/processor.pkl
