15:51:43 | ================================================================================
15:51:43 |  GUMNet_Adaptive | XANG | H10 | walkforward | seed=123
15:51:43 | ================================================================================
15:51:43 | Data: 4513 rows | Features: 14
16:03:40 |  Iter-01 | MAE=2.557 | MAPE=3.21%
16:16:27 |  Iter-02 | MAE=4.307 | MAPE=5.52%
16:29:42 |  Iter-03 | MAE=0.705 | MAPE=0.89%
16:39:20 |  Iter-04 | MAE=1.247 | MAPE=1.55%
16:51:16 |  Iter-05 | MAE=1.522 | MAPE=1.90%
17:02:33 |  Iter-06 | MAE=1.665 | MAPE=2.06%
17:12:00 |  Iter-07 | MAE=1.002 | MAPE=1.24%
17:35:21 |  Iter-08 | MAE=1.328 | MAPE=1.65%
17:53:48 |  Iter-09 | MAE=2.943 | MAPE=3.72%
18:13:04 |  Iter-10 | MAE=1.743 | MAPE=2.24%
18:31:03 |  Iter-11 | MAE=0.705 | MAPE=0.91%
18:53:25 |  Iter-12 | MAE=1.281 | MAPE=1.67%
19:13:58 |  Iter-13 | MAE=2.521 | MAPE=3.13%
19:38:06 |  Iter-14 | MAE=3.450 | MAPE=4.28%
20:03:50 |  Iter-15 | MAE=0.760 | MAPE=0.94%
20:22:53 |  Iter-16 | MAE=1.741 | MAPE=2.14%
20:42:21 |  Iter-17 | MAE=2.428 | MAPE=3.10%
21:01:06 |  Iter-18 | MAE=1.285 | MAPE=1.62%
21:20:57 |  Iter-19 | MAE=1.132 | MAPE=1.41%
21:45:21 |  Iter-20 | MAE=2.382 | MAPE=3.11%
22:05:39 |  Iter-21 | MAE=3.157 | MAPE=4.25%
22:24:56 |  Iter-22 | MAE=1.097 | MAPE=1.51%
22:43:12 |  Iter-23 | MAE=2.194 | MAPE=3.07%
23:03:18 |  Iter-24 | MAE=0.864 | MAPE=1.21%
23:25:02 |  Iter-25 | MAE=2.537 | MAPE=3.51%
23:44:05 |  Iter-26 | MAE=1.173 | MAPE=1.64%
00:04:05 |  Iter-27 | MAE=1.062 | MAPE=1.45%
00:24:32 |  Iter-28 | MAE=1.260 | MAPE=1.69%
00:46:24 |  Iter-29 | MAE=1.688 | MAPE=2.27%
01:11:53 |  Iter-30 | MAE=2.672 | MAPE=3.59%
01:39:23 |  Iter-31 | MAE=11.064 | MAPE=12.28%
02:02:49 |  Iter-32 | MAE=26.300 | MAPE=22.14%
02:24:07 |  Iter-33 | MAE=31.276 | MAPE=22.55%
02:45:33 |  Iter-34 | MAE=19.933 | MAPE=13.21%
03:09:16 |  Iter-35 | MAE=12.923 | MAPE=9.18%
03:32:26 |  Iter-36 | MAE=6.240 | MAPE=4.62%
03:54:55 |  Iter-37 | MAE=12.159 | MAPE=9.54%
04:20:11 |  Iter-38 | MAE=6.017 | MAPE=4.88%
04:44:35 |  Iter-39 | MAE=4.034 | MAPE=3.11%
04:44:35 | 
 OVERALL: MAE=4.727, MAPE=4.41%, R2=0.8327 (46376.6s)
04:44:35 | Saved model checkpoint: /data/quyhv/oil_forecast_tail_risk/results_v4/walkforward/GUMNet_Adaptive/XANG_H10_seed123/model_checkpoint.pth
04:44:35 | Saved processor/scaler: /data/quyhv/oil_forecast_tail_risk/results_v4/walkforward/GUMNet_Adaptive/XANG_H10_seed123/processor.pkl
