18:31:16 | ================================================================================
18:31:16 |  GUMNet_Adaptive | XANG | H20 | walkforward | seed=2025
18:31:16 | ================================================================================
18:31:16 | Data: 4513 rows | Features: 14
19:06:25 |  Iter-01 | MAE=2.732 | MAPE=3.32%
19:42:09 |  Iter-02 | MAE=2.598 | MAPE=3.50%
20:22:15 |  Iter-03 | MAE=1.630 | MAPE=2.14%
20:58:01 |  Iter-04 | MAE=3.649 | MAPE=4.29%
21:33:31 |  Iter-05 | MAE=1.934 | MAPE=2.47%
22:09:10 |  Iter-06 | MAE=2.546 | MAPE=3.21%
22:44:35 |  Iter-07 | MAE=1.462 | MAPE=1.81%
23:20:06 |  Iter-08 | MAE=3.955 | MAPE=5.08%
00:01:39 |  Iter-09 | MAE=2.839 | MAPE=3.52%
00:42:06 |  Iter-10 | MAE=2.814 | MAPE=3.56%
01:18:36 |  Iter-11 | MAE=4.868 | MAPE=6.69%
01:55:25 |  Iter-12 | MAE=2.201 | MAPE=3.02%
02:34:58 |  Iter-13 | MAE=5.780 | MAPE=6.56%
03:13:22 |  Iter-14 | MAE=34.091 | MAPE=23.75%
03:57:37 |  Iter-15 | MAE=13.193 | MAPE=10.35%
03:57:37 | 
 OVERALL: MAE=5.753, MAPE=5.55%, R2=0.7084 (33981.5s)
03:57:37 | Saved model checkpoint: /data/quyhv/oil_forecast_tail_risk/results_v4/walkforward/GUMNet_Adaptive/XANG_H20_seed2025/model_checkpoint.pth
03:57:37 | Saved processor/scaler: /data/quyhv/oil_forecast_tail_risk/results_v4/walkforward/GUMNet_Adaptive/XANG_H20_seed2025/processor.pkl
