06:04:52 | ================================================================================
06:04:52 |  Crossformer | XANG | H60 | walkforward | seed=9999
06:04:52 | ================================================================================
06:04:52 | Data: 4513 rows | Features: 19
06:16:44 |  Iter-01 | MAE=12.378 | MAPE=12.50%
06:28:28 |  Iter-02 | MAE=5.864 | MAPE=5.70%
06:40:01 |  Iter-03 | MAE=8.069 | MAPE=8.00%
06:51:42 |  Iter-04 | MAE=7.314 | MAPE=7.99%
07:03:32 |  Iter-05 | MAE=9.517 | MAPE=10.37%
07:15:23 |  Iter-06 | MAE=3.067 | MAPE=3.37%
07:27:21 |  Iter-07 | MAE=4.266 | MAPE=5.07%
07:39:30 |  Iter-08 | MAE=3.456 | MAPE=4.22%
07:51:42 |  Iter-09 | MAE=3.120 | MAPE=3.89%
08:04:03 |  Iter-10 | MAE=2.940 | MAPE=3.53%
08:16:28 |  Iter-11 | MAE=2.194 | MAPE=2.67%
08:28:56 |  Iter-12 | MAE=5.471 | MAPE=6.49%
08:42:10 |  Iter-13 | MAE=2.182 | MAPE=2.59%
08:56:06 |  Iter-14 | MAE=2.109 | MAPE=2.58%
09:10:08 |  Iter-15 | MAE=5.321 | MAPE=6.94%
09:24:24 |  Iter-16 | MAE=2.426 | MAPE=3.12%
09:38:52 |  Iter-17 | MAE=3.323 | MAPE=4.15%
09:53:50 |  Iter-18 | MAE=8.797 | MAPE=10.99%
10:08:59 |  Iter-19 | MAE=4.308 | MAPE=5.30%
10:24:09 |  Iter-20 | MAE=2.236 | MAPE=2.78%
10:39:10 |  Iter-21 | MAE=1.889 | MAPE=2.36%
10:54:30 |  Iter-22 | MAE=1.698 | MAPE=2.13%
11:10:33 |  Iter-23 | MAE=2.227 | MAPE=2.83%
11:26:52 |  Iter-24 | MAE=2.904 | MAPE=3.69%
11:43:34 |  Iter-25 | MAE=7.587 | MAPE=10.32%
12:00:45 |  Iter-26 | MAE=4.430 | MAPE=5.63%
12:18:20 |  Iter-27 | MAE=26.294 | MAPE=20.50%
12:38:44 |  Iter-28 | MAE=42.381 | MAPE=31.99%
12:38:44 | 
 OVERALL: MAE=6.706, MAPE=6.85%, R2=-0.0974 (23633.0s)
12:38:44 | Saved model checkpoint: /data/quyhv/oil_forecast_tail_risk/results_v4/walkforward/Crossformer/XANG_H60_seed9999/model_checkpoint.pth
12:38:44 | Saved processor/scaler: /data/quyhv/oil_forecast_tail_risk/results_v4/walkforward/Crossformer/XANG_H60_seed9999/processor.pkl
