05:50:05 | ================================================================================
05:50:05 |  Crossformer | XANG | H60 | walkforward | seed=123
05:50:05 | ================================================================================
05:50:05 | Data: 4513 rows | Features: 19
06:01:36 |  Iter-01 | MAE=11.479 | MAPE=11.60%
06:12:56 |  Iter-02 | MAE=5.424 | MAPE=5.28%
06:24:27 |  Iter-03 | MAE=6.147 | MAPE=5.99%
06:36:06 |  Iter-04 | MAE=5.954 | MAPE=6.49%
06:47:49 |  Iter-05 | MAE=9.562 | MAPE=10.42%
06:59:32 |  Iter-06 | MAE=3.153 | MAPE=3.44%
07:11:16 |  Iter-07 | MAE=4.879 | MAPE=5.78%
07:23:14 |  Iter-08 | MAE=6.731 | MAPE=8.21%
07:35:20 |  Iter-09 | MAE=2.427 | MAPE=3.00%
07:47:30 |  Iter-10 | MAE=2.114 | MAPE=2.54%
07:59:43 |  Iter-11 | MAE=3.399 | MAPE=4.10%
08:12:05 |  Iter-12 | MAE=7.171 | MAPE=8.49%
08:24:36 |  Iter-13 | MAE=2.867 | MAPE=3.36%
08:37:07 |  Iter-14 | MAE=2.159 | MAPE=2.65%
08:49:39 |  Iter-15 | MAE=4.351 | MAPE=5.67%
09:02:24 |  Iter-16 | MAE=2.983 | MAPE=3.89%
09:15:12 |  Iter-17 | MAE=2.741 | MAPE=3.47%
09:28:06 |  Iter-18 | MAE=5.149 | MAPE=6.39%
09:41:23 |  Iter-19 | MAE=4.139 | MAPE=5.09%
09:55:39 |  Iter-20 | MAE=2.591 | MAPE=3.25%
10:10:04 |  Iter-21 | MAE=3.273 | MAPE=4.08%
10:24:51 |  Iter-22 | MAE=2.238 | MAPE=2.77%
10:39:47 |  Iter-23 | MAE=2.273 | MAPE=2.88%
10:54:51 |  Iter-24 | MAE=3.068 | MAPE=3.89%
11:10:49 |  Iter-25 | MAE=6.772 | MAPE=9.21%
11:27:31 |  Iter-26 | MAE=5.129 | MAPE=6.71%
11:44:22 |  Iter-27 | MAE=27.615 | MAPE=21.83%
12:01:37 |  Iter-28 | MAE=43.253 | MAPE=32.67%
12:01:37 | 
 OVERALL: MAE=6.752, MAPE=6.90%, R2=-0.1196 (22293.3s)
12:01:37 | Saved model checkpoint: /data/quyhv/oil_forecast_tail_risk/results_v4/walkforward/Crossformer/XANG_H60_seed123/model_checkpoint.pth
12:01:37 | Saved processor/scaler: /data/quyhv/oil_forecast_tail_risk/results_v4/walkforward/Crossformer/XANG_H60_seed123/processor.pkl
