13:42:50 | ================================================================================
13:42:50 |  Crossformer | XANG | H10 | walkforward | seed=2025
13:42:50 | ================================================================================
13:42:50 | Data: 4513 rows | Features: 14
13:44:47 |  Iter-01 | MAE=2.586 | MAPE=3.25%
13:46:41 |  Iter-02 | MAE=2.329 | MAPE=2.99%
13:48:36 |  Iter-03 | MAE=0.687 | MAPE=0.87%
13:51:00 |  Iter-04 | MAE=2.192 | MAPE=2.74%
13:52:55 |  Iter-05 | MAE=1.351 | MAPE=1.67%
13:54:51 |  Iter-06 | MAE=2.150 | MAPE=2.66%
13:56:47 |  Iter-07 | MAE=1.116 | MAPE=1.39%
13:58:43 |  Iter-08 | MAE=1.262 | MAPE=1.57%
14:00:38 |  Iter-09 | MAE=2.790 | MAPE=3.53%
14:02:34 |  Iter-10 | MAE=1.545 | MAPE=1.98%
14:04:30 |  Iter-11 | MAE=0.957 | MAPE=1.24%
14:06:26 |  Iter-12 | MAE=1.010 | MAPE=1.32%
14:08:22 |  Iter-13 | MAE=2.214 | MAPE=2.76%
14:10:28 |  Iter-14 | MAE=3.488 | MAPE=4.33%
14:12:29 |  Iter-15 | MAE=0.795 | MAPE=0.98%
14:14:30 |  Iter-16 | MAE=1.680 | MAPE=2.06%
14:16:31 |  Iter-17 | MAE=3.159 | MAPE=4.02%
14:18:32 |  Iter-18 | MAE=1.330 | MAPE=1.68%
14:20:33 |  Iter-19 | MAE=0.989 | MAPE=1.23%
14:22:34 |  Iter-20 | MAE=2.120 | MAPE=2.77%
14:24:35 |  Iter-21 | MAE=3.098 | MAPE=4.17%
14:26:36 |  Iter-22 | MAE=0.936 | MAPE=1.29%
14:28:37 |  Iter-23 | MAE=1.298 | MAPE=1.82%
14:30:38 |  Iter-24 | MAE=1.024 | MAPE=1.44%
14:32:39 |  Iter-25 | MAE=2.191 | MAPE=3.03%
14:34:40 |  Iter-26 | MAE=0.810 | MAPE=1.13%
14:36:41 |  Iter-27 | MAE=1.068 | MAPE=1.45%
14:39:02 |  Iter-28 | MAE=1.716 | MAPE=2.28%
14:41:28 |  Iter-29 | MAE=1.521 | MAPE=2.02%
14:43:30 |  Iter-30 | MAE=2.805 | MAPE=3.70%
14:45:32 |  Iter-31 | MAE=11.886 | MAPE=13.25%
14:47:34 |  Iter-32 | MAE=26.707 | MAPE=22.51%
14:49:35 |  Iter-33 | MAE=31.418 | MAPE=22.67%
14:51:37 |  Iter-34 | MAE=24.742 | MAPE=16.48%
14:53:39 |  Iter-35 | MAE=10.442 | MAPE=7.26%
14:56:27 |  Iter-36 | MAE=6.891 | MAPE=5.04%
14:59:07 |  Iter-37 | MAE=17.712 | MAPE=13.92%
15:01:17 |  Iter-38 | MAE=7.456 | MAPE=6.04%
15:03:56 |  Iter-39 | MAE=6.864 | MAPE=5.26%
15:03:56 | 
 OVERALL: MAE=5.034, MAPE=4.61%, R2=0.8105 (4866.4s)
15:03:56 | Saved model checkpoint: /data/quyhv/oil_forecast_tail_risk/results_v4/walkforward/Crossformer/XANG_H10_seed2025/model_checkpoint.pth
15:03:56 | Saved processor/scaler: /data/quyhv/oil_forecast_tail_risk/results_v4/walkforward/Crossformer/XANG_H10_seed2025/processor.pkl
