16:28:33 | ================================================================================
16:28:33 |  Crossformer | XANG | H20 | walkforward | seed=777
16:28:33 | ================================================================================
16:28:33 | Data: 4513 rows | Features: 14
16:32:13 |  Iter-01 | MAE=3.698 | MAPE=4.49%
16:36:02 |  Iter-02 | MAE=2.345 | MAPE=3.21%
16:39:07 |  Iter-03 | MAE=2.154 | MAPE=2.83%
16:42:12 |  Iter-04 | MAE=5.329 | MAPE=6.31%
16:46:02 |  Iter-05 | MAE=2.219 | MAPE=2.83%
16:49:10 |  Iter-06 | MAE=2.434 | MAPE=3.07%
16:52:17 |  Iter-07 | MAE=1.452 | MAPE=1.79%
16:55:25 |  Iter-08 | MAE=3.764 | MAPE=4.84%
16:58:33 |  Iter-09 | MAE=3.360 | MAPE=4.16%
17:01:43 |  Iter-10 | MAE=2.197 | MAPE=2.79%
17:04:55 |  Iter-11 | MAE=4.749 | MAPE=6.52%
17:08:07 |  Iter-12 | MAE=2.640 | MAPE=3.62%
17:11:19 |  Iter-13 | MAE=6.468 | MAPE=7.35%
17:14:33 |  Iter-14 | MAE=36.219 | MAPE=25.31%
17:20:14 |  Iter-15 | MAE=10.728 | MAPE=8.41%
17:20:14 | 
 OVERALL: MAE=5.984, MAPE=5.84%, R2=0.6852 (3101.0s)
17:20:14 | Saved model checkpoint: /data/quyhv/oil_forecast_tail_risk/results_v4/walkforward/Crossformer/XANG_H20_seed777/model_checkpoint.pth
17:20:14 | Saved processor/scaler: /data/quyhv/oil_forecast_tail_risk/results_v4/walkforward/Crossformer/XANG_H20_seed777/processor.pkl
