00:52:06 | ================================================================================
00:52:06 |  Crossformer | XANG | H7 | walkforward | seed=9999
00:52:06 | ================================================================================
00:52:06 | Data: 4513 rows | Features: 16
00:54:51 |  Iter-01 | MAE=0.829 | MAPE=1.07%
00:56:47 |  Iter-02 | MAE=0.969 | MAPE=1.26%
00:58:59 |  Iter-03 | MAE=4.076 | MAPE=5.05%
01:00:55 |  Iter-04 | MAE=0.820 | MAPE=1.02%
01:03:00 |  Iter-05 | MAE=0.750 | MAPE=0.93%
01:05:10 |  Iter-06 | MAE=1.286 | MAPE=1.65%
01:07:10 |  Iter-07 | MAE=1.063 | MAPE=1.33%
01:09:18 |  Iter-08 | MAE=1.750 | MAPE=2.34%
01:11:34 |  Iter-09 | MAE=0.762 | MAPE=1.04%
01:13:40 |  Iter-10 | MAE=0.848 | MAPE=1.19%
01:15:42 |  Iter-11 | MAE=2.298 | MAPE=3.18%
01:17:49 |  Iter-12 | MAE=0.973 | MAPE=1.34%
01:19:59 |  Iter-13 | MAE=2.264 | MAPE=3.06%
01:22:05 |  Iter-14 | MAE=1.725 | MAPE=2.28%
01:24:14 |  Iter-15 | MAE=4.489 | MAPE=5.67%
01:26:15 |  Iter-16 | MAE=16.743 | MAPE=15.83%
01:29:07 |  Iter-17 | MAE=19.273 | MAPE=13.59%
01:31:57 |  Iter-18 | MAE=14.606 | MAPE=10.58%
01:35:47 |  Iter-19 | MAE=11.039 | MAPE=7.67%
01:41:01 |  Iter-20 | MAE=8.604 | MAPE=6.89%
01:43:19 |  Iter-21 | MAE=5.684 | MAPE=4.43%
01:43:19 | 
 OVERALL: MAE=4.802, MAPE=4.35%, R2=0.8867 (3073.5s)
01:43:19 | Saved model checkpoint: /data/quyhv/oil_forecast_tail_risk/results_v4/walkforward/Crossformer/XANG_H7_seed9999/model_checkpoint.pth
01:43:19 | Saved processor/scaler: /data/quyhv/oil_forecast_tail_risk/results_v4/walkforward/Crossformer/XANG_H7_seed9999/processor.pkl
