03:57:15 | ================================================================================
03:57:15 |  NBEATS | DAU | H3 | walkforward | seed=777
03:57:15 | ================================================================================
03:57:15 | Data: 4513 rows | Features: 16
04:00:58 |  Iter-01 | MAE=1.632 | MAPE=1.99%
04:04:26 |  Iter-02 | MAE=1.766 | MAPE=2.21%
04:07:54 |  Iter-03 | MAE=1.429 | MAPE=1.80%
04:11:22 |  Iter-04 | MAE=0.297 | MAPE=0.37%
04:14:56 |  Iter-05 | MAE=0.638 | MAPE=0.80%
04:18:25 |  Iter-06 | MAE=0.873 | MAPE=1.11%
04:21:53 |  Iter-07 | MAE=1.542 | MAPE=1.99%
04:25:21 |  Iter-08 | MAE=2.814 | MAPE=3.50%
04:28:42 |  Iter-09 | MAE=0.402 | MAPE=0.49%
04:32:10 |  Iter-10 | MAE=1.564 | MAPE=1.88%
04:35:38 |  Iter-11 | MAE=0.962 | MAPE=1.13%
04:39:06 |  Iter-12 | MAE=1.384 | MAPE=1.60%
04:42:34 |  Iter-13 | MAE=1.713 | MAPE=1.98%
04:46:02 |  Iter-14 | MAE=0.413 | MAPE=0.47%
04:49:30 |  Iter-15 | MAE=0.827 | MAPE=0.94%
04:52:58 |  Iter-16 | MAE=3.143 | MAPE=3.61%
04:56:33 |  Iter-17 | MAE=1.647 | MAPE=1.82%
05:00:01 |  Iter-18 | MAE=0.720 | MAPE=0.78%
05:03:28 |  Iter-19 | MAE=0.890 | MAPE=0.97%
05:06:59 |  Iter-20 | MAE=34.908 | MAPE=26.74%
05:10:30 |  Iter-21 | MAE=28.832 | MAPE=16.97%
05:13:55 |  Iter-22 | MAE=18.711 | MAPE=11.31%
05:17:26 |  Iter-23 | MAE=4.512 | MAPE=2.36%
05:21:04 |  Iter-24 | MAE=14.963 | MAPE=6.73%
05:24:29 |  Iter-25 | MAE=15.532 | MAPE=7.17%
05:28:00 |  Iter-26 | MAE=24.068 | MAPE=9.96%
05:31:44 |  Iter-27 | MAE=18.477 | MAPE=7.18%
05:35:14 |  Iter-28 | MAE=65.415 | MAPE=30.83%
05:38:52 |  Iter-29 | MAE=7.175 | MAPE=3.54%
05:42:23 |  Iter-30 | MAE=25.257 | MAPE=15.01%
05:46:07 |  Iter-31 | MAE=19.090 | MAPE=12.94%
05:49:51 |  Iter-32 | MAE=22.823 | MAPE=13.92%
05:53:16 |  Iter-33 | MAE=4.371 | MAPE=2.71%
05:53:16 | 
 OVERALL: MAE=9.963, MAPE=5.96%, R2=0.8940 (6961.5s)
05:53:16 | Saved model checkpoint: /data/quyhv/oil_forecast_tail_risk/results_v4/walkforward/NBEATS/DAU_H3_seed777/model_checkpoint.pth
05:53:16 | Saved processor/scaler: /data/quyhv/oil_forecast_tail_risk/results_v4/walkforward/NBEATS/DAU_H3_seed777/processor.pkl
