01:03:33 | ================================================================================
01:03:33 |  NBEATS | XANG | H3 | walkforward | seed=777
01:03:33 | ================================================================================
01:03:33 | Data: 4513 rows | Features: 15
01:05:29 |  Iter-01 | MAE=0.580 | MAPE=0.74%
01:07:24 |  Iter-02 | MAE=3.730 | MAPE=5.00%
01:09:20 |  Iter-03 | MAE=0.707 | MAPE=0.96%
01:11:17 |  Iter-04 | MAE=0.706 | MAPE=0.96%
01:13:09 |  Iter-05 | MAE=0.373 | MAPE=0.51%
01:15:06 |  Iter-06 | MAE=1.203 | MAPE=1.68%
01:17:02 |  Iter-07 | MAE=0.984 | MAPE=1.40%
01:18:56 |  Iter-08 | MAE=1.158 | MAPE=1.60%
01:20:48 |  Iter-09 | MAE=1.680 | MAPE=2.35%
01:22:42 |  Iter-10 | MAE=0.606 | MAPE=0.84%
01:24:28 |  Iter-11 | MAE=0.723 | MAPE=1.01%
01:26:18 |  Iter-12 | MAE=1.577 | MAPE=2.14%
01:28:09 |  Iter-13 | MAE=2.284 | MAPE=3.17%
01:30:01 |  Iter-14 | MAE=1.409 | MAPE=1.90%
01:31:45 |  Iter-15 | MAE=1.528 | MAPE=1.99%
01:33:40 |  Iter-16 | MAE=3.567 | MAPE=4.88%
01:35:33 |  Iter-17 | MAE=1.485 | MAPE=1.96%
01:37:29 |  Iter-18 | MAE=1.045 | MAPE=1.31%
01:39:23 |  Iter-19 | MAE=0.624 | MAPE=0.78%
01:41:23 |  Iter-20 | MAE=16.676 | MAPE=17.04%
01:43:25 |  Iter-21 | MAE=26.640 | MAPE=20.62%
01:45:17 |  Iter-22 | MAE=18.137 | MAPE=14.53%
01:47:14 |  Iter-23 | MAE=8.905 | MAPE=6.16%
01:49:10 |  Iter-24 | MAE=3.373 | MAPE=2.17%
01:51:01 |  Iter-25 | MAE=15.932 | MAPE=11.33%
01:53:01 |  Iter-26 | MAE=8.471 | MAPE=6.40%
01:55:04 |  Iter-27 | MAE=3.700 | MAPE=2.62%
01:56:56 |  Iter-28 | MAE=14.627 | MAPE=11.35%
01:58:53 |  Iter-29 | MAE=12.685 | MAPE=9.61%
02:00:49 |  Iter-30 | MAE=11.212 | MAPE=9.11%
02:02:50 |  Iter-31 | MAE=3.761 | MAPE=3.13%
02:04:44 |  Iter-32 | MAE=6.173 | MAPE=4.84%
02:06:38 |  Iter-33 | MAE=2.273 | MAPE=1.75%
02:06:38 | 
 OVERALL: MAE=5.410, MAPE=4.72%, R2=0.9063 (3785.7s)
02:06:38 | Saved model checkpoint: /data/quyhv/oil_forecast_tail_risk/results_v4/walkforward/NBEATS/XANG_H3_seed777/model_checkpoint.pth
02:06:38 | Saved processor/scaler: /data/quyhv/oil_forecast_tail_risk/results_v4/walkforward/NBEATS/XANG_H3_seed777/processor.pkl
