00:46:03 | ================================================================================
00:46:03 |  NBEATS | XANG | H60 | walkforward | seed=2025
00:46:03 | ================================================================================
00:46:03 | Data: 4513 rows | Features: 19
00:50:42 |  Iter-01 | MAE=13.197 | MAPE=13.30%
00:55:18 |  Iter-02 | MAE=10.972 | MAPE=10.68%
00:59:53 |  Iter-03 | MAE=15.985 | MAPE=15.93%
01:04:34 |  Iter-04 | MAE=4.949 | MAPE=5.29%
01:09:15 |  Iter-05 | MAE=9.424 | MAPE=10.15%
01:13:56 |  Iter-06 | MAE=5.095 | MAPE=5.51%
01:18:37 |  Iter-07 | MAE=3.877 | MAPE=4.52%
01:23:26 |  Iter-08 | MAE=3.857 | MAPE=4.53%
01:28:13 |  Iter-09 | MAE=3.025 | MAPE=3.76%
01:33:02 |  Iter-10 | MAE=8.104 | MAPE=9.80%
01:37:50 |  Iter-11 | MAE=4.578 | MAPE=5.53%
01:42:43 |  Iter-12 | MAE=8.730 | MAPE=10.36%
01:47:37 |  Iter-13 | MAE=2.139 | MAPE=2.56%
01:52:30 |  Iter-14 | MAE=4.060 | MAPE=4.98%
01:57:23 |  Iter-15 | MAE=3.044 | MAPE=3.86%
02:02:44 |  Iter-16 | MAE=6.422 | MAPE=8.35%
02:07:42 |  Iter-17 | MAE=5.335 | MAPE=6.70%
02:12:44 |  Iter-18 | MAE=5.863 | MAPE=7.28%
02:17:51 |  Iter-19 | MAE=3.263 | MAPE=4.01%
02:22:57 |  Iter-20 | MAE=2.318 | MAPE=2.93%
02:28:04 |  Iter-21 | MAE=3.094 | MAPE=3.87%
02:33:11 |  Iter-22 | MAE=2.523 | MAPE=3.15%
02:38:26 |  Iter-23 | MAE=7.525 | MAPE=9.40%
02:43:40 |  Iter-24 | MAE=4.191 | MAPE=5.30%
02:48:53 |  Iter-25 | MAE=6.919 | MAPE=9.36%
02:54:08 |  Iter-26 | MAE=4.314 | MAPE=5.38%
02:59:32 |  Iter-27 | MAE=26.157 | MAPE=20.35%
03:05:03 |  Iter-28 | MAE=41.540 | MAPE=31.30%
03:05:03 | 
 OVERALL: MAE=7.875, MAPE=8.15%, R2=-0.2055 (8339.8s)
03:05:03 | Saved model checkpoint: /data/quyhv/oil_forecast_tail_risk/results_v4/walkforward/NBEATS/XANG_H60_seed2025/model_checkpoint.pth
03:05:03 | Saved processor/scaler: /data/quyhv/oil_forecast_tail_risk/results_v4/walkforward/NBEATS/XANG_H60_seed2025/processor.pkl
