14:55:51 | ================================================================================
14:55:51 |  NBEATS | XANG | H5 | walkforward | seed=9999
14:55:51 | ================================================================================
14:55:51 | Data: 4513 rows | Features: 16
14:57:39 |  Iter-01 | MAE=1.490 | MAPE=1.98%
14:59:21 |  Iter-02 | MAE=0.550 | MAPE=0.75%
15:01:01 |  Iter-03 | MAE=0.963 | MAPE=1.33%
15:02:47 |  Iter-04 | MAE=0.907 | MAPE=1.27%
15:04:36 |  Iter-05 | MAE=2.303 | MAPE=3.18%
15:06:20 |  Iter-06 | MAE=1.664 | MAPE=2.33%
15:08:08 |  Iter-07 | MAE=0.822 | MAPE=1.15%
15:09:57 |  Iter-08 | MAE=1.110 | MAPE=1.53%
15:11:49 |  Iter-09 | MAE=1.535 | MAPE=2.00%
15:13:39 |  Iter-10 | MAE=3.869 | MAPE=5.30%
15:15:28 |  Iter-11 | MAE=5.671 | MAPE=7.16%
15:17:23 |  Iter-12 | MAE=9.547 | MAPE=9.76%
15:19:12 |  Iter-13 | MAE=21.323 | MAPE=16.62%
15:20:58 |  Iter-14 | MAE=16.968 | MAPE=11.75%
15:22:51 |  Iter-15 | MAE=11.788 | MAPE=8.16%
15:24:41 |  Iter-16 | MAE=4.493 | MAPE=3.24%
15:26:37 |  Iter-17 | MAE=8.849 | MAPE=6.67%
15:28:28 |  Iter-18 | MAE=8.821 | MAPE=7.12%
15:30:31 |  Iter-19 | MAE=3.777 | MAPE=3.00%
15:32:23 |  Iter-20 | MAE=3.179 | MAPE=2.39%
15:32:23 | 
 OVERALL: MAE=5.481, MAPE=4.83%, R2=0.9132 (2192.5s)
15:32:23 | Saved model checkpoint: /data/quyhv/oil_forecast_tail_risk/results_v4/walkforward/NBEATS/XANG_H5_seed9999/model_checkpoint.pth
15:32:23 | Saved processor/scaler: /data/quyhv/oil_forecast_tail_risk/results_v4/walkforward/NBEATS/XANG_H5_seed9999/processor.pkl
