01:24:56 | ================================================================================
01:24:56 |  NBEATS | XANG | H3 | walkforward | seed=123
01:24:56 | ================================================================================
01:24:57 | Data: 4513 rows | Features: 15
01:26:50 |  Iter-01 | MAE=0.454 | MAPE=0.58%
01:28:39 |  Iter-02 | MAE=2.578 | MAPE=3.46%
01:30:27 |  Iter-03 | MAE=1.306 | MAPE=1.78%
01:32:18 |  Iter-04 | MAE=0.417 | MAPE=0.57%
01:34:12 |  Iter-05 | MAE=0.342 | MAPE=0.47%
01:35:59 |  Iter-06 | MAE=0.972 | MAPE=1.36%
01:37:54 |  Iter-07 | MAE=1.195 | MAPE=1.69%
01:39:46 |  Iter-08 | MAE=1.608 | MAPE=2.22%
01:41:35 |  Iter-09 | MAE=1.943 | MAPE=2.71%
01:43:29 |  Iter-10 | MAE=1.307 | MAPE=1.81%
01:45:10 |  Iter-11 | MAE=0.457 | MAPE=0.63%
01:47:02 |  Iter-12 | MAE=1.242 | MAPE=1.70%
01:48:50 |  Iter-13 | MAE=3.093 | MAPE=4.28%
01:50:40 |  Iter-14 | MAE=1.404 | MAPE=1.89%
01:52:35 |  Iter-15 | MAE=2.129 | MAPE=2.77%
01:54:23 |  Iter-16 | MAE=3.528 | MAPE=4.83%
01:56:15 |  Iter-17 | MAE=1.587 | MAPE=2.08%
01:58:05 |  Iter-18 | MAE=1.188 | MAPE=1.49%
01:59:51 |  Iter-19 | MAE=1.365 | MAPE=1.70%
02:01:45 |  Iter-20 | MAE=16.239 | MAPE=16.59%
02:03:36 |  Iter-21 | MAE=23.773 | MAPE=18.24%
02:05:24 |  Iter-22 | MAE=16.379 | MAPE=13.23%
02:07:19 |  Iter-23 | MAE=4.462 | MAPE=3.06%
02:09:08 |  Iter-24 | MAE=4.757 | MAPE=3.07%
02:11:00 |  Iter-25 | MAE=20.393 | MAPE=14.72%
02:12:56 |  Iter-26 | MAE=5.870 | MAPE=4.45%
02:14:49 |  Iter-27 | MAE=2.991 | MAPE=2.10%
02:16:46 |  Iter-28 | MAE=16.899 | MAPE=13.11%
02:18:42 |  Iter-29 | MAE=11.271 | MAPE=8.53%
02:20:46 |  Iter-30 | MAE=11.585 | MAPE=9.42%
02:22:48 |  Iter-31 | MAE=3.051 | MAPE=2.51%
02:24:44 |  Iter-32 | MAE=5.844 | MAPE=4.58%
02:26:38 |  Iter-33 | MAE=2.162 | MAPE=1.66%
02:26:38 | 
 OVERALL: MAE=5.266, MAPE=4.65%, R2=0.9033 (3702.0s)
02:26:38 | Saved model checkpoint: /data/quyhv/oil_forecast_tail_risk/results_v4/walkforward/NBEATS/XANG_H3_seed123/model_checkpoint.pth
02:26:38 | Saved processor/scaler: /data/quyhv/oil_forecast_tail_risk/results_v4/walkforward/NBEATS/XANG_H3_seed123/processor.pkl
