15:15:17 | ================================================================================
15:15:17 |  GUMNet_Wavelet | XANG | H10 | walkforward | seed=777
15:15:17 | ================================================================================
15:15:17 | Data: 4513 rows | Features: 14
15:24:19 |  Iter-01 | MAE=2.771 | MAPE=3.48%
15:33:17 |  Iter-02 | MAE=2.640 | MAPE=3.38%
15:42:14 |  Iter-03 | MAE=1.145 | MAPE=1.44%
15:56:03 |  Iter-04 | MAE=1.569 | MAPE=1.96%
16:05:07 |  Iter-05 | MAE=0.960 | MAPE=1.19%
16:15:59 |  Iter-06 | MAE=0.697 | MAPE=0.86%
16:25:23 |  Iter-07 | MAE=0.788 | MAPE=0.97%
16:34:32 |  Iter-08 | MAE=1.394 | MAPE=1.75%
16:44:19 |  Iter-09 | MAE=2.254 | MAPE=2.86%
16:54:03 |  Iter-10 | MAE=1.782 | MAPE=2.29%
17:05:16 |  Iter-11 | MAE=0.622 | MAPE=0.80%
17:14:25 |  Iter-12 | MAE=1.390 | MAPE=1.81%
17:23:31 |  Iter-13 | MAE=2.288 | MAPE=2.85%
17:32:54 |  Iter-14 | MAE=3.360 | MAPE=4.17%
17:41:48 |  Iter-15 | MAE=1.094 | MAPE=1.36%
17:50:37 |  Iter-16 | MAE=2.916 | MAPE=3.58%
17:59:45 |  Iter-17 | MAE=1.682 | MAPE=2.14%
18:08:46 |  Iter-18 | MAE=1.160 | MAPE=1.46%
18:17:53 |  Iter-19 | MAE=1.078 | MAPE=1.35%
18:28:07 |  Iter-20 | MAE=2.769 | MAPE=3.61%
18:37:20 |  Iter-21 | MAE=3.443 | MAPE=4.64%
18:47:47 |  Iter-22 | MAE=1.173 | MAPE=1.61%
18:57:48 |  Iter-23 | MAE=1.658 | MAPE=2.32%
19:08:59 |  Iter-24 | MAE=0.926 | MAPE=1.30%
19:19:40 |  Iter-25 | MAE=2.036 | MAPE=2.82%
19:30:02 |  Iter-26 | MAE=1.095 | MAPE=1.53%
19:39:36 |  Iter-27 | MAE=1.081 | MAPE=1.47%
19:48:44 |  Iter-28 | MAE=1.333 | MAPE=1.78%
19:57:57 |  Iter-29 | MAE=1.609 | MAPE=2.16%
20:07:07 |  Iter-30 | MAE=2.736 | MAPE=3.64%
20:16:24 |  Iter-31 | MAE=9.874 | MAPE=10.87%
20:27:44 |  Iter-32 | MAE=26.414 | MAPE=22.25%
20:36:51 |  Iter-33 | MAE=33.368 | MAPE=24.14%
20:46:00 |  Iter-34 | MAE=21.588 | MAPE=14.34%
20:55:13 |  Iter-35 | MAE=11.863 | MAPE=8.40%
21:05:53 |  Iter-36 | MAE=6.538 | MAPE=4.82%
21:15:34 |  Iter-37 | MAE=11.723 | MAPE=9.15%
21:25:00 |  Iter-38 | MAE=5.459 | MAPE=4.42%
21:35:18 |  Iter-39 | MAE=4.766 | MAPE=3.66%
21:35:18 | 
 OVERALL: MAE=4.693, MAPE=4.32%, R2=0.8269 (22801.5s)
21:35:18 | Saved model checkpoint: /data/quyhv/oil_forecast_tail_risk/results_v4/walkforward/GUMNet_Wavelet/XANG_H10_seed777/model_checkpoint.pth
21:35:18 | Saved processor/scaler: /data/quyhv/oil_forecast_tail_risk/results_v4/walkforward/GUMNet_Wavelet/XANG_H10_seed777/processor.pkl
