09:00:57 | ================================================================================
09:00:57 |  GUMNet_Wavelet | XANG | H20 | walkforward | seed=2025
09:00:57 | ================================================================================
09:00:57 | Data: 4513 rows | Features: 14
09:38:33 |  Iter-01 | MAE=2.553 | MAPE=3.10%
10:15:19 |  Iter-02 | MAE=2.024 | MAPE=2.75%
10:51:28 |  Iter-03 | MAE=3.100 | MAPE=4.07%
11:27:35 |  Iter-04 | MAE=4.504 | MAPE=5.31%
12:03:08 |  Iter-05 | MAE=0.841 | MAPE=1.07%
12:38:36 |  Iter-06 | MAE=2.215 | MAPE=2.79%
13:14:00 |  Iter-07 | MAE=1.416 | MAPE=1.75%
13:49:26 |  Iter-08 | MAE=3.739 | MAPE=4.81%
14:24:51 |  Iter-09 | MAE=3.139 | MAPE=3.89%
15:00:49 |  Iter-10 | MAE=1.998 | MAPE=2.54%
15:37:14 |  Iter-11 | MAE=4.529 | MAPE=6.22%
16:13:45 |  Iter-12 | MAE=3.077 | MAPE=4.22%
16:50:21 |  Iter-13 | MAE=5.897 | MAPE=6.69%
17:27:26 |  Iter-14 | MAE=44.973 | MAPE=31.58%
18:04:33 |  Iter-15 | MAE=12.930 | MAPE=10.14%
18:04:33 | 
 OVERALL: MAE=6.462, MAPE=6.06%, R2=0.5616 (32616.1s)
18:04:33 | Saved model checkpoint: /data/quyhv/oil_forecast_tail_risk/results_v4/walkforward/GUMNet_Wavelet/XANG_H20_seed2025/model_checkpoint.pth
18:04:33 | Saved processor/scaler: /data/quyhv/oil_forecast_tail_risk/results_v4/walkforward/GUMNet_Wavelet/XANG_H20_seed2025/processor.pkl
