20:45:12 | ================================================================================
20:45:12 |  GUMNet_Wavelet | DAU | H3 | walkforward | seed=123
20:45:12 | ================================================================================
20:45:12 | Data: 4513 rows | Features: 16
20:51:09 |  Iter-01 | MAE=1.819 | MAPE=2.22%
20:57:14 |  Iter-02 | MAE=1.486 | MAPE=1.86%
21:02:57 |  Iter-03 | MAE=0.678 | MAPE=0.86%
21:08:40 |  Iter-04 | MAE=0.548 | MAPE=0.68%
21:14:45 |  Iter-05 | MAE=0.384 | MAPE=0.48%
21:20:39 |  Iter-06 | MAE=0.966 | MAPE=1.23%
21:26:34 |  Iter-07 | MAE=1.699 | MAPE=2.20%
21:33:11 |  Iter-08 | MAE=1.087 | MAPE=1.35%
21:39:13 |  Iter-09 | MAE=0.603 | MAPE=0.74%
21:45:49 |  Iter-10 | MAE=0.646 | MAPE=0.77%
21:52:13 |  Iter-11 | MAE=1.640 | MAPE=1.92%
21:57:53 |  Iter-12 | MAE=2.140 | MAPE=2.45%
22:03:35 |  Iter-13 | MAE=1.987 | MAPE=2.29%
22:09:37 |  Iter-14 | MAE=0.857 | MAPE=0.97%
22:15:08 |  Iter-15 | MAE=1.086 | MAPE=1.24%
22:21:42 |  Iter-16 | MAE=2.214 | MAPE=2.55%
22:27:24 |  Iter-17 | MAE=1.770 | MAPE=1.96%
22:33:06 |  Iter-18 | MAE=0.555 | MAPE=0.60%
22:39:09 |  Iter-19 | MAE=0.459 | MAPE=0.50%
22:44:55 |  Iter-20 | MAE=34.276 | MAPE=26.24%
22:50:52 |  Iter-21 | MAE=23.391 | MAPE=13.60%
22:57:55 |  Iter-22 | MAE=18.412 | MAPE=11.21%
23:05:31 |  Iter-23 | MAE=7.371 | MAPE=3.83%
23:13:07 |  Iter-24 | MAE=11.417 | MAPE=5.42%
23:20:09 |  Iter-25 | MAE=16.961 | MAPE=7.89%
23:27:21 |  Iter-26 | MAE=24.206 | MAPE=9.96%
23:34:24 |  Iter-27 | MAE=21.452 | MAPE=8.10%
23:42:20 |  Iter-28 | MAE=72.243 | MAPE=33.62%
23:50:06 |  Iter-29 | MAE=19.045 | MAPE=9.62%
23:57:07 |  Iter-30 | MAE=30.423 | MAPE=18.06%
00:03:48 |  Iter-31 | MAE=15.834 | MAPE=10.68%
00:10:28 |  Iter-32 | MAE=15.124 | MAPE=9.24%
00:16:47 |  Iter-33 | MAE=3.527 | MAPE=2.17%
00:16:47 | 
 OVERALL: MAE=10.191, MAPE=5.96%, R2=0.8882 (12694.7s)
00:16:47 | Saved model checkpoint: /data/quyhv/oil_forecast_tail_risk/results_v4/walkforward/GUMNet_Wavelet/DAU_H3_seed123/model_checkpoint.pth
00:16:47 | Saved processor/scaler: /data/quyhv/oil_forecast_tail_risk/results_v4/walkforward/GUMNet_Wavelet/DAU_H3_seed123/processor.pkl
