06:55:02 | ================================================================================
06:55:02 |  GUMNet_Wavelet | DAU | H20 | walkforward | seed=777
06:55:02 | ================================================================================
06:55:02 | Data: 4513 rows | Features: 15
07:13:23 |  Iter-01 | MAE=1.439 | MAPE=1.67%
07:31:56 |  Iter-02 | MAE=1.334 | MAPE=1.68%
07:50:31 |  Iter-03 | MAE=1.335 | MAPE=1.67%
08:09:06 |  Iter-04 | MAE=6.405 | MAPE=7.02%
08:27:42 |  Iter-05 | MAE=3.271 | MAPE=3.62%
08:46:20 |  Iter-06 | MAE=3.965 | MAPE=4.65%
09:04:38 |  Iter-07 | MAE=1.867 | MAPE=2.11%
09:22:55 |  Iter-08 | MAE=1.487 | MAPE=1.69%
09:41:13 |  Iter-09 | MAE=7.122 | MAPE=7.63%
09:59:51 |  Iter-10 | MAE=7.895 | MAPE=9.13%
10:18:41 |  Iter-11 | MAE=3.630 | MAPE=4.56%
10:37:31 |  Iter-12 | MAE=7.168 | MAPE=8.44%
10:56:19 |  Iter-13 | MAE=7.522 | MAPE=6.35%
11:15:26 |  Iter-14 | MAE=61.918 | MAPE=28.70%
11:34:44 |  Iter-15 | MAE=72.435 | MAPE=42.93%
11:34:44 | 
 OVERALL: MAE=12.586, MAPE=8.79%, R2=0.5244 (16781.8s)
11:34:44 | Saved model checkpoint: /data/quyhv/oil_forecast_tail_risk/results_v4/walkforward/GUMNet_Wavelet/DAU_H20_seed777/model_checkpoint.pth
11:34:44 | Saved processor/scaler: /data/quyhv/oil_forecast_tail_risk/results_v4/walkforward/GUMNet_Wavelet/DAU_H20_seed777/processor.pkl
