08:26:01 | ================================================================================
08:26:01 |  GUMNet_Wavelet | XANG | H3 | walkforward | seed=9999
08:26:01 | ================================================================================
08:26:01 | Data: 4513 rows | Features: 15
08:32:31 |  Iter-01 | MAE=0.819 | MAPE=1.05%
08:38:39 |  Iter-02 | MAE=3.053 | MAPE=4.09%
08:45:42 |  Iter-03 | MAE=0.521 | MAPE=0.71%
08:52:38 |  Iter-04 | MAE=0.775 | MAPE=1.05%
08:58:42 |  Iter-05 | MAE=0.149 | MAPE=0.20%
09:04:35 |  Iter-06 | MAE=0.924 | MAPE=1.29%
09:11:42 |  Iter-07 | MAE=0.997 | MAPE=1.41%
09:17:58 |  Iter-08 | MAE=0.716 | MAPE=0.99%
09:24:27 |  Iter-09 | MAE=2.224 | MAPE=3.10%
09:30:58 |  Iter-10 | MAE=0.529 | MAPE=0.73%
09:37:29 |  Iter-11 | MAE=0.736 | MAPE=1.01%
09:43:36 |  Iter-12 | MAE=1.642 | MAPE=2.23%
09:49:59 |  Iter-13 | MAE=2.453 | MAPE=3.40%
09:56:53 |  Iter-14 | MAE=1.284 | MAPE=1.73%
10:02:43 |  Iter-15 | MAE=2.023 | MAPE=2.63%
10:08:21 |  Iter-16 | MAE=3.273 | MAPE=4.48%
10:14:34 |  Iter-17 | MAE=1.467 | MAPE=1.92%
10:20:45 |  Iter-18 | MAE=2.058 | MAPE=2.59%
10:27:08 |  Iter-19 | MAE=1.193 | MAPE=1.48%
10:34:08 |  Iter-20 | MAE=15.645 | MAPE=15.98%
10:41:07 |  Iter-21 | MAE=25.465 | MAPE=19.64%
10:47:23 |  Iter-22 | MAE=16.609 | MAPE=13.38%
10:53:27 |  Iter-23 | MAE=5.703 | MAPE=3.93%
11:00:24 |  Iter-24 | MAE=3.524 | MAPE=2.36%
11:07:43 |  Iter-25 | MAE=17.874 | MAPE=12.97%
11:13:38 |  Iter-26 | MAE=6.114 | MAPE=4.50%
11:20:15 |  Iter-27 | MAE=3.177 | MAPE=2.19%
11:26:19 |  Iter-28 | MAE=16.824 | MAPE=12.97%
11:32:47 |  Iter-29 | MAE=13.277 | MAPE=10.05%
11:39:57 |  Iter-30 | MAE=11.119 | MAPE=9.03%
11:46:33 |  Iter-31 | MAE=3.442 | MAPE=2.85%
11:52:58 |  Iter-32 | MAE=3.342 | MAPE=2.62%
11:59:03 |  Iter-33 | MAE=2.918 | MAPE=2.24%
11:59:03 | 
 OVERALL: MAE=5.208, MAPE=4.57%, R2=0.9056 (12781.9s)
11:59:03 | Saved model checkpoint: /data/quyhv/oil_forecast_tail_risk/results_v4/walkforward/GUMNet_Wavelet/XANG_H3_seed9999/model_checkpoint.pth
11:59:03 | Saved processor/scaler: /data/quyhv/oil_forecast_tail_risk/results_v4/walkforward/GUMNet_Wavelet/XANG_H3_seed9999/processor.pkl
