10:25:46 | ================================================================================
10:25:46 |  GUMNet_Wavelet | XANG | H3 | walkforward | seed=2025
10:25:46 | ================================================================================
10:25:46 | Data: 4513 rows | Features: 15
10:32:18 |  Iter-01 | MAE=0.442 | MAPE=0.57%
10:38:25 |  Iter-02 | MAE=2.827 | MAPE=3.79%
10:45:06 |  Iter-03 | MAE=0.588 | MAPE=0.80%
10:51:28 |  Iter-04 | MAE=0.623 | MAPE=0.85%
10:57:49 |  Iter-05 | MAE=0.283 | MAPE=0.39%
11:04:11 |  Iter-06 | MAE=0.886 | MAPE=1.24%
11:10:22 |  Iter-07 | MAE=1.153 | MAPE=1.64%
11:16:14 |  Iter-08 | MAE=0.480 | MAPE=0.66%
11:23:14 |  Iter-09 | MAE=2.202 | MAPE=3.07%
11:29:55 |  Iter-10 | MAE=0.420 | MAPE=0.58%
11:36:15 |  Iter-11 | MAE=0.758 | MAPE=1.04%
11:42:33 |  Iter-12 | MAE=1.452 | MAPE=1.98%
11:49:20 |  Iter-13 | MAE=2.588 | MAPE=3.59%
11:55:42 |  Iter-14 | MAE=1.400 | MAPE=1.89%
12:01:55 |  Iter-15 | MAE=2.031 | MAPE=2.64%
12:08:08 |  Iter-16 | MAE=3.164 | MAPE=4.33%
12:14:43 |  Iter-17 | MAE=1.476 | MAPE=1.92%
12:21:28 |  Iter-18 | MAE=1.355 | MAPE=1.70%
12:28:12 |  Iter-19 | MAE=0.504 | MAPE=0.62%
12:34:18 |  Iter-20 | MAE=15.822 | MAPE=16.16%
12:41:19 |  Iter-21 | MAE=26.459 | MAPE=20.44%
12:47:37 |  Iter-22 | MAE=13.326 | MAPE=10.83%
12:55:55 |  Iter-23 | MAE=6.522 | MAPE=4.51%
13:02:15 |  Iter-24 | MAE=6.576 | MAPE=4.23%
13:08:55 |  Iter-25 | MAE=17.275 | MAPE=12.51%
13:15:03 |  Iter-26 | MAE=6.089 | MAPE=4.48%
13:21:31 |  Iter-27 | MAE=3.589 | MAPE=2.50%
13:27:52 |  Iter-28 | MAE=18.946 | MAPE=14.56%
13:34:23 |  Iter-29 | MAE=12.924 | MAPE=9.79%
13:40:39 |  Iter-30 | MAE=10.914 | MAPE=8.87%
13:47:04 |  Iter-31 | MAE=2.850 | MAPE=2.35%
13:53:44 |  Iter-32 | MAE=3.242 | MAPE=2.54%
14:00:22 |  Iter-33 | MAE=3.314 | MAPE=2.55%
14:00:22 | 
 OVERALL: MAE=5.227, MAPE=4.53%, R2=0.9045 (12876.0s)
14:00:22 | Saved model checkpoint: /data/quyhv/oil_forecast_tail_risk/results_v4/walkforward/GUMNet_Wavelet/XANG_H3_seed2025/model_checkpoint.pth
14:00:22 | Saved processor/scaler: /data/quyhv/oil_forecast_tail_risk/results_v4/walkforward/GUMNet_Wavelet/XANG_H3_seed2025/processor.pkl
