09:17:24 | ================================================================================
09:17:24 |  GUMNet_Diffusion | XANG | H3 | walkforward | seed=9999
09:17:24 | ================================================================================
09:17:24 | Data: 4513 rows | Features: 15
09:23:56 |  Iter-01 | MAE=0.220 | MAPE=0.28%
09:31:26 |  Iter-02 | MAE=3.163 | MAPE=4.24%
09:38:43 |  Iter-03 | MAE=0.412 | MAPE=0.56%
09:45:52 |  Iter-04 | MAE=1.162 | MAPE=1.58%
09:52:52 |  Iter-05 | MAE=0.307 | MAPE=0.42%
09:59:25 |  Iter-06 | MAE=0.908 | MAPE=1.27%
10:05:49 |  Iter-07 | MAE=1.269 | MAPE=1.80%
10:12:50 |  Iter-08 | MAE=0.161 | MAPE=0.22%
10:20:18 |  Iter-09 | MAE=2.129 | MAPE=2.97%
10:27:46 |  Iter-10 | MAE=0.344 | MAPE=0.48%
10:34:39 |  Iter-11 | MAE=0.478 | MAPE=0.66%
10:41:10 |  Iter-12 | MAE=1.365 | MAPE=1.87%
10:48:32 |  Iter-13 | MAE=3.480 | MAPE=4.82%
10:56:50 |  Iter-14 | MAE=2.607 | MAPE=3.52%
11:03:45 |  Iter-15 | MAE=2.964 | MAPE=3.86%
11:10:22 |  Iter-16 | MAE=3.456 | MAPE=4.73%
11:17:25 |  Iter-17 | MAE=1.608 | MAPE=2.12%
11:24:31 |  Iter-18 | MAE=1.321 | MAPE=1.66%
11:31:04 |  Iter-19 | MAE=1.131 | MAPE=1.41%
11:38:58 |  Iter-20 | MAE=15.866 | MAPE=16.21%
11:46:07 |  Iter-21 | MAE=26.716 | MAPE=20.55%
11:54:12 |  Iter-22 | MAE=13.387 | MAPE=10.84%
12:01:21 |  Iter-23 | MAE=7.624 | MAPE=5.26%
12:07:40 |  Iter-24 | MAE=5.162 | MAPE=3.34%
12:15:56 |  Iter-25 | MAE=20.262 | MAPE=14.68%
12:22:13 |  Iter-26 | MAE=6.922 | MAPE=5.19%
12:28:51 |  Iter-27 | MAE=3.167 | MAPE=2.21%
12:36:05 |  Iter-28 | MAE=16.807 | MAPE=13.02%
12:42:56 |  Iter-29 | MAE=11.168 | MAPE=8.45%
12:49:27 |  Iter-30 | MAE=13.683 | MAPE=11.12%
12:55:57 |  Iter-31 | MAE=2.789 | MAPE=2.30%
13:03:21 |  Iter-32 | MAE=1.306 | MAPE=1.03%
13:09:59 |  Iter-33 | MAE=3.220 | MAPE=2.48%
13:09:59 | 
 OVERALL: MAE=5.350, MAPE=4.70%, R2=0.8984 (13955.3s)
13:09:59 | Saved model checkpoint: /data/quyhv/oil_forecast_tail_risk/results_v4/walkforward/GUMNet_Diffusion/XANG_H3_seed9999/model_checkpoint.pth
13:09:59 | Saved processor/scaler: /data/quyhv/oil_forecast_tail_risk/results_v4/walkforward/GUMNet_Diffusion/XANG_H3_seed9999/processor.pkl
