13:14:42 | ================================================================================
13:14:42 |  GUMNet_Diffusion | DAU | H5 | walkforward | seed=777
13:14:42 | ================================================================================
13:14:42 | Data: 4513 rows | Features: 17
13:23:10 |  Iter-01 | MAE=2.904 | MAPE=3.61%
13:31:31 |  Iter-02 | MAE=0.960 | MAPE=1.19%
13:39:42 |  Iter-03 | MAE=1.331 | MAPE=1.67%
13:48:20 |  Iter-04 | MAE=0.890 | MAPE=1.14%
13:57:29 |  Iter-05 | MAE=3.413 | MAPE=4.21%
14:05:23 |  Iter-06 | MAE=0.898 | MAPE=1.09%
14:13:42 |  Iter-07 | MAE=1.502 | MAPE=1.75%
14:22:30 |  Iter-08 | MAE=0.969 | MAPE=1.11%
14:30:51 |  Iter-09 | MAE=0.609 | MAPE=0.69%
14:39:00 |  Iter-10 | MAE=2.464 | MAPE=2.85%
14:48:38 |  Iter-11 | MAE=2.749 | MAPE=2.99%
14:56:38 |  Iter-12 | MAE=22.535 | MAPE=17.45%
15:05:04 |  Iter-13 | MAE=28.377 | MAPE=16.94%
15:13:02 |  Iter-14 | MAE=27.273 | MAPE=14.00%
15:21:15 |  Iter-15 | MAE=19.339 | MAPE=8.42%
15:29:35 |  Iter-16 | MAE=28.135 | MAPE=11.59%
15:38:08 |  Iter-17 | MAE=37.751 | MAPE=17.14%
15:46:15 |  Iter-18 | MAE=21.095 | MAPE=12.24%
15:54:31 |  Iter-19 | MAE=10.437 | MAPE=6.97%
16:03:31 |  Iter-20 | MAE=5.722 | MAPE=3.41%
16:03:31 | 
 OVERALL: MAE=10.968, MAPE=6.52%, R2=0.9010 (10129.1s)
16:03:31 | Saved model checkpoint: /data/quyhv/oil_forecast_tail_risk/results_v4/walkforward/GUMNet_Diffusion/DAU_H5_seed777/model_checkpoint.pth
16:03:31 | Saved processor/scaler: /data/quyhv/oil_forecast_tail_risk/results_v4/walkforward/GUMNet_Diffusion/DAU_H5_seed777/processor.pkl
