06:51:27 | ================================================================================
06:51:27 |  GUMNet_Diffusion | DAU | H3 | walkforward | seed=777
06:51:27 | ================================================================================
06:51:27 | Data: 4513 rows | Features: 16
06:58:23 |  Iter-01 | MAE=1.552 | MAPE=1.89%
07:06:15 |  Iter-02 | MAE=1.685 | MAPE=2.11%
07:13:33 |  Iter-03 | MAE=0.475 | MAPE=0.60%
07:20:28 |  Iter-04 | MAE=0.448 | MAPE=0.55%
07:27:45 |  Iter-05 | MAE=0.352 | MAPE=0.44%
07:34:25 |  Iter-06 | MAE=0.846 | MAPE=1.07%
07:42:11 |  Iter-07 | MAE=1.721 | MAPE=2.23%
07:49:00 |  Iter-08 | MAE=1.717 | MAPE=2.13%
07:56:12 |  Iter-09 | MAE=0.876 | MAPE=1.07%
08:03:22 |  Iter-10 | MAE=0.751 | MAPE=0.90%
08:10:44 |  Iter-11 | MAE=1.048 | MAPE=1.23%
08:18:08 |  Iter-12 | MAE=2.450 | MAPE=2.80%
08:24:46 |  Iter-13 | MAE=2.336 | MAPE=2.69%
08:32:07 |  Iter-14 | MAE=1.169 | MAPE=1.32%
08:40:06 |  Iter-15 | MAE=0.671 | MAPE=0.76%
08:47:03 |  Iter-16 | MAE=2.250 | MAPE=2.59%
08:54:23 |  Iter-17 | MAE=1.731 | MAPE=1.92%
09:01:38 |  Iter-18 | MAE=0.762 | MAPE=0.82%
09:08:17 |  Iter-19 | MAE=0.420 | MAPE=0.46%
09:15:26 |  Iter-20 | MAE=35.095 | MAPE=26.88%
09:22:00 |  Iter-21 | MAE=26.609 | MAPE=15.52%
09:28:37 |  Iter-22 | MAE=17.593 | MAPE=10.58%
09:35:29 |  Iter-23 | MAE=7.873 | MAPE=4.10%
09:42:17 |  Iter-24 | MAE=15.104 | MAPE=6.80%
09:49:14 |  Iter-25 | MAE=15.807 | MAPE=7.27%
09:55:50 |  Iter-26 | MAE=24.088 | MAPE=9.90%
10:02:37 |  Iter-27 | MAE=21.393 | MAPE=8.01%
10:09:14 |  Iter-28 | MAE=68.220 | MAPE=31.92%
10:16:01 |  Iter-29 | MAE=7.825 | MAPE=3.85%
10:22:37 |  Iter-30 | MAE=22.271 | MAPE=13.23%
10:29:15 |  Iter-31 | MAE=13.745 | MAPE=9.28%
10:36:12 |  Iter-32 | MAE=15.401 | MAPE=9.41%
10:43:19 |  Iter-33 | MAE=3.087 | MAPE=1.89%
10:43:19 | 
 OVERALL: MAE=9.617, MAPE=5.64%, R2=0.8971 (13912.3s)
10:43:19 | Saved model checkpoint: /data/quyhv/oil_forecast_tail_risk/results_v4/walkforward/GUMNet_Diffusion/DAU_H3_seed777/model_checkpoint.pth
10:43:19 | Saved processor/scaler: /data/quyhv/oil_forecast_tail_risk/results_v4/walkforward/GUMNet_Diffusion/DAU_H3_seed777/processor.pkl
