06:55:51 | ================================================================================
06:55:51 |  GUMNet_Diffusion | DAU | H1 | walkforward | seed=123
06:55:51 | ================================================================================
06:55:52 | Data: 4513 rows | Features: 16
07:01:21 |  Iter-01 | MAE=1.306 | MAPE=1.58%
07:07:05 |  Iter-02 | MAE=0.935 | MAPE=1.13%
07:12:40 |  Iter-03 | MAE=1.203 | MAPE=1.48%
07:17:58 |  Iter-04 | MAE=1.131 | MAPE=1.41%
07:24:09 |  Iter-05 | MAE=0.171 | MAPE=0.22%
07:30:10 |  Iter-06 | MAE=0.620 | MAPE=0.77%
07:36:20 |  Iter-07 | MAE=1.207 | MAPE=1.53%
07:41:55 |  Iter-08 | MAE=0.271 | MAPE=0.34%
07:47:57 |  Iter-09 | MAE=0.053 | MAPE=0.07%
07:53:32 |  Iter-10 | MAE=0.447 | MAPE=0.55%
07:59:06 |  Iter-11 | MAE=0.374 | MAPE=0.46%
08:04:33 |  Iter-12 | MAE=0.491 | MAPE=0.61%
08:10:08 |  Iter-13 | MAE=0.051 | MAPE=0.06%
08:15:35 |  Iter-14 | MAE=0.132 | MAPE=0.17%
08:21:54 |  Iter-15 | MAE=0.325 | MAPE=0.40%
08:27:29 |  Iter-16 | MAE=0.660 | MAPE=0.82%
08:33:30 |  Iter-17 | MAE=0.336 | MAPE=0.42%
08:39:22 |  Iter-18 | MAE=1.143 | MAPE=1.46%
08:45:06 |  Iter-19 | MAE=0.245 | MAPE=0.31%
08:50:58 |  Iter-20 | MAE=1.756 | MAPE=2.27%
08:56:42 |  Iter-21 | MAE=0.478 | MAPE=0.62%
09:01:51 |  Iter-22 | MAE=0.899 | MAPE=1.13%
09:07:25 |  Iter-23 | MAE=1.670 | MAPE=2.09%
09:12:34 |  Iter-24 | MAE=0.687 | MAPE=0.84%
09:17:52 |  Iter-25 | MAE=0.549 | MAPE=0.67%
09:23:35 |  Iter-26 | MAE=1.231 | MAPE=1.51%
09:29:37 |  Iter-27 | MAE=1.968 | MAPE=2.41%
09:35:04 |  Iter-28 | MAE=0.064 | MAPE=0.08%
09:40:47 |  Iter-29 | MAE=0.604 | MAPE=0.73%
09:46:22 |  Iter-30 | MAE=0.954 | MAPE=1.14%
09:52:32 |  Iter-31 | MAE=1.966 | MAPE=2.30%
09:58:24 |  Iter-32 | MAE=0.416 | MAPE=0.49%
10:03:59 |  Iter-33 | MAE=0.258 | MAPE=0.30%
10:09:42 |  Iter-34 | MAE=0.790 | MAPE=0.94%
10:14:59 |  Iter-35 | MAE=0.701 | MAPE=0.81%
10:20:26 |  Iter-36 | MAE=1.150 | MAPE=1.30%
10:26:01 |  Iter-37 | MAE=1.687 | MAPE=1.90%
10:31:54 |  Iter-38 | MAE=2.411 | MAPE=2.77%
10:37:29 |  Iter-39 | MAE=2.816 | MAPE=3.27%
10:43:04 |  Iter-40 | MAE=0.822 | MAPE=0.94%
10:48:22 |  Iter-41 | MAE=0.271 | MAPE=0.31%
10:54:05 |  Iter-42 | MAE=2.215 | MAPE=2.49%
10:59:31 |  Iter-43 | MAE=1.456 | MAPE=1.67%
11:04:54 |  Iter-44 | MAE=0.833 | MAPE=0.94%
11:10:25 |  Iter-45 | MAE=1.204 | MAPE=1.35%
11:16:31 |  Iter-46 | MAE=0.459 | MAPE=0.52%
11:22:55 |  Iter-47 | MAE=0.647 | MAPE=0.75%
11:28:17 |  Iter-48 | MAE=0.761 | MAPE=0.88%
11:34:33 |  Iter-49 | MAE=0.765 | MAPE=0.89%
11:40:14 |  Iter-50 | MAE=0.452 | MAPE=0.52%
11:46:12 |  Iter-51 | MAE=3.156 | MAPE=3.46%
11:52:54 |  Iter-52 | MAE=0.549 | MAPE=0.59%
11:58:15 |  Iter-53 | MAE=1.295 | MAPE=1.42%
12:04:40 |  Iter-54 | MAE=0.630 | MAPE=0.68%
12:10:37 |  Iter-55 | MAE=0.494 | MAPE=0.54%
12:16:26 |  Iter-56 | MAE=1.075 | MAPE=1.16%
12:22:06 |  Iter-57 | MAE=0.074 | MAPE=0.08%
12:27:20 |  Iter-58 | MAE=21.553 | MAPE=18.77%
12:32:50 |  Iter-59 | MAE=12.617 | MAPE=10.05%
12:38:28 |  Iter-60 | MAE=14.676 | MAPE=10.25%
12:43:48 |  Iter-61 | MAE=14.036 | MAPE=9.20%
12:49:17 |  Iter-62 | MAE=6.856 | MAPE=4.42%
12:54:55 |  Iter-63 | MAE=22.383 | MAPE=12.10%
13:00:59 |  Iter-64 | MAE=31.169 | MAPE=19.37%
13:06:37 |  Iter-65 | MAE=3.980 | MAPE=2.43%
13:12:14 |  Iter-66 | MAE=31.319 | MAPE=16.14%
13:18:45 |  Iter-67 | MAE=3.614 | MAPE=1.88%
13:24:15 |  Iter-68 | MAE=7.825 | MAPE=4.11%
13:30:19 |  Iter-69 | MAE=13.617 | MAPE=6.89%
13:35:40 |  Iter-70 | MAE=7.088 | MAPE=3.57%
13:41:09 |  Iter-71 | MAE=20.786 | MAPE=9.28%
13:46:30 |  Iter-72 | MAE=1.886 | MAPE=0.85%
13:51:54 |  Iter-73 | MAE=13.721 | MAPE=5.66%
13:57:28 |  Iter-74 | MAE=10.831 | MAPE=4.94%
14:03:06 |  Iter-75 | MAE=17.026 | MAPE=8.30%
14:08:17 |  Iter-76 | MAE=6.877 | MAPE=3.18%
14:13:37 |  Iter-77 | MAE=11.433 | MAPE=4.82%
14:19:07 |  Iter-78 | MAE=6.738 | MAPE=2.68%
14:25:00 |  Iter-79 | MAE=10.290 | MAPE=4.32%
14:30:56 |  Iter-80 | MAE=5.586 | MAPE=2.28%
14:36:37 |  Iter-81 | MAE=53.643 | MAPE=18.35%
14:42:43 |  Iter-82 | MAE=32.188 | MAPE=12.02%
14:48:11 |  Iter-83 | MAE=23.329 | MAPE=9.63%
14:54:14 |  Iter-84 | MAE=61.902 | MAPE=32.43%
14:59:58 |  Iter-85 | MAE=13.909 | MAPE=6.84%
15:05:09 |  Iter-86 | MAE=4.336 | MAPE=2.17%
15:10:51 |  Iter-87 | MAE=7.781 | MAPE=4.06%
15:15:55 |  Iter-88 | MAE=16.371 | MAPE=9.06%
15:21:13 |  Iter-89 | MAE=12.493 | MAPE=7.54%
15:27:20 |  Iter-90 | MAE=11.348 | MAPE=6.94%
15:32:35 |  Iter-91 | MAE=4.173 | MAPE=2.56%
15:38:18 |  Iter-92 | MAE=5.949 | MAPE=4.04%
15:43:44 |  Iter-93 | MAE=1.596 | MAPE=1.09%
15:49:02 |  Iter-94 | MAE=10.547 | MAPE=6.58%
15:54:18 |  Iter-95 | MAE=0.647 | MAPE=0.39%
15:59:34 |  Iter-96 | MAE=2.409 | MAPE=1.43%
16:04:41 |  Iter-97 | MAE=0.990 | MAPE=0.59%
16:10:06 |  Iter-98 | MAE=6.229 | MAPE=3.88%
16:15:23 |  Iter-99 | MAE=1.813 | MAPE=1.10%
16:20:48 |  Iter-100 | MAE=3.580 | MAPE=2.09%
16:20:48 | 
 OVERALL: MAE=6.225, MAPE=3.59%, R2=0.9567 (33897.4s)
16:20:48 | Saved model checkpoint: /data/quyhv/oil_forecast_tail_risk/results_v4/walkforward/GUMNet_Diffusion/DAU_H1_seed123/model_checkpoint.pth
16:20:48 | Saved processor/scaler: /data/quyhv/oil_forecast_tail_risk/results_v4/walkforward/GUMNet_Diffusion/DAU_H1_seed123/processor.pkl
