16:44:51 | ================================================================================
16:44:51 |  Moirai | XANG | H60 | walkforward | seed=123
16:44:51 | ================================================================================
16:44:51 | Data: 4513 rows | Features: 19
16:52:11 |  Iter-01 | MAE=13.890 | MAPE=13.98%
16:59:24 |  Iter-02 | MAE=7.959 | MAPE=7.74%
17:06:38 |  Iter-03 | MAE=9.980 | MAPE=9.82%
17:13:57 |  Iter-04 | MAE=4.966 | MAPE=5.35%
17:21:10 |  Iter-05 | MAE=7.348 | MAPE=8.04%
17:28:12 |  Iter-06 | MAE=4.226 | MAPE=4.60%
17:35:14 |  Iter-07 | MAE=3.490 | MAPE=3.93%
17:42:24 |  Iter-08 | MAE=5.874 | MAPE=7.17%
17:49:33 |  Iter-09 | MAE=2.652 | MAPE=3.26%
17:56:42 |  Iter-10 | MAE=4.631 | MAPE=5.62%
18:03:51 |  Iter-11 | MAE=4.290 | MAPE=5.23%
18:11:07 |  Iter-12 | MAE=6.428 | MAPE=7.63%
18:18:24 |  Iter-13 | MAE=3.330 | MAPE=3.91%
18:25:40 |  Iter-14 | MAE=2.286 | MAPE=2.78%
18:32:56 |  Iter-15 | MAE=4.289 | MAPE=5.58%
18:40:19 |  Iter-16 | MAE=2.717 | MAPE=3.51%
18:47:37 |  Iter-17 | MAE=3.780 | MAPE=4.72%
18:54:49 |  Iter-18 | MAE=7.357 | MAPE=9.16%
19:02:09 |  Iter-19 | MAE=5.574 | MAPE=6.93%
19:09:24 |  Iter-20 | MAE=1.578 | MAPE=1.98%
19:16:37 |  Iter-21 | MAE=2.174 | MAPE=2.71%
19:23:49 |  Iter-22 | MAE=2.656 | MAPE=3.29%
19:31:09 |  Iter-23 | MAE=2.763 | MAPE=3.52%
19:38:28 |  Iter-24 | MAE=3.091 | MAPE=4.00%
19:45:48 |  Iter-25 | MAE=6.921 | MAPE=9.41%
19:53:07 |  Iter-26 | MAE=4.388 | MAPE=5.58%
20:00:25 |  Iter-27 | MAE=29.095 | MAPE=23.30%
20:07:32 |  Iter-28 | MAE=44.325 | MAPE=33.50%
20:07:33 | 
 OVERALL: MAE=7.216, MAPE=7.37%, R2=-0.2196 (12161.6s)
20:07:33 | Saved model checkpoint: /data/quyhv/oil_forecast_tail_risk/results_v4/walkforward/Moirai/XANG_H60_seed123/model_checkpoint.pth
20:07:33 | Saved processor/scaler: /data/quyhv/oil_forecast_tail_risk/results_v4/walkforward/Moirai/XANG_H60_seed123/processor.pkl
