13:49:13 | ================================================================================
13:49:13 |  Moirai | DAU | H1 | walkforward | seed=123
13:49:13 | ================================================================================
13:49:13 | Data: 4513 rows | Features: 16
13:52:40 |  Iter-01 | MAE=1.359 | MAPE=1.65%
14:01:44 |  Iter-02 | MAE=0.339 | MAPE=0.41%
14:12:19 |  Iter-03 | MAE=1.061 | MAPE=1.30%
14:20:00 |  Iter-04 | MAE=1.293 | MAPE=1.62%
14:27:09 |  Iter-05 | MAE=0.035 | MAPE=0.04%
14:37:44 |  Iter-06 | MAE=0.507 | MAPE=0.63%
14:46:42 |  Iter-07 | MAE=1.312 | MAPE=1.66%
14:52:38 |  Iter-08 | MAE=0.284 | MAPE=0.36%
15:01:56 |  Iter-09 | MAE=0.512 | MAPE=0.64%
15:10:43 |  Iter-10 | MAE=0.344 | MAPE=0.42%
15:18:11 |  Iter-11 | MAE=0.486 | MAPE=0.60%
15:26:16 |  Iter-12 | MAE=0.750 | MAPE=0.93%
15:34:31 |  Iter-13 | MAE=0.927 | MAPE=1.17%
15:38:16 |  Iter-14 | MAE=0.058 | MAPE=0.07%
15:46:32 |  Iter-15 | MAE=0.722 | MAPE=0.90%
15:53:02 |  Iter-16 | MAE=0.557 | MAPE=0.69%
16:00:21 |  Iter-17 | MAE=0.473 | MAPE=0.60%
16:08:59 |  Iter-18 | MAE=1.375 | MAPE=1.76%
16:16:01 |  Iter-19 | MAE=0.085 | MAPE=0.11%
16:25:13 |  Iter-20 | MAE=1.533 | MAPE=1.98%
16:31:50 |  Iter-21 | MAE=0.444 | MAPE=0.58%
16:38:37 |  Iter-22 | MAE=1.201 | MAPE=1.51%
16:44:51 |  Iter-23 | MAE=1.071 | MAPE=1.34%
16:55:27 |  Iter-24 | MAE=0.724 | MAPE=0.89%
17:06:06 |  Iter-25 | MAE=0.218 | MAPE=0.26%
17:15:35 |  Iter-26 | MAE=1.592 | MAPE=1.95%
17:24:17 |  Iter-27 | MAE=1.264 | MAPE=1.55%
17:34:53 |  Iter-28 | MAE=0.210 | MAPE=0.26%
17:44:23 |  Iter-29 | MAE=0.492 | MAPE=0.60%
17:51:56 |  Iter-30 | MAE=0.570 | MAPE=0.68%
18:01:07 |  Iter-31 | MAE=1.889 | MAPE=2.21%
18:11:40 |  Iter-32 | MAE=0.534 | MAPE=0.63%
18:19:42 |  Iter-33 | MAE=0.602 | MAPE=0.70%
18:29:14 |  Iter-34 | MAE=1.245 | MAPE=1.48%
18:34:15 |  Iter-35 | MAE=0.586 | MAPE=0.68%
18:43:43 |  Iter-36 | MAE=1.598 | MAPE=1.80%
18:51:52 |  Iter-37 | MAE=0.442 | MAPE=0.50%
19:02:12 |  Iter-38 | MAE=2.320 | MAPE=2.67%
19:10:59 |  Iter-39 | MAE=1.525 | MAPE=1.77%
19:21:28 |  Iter-40 | MAE=1.285 | MAPE=1.46%
19:31:54 |  Iter-41 | MAE=0.102 | MAPE=0.12%
19:40:03 |  Iter-42 | MAE=1.859 | MAPE=2.09%
19:50:25 |  Iter-43 | MAE=1.328 | MAPE=1.52%
20:00:57 |  Iter-44 | MAE=0.305 | MAPE=0.35%
20:11:26 |  Iter-45 | MAE=1.273 | MAPE=1.43%
20:22:06 |  Iter-46 | MAE=0.059 | MAPE=0.07%
20:32:25 |  Iter-47 | MAE=0.632 | MAPE=0.73%
20:41:51 |  Iter-48 | MAE=0.680 | MAPE=0.79%
20:52:19 |  Iter-49 | MAE=0.716 | MAPE=0.83%
20:58:57 |  Iter-50 | MAE=0.856 | MAPE=0.99%
21:09:22 |  Iter-51 | MAE=3.483 | MAPE=3.82%
21:17:12 |  Iter-52 | MAE=0.308 | MAPE=0.33%
21:23:03 |  Iter-53 | MAE=1.170 | MAPE=1.28%
21:33:51 |  Iter-54 | MAE=0.376 | MAPE=0.41%
21:37:24 |  Iter-55 | MAE=0.386 | MAPE=0.42%
21:45:37 |  Iter-56 | MAE=0.639 | MAPE=0.69%
21:53:21 |  Iter-57 | MAE=0.170 | MAPE=0.18%
22:02:21 |  Iter-58 | MAE=22.085 | MAPE=19.23%
22:12:40 |  Iter-59 | MAE=12.771 | MAPE=10.17%
22:20:03 |  Iter-60 | MAE=16.618 | MAPE=11.61%
22:22:11 |  Iter-61 | MAE=19.385 | MAPE=12.69%
22:29:09 |  Iter-62 | MAE=0.407 | MAPE=0.26%
22:31:38 |  Iter-63 | MAE=22.534 | MAPE=12.19%
22:33:23 |  Iter-64 | MAE=23.492 | MAPE=14.61%
22:35:32 |  Iter-65 | MAE=4.473 | MAPE=2.73%
22:38:46 |  Iter-66 | MAE=27.405 | MAPE=14.13%
22:40:41 |  Iter-67 | MAE=2.216 | MAPE=1.15%
22:42:32 |  Iter-68 | MAE=7.139 | MAPE=3.75%
22:48:27 |  Iter-69 | MAE=10.862 | MAPE=5.49%
22:51:50 |  Iter-70 | MAE=1.566 | MAPE=0.79%
22:54:15 |  Iter-71 | MAE=14.135 | MAPE=6.31%
22:56:11 |  Iter-72 | MAE=2.815 | MAPE=1.27%
22:58:46 |  Iter-73 | MAE=17.119 | MAPE=7.06%
23:01:49 |  Iter-74 | MAE=9.154 | MAPE=4.17%
23:05:13 |  Iter-75 | MAE=22.145 | MAPE=10.80%
23:08:41 |  Iter-76 | MAE=0.714 | MAPE=0.33%
23:10:58 |  Iter-77 | MAE=14.766 | MAPE=6.22%
23:12:58 |  Iter-78 | MAE=7.846 | MAPE=3.12%
23:16:46 |  Iter-79 | MAE=15.121 | MAPE=6.34%
23:19:43 |  Iter-80 | MAE=1.673 | MAPE=0.68%
23:21:42 |  Iter-81 | MAE=46.285 | MAPE=15.83%
23:24:40 |  Iter-82 | MAE=18.798 | MAPE=7.03%
23:27:16 |  Iter-83 | MAE=26.474 | MAPE=10.90%
23:31:12 |  Iter-84 | MAE=61.824 | MAPE=32.38%
23:33:48 |  Iter-85 | MAE=10.488 | MAPE=5.32%
23:35:39 |  Iter-86 | MAE=8.730 | MAPE=4.40%
23:39:19 |  Iter-87 | MAE=4.261 | MAPE=2.19%
23:42:16 |  Iter-88 | MAE=12.463 | MAPE=6.91%
23:45:19 |  Iter-89 | MAE=15.474 | MAPE=9.38%
23:47:02 |  Iter-90 | MAE=1.229 | MAPE=0.75%
23:50:59 |  Iter-91 | MAE=6.034 | MAPE=3.69%
23:52:54 |  Iter-92 | MAE=8.233 | MAPE=5.64%
23:56:16 |  Iter-93 | MAE=3.022 | MAPE=2.08%
23:58:49 |  Iter-94 | MAE=12.625 | MAPE=7.88%
00:00:42 |  Iter-95 | MAE=0.177 | MAPE=0.11%
00:03:47 |  Iter-96 | MAE=0.291 | MAPE=0.18%
00:06:02 |  Iter-97 | MAE=0.817 | MAPE=0.49%
00:08:43 |  Iter-98 | MAE=7.345 | MAPE=4.58%
00:12:01 |  Iter-99 | MAE=1.524 | MAPE=0.92%
00:14:34 |  Iter-100 | MAE=4.477 | MAPE=2.60%
00:14:34 | 
 OVERALL: MAE=5.752, MAPE=3.35%, R2=0.9619 (37523.0s)
00:14:34 | Saved model checkpoint: /data/quyhv/oil_forecast_tail_risk/results_v4/walkforward/Moirai/DAU_H1_seed123/model_checkpoint.pth
00:14:34 | Saved processor/scaler: /data/quyhv/oil_forecast_tail_risk/results_v4/walkforward/Moirai/DAU_H1_seed123/processor.pkl
