14:03:53 | ================================================================================
14:03:53 |  Moirai | XANG | H60 | walkforward | seed=777
14:03:53 | ================================================================================
14:03:53 | Data: 4513 rows | Features: 19
14:11:10 |  Iter-01 | MAE=11.660 | MAPE=11.82%
14:18:22 |  Iter-02 | MAE=9.000 | MAPE=8.85%
14:25:35 |  Iter-03 | MAE=5.419 | MAPE=5.27%
14:32:55 |  Iter-04 | MAE=6.773 | MAPE=7.34%
14:40:16 |  Iter-05 | MAE=5.747 | MAPE=6.31%
14:47:36 |  Iter-06 | MAE=3.851 | MAPE=4.16%
14:54:57 |  Iter-07 | MAE=3.974 | MAPE=4.67%
15:02:25 |  Iter-08 | MAE=3.612 | MAPE=4.43%
15:09:54 |  Iter-09 | MAE=2.710 | MAPE=3.33%
15:17:22 |  Iter-10 | MAE=3.835 | MAPE=4.66%
15:25:08 |  Iter-11 | MAE=3.790 | MAPE=4.56%
15:32:44 |  Iter-12 | MAE=6.756 | MAPE=8.01%
15:40:20 |  Iter-13 | MAE=3.402 | MAPE=3.98%
15:47:55 |  Iter-14 | MAE=2.345 | MAPE=2.86%
15:55:25 |  Iter-15 | MAE=5.051 | MAPE=6.59%
16:02:54 |  Iter-16 | MAE=2.758 | MAPE=3.54%
16:10:18 |  Iter-17 | MAE=2.989 | MAPE=3.77%
16:17:47 |  Iter-18 | MAE=4.252 | MAPE=5.25%
16:25:24 |  Iter-19 | MAE=5.013 | MAPE=6.18%
16:33:00 |  Iter-20 | MAE=2.140 | MAPE=2.69%
16:40:36 |  Iter-21 | MAE=2.724 | MAPE=3.39%
16:48:12 |  Iter-22 | MAE=1.978 | MAPE=2.47%
16:55:55 |  Iter-23 | MAE=2.074 | MAPE=2.65%
17:03:38 |  Iter-24 | MAE=3.312 | MAPE=4.22%
17:11:22 |  Iter-25 | MAE=5.388 | MAPE=7.32%
17:19:14 |  Iter-26 | MAE=4.727 | MAPE=6.10%
17:27:05 |  Iter-27 | MAE=28.007 | MAPE=22.24%
17:34:55 |  Iter-28 | MAE=45.254 | MAPE=34.25%
17:34:55 | 
 OVERALL: MAE=6.734, MAPE=6.82%, R2=-0.1732 (12662.3s)
17:34:55 | Saved model checkpoint: /data/quyhv/oil_forecast_tail_risk/results_v4/walkforward/Moirai/XANG_H60_seed777/model_checkpoint.pth
17:34:55 | Saved processor/scaler: /data/quyhv/oil_forecast_tail_risk/results_v4/walkforward/Moirai/XANG_H60_seed777/processor.pkl
