02:33:54 | ================================================================================
02:33:54 |  Moirai | XANG | H20 | walkforward | seed=777
02:33:54 | ================================================================================
02:33:54 | Data: 4513 rows | Features: 14
02:38:26 |  Iter-01 | MAE=3.944 | MAPE=4.78%
02:42:51 |  Iter-02 | MAE=2.570 | MAPE=3.51%
02:48:18 |  Iter-03 | MAE=2.236 | MAPE=2.94%
02:52:32 |  Iter-04 | MAE=5.619 | MAPE=6.65%
02:59:56 |  Iter-05 | MAE=1.797 | MAPE=2.30%
03:04:13 |  Iter-06 | MAE=3.436 | MAPE=4.35%
03:08:28 |  Iter-07 | MAE=1.914 | MAPE=2.36%
03:16:21 |  Iter-08 | MAE=4.002 | MAPE=5.14%
03:21:19 |  Iter-09 | MAE=3.746 | MAPE=4.64%
03:26:16 |  Iter-10 | MAE=1.921 | MAPE=2.44%
03:31:55 |  Iter-11 | MAE=4.469 | MAPE=6.14%
03:36:17 |  Iter-12 | MAE=2.946 | MAPE=4.04%
03:40:39 |  Iter-13 | MAE=6.438 | MAPE=7.32%
03:45:05 |  Iter-14 | MAE=37.206 | MAPE=25.99%
03:49:29 |  Iter-15 | MAE=11.047 | MAPE=8.66%
03:49:29 | 
 OVERALL: MAE=6.219, MAPE=6.08%, R2=0.6672 (4535.7s)
03:49:29 | Saved model checkpoint: /data/quyhv/oil_forecast_tail_risk/results_v4/walkforward/Moirai/XANG_H20_seed777/model_checkpoint.pth
03:49:29 | Saved processor/scaler: /data/quyhv/oil_forecast_tail_risk/results_v4/walkforward/Moirai/XANG_H20_seed777/processor.pkl
