01:26:57 | ================================================================================
01:26:57 |  Moirai | DAU | H10 | walkforward | seed=123
01:26:57 | ================================================================================
01:26:57 | Data: 4513 rows | Features: 15
01:28:37 |  Iter-01 | MAE=1.380 | MAPE=1.53%
01:30:15 |  Iter-02 | MAE=4.516 | MAPE=5.24%
01:31:51 |  Iter-03 | MAE=2.554 | MAPE=3.03%
01:33:53 |  Iter-04 | MAE=1.486 | MAPE=1.74%
01:35:32 |  Iter-05 | MAE=1.513 | MAPE=1.73%
01:37:11 |  Iter-06 | MAE=2.207 | MAPE=2.50%
01:38:50 |  Iter-07 | MAE=1.243 | MAPE=1.41%
01:40:29 |  Iter-08 | MAE=0.665 | MAPE=0.75%
01:42:07 |  Iter-09 | MAE=1.547 | MAPE=1.74%
01:43:44 |  Iter-10 | MAE=1.300 | MAPE=1.45%
01:45:22 |  Iter-11 | MAE=2.337 | MAPE=2.70%
01:46:59 |  Iter-12 | MAE=3.282 | MAPE=3.90%
01:48:49 |  Iter-13 | MAE=4.054 | MAPE=4.47%
01:50:54 |  Iter-14 | MAE=6.693 | MAPE=7.25%
01:52:33 |  Iter-15 | MAE=3.035 | MAPE=3.19%
01:54:12 |  Iter-16 | MAE=1.824 | MAPE=1.89%
01:55:51 |  Iter-17 | MAE=5.270 | MAPE=5.90%
01:57:30 |  Iter-18 | MAE=10.435 | MAPE=11.98%
01:59:09 |  Iter-19 | MAE=0.935 | MAPE=1.09%
02:02:05 |  Iter-20 | MAE=2.409 | MAPE=2.96%
02:04:03 |  Iter-21 | MAE=3.106 | MAPE=3.89%
02:05:42 |  Iter-22 | MAE=0.904 | MAPE=1.12%
02:08:21 |  Iter-23 | MAE=1.355 | MAPE=1.72%
02:10:01 |  Iter-24 | MAE=1.458 | MAPE=1.85%
02:11:39 |  Iter-25 | MAE=3.971 | MAPE=4.84%
02:13:18 |  Iter-26 | MAE=1.686 | MAPE=1.99%
02:14:55 |  Iter-27 | MAE=2.656 | MAPE=3.04%
02:16:33 |  Iter-28 | MAE=1.386 | MAPE=1.57%
02:18:11 |  Iter-29 | MAE=0.880 | MAPE=1.00%
02:19:51 |  Iter-30 | MAE=2.486 | MAPE=2.77%
02:21:29 |  Iter-31 | MAE=16.292 | MAPE=13.79%
02:23:07 |  Iter-32 | MAE=46.553 | MAPE=30.04%
02:24:46 |  Iter-33 | MAE=36.087 | MAPE=19.35%
02:26:33 |  Iter-34 | MAE=43.746 | MAPE=20.50%
02:29:08 |  Iter-35 | MAE=31.811 | MAPE=13.49%
02:31:14 |  Iter-36 | MAE=38.054 | MAPE=15.16%
02:34:04 |  Iter-37 | MAE=55.962 | MAPE=29.98%
02:36:23 |  Iter-38 | MAE=27.408 | MAPE=17.14%
02:38:03 |  Iter-39 | MAE=6.170 | MAPE=4.02%
02:38:03 | 
 OVERALL: MAE=9.760, MAPE=6.51%, R2=0.8102 (4266.3s)
02:38:03 | Saved model checkpoint: /data/quyhv/oil_forecast_tail_risk/results_v4/walkforward/Moirai/DAU_H10_seed123/model_checkpoint.pth
02:38:03 | Saved processor/scaler: /data/quyhv/oil_forecast_tail_risk/results_v4/walkforward/Moirai/DAU_H10_seed123/processor.pkl
