02:35:26 | ================================================================================
02:35:26 |  FedFormer | XANG | H60 | walkforward | seed=777
02:35:26 | ================================================================================
02:35:27 | Data: 4513 rows | Features: 19
02:41:13 |  Iter-01 | MAE=10.299 | MAPE=10.36%
02:46:56 |  Iter-02 | MAE=7.065 | MAPE=6.92%
02:52:40 |  Iter-03 | MAE=6.931 | MAPE=6.86%
02:58:28 |  Iter-04 | MAE=9.365 | MAPE=10.20%
03:04:17 |  Iter-05 | MAE=11.190 | MAPE=12.17%
03:10:11 |  Iter-06 | MAE=3.264 | MAPE=3.63%
03:16:02 |  Iter-07 | MAE=5.632 | MAPE=6.67%
03:21:54 |  Iter-08 | MAE=6.990 | MAPE=8.56%
03:27:42 |  Iter-09 | MAE=3.713 | MAPE=4.62%
03:33:33 |  Iter-10 | MAE=2.415 | MAPE=2.92%
03:39:27 |  Iter-11 | MAE=2.595 | MAPE=3.14%
03:45:24 |  Iter-12 | MAE=4.815 | MAPE=5.71%
03:51:23 |  Iter-13 | MAE=2.623 | MAPE=3.08%
03:57:21 |  Iter-14 | MAE=2.771 | MAPE=3.33%
04:03:21 |  Iter-15 | MAE=6.223 | MAPE=8.07%
04:09:24 |  Iter-16 | MAE=2.632 | MAPE=3.39%
04:15:28 |  Iter-17 | MAE=2.781 | MAPE=3.52%
04:21:38 |  Iter-18 | MAE=4.516 | MAPE=5.61%
04:27:51 |  Iter-19 | MAE=5.373 | MAPE=6.67%
04:34:06 |  Iter-20 | MAE=2.491 | MAPE=3.11%
04:40:17 |  Iter-21 | MAE=3.876 | MAPE=4.85%
04:46:28 |  Iter-22 | MAE=2.651 | MAPE=3.36%
04:52:44 |  Iter-23 | MAE=3.537 | MAPE=4.50%
04:59:01 |  Iter-24 | MAE=3.257 | MAPE=4.15%
05:05:16 |  Iter-25 | MAE=7.620 | MAPE=10.32%
05:11:34 |  Iter-26 | MAE=5.313 | MAPE=6.95%
05:17:55 |  Iter-27 | MAE=27.962 | MAPE=22.25%
05:24:17 |  Iter-28 | MAE=44.309 | MAPE=33.52%
05:24:17 | 
 OVERALL: MAE=7.222, MAPE=7.44%, R2=-0.1928 (10131.4s)
05:24:17 | Saved model checkpoint: /data/quyhv/oil_forecast_tail_risk/results_v4/walkforward/FedFormer/XANG_H60_seed777/model_checkpoint.pth
05:24:17 | Saved processor/scaler: /data/quyhv/oil_forecast_tail_risk/results_v4/walkforward/FedFormer/XANG_H60_seed777/processor.pkl
