12:44:26 | ================================================================================
12:44:26 |  FedFormer | XANG | H10 | walkforward | seed=2025
12:44:26 | ================================================================================
12:44:26 | Data: 4513 rows | Features: 14
12:45:46 |  Iter-01 | MAE=3.939 | MAPE=4.95%
12:47:06 |  Iter-02 | MAE=3.094 | MAPE=3.97%
12:48:25 |  Iter-03 | MAE=1.052 | MAPE=1.33%
12:49:44 |  Iter-04 | MAE=4.027 | MAPE=5.05%
12:51:03 |  Iter-05 | MAE=1.489 | MAPE=1.84%
12:52:22 |  Iter-06 | MAE=2.088 | MAPE=2.58%
12:53:42 |  Iter-07 | MAE=1.162 | MAPE=1.44%
12:55:01 |  Iter-08 | MAE=1.241 | MAPE=1.53%
12:56:20 |  Iter-09 | MAE=2.832 | MAPE=3.58%
12:57:40 |  Iter-10 | MAE=1.708 | MAPE=2.19%
12:58:59 |  Iter-11 | MAE=0.763 | MAPE=0.98%
13:00:18 |  Iter-12 | MAE=1.476 | MAPE=1.92%
13:01:38 |  Iter-13 | MAE=2.221 | MAPE=2.77%
13:02:58 |  Iter-14 | MAE=3.436 | MAPE=4.26%
13:04:19 |  Iter-15 | MAE=0.841 | MAPE=1.04%
13:05:39 |  Iter-16 | MAE=1.659 | MAPE=2.03%
13:07:00 |  Iter-17 | MAE=3.096 | MAPE=3.95%
13:08:20 |  Iter-18 | MAE=1.422 | MAPE=1.80%
13:09:41 |  Iter-19 | MAE=0.836 | MAPE=1.04%
13:11:01 |  Iter-20 | MAE=2.191 | MAPE=2.86%
13:12:22 |  Iter-21 | MAE=3.123 | MAPE=4.21%
13:13:42 |  Iter-22 | MAE=1.031 | MAPE=1.42%
13:15:03 |  Iter-23 | MAE=1.382 | MAPE=1.93%
13:16:23 |  Iter-24 | MAE=1.060 | MAPE=1.49%
13:17:43 |  Iter-25 | MAE=2.122 | MAPE=2.94%
13:19:04 |  Iter-26 | MAE=1.170 | MAPE=1.63%
13:20:24 |  Iter-27 | MAE=1.381 | MAPE=1.87%
13:21:44 |  Iter-28 | MAE=1.865 | MAPE=2.48%
13:23:05 |  Iter-29 | MAE=1.686 | MAPE=2.25%
13:24:27 |  Iter-30 | MAE=2.814 | MAPE=3.74%
13:25:48 |  Iter-31 | MAE=11.610 | MAPE=12.92%
13:27:10 |  Iter-32 | MAE=26.526 | MAPE=22.34%
13:28:31 |  Iter-33 | MAE=31.272 | MAPE=22.57%
13:29:53 |  Iter-34 | MAE=23.926 | MAPE=15.97%
13:31:14 |  Iter-35 | MAE=14.716 | MAPE=10.26%
13:32:36 |  Iter-36 | MAE=11.954 | MAPE=8.57%
13:33:54 |  Iter-37 | MAE=10.763 | MAPE=8.42%
13:35:12 |  Iter-38 | MAE=7.899 | MAPE=6.42%
13:36:31 |  Iter-39 | MAE=6.910 | MAPE=5.30%
13:36:31 | 
 OVERALL: MAE=5.225, MAPE=4.82%, R2=0.8120 (3124.9s)
13:36:31 | Saved model checkpoint: /data/quyhv/oil_forecast_tail_risk/results_v4/walkforward/FedFormer/XANG_H10_seed2025/model_checkpoint.pth
13:36:31 | Saved processor/scaler: /data/quyhv/oil_forecast_tail_risk/results_v4/walkforward/FedFormer/XANG_H10_seed2025/processor.pkl
