00:21:12 | ================================================================================
00:21:12 |  FedFormer | XANG | H7 | walkforward | seed=9999
00:21:12 | ================================================================================
00:21:12 | Data: 4513 rows | Features: 16
00:22:40 |  Iter-01 | MAE=0.787 | MAPE=1.01%
00:24:05 |  Iter-02 | MAE=0.659 | MAPE=0.86%
00:25:29 |  Iter-03 | MAE=3.934 | MAPE=4.87%
00:26:57 |  Iter-04 | MAE=0.660 | MAPE=0.82%
00:28:24 |  Iter-05 | MAE=0.792 | MAPE=0.98%
00:29:49 |  Iter-06 | MAE=1.255 | MAPE=1.60%
00:31:19 |  Iter-07 | MAE=0.919 | MAPE=1.15%
00:33:04 |  Iter-08 | MAE=2.253 | MAPE=3.00%
00:34:26 |  Iter-09 | MAE=1.074 | MAPE=1.47%
00:35:49 |  Iter-10 | MAE=0.903 | MAPE=1.27%
00:37:23 |  Iter-11 | MAE=1.715 | MAPE=2.37%
00:38:51 |  Iter-12 | MAE=0.827 | MAPE=1.14%
00:40:14 |  Iter-13 | MAE=1.989 | MAPE=2.69%
00:42:01 |  Iter-14 | MAE=1.980 | MAPE=2.60%
00:43:34 |  Iter-15 | MAE=4.325 | MAPE=5.47%
00:45:05 |  Iter-16 | MAE=16.659 | MAPE=15.73%
00:46:24 |  Iter-17 | MAE=18.771 | MAPE=13.18%
00:47:56 |  Iter-18 | MAE=9.104 | MAPE=5.97%
00:49:22 |  Iter-19 | MAE=8.288 | MAPE=5.74%
00:50:40 |  Iter-20 | MAE=13.465 | MAPE=10.72%
00:52:02 |  Iter-21 | MAE=5.313 | MAPE=4.16%
00:52:02 | 
 OVERALL: MAE=4.556, MAPE=4.13%, R2=0.8995 (1850.2s)
00:52:02 | Saved model checkpoint: /data/quyhv/oil_forecast_tail_risk/results_v4/walkforward/FedFormer/XANG_H7_seed9999/model_checkpoint.pth
00:52:02 | Saved processor/scaler: /data/quyhv/oil_forecast_tail_risk/results_v4/walkforward/FedFormer/XANG_H7_seed9999/processor.pkl
