03:43:22 | ================================================================================
03:43:22 |  FedFormer | XANG | H3 | walkforward | seed=2025
03:43:22 | ================================================================================
03:43:22 | Data: 4513 rows | Features: 15
03:45:20 |  Iter-01 | MAE=0.498 | MAPE=0.64%
03:48:30 |  Iter-02 | MAE=4.416 | MAPE=5.92%
03:50:16 |  Iter-03 | MAE=0.516 | MAPE=0.70%
03:54:23 |  Iter-04 | MAE=0.869 | MAPE=1.18%
03:55:47 |  Iter-05 | MAE=0.311 | MAPE=0.43%
03:57:25 |  Iter-06 | MAE=0.837 | MAPE=1.18%
03:59:02 |  Iter-07 | MAE=0.766 | MAPE=1.08%
04:04:53 |  Iter-08 | MAE=1.286 | MAPE=1.77%
04:06:27 |  Iter-09 | MAE=1.772 | MAPE=2.47%
04:09:08 |  Iter-10 | MAE=0.396 | MAPE=0.55%
04:11:44 |  Iter-11 | MAE=0.473 | MAPE=0.66%
04:14:00 |  Iter-12 | MAE=1.522 | MAPE=2.07%
04:15:54 |  Iter-13 | MAE=2.052 | MAPE=2.85%
04:18:36 |  Iter-14 | MAE=1.761 | MAPE=2.38%
04:20:13 |  Iter-15 | MAE=1.958 | MAPE=2.55%
04:22:03 |  Iter-16 | MAE=2.973 | MAPE=4.07%
04:24:16 |  Iter-17 | MAE=1.924 | MAPE=2.51%
04:26:04 |  Iter-18 | MAE=0.470 | MAPE=0.59%
04:27:46 |  Iter-19 | MAE=0.530 | MAPE=0.66%
04:29:16 |  Iter-20 | MAE=17.048 | MAPE=17.43%
04:31:12 |  Iter-21 | MAE=24.736 | MAPE=18.98%
04:33:01 |  Iter-22 | MAE=19.077 | MAPE=15.23%
04:34:40 |  Iter-23 | MAE=6.448 | MAPE=4.46%
04:36:20 |  Iter-24 | MAE=5.400 | MAPE=3.50%
04:39:04 |  Iter-25 | MAE=20.423 | MAPE=14.85%
04:40:44 |  Iter-26 | MAE=6.622 | MAPE=4.91%
04:42:45 |  Iter-27 | MAE=3.755 | MAPE=2.65%
04:44:21 |  Iter-28 | MAE=13.312 | MAPE=10.34%
04:46:10 |  Iter-29 | MAE=11.613 | MAPE=8.78%
04:47:52 |  Iter-30 | MAE=8.503 | MAPE=6.94%
04:49:26 |  Iter-31 | MAE=2.001 | MAPE=1.60%
04:50:50 |  Iter-32 | MAE=6.528 | MAPE=5.11%
04:52:13 |  Iter-33 | MAE=2.051 | MAPE=1.57%
04:52:13 | 
 OVERALL: MAE=5.238, MAPE=4.56%, R2=0.9023 (4131.4s)
04:52:13 | Saved model checkpoint: /data/quyhv/oil_forecast_tail_risk/results_v4/walkforward/FedFormer/XANG_H3_seed2025/model_checkpoint.pth
04:52:13 | Saved processor/scaler: /data/quyhv/oil_forecast_tail_risk/results_v4/walkforward/FedFormer/XANG_H3_seed2025/processor.pkl
