01:21:23 | ================================================================================
01:21:23 |  FedFormer | XANG | H60 | walkforward | seed=123
01:21:23 | ================================================================================
01:21:23 | Data: 4513 rows | Features: 19
01:26:42 |  Iter-01 | MAE=10.183 | MAPE=10.26%
01:31:59 |  Iter-02 | MAE=3.985 | MAPE=3.88%
01:37:18 |  Iter-03 | MAE=5.722 | MAPE=5.63%
01:42:41 |  Iter-04 | MAE=8.504 | MAPE=9.24%
01:48:05 |  Iter-05 | MAE=8.911 | MAPE=9.75%
01:53:35 |  Iter-06 | MAE=3.474 | MAPE=3.83%
01:59:06 |  Iter-07 | MAE=6.506 | MAPE=7.66%
02:04:42 |  Iter-08 | MAE=7.382 | MAPE=9.01%
02:10:18 |  Iter-09 | MAE=2.686 | MAPE=3.29%
02:15:54 |  Iter-10 | MAE=2.876 | MAPE=3.46%
02:21:31 |  Iter-11 | MAE=2.360 | MAPE=2.86%
02:27:13 |  Iter-12 | MAE=3.711 | MAPE=4.40%
02:32:58 |  Iter-13 | MAE=2.474 | MAPE=2.94%
02:38:55 |  Iter-14 | MAE=4.019 | MAPE=4.93%
02:44:54 |  Iter-15 | MAE=5.418 | MAPE=7.06%
02:51:01 |  Iter-16 | MAE=3.445 | MAPE=4.43%
02:57:09 |  Iter-17 | MAE=5.512 | MAPE=6.99%
03:03:23 |  Iter-18 | MAE=7.126 | MAPE=8.91%
03:09:42 |  Iter-19 | MAE=5.091 | MAPE=6.30%
03:16:04 |  Iter-20 | MAE=2.561 | MAPE=3.24%
03:22:28 |  Iter-21 | MAE=3.173 | MAPE=3.97%
03:28:53 |  Iter-22 | MAE=2.615 | MAPE=3.28%
03:35:23 |  Iter-23 | MAE=2.363 | MAPE=2.99%
03:41:53 |  Iter-24 | MAE=3.990 | MAPE=5.20%
03:48:24 |  Iter-25 | MAE=6.564 | MAPE=8.90%
03:54:51 |  Iter-26 | MAE=4.538 | MAPE=5.86%
04:01:28 |  Iter-27 | MAE=27.324 | MAPE=21.58%
04:08:08 |  Iter-28 | MAE=42.058 | MAPE=31.71%
04:08:08 | 
 OVERALL: MAE=6.949, MAPE=7.20%, R2=-0.1088 (10005.2s)
04:08:08 | Saved model checkpoint: /data/quyhv/oil_forecast_tail_risk/results_v4/walkforward/FedFormer/XANG_H60_seed123/model_checkpoint.pth
04:08:08 | Saved processor/scaler: /data/quyhv/oil_forecast_tail_risk/results_v4/walkforward/FedFormer/XANG_H60_seed123/processor.pkl
