02:22:33 | ================================================================================
02:22:33 |  FedFormer | XANG | H3 | walkforward | seed=9999
02:22:33 | ================================================================================
02:22:33 | Data: 4513 rows | Features: 15
02:24:50 |  Iter-01 | MAE=0.327 | MAPE=0.42%
02:28:21 |  Iter-02 | MAE=3.410 | MAPE=4.57%
02:29:46 |  Iter-03 | MAE=0.614 | MAPE=0.84%
02:31:41 |  Iter-04 | MAE=0.661 | MAPE=0.90%
02:33:15 |  Iter-05 | MAE=0.387 | MAPE=0.53%
02:34:40 |  Iter-06 | MAE=0.903 | MAPE=1.26%
02:36:10 |  Iter-07 | MAE=0.971 | MAPE=1.37%
02:37:35 |  Iter-08 | MAE=1.675 | MAPE=2.31%
02:39:01 |  Iter-09 | MAE=1.793 | MAPE=2.50%
02:41:24 |  Iter-10 | MAE=0.527 | MAPE=0.73%
02:42:58 |  Iter-11 | MAE=0.592 | MAPE=0.82%
02:44:24 |  Iter-12 | MAE=1.533 | MAPE=2.08%
02:46:02 |  Iter-13 | MAE=1.799 | MAPE=2.50%
02:47:34 |  Iter-14 | MAE=2.108 | MAPE=2.84%
02:49:13 |  Iter-15 | MAE=2.194 | MAPE=2.85%
02:50:38 |  Iter-16 | MAE=2.371 | MAPE=3.26%
02:52:09 |  Iter-17 | MAE=1.552 | MAPE=2.03%
02:54:03 |  Iter-18 | MAE=1.060 | MAPE=1.33%
02:55:29 |  Iter-19 | MAE=0.530 | MAPE=0.66%
02:57:14 |  Iter-20 | MAE=17.022 | MAPE=17.40%
02:59:17 |  Iter-21 | MAE=32.976 | MAPE=25.71%
03:01:08 |  Iter-22 | MAE=19.393 | MAPE=15.42%
03:02:27 |  Iter-23 | MAE=5.825 | MAPE=3.98%
03:03:46 |  Iter-24 | MAE=5.599 | MAPE=3.57%
03:05:35 |  Iter-25 | MAE=24.834 | MAPE=17.81%
03:06:58 |  Iter-26 | MAE=6.166 | MAPE=4.58%
03:08:20 |  Iter-27 | MAE=4.410 | MAPE=3.09%
03:10:08 |  Iter-28 | MAE=16.805 | MAPE=13.07%
03:11:37 |  Iter-29 | MAE=9.997 | MAPE=7.57%
03:13:15 |  Iter-30 | MAE=7.959 | MAPE=6.46%
03:14:39 |  Iter-31 | MAE=3.220 | MAPE=2.61%
03:16:38 |  Iter-32 | MAE=4.430 | MAPE=3.48%
03:18:04 |  Iter-33 | MAE=2.361 | MAPE=1.82%
03:18:04 | 
 OVERALL: MAE=5.636, MAPE=4.86%, R2=0.8763 (3331.0s)
03:18:04 | Saved model checkpoint: /data/quyhv/oil_forecast_tail_risk/results_v4/walkforward/FedFormer/XANG_H3_seed9999/model_checkpoint.pth
03:18:04 | Saved processor/scaler: /data/quyhv/oil_forecast_tail_risk/results_v4/walkforward/FedFormer/XANG_H3_seed9999/processor.pkl
