02:33:25 | ================================================================================
02:33:25 |  FedFormer | XANG | H60 | walkforward | seed=123
02:33:25 | ================================================================================
02:33:25 | Data: 4513 rows | Features: 19
02:39:08 |  Iter-01 | MAE=10.183 | MAPE=10.26%
02:44:46 |  Iter-02 | MAE=3.985 | MAPE=3.88%
02:50:31 |  Iter-03 | MAE=5.722 | MAPE=5.63%
02:56:20 |  Iter-04 | MAE=8.504 | MAPE=9.24%
03:02:10 |  Iter-05 | MAE=8.911 | MAPE=9.75%
03:08:00 |  Iter-06 | MAE=3.474 | MAPE=3.83%
03:13:52 |  Iter-07 | MAE=6.506 | MAPE=7.66%
03:19:52 |  Iter-08 | MAE=7.382 | MAPE=9.01%
03:25:53 |  Iter-09 | MAE=2.686 | MAPE=3.29%
03:31:53 |  Iter-10 | MAE=2.876 | MAPE=3.46%
03:37:55 |  Iter-11 | MAE=2.360 | MAPE=2.86%
03:44:02 |  Iter-12 | MAE=3.711 | MAPE=4.40%
03:50:08 |  Iter-13 | MAE=2.474 | MAPE=2.94%
03:56:11 |  Iter-14 | MAE=4.019 | MAPE=4.93%
04:02:22 |  Iter-15 | MAE=5.418 | MAPE=7.06%
04:08:37 |  Iter-16 | MAE=3.445 | MAPE=4.43%
04:14:48 |  Iter-17 | MAE=5.512 | MAPE=6.99%
04:21:05 |  Iter-18 | MAE=7.126 | MAPE=8.91%
04:27:26 |  Iter-19 | MAE=5.091 | MAPE=6.30%
04:33:47 |  Iter-20 | MAE=2.561 | MAPE=3.24%
04:40:09 |  Iter-21 | MAE=3.173 | MAPE=3.97%
04:46:27 |  Iter-22 | MAE=2.615 | MAPE=3.28%
04:52:48 |  Iter-23 | MAE=2.363 | MAPE=2.99%
04:59:10 |  Iter-24 | MAE=3.990 | MAPE=5.20%
05:05:32 |  Iter-25 | MAE=6.564 | MAPE=8.90%
05:11:55 |  Iter-26 | MAE=4.538 | MAPE=5.86%
05:18:22 |  Iter-27 | MAE=27.324 | MAPE=21.58%
05:24:48 |  Iter-28 | MAE=42.058 | MAPE=31.71%
05:24:48 | 
 OVERALL: MAE=6.949, MAPE=7.20%, R2=-0.1088 (10283.9s)
05:24:48 | Saved model checkpoint: /data/quyhv/oil_forecast_tail_risk/results_v4/walkforward/FedFormer/XANG_H60_seed123/model_checkpoint.pth
05:24:48 | Saved processor/scaler: /data/quyhv/oil_forecast_tail_risk/results_v4/walkforward/FedFormer/XANG_H60_seed123/processor.pkl
