02:55:20 | ================================================================================
02:55:20 |  FedFormer | XANG | H3 | walkforward | seed=123
02:55:20 | ================================================================================
02:55:20 | Data: 4513 rows | Features: 15
02:56:56 |  Iter-01 | MAE=0.485 | MAPE=0.62%
02:58:26 |  Iter-02 | MAE=3.158 | MAPE=4.23%
02:59:59 |  Iter-03 | MAE=0.561 | MAPE=0.76%
03:01:35 |  Iter-04 | MAE=0.339 | MAPE=0.46%
03:03:50 |  Iter-05 | MAE=0.610 | MAPE=0.84%
03:06:14 |  Iter-06 | MAE=0.853 | MAPE=1.19%
03:07:46 |  Iter-07 | MAE=0.819 | MAPE=1.16%
03:09:12 |  Iter-08 | MAE=1.689 | MAPE=2.33%
03:12:31 |  Iter-09 | MAE=1.874 | MAPE=2.62%
03:14:20 |  Iter-10 | MAE=0.486 | MAPE=0.67%
03:15:58 |  Iter-11 | MAE=0.591 | MAPE=0.81%
03:17:40 |  Iter-12 | MAE=1.367 | MAPE=1.86%
03:20:26 |  Iter-13 | MAE=3.010 | MAPE=4.17%
03:22:01 |  Iter-14 | MAE=2.011 | MAPE=2.71%
03:23:31 |  Iter-15 | MAE=2.033 | MAPE=2.64%
03:24:55 |  Iter-16 | MAE=2.447 | MAPE=3.36%
03:26:34 |  Iter-17 | MAE=1.643 | MAPE=2.15%
03:28:00 |  Iter-18 | MAE=1.366 | MAPE=1.71%
03:29:56 |  Iter-19 | MAE=0.780 | MAPE=0.97%
03:31:32 |  Iter-20 | MAE=16.997 | MAPE=17.38%
03:33:28 |  Iter-21 | MAE=26.717 | MAPE=20.69%
03:34:51 |  Iter-22 | MAE=16.040 | MAPE=12.91%
03:36:14 |  Iter-23 | MAE=9.884 | MAPE=6.78%
03:37:42 |  Iter-24 | MAE=12.824 | MAPE=8.18%
03:39:02 |  Iter-25 | MAE=21.807 | MAPE=15.50%
03:40:19 |  Iter-26 | MAE=4.656 | MAPE=3.52%
03:41:42 |  Iter-27 | MAE=3.869 | MAPE=2.69%
03:43:02 |  Iter-28 | MAE=10.935 | MAPE=8.59%
03:44:36 |  Iter-29 | MAE=14.953 | MAPE=11.33%
03:45:57 |  Iter-30 | MAE=9.416 | MAPE=7.64%
03:47:17 |  Iter-31 | MAE=3.289 | MAPE=2.66%
03:48:44 |  Iter-32 | MAE=6.174 | MAPE=4.84%
03:50:21 |  Iter-33 | MAE=2.202 | MAPE=1.70%
03:50:21 | 
 OVERALL: MAE=5.633, MAPE=4.84%, R2=0.8961 (3301.4s)
03:50:21 | Saved model checkpoint: /data/quyhv/oil_forecast_tail_risk/results_v4/walkforward/FedFormer/XANG_H3_seed123/model_checkpoint.pth
03:50:21 | Saved processor/scaler: /data/quyhv/oil_forecast_tail_risk/results_v4/walkforward/FedFormer/XANG_H3_seed123/processor.pkl
