04:42:29 | ================================================================================
04:42:29 |  TimeXer | XANG | H60 | walkforward | seed=123
04:42:29 | ================================================================================
04:42:29 | Data: 4513 rows | Features: 19
04:48:15 |  Iter-01 | MAE=14.426 | MAPE=14.56%
04:53:57 |  Iter-02 | MAE=6.554 | MAPE=6.39%
04:59:39 |  Iter-03 | MAE=4.778 | MAPE=4.71%
05:05:27 |  Iter-04 | MAE=10.491 | MAPE=11.44%
05:11:15 |  Iter-05 | MAE=8.300 | MAPE=9.07%
05:17:03 |  Iter-06 | MAE=4.877 | MAPE=5.25%
05:22:50 |  Iter-07 | MAE=5.805 | MAPE=6.91%
05:28:35 |  Iter-08 | MAE=4.941 | MAPE=6.05%
05:34:17 |  Iter-09 | MAE=3.289 | MAPE=4.10%
05:39:59 |  Iter-10 | MAE=2.223 | MAPE=2.67%
05:45:40 |  Iter-11 | MAE=1.805 | MAPE=2.20%
05:51:26 |  Iter-12 | MAE=5.241 | MAPE=6.22%
05:57:09 |  Iter-13 | MAE=2.384 | MAPE=2.82%
06:02:50 |  Iter-14 | MAE=2.867 | MAPE=3.54%
06:08:27 |  Iter-15 | MAE=4.492 | MAPE=5.86%
06:14:13 |  Iter-16 | MAE=3.563 | MAPE=4.52%
06:20:02 |  Iter-17 | MAE=5.558 | MAPE=6.99%
06:25:55 |  Iter-18 | MAE=4.030 | MAPE=4.98%
06:31:53 |  Iter-19 | MAE=4.081 | MAPE=5.01%
06:37:52 |  Iter-20 | MAE=1.512 | MAPE=1.93%
06:43:52 |  Iter-21 | MAE=2.123 | MAPE=2.66%
06:49:53 |  Iter-22 | MAE=2.165 | MAPE=2.69%
06:55:58 |  Iter-23 | MAE=3.167 | MAPE=4.05%
07:02:02 |  Iter-24 | MAE=3.314 | MAPE=4.20%
07:08:06 |  Iter-25 | MAE=4.501 | MAPE=6.10%
07:14:10 |  Iter-26 | MAE=4.672 | MAPE=6.05%
07:20:23 |  Iter-27 | MAE=27.003 | MAPE=21.31%
07:26:41 |  Iter-28 | MAE=43.205 | MAPE=32.65%
07:26:42 | 
 OVERALL: MAE=6.835, MAPE=6.96%, R2=-0.1285 (9852.8s)
07:26:42 | Saved model checkpoint: /data/quyhv/oil_forecast_tail_risk/results_v4/walkforward/TimeXer/XANG_H60_seed123/model_checkpoint.pth
07:26:42 | Saved processor/scaler: /data/quyhv/oil_forecast_tail_risk/results_v4/walkforward/TimeXer/XANG_H60_seed123/processor.pkl
