16:22:53 | ================================================================================
16:22:53 |  TimeXer | XANG | H20 | walkforward | seed=9999
16:22:53 | ================================================================================
16:22:53 | Data: 4513 rows | Features: 14
16:24:57 |  Iter-01 | MAE=3.772 | MAPE=4.58%
16:27:00 |  Iter-02 | MAE=2.341 | MAPE=3.21%
16:29:06 |  Iter-03 | MAE=1.742 | MAPE=2.29%
16:31:16 |  Iter-04 | MAE=4.179 | MAPE=4.92%
16:33:26 |  Iter-05 | MAE=1.477 | MAPE=1.89%
16:35:38 |  Iter-06 | MAE=3.234 | MAPE=4.09%
16:37:51 |  Iter-07 | MAE=1.333 | MAPE=1.64%
16:40:03 |  Iter-08 | MAE=1.936 | MAPE=2.48%
16:42:15 |  Iter-09 | MAE=3.743 | MAPE=4.63%
16:44:29 |  Iter-10 | MAE=3.079 | MAPE=3.90%
16:46:44 |  Iter-11 | MAE=4.325 | MAPE=5.94%
16:48:59 |  Iter-12 | MAE=2.617 | MAPE=3.59%
16:51:15 |  Iter-13 | MAE=6.176 | MAPE=7.01%
16:53:33 |  Iter-14 | MAE=30.958 | MAPE=21.61%
16:56:15 |  Iter-15 | MAE=12.109 | MAPE=9.52%
16:56:15 | 
 OVERALL: MAE=5.535, MAPE=5.42%, R2=0.7484 (2002.8s)
16:56:15 | Saved model checkpoint: /data/quyhv/oil_forecast_tail_risk/results_v4/walkforward/TimeXer/XANG_H20_seed9999/model_checkpoint.pth
16:56:15 | Saved processor/scaler: /data/quyhv/oil_forecast_tail_risk/results_v4/walkforward/TimeXer/XANG_H20_seed9999/processor.pkl
