18:35:17 | ================================================================================
18:35:17 |  TimeXer | XANG | H5 | walkforward | seed=2025
18:35:17 | ================================================================================
18:35:17 | Data: 4513 rows | Features: 16
18:37:17 |  Iter-01 | MAE=1.679 | MAPE=2.23%
18:39:14 |  Iter-02 | MAE=0.537 | MAPE=0.73%
18:41:13 |  Iter-03 | MAE=0.850 | MAPE=1.17%
18:43:07 |  Iter-04 | MAE=1.329 | MAPE=1.87%
18:45:03 |  Iter-05 | MAE=2.136 | MAPE=2.94%
18:47:02 |  Iter-06 | MAE=1.017 | MAPE=1.42%
18:49:04 |  Iter-07 | MAE=0.723 | MAPE=1.00%
18:50:46 |  Iter-08 | MAE=1.190 | MAPE=1.63%
18:52:26 |  Iter-09 | MAE=1.896 | MAPE=2.48%
18:54:16 |  Iter-10 | MAE=3.083 | MAPE=4.23%
18:56:08 |  Iter-11 | MAE=6.219 | MAPE=7.85%
18:58:22 |  Iter-12 | MAE=10.281 | MAPE=10.56%
19:00:20 |  Iter-13 | MAE=21.111 | MAPE=16.42%
19:02:40 |  Iter-14 | MAE=12.214 | MAPE=8.56%
19:05:48 |  Iter-15 | MAE=15.752 | MAPE=10.60%
19:08:08 |  Iter-16 | MAE=7.562 | MAPE=5.38%
19:10:21 |  Iter-17 | MAE=9.532 | MAPE=7.06%
19:12:58 |  Iter-18 | MAE=2.362 | MAPE=1.86%
19:16:33 |  Iter-19 | MAE=4.572 | MAPE=3.63%
19:18:26 |  Iter-20 | MAE=3.122 | MAPE=2.34%
19:18:26 | 
 OVERALL: MAE=5.358, MAPE=4.70%, R2=0.9145 (2589.8s)
19:18:26 | Saved model checkpoint: /data/quyhv/oil_forecast_tail_risk/results_v4/walkforward/TimeXer/XANG_H5_seed2025/model_checkpoint.pth
19:18:26 | Saved processor/scaler: /data/quyhv/oil_forecast_tail_risk/results_v4/walkforward/TimeXer/XANG_H5_seed2025/processor.pkl
