07:48:45 | ================================================================================
07:48:45 |  TimeXer | XANG | H60 | walkforward | seed=2025
07:48:45 | ================================================================================
07:48:45 | Data: 4513 rows | Features: 19
07:54:16 |  Iter-01 | MAE=12.493 | MAPE=12.62%
07:59:41 |  Iter-02 | MAE=6.216 | MAPE=6.06%
08:05:02 |  Iter-03 | MAE=4.858 | MAPE=4.83%
08:10:29 |  Iter-04 | MAE=9.982 | MAPE=10.88%
08:15:55 |  Iter-05 | MAE=8.840 | MAPE=9.63%
08:21:26 |  Iter-06 | MAE=4.016 | MAPE=4.32%
08:27:01 |  Iter-07 | MAE=4.301 | MAPE=5.10%
08:32:47 |  Iter-08 | MAE=4.730 | MAPE=5.80%
08:38:33 |  Iter-09 | MAE=2.988 | MAPE=3.73%
08:44:14 |  Iter-10 | MAE=1.645 | MAPE=2.00%
08:49:54 |  Iter-11 | MAE=1.724 | MAPE=2.10%
08:55:41 |  Iter-12 | MAE=5.030 | MAPE=5.97%
09:01:27 |  Iter-13 | MAE=1.818 | MAPE=2.17%
09:07:12 |  Iter-14 | MAE=2.475 | MAPE=3.05%
09:13:00 |  Iter-15 | MAE=2.844 | MAPE=3.59%
09:18:53 |  Iter-16 | MAE=2.664 | MAPE=3.39%
09:24:47 |  Iter-17 | MAE=5.231 | MAPE=6.56%
09:30:47 |  Iter-18 | MAE=6.324 | MAPE=7.87%
09:36:53 |  Iter-19 | MAE=3.870 | MAPE=4.75%
09:43:00 |  Iter-20 | MAE=1.439 | MAPE=1.83%
09:49:06 |  Iter-21 | MAE=3.584 | MAPE=4.47%
09:55:11 |  Iter-22 | MAE=2.764 | MAPE=3.45%
10:01:22 |  Iter-23 | MAE=2.206 | MAPE=2.79%
10:07:34 |  Iter-24 | MAE=2.883 | MAPE=3.68%
10:13:46 |  Iter-25 | MAE=6.725 | MAPE=9.14%
10:19:58 |  Iter-26 | MAE=4.791 | MAPE=6.19%
10:26:16 |  Iter-27 | MAE=27.449 | MAPE=21.69%
10:32:36 |  Iter-28 | MAE=42.706 | MAPE=32.28%
10:32:36 | 
 OVERALL: MAE=6.664, MAPE=6.78%, R2=-0.1072 (9831.3s)
10:32:36 | Saved model checkpoint: /data/quyhv/oil_forecast_tail_risk/results_v4/walkforward/TimeXer/XANG_H60_seed2025/model_checkpoint.pth
10:32:36 | Saved processor/scaler: /data/quyhv/oil_forecast_tail_risk/results_v4/walkforward/TimeXer/XANG_H60_seed2025/processor.pkl
