10:51:14 | ================================================================================
10:51:14 |  TimeXer | XANG | H10 | walkforward | seed=9999
10:51:14 | ================================================================================
10:51:14 | Data: 4513 rows | Features: 14
10:52:50 |  Iter-01 | MAE=2.351 | MAPE=2.95%
10:54:25 |  Iter-02 | MAE=2.874 | MAPE=3.68%
10:56:00 |  Iter-03 | MAE=0.839 | MAPE=1.06%
10:57:36 |  Iter-04 | MAE=2.069 | MAPE=2.58%
10:59:11 |  Iter-05 | MAE=1.161 | MAPE=1.44%
11:00:47 |  Iter-06 | MAE=2.269 | MAPE=2.81%
11:02:22 |  Iter-07 | MAE=1.136 | MAPE=1.41%
11:03:57 |  Iter-08 | MAE=1.208 | MAPE=1.50%
11:05:33 |  Iter-09 | MAE=2.844 | MAPE=3.60%
11:07:08 |  Iter-10 | MAE=1.653 | MAPE=2.12%
11:08:44 |  Iter-11 | MAE=0.949 | MAPE=1.23%
11:10:20 |  Iter-12 | MAE=1.085 | MAPE=1.42%
11:11:57 |  Iter-13 | MAE=2.226 | MAPE=2.78%
11:13:35 |  Iter-14 | MAE=3.343 | MAPE=4.15%
11:15:12 |  Iter-15 | MAE=0.801 | MAPE=0.99%
11:16:50 |  Iter-16 | MAE=1.626 | MAPE=1.99%
11:18:29 |  Iter-17 | MAE=3.677 | MAPE=4.67%
11:20:09 |  Iter-18 | MAE=1.341 | MAPE=1.70%
11:21:50 |  Iter-19 | MAE=0.953 | MAPE=1.19%
11:23:30 |  Iter-20 | MAE=1.970 | MAPE=2.58%
11:25:10 |  Iter-21 | MAE=3.194 | MAPE=4.30%
11:26:51 |  Iter-22 | MAE=0.825 | MAPE=1.14%
11:28:31 |  Iter-23 | MAE=1.544 | MAPE=2.16%
11:30:12 |  Iter-24 | MAE=1.086 | MAPE=1.52%
11:31:52 |  Iter-25 | MAE=1.771 | MAPE=2.45%
11:33:32 |  Iter-26 | MAE=1.043 | MAPE=1.46%
11:35:13 |  Iter-27 | MAE=1.017 | MAPE=1.40%
11:36:53 |  Iter-28 | MAE=1.458 | MAPE=1.95%
11:38:35 |  Iter-29 | MAE=1.542 | MAPE=2.05%
11:40:17 |  Iter-30 | MAE=2.726 | MAPE=3.61%
11:41:59 |  Iter-31 | MAE=11.756 | MAPE=13.11%
11:43:40 |  Iter-32 | MAE=26.430 | MAPE=22.25%
11:45:22 |  Iter-33 | MAE=30.820 | MAPE=22.22%
11:47:03 |  Iter-34 | MAE=24.083 | MAPE=16.03%
11:48:44 |  Iter-35 | MAE=19.067 | MAPE=13.66%
11:50:38 |  Iter-36 | MAE=6.941 | MAPE=4.99%
11:52:22 |  Iter-37 | MAE=8.292 | MAPE=6.41%
11:54:02 |  Iter-38 | MAE=9.654 | MAPE=7.77%
11:55:46 |  Iter-39 | MAE=7.436 | MAPE=5.69%
11:55:46 | 
 OVERALL: MAE=5.053, MAPE=4.62%, R2=0.8128 (3872.7s)
11:55:46 | Saved model checkpoint: /data/quyhv/oil_forecast_tail_risk/results_v4/walkforward/TimeXer/XANG_H10_seed9999/model_checkpoint.pth
11:55:46 | Saved processor/scaler: /data/quyhv/oil_forecast_tail_risk/results_v4/walkforward/TimeXer/XANG_H10_seed9999/processor.pkl
