03:21:03 | ================================================================================
03:21:03 |  TimeXer | XANG | H3 | walkforward | seed=777
03:21:03 | ================================================================================
03:21:03 | Data: 4513 rows | Features: 15
03:22:52 |  Iter-01 | MAE=0.262 | MAPE=0.33%
03:24:42 |  Iter-02 | MAE=3.356 | MAPE=4.50%
03:26:25 |  Iter-03 | MAE=0.650 | MAPE=0.89%
03:28:04 |  Iter-04 | MAE=0.178 | MAPE=0.24%
03:30:14 |  Iter-05 | MAE=0.671 | MAPE=0.92%
03:32:20 |  Iter-06 | MAE=0.866 | MAPE=1.21%
03:33:58 |  Iter-07 | MAE=0.685 | MAPE=0.96%
03:35:40 |  Iter-08 | MAE=2.091 | MAPE=2.88%
03:37:20 |  Iter-09 | MAE=1.028 | MAPE=1.44%
03:39:15 |  Iter-10 | MAE=0.752 | MAPE=1.04%
03:41:04 |  Iter-11 | MAE=0.461 | MAPE=0.64%
03:43:00 |  Iter-12 | MAE=1.346 | MAPE=1.84%
03:44:38 |  Iter-13 | MAE=1.973 | MAPE=2.74%
03:47:33 |  Iter-14 | MAE=0.964 | MAPE=1.30%
03:49:10 |  Iter-15 | MAE=2.222 | MAPE=2.89%
03:50:48 |  Iter-16 | MAE=2.763 | MAPE=3.79%
03:52:27 |  Iter-17 | MAE=1.466 | MAPE=1.91%
03:54:05 |  Iter-18 | MAE=2.060 | MAPE=2.59%
03:55:43 |  Iter-19 | MAE=0.440 | MAPE=0.55%
03:57:23 |  Iter-20 | MAE=15.848 | MAPE=16.19%
03:59:04 |  Iter-21 | MAE=20.733 | MAPE=15.67%
04:01:24 |  Iter-22 | MAE=33.135 | MAPE=26.28%
04:03:21 |  Iter-23 | MAE=5.993 | MAPE=4.13%
04:05:08 |  Iter-24 | MAE=8.132 | MAPE=5.23%
04:07:57 |  Iter-25 | MAE=13.303 | MAPE=9.40%
04:09:46 |  Iter-26 | MAE=6.310 | MAPE=4.63%
04:11:54 |  Iter-27 | MAE=5.757 | MAPE=4.01%
04:13:45 |  Iter-28 | MAE=13.692 | MAPE=10.61%
04:15:26 |  Iter-29 | MAE=9.588 | MAPE=7.26%
04:17:25 |  Iter-30 | MAE=9.110 | MAPE=7.39%
04:19:25 |  Iter-31 | MAE=2.779 | MAPE=2.25%
04:21:24 |  Iter-32 | MAE=7.455 | MAPE=5.84%
04:23:21 |  Iter-33 | MAE=2.651 | MAPE=2.03%
04:23:21 | 
 OVERALL: MAE=5.416, MAPE=4.65%, R2=0.8974 (3737.7s)
04:23:21 | Saved model checkpoint: /data/quyhv/oil_forecast_tail_risk/results_v4/walkforward/TimeXer/XANG_H3_seed777/model_checkpoint.pth
04:23:21 | Saved processor/scaler: /data/quyhv/oil_forecast_tail_risk/results_v4/walkforward/TimeXer/XANG_H3_seed777/processor.pkl
