20:47:18 | ================================================================================
20:47:18 |  Gated_TabNet | XANG | H5 | walkforward | seed=2025
20:47:18 | ================================================================================
20:47:18 | Data: 4513 rows | Features: 16
20:49:33 |  Iter-01 | MAE=1.627 | MAPE=2.16%
20:52:06 |  Iter-02 | MAE=0.704 | MAPE=0.96%
20:54:15 |  Iter-03 | MAE=1.165 | MAPE=1.61%
20:56:10 |  Iter-04 | MAE=1.085 | MAPE=1.53%
20:58:36 |  Iter-05 | MAE=1.927 | MAPE=2.66%
21:00:50 |  Iter-06 | MAE=1.605 | MAPE=2.24%
21:02:51 |  Iter-07 | MAE=0.801 | MAPE=1.12%
21:04:52 |  Iter-08 | MAE=1.261 | MAPE=1.74%
21:07:04 |  Iter-09 | MAE=1.548 | MAPE=2.02%
21:09:26 |  Iter-10 | MAE=4.226 | MAPE=5.79%
21:11:24 |  Iter-11 | MAE=4.512 | MAPE=5.69%
21:13:48 |  Iter-12 | MAE=10.027 | MAPE=10.30%
21:16:10 |  Iter-13 | MAE=24.522 | MAPE=19.26%
21:18:11 |  Iter-14 | MAE=19.140 | MAPE=13.28%
21:20:19 |  Iter-15 | MAE=10.484 | MAPE=7.20%
21:22:37 |  Iter-16 | MAE=4.503 | MAPE=3.24%
21:24:34 |  Iter-17 | MAE=8.054 | MAPE=6.09%
21:26:53 |  Iter-18 | MAE=4.662 | MAPE=3.73%
21:28:57 |  Iter-19 | MAE=3.480 | MAPE=2.79%
21:30:46 |  Iter-20 | MAE=3.337 | MAPE=2.50%
21:30:46 | 
 OVERALL: MAE=5.434, MAPE=4.80%, R2=0.9085 (2608.3s)
21:30:46 | Saved model checkpoint: /data/quyhv/oil_forecast_tail_risk/results_v4/walkforward/Gated_TabNet/XANG_H5_seed2025/model_checkpoint.pth
21:30:46 | Saved processor/scaler: /data/quyhv/oil_forecast_tail_risk/results_v4/walkforward/Gated_TabNet/XANG_H5_seed2025/processor.pkl
