20:53:51 | ================================================================================
20:53:51 |  Gated_TabNet | XANG | H60 | walkforward | seed=9999
20:53:51 | ================================================================================
20:53:52 | Data: 4513 rows | Features: 19
21:00:07 |  Iter-01 | MAE=13.846 | MAPE=13.95%
21:06:15 |  Iter-02 | MAE=10.959 | MAPE=10.62%
21:12:23 |  Iter-03 | MAE=16.483 | MAPE=16.43%
21:18:38 |  Iter-04 | MAE=2.996 | MAPE=3.13%
21:24:53 |  Iter-05 | MAE=4.948 | MAPE=5.42%
21:31:10 |  Iter-06 | MAE=5.671 | MAPE=6.10%
21:37:28 |  Iter-07 | MAE=3.752 | MAPE=4.43%
21:43:54 |  Iter-08 | MAE=3.477 | MAPE=4.20%
21:50:19 |  Iter-09 | MAE=2.970 | MAPE=3.65%
21:56:44 |  Iter-10 | MAE=4.526 | MAPE=5.45%
22:03:08 |  Iter-11 | MAE=4.065 | MAPE=4.91%
22:09:40 |  Iter-12 | MAE=5.340 | MAPE=6.36%
22:16:11 |  Iter-13 | MAE=2.254 | MAPE=2.70%
22:22:43 |  Iter-14 | MAE=3.034 | MAPE=3.69%
22:29:15 |  Iter-15 | MAE=3.277 | MAPE=4.18%
22:35:53 |  Iter-16 | MAE=3.637 | MAPE=4.64%
22:42:20 |  Iter-17 | MAE=6.864 | MAPE=8.60%
22:48:46 |  Iter-18 | MAE=7.232 | MAPE=9.03%
22:55:19 |  Iter-19 | MAE=3.268 | MAPE=4.08%
23:01:52 |  Iter-20 | MAE=3.114 | MAPE=3.92%
23:08:25 |  Iter-21 | MAE=1.478 | MAPE=1.87%
23:14:57 |  Iter-22 | MAE=4.963 | MAPE=6.18%
23:21:37 |  Iter-23 | MAE=3.040 | MAPE=3.79%
23:28:16 |  Iter-24 | MAE=6.653 | MAPE=8.40%
23:34:55 |  Iter-25 | MAE=5.363 | MAPE=7.17%
23:41:30 |  Iter-26 | MAE=3.131 | MAPE=3.87%
23:47:57 |  Iter-27 | MAE=22.902 | MAPE=17.28%
23:54:25 |  Iter-28 | MAE=39.066 | MAPE=29.26%
23:54:25 | 
 OVERALL: MAE=7.083, MAPE=7.26%, R2=-0.0564 (10833.6s)
23:54:25 | Saved model checkpoint: /data/quyhv/oil_forecast_tail_risk/results_v4/walkforward/Gated_TabNet/XANG_H60_seed9999/model_checkpoint.pth
23:54:25 | Saved processor/scaler: /data/quyhv/oil_forecast_tail_risk/results_v4/walkforward/Gated_TabNet/XANG_H60_seed9999/processor.pkl
