08:11:27 | ================================================================================
08:11:27 |  Gated_TabNet | XANG | H3 | walkforward | seed=123
08:11:27 | ================================================================================
08:11:27 | Data: 4513 rows | Features: 15
08:13:42 |  Iter-01 | MAE=0.406 | MAPE=0.52%
08:17:07 |  Iter-02 | MAE=2.718 | MAPE=3.64%
08:19:34 |  Iter-03 | MAE=1.031 | MAPE=1.40%
08:21:44 |  Iter-04 | MAE=0.516 | MAPE=0.70%
08:24:04 |  Iter-05 | MAE=0.612 | MAPE=0.84%
08:26:04 |  Iter-06 | MAE=1.054 | MAPE=1.47%
08:28:19 |  Iter-07 | MAE=0.964 | MAPE=1.37%
08:30:27 |  Iter-08 | MAE=1.199 | MAPE=1.65%
08:32:38 |  Iter-09 | MAE=2.095 | MAPE=2.92%
08:35:03 |  Iter-10 | MAE=0.780 | MAPE=1.08%
08:37:17 |  Iter-11 | MAE=0.744 | MAPE=1.04%
08:39:28 |  Iter-12 | MAE=1.117 | MAPE=1.54%
08:41:30 |  Iter-13 | MAE=2.979 | MAPE=4.12%
08:43:30 |  Iter-14 | MAE=1.320 | MAPE=1.78%
08:45:42 |  Iter-15 | MAE=2.023 | MAPE=2.63%
08:47:44 |  Iter-16 | MAE=3.689 | MAPE=5.04%
08:49:41 |  Iter-17 | MAE=1.716 | MAPE=2.27%
08:51:49 |  Iter-18 | MAE=1.199 | MAPE=1.50%
08:53:53 |  Iter-19 | MAE=0.590 | MAPE=0.73%
08:55:59 |  Iter-20 | MAE=16.636 | MAPE=17.01%
08:57:55 |  Iter-21 | MAE=23.689 | MAPE=18.26%
08:59:54 |  Iter-22 | MAE=17.596 | MAPE=14.10%
09:01:44 |  Iter-23 | MAE=4.824 | MAPE=3.35%
09:03:31 |  Iter-24 | MAE=6.803 | MAPE=4.46%
09:05:24 |  Iter-25 | MAE=16.126 | MAPE=11.68%
09:07:27 |  Iter-26 | MAE=5.404 | MAPE=4.00%
09:09:17 |  Iter-27 | MAE=2.622 | MAPE=1.80%
09:11:14 |  Iter-28 | MAE=15.258 | MAPE=11.80%
09:13:07 |  Iter-29 | MAE=11.721 | MAPE=8.87%
09:15:20 |  Iter-30 | MAE=10.523 | MAPE=8.53%
09:17:39 |  Iter-31 | MAE=3.216 | MAPE=2.64%
09:20:10 |  Iter-32 | MAE=5.667 | MAPE=4.44%
09:22:29 |  Iter-33 | MAE=4.163 | MAPE=3.20%
09:22:29 | 
 OVERALL: MAE=5.182, MAPE=4.56%, R2=0.9128 (4262.9s)
09:22:29 | Saved model checkpoint: /data/quyhv/oil_forecast_tail_risk/results_v4/walkforward/Gated_TabNet/XANG_H3_seed123/model_checkpoint.pth
09:22:29 | Saved processor/scaler: /data/quyhv/oil_forecast_tail_risk/results_v4/walkforward/Gated_TabNet/XANG_H3_seed123/processor.pkl
