14:19:46 | ================================================================================
14:19:46 |  Gated_TabNet | XANG | H10 | walkforward | seed=9999
14:19:46 | ================================================================================
14:19:46 | Data: 4513 rows | Features: 14
14:21:26 |  Iter-01 | MAE=3.083 | MAPE=3.88%
14:23:04 |  Iter-02 | MAE=1.895 | MAPE=2.42%
14:24:42 |  Iter-03 | MAE=1.016 | MAPE=1.29%
14:26:24 |  Iter-04 | MAE=2.265 | MAPE=2.83%
14:28:03 |  Iter-05 | MAE=1.292 | MAPE=1.60%
14:29:48 |  Iter-06 | MAE=3.426 | MAPE=4.24%
14:31:27 |  Iter-07 | MAE=0.853 | MAPE=1.05%
14:33:05 |  Iter-08 | MAE=1.246 | MAPE=1.54%
14:34:44 |  Iter-09 | MAE=2.695 | MAPE=3.41%
14:36:23 |  Iter-10 | MAE=1.029 | MAPE=1.32%
14:38:05 |  Iter-11 | MAE=0.725 | MAPE=0.94%
14:39:55 |  Iter-12 | MAE=1.055 | MAPE=1.37%
14:41:37 |  Iter-13 | MAE=2.668 | MAPE=3.32%
14:43:22 |  Iter-14 | MAE=3.313 | MAPE=4.11%
14:45:10 |  Iter-15 | MAE=1.190 | MAPE=1.48%
14:46:54 |  Iter-16 | MAE=1.681 | MAPE=2.06%
14:48:39 |  Iter-17 | MAE=3.166 | MAPE=4.03%
14:50:20 |  Iter-18 | MAE=1.755 | MAPE=2.20%
14:51:59 |  Iter-19 | MAE=1.071 | MAPE=1.34%
14:53:38 |  Iter-20 | MAE=2.002 | MAPE=2.60%
14:55:17 |  Iter-21 | MAE=2.934 | MAPE=3.95%
14:56:55 |  Iter-22 | MAE=0.683 | MAPE=0.93%
14:58:34 |  Iter-23 | MAE=1.607 | MAPE=2.25%
15:00:13 |  Iter-24 | MAE=1.012 | MAPE=1.42%
15:01:53 |  Iter-25 | MAE=2.577 | MAPE=3.57%
15:03:36 |  Iter-26 | MAE=1.734 | MAPE=2.42%
15:05:16 |  Iter-27 | MAE=1.039 | MAPE=1.44%
15:06:56 |  Iter-28 | MAE=1.369 | MAPE=1.84%
15:08:41 |  Iter-29 | MAE=1.732 | MAPE=2.33%
15:10:23 |  Iter-30 | MAE=2.720 | MAPE=3.67%
15:12:04 |  Iter-31 | MAE=11.617 | MAPE=12.93%
15:13:46 |  Iter-32 | MAE=26.324 | MAPE=22.14%
15:15:27 |  Iter-33 | MAE=31.491 | MAPE=22.82%
15:17:08 |  Iter-34 | MAE=21.906 | MAPE=14.56%
15:18:50 |  Iter-35 | MAE=15.318 | MAPE=10.83%
15:20:32 |  Iter-36 | MAE=7.789 | MAPE=5.62%
15:22:14 |  Iter-37 | MAE=9.782 | MAPE=7.56%
15:23:53 |  Iter-38 | MAE=6.415 | MAPE=5.17%
15:25:33 |  Iter-39 | MAE=7.517 | MAPE=5.78%
15:25:33 | 
 OVERALL: MAE=4.948, MAPE=4.57%, R2=0.8241 (3947.3s)
15:25:33 | Saved model checkpoint: /data/quyhv/oil_forecast_tail_risk/results_v4/walkforward/Gated_TabNet/XANG_H10_seed9999/model_checkpoint.pth
15:25:33 | Saved processor/scaler: /data/quyhv/oil_forecast_tail_risk/results_v4/walkforward/Gated_TabNet/XANG_H10_seed9999/processor.pkl
