21:17:43 | ================================================================================
21:17:43 |  Gated_TabNet | DAU | H5 | walkforward | seed=777
21:17:43 | ================================================================================
21:17:43 | Data: 4513 rows | Features: 17
21:21:57 |  Iter-01 | MAE=2.699 | MAPE=3.36%
21:25:53 |  Iter-02 | MAE=0.760 | MAPE=0.95%
21:29:42 |  Iter-03 | MAE=1.242 | MAPE=1.55%
21:33:36 |  Iter-04 | MAE=1.499 | MAPE=1.92%
21:37:23 |  Iter-05 | MAE=3.270 | MAPE=4.03%
21:41:13 |  Iter-06 | MAE=1.127 | MAPE=1.37%
21:45:01 |  Iter-07 | MAE=1.412 | MAPE=1.64%
21:48:56 |  Iter-08 | MAE=0.918 | MAPE=1.04%
21:52:44 |  Iter-09 | MAE=0.655 | MAPE=0.74%
21:56:23 |  Iter-10 | MAE=2.704 | MAPE=3.12%
22:00:13 |  Iter-11 | MAE=4.397 | MAPE=4.78%
22:03:58 |  Iter-12 | MAE=21.686 | MAPE=16.72%
22:07:49 |  Iter-13 | MAE=23.559 | MAPE=14.02%
22:11:20 |  Iter-14 | MAE=26.107 | MAPE=13.40%
22:14:53 |  Iter-15 | MAE=20.081 | MAPE=8.81%
22:18:51 |  Iter-16 | MAE=19.455 | MAPE=8.00%
22:23:04 |  Iter-17 | MAE=34.053 | MAPE=15.07%
22:26:49 |  Iter-18 | MAE=21.158 | MAPE=12.33%
22:30:34 |  Iter-19 | MAE=13.306 | MAPE=8.73%
22:34:26 |  Iter-20 | MAE=5.776 | MAPE=3.43%
22:34:26 | 
 OVERALL: MAE=10.293, MAPE=6.25%, R2=0.9169 (4603.9s)
22:34:26 | Saved model checkpoint: /data/quyhv/oil_forecast_tail_risk/results_v4/walkforward/Gated_TabNet/DAU_H5_seed777/model_checkpoint.pth
22:34:26 | Saved processor/scaler: /data/quyhv/oil_forecast_tail_risk/results_v4/walkforward/Gated_TabNet/DAU_H5_seed777/processor.pkl
