07:51:13 | ================================================================================
07:51:13 |  Gated_TabNet | XANG | H3 | walkforward | seed=777
07:51:13 | ================================================================================
07:51:13 | Data: 4513 rows | Features: 15
07:53:34 |  Iter-01 | MAE=0.423 | MAPE=0.54%
07:55:47 |  Iter-02 | MAE=3.126 | MAPE=4.19%
07:57:59 |  Iter-03 | MAE=0.919 | MAPE=1.25%
07:59:59 |  Iter-04 | MAE=0.586 | MAPE=0.80%
08:02:38 |  Iter-05 | MAE=0.785 | MAPE=1.08%
08:04:45 |  Iter-06 | MAE=0.896 | MAPE=1.25%
08:07:05 |  Iter-07 | MAE=1.088 | MAPE=1.54%
08:09:15 |  Iter-08 | MAE=1.194 | MAPE=1.65%
08:11:22 |  Iter-09 | MAE=2.139 | MAPE=2.99%
08:13:27 |  Iter-10 | MAE=0.762 | MAPE=1.05%
08:15:43 |  Iter-11 | MAE=0.705 | MAPE=0.98%
08:18:11 |  Iter-12 | MAE=1.399 | MAPE=1.91%
08:20:23 |  Iter-13 | MAE=3.128 | MAPE=4.33%
08:22:33 |  Iter-14 | MAE=1.551 | MAPE=2.09%
08:24:42 |  Iter-15 | MAE=2.026 | MAPE=2.63%
08:26:49 |  Iter-16 | MAE=4.017 | MAPE=5.49%
08:28:53 |  Iter-17 | MAE=1.551 | MAPE=2.05%
08:31:00 |  Iter-18 | MAE=1.455 | MAPE=1.82%
08:33:16 |  Iter-19 | MAE=0.635 | MAPE=0.79%
08:35:25 |  Iter-20 | MAE=16.467 | MAPE=16.84%
08:37:20 |  Iter-21 | MAE=25.293 | MAPE=19.49%
08:39:10 |  Iter-22 | MAE=18.072 | MAPE=14.49%
08:41:02 |  Iter-23 | MAE=6.577 | MAPE=4.54%
08:42:55 |  Iter-24 | MAE=5.305 | MAPE=3.42%
08:44:44 |  Iter-25 | MAE=17.012 | MAPE=12.20%
08:46:40 |  Iter-26 | MAE=5.625 | MAPE=4.16%
08:48:32 |  Iter-27 | MAE=3.938 | MAPE=2.77%
08:50:28 |  Iter-28 | MAE=12.361 | MAPE=9.73%
08:53:22 |  Iter-29 | MAE=9.870 | MAPE=7.49%
08:55:08 |  Iter-30 | MAE=9.839 | MAPE=7.98%
08:57:10 |  Iter-31 | MAE=2.647 | MAPE=2.21%
08:59:15 |  Iter-32 | MAE=6.220 | MAPE=4.88%
09:02:15 |  Iter-33 | MAE=2.421 | MAPE=1.85%
09:02:15 | 
 OVERALL: MAE=5.152, MAPE=4.56%, R2=0.9120 (4262.6s)
09:02:15 | Saved model checkpoint: /data/quyhv/oil_forecast_tail_risk/results_v4/walkforward/Gated_TabNet/XANG_H3_seed777/model_checkpoint.pth
09:02:15 | Saved processor/scaler: /data/quyhv/oil_forecast_tail_risk/results_v4/walkforward/Gated_TabNet/XANG_H3_seed777/processor.pkl
