18:26:34 | ================================================================================
18:26:34 |  Gated_TabNet | XANG | H5 | walkforward | seed=777
18:26:34 | ================================================================================
18:26:34 | Data: 4513 rows | Features: 16
18:28:36 |  Iter-01 | MAE=1.835 | MAPE=2.43%
18:30:34 |  Iter-02 | MAE=0.688 | MAPE=0.94%
18:32:28 |  Iter-03 | MAE=1.282 | MAPE=1.77%
18:34:25 |  Iter-04 | MAE=1.229 | MAPE=1.73%
18:36:17 |  Iter-05 | MAE=2.009 | MAPE=2.77%
18:38:27 |  Iter-06 | MAE=1.710 | MAPE=2.39%
18:40:24 |  Iter-07 | MAE=0.781 | MAPE=1.09%
18:42:15 |  Iter-08 | MAE=1.253 | MAPE=1.73%
18:44:14 |  Iter-09 | MAE=1.625 | MAPE=2.12%
18:46:05 |  Iter-10 | MAE=3.860 | MAPE=5.28%
18:48:09 |  Iter-11 | MAE=4.574 | MAPE=5.78%
18:50:43 |  Iter-12 | MAE=10.215 | MAPE=10.49%
18:52:54 |  Iter-13 | MAE=26.300 | MAPE=20.70%
18:54:38 |  Iter-14 | MAE=18.506 | MAPE=12.87%
18:56:24 |  Iter-15 | MAE=12.161 | MAPE=8.38%
18:58:14 |  Iter-16 | MAE=5.708 | MAPE=4.11%
19:00:21 |  Iter-17 | MAE=7.247 | MAPE=5.49%
19:02:24 |  Iter-18 | MAE=6.345 | MAPE=5.12%
19:04:37 |  Iter-19 | MAE=4.848 | MAPE=3.88%
19:07:01 |  Iter-20 | MAE=5.800 | MAPE=4.37%
19:07:01 | 
 OVERALL: MAE=5.899, MAPE=5.17%, R2=0.8975 (2426.9s)
19:07:01 | Saved model checkpoint: /data/quyhv/oil_forecast_tail_risk/results_v4/walkforward/Gated_TabNet/XANG_H5_seed777/model_checkpoint.pth
19:07:01 | Saved processor/scaler: /data/quyhv/oil_forecast_tail_risk/results_v4/walkforward/Gated_TabNet/XANG_H5_seed777/processor.pkl
