02:58:22 | ================================================================================
02:58:22 |  Gated_TabNet | XANG | H7 | walkforward | seed=9999
02:58:22 | ================================================================================
02:58:22 | Data: 4513 rows | Features: 16
03:00:16 |  Iter-01 | MAE=0.951 | MAPE=1.23%
03:02:05 |  Iter-02 | MAE=0.458 | MAPE=0.60%
03:04:03 |  Iter-03 | MAE=3.916 | MAPE=4.84%
03:05:50 |  Iter-04 | MAE=1.137 | MAPE=1.42%
03:07:32 |  Iter-05 | MAE=0.892 | MAPE=1.09%
03:09:18 |  Iter-06 | MAE=1.300 | MAPE=1.66%
03:11:00 |  Iter-07 | MAE=0.960 | MAPE=1.20%
03:12:40 |  Iter-08 | MAE=1.740 | MAPE=2.32%
03:14:21 |  Iter-09 | MAE=0.753 | MAPE=1.03%
03:16:07 |  Iter-10 | MAE=0.950 | MAPE=1.34%
03:18:01 |  Iter-11 | MAE=1.743 | MAPE=2.41%
03:19:45 |  Iter-12 | MAE=0.795 | MAPE=1.09%
03:21:29 |  Iter-13 | MAE=1.544 | MAPE=2.09%
03:23:24 |  Iter-14 | MAE=2.099 | MAPE=2.77%
03:25:07 |  Iter-15 | MAE=3.727 | MAPE=4.72%
03:26:55 |  Iter-16 | MAE=16.695 | MAPE=15.76%
03:28:39 |  Iter-17 | MAE=15.708 | MAPE=11.04%
03:30:25 |  Iter-18 | MAE=9.858 | MAPE=7.03%
03:32:08 |  Iter-19 | MAE=7.239 | MAPE=5.02%
03:34:05 |  Iter-20 | MAE=15.290 | MAPE=12.17%
03:35:56 |  Iter-21 | MAE=6.074 | MAPE=4.76%
03:35:56 | 
 OVERALL: MAE=4.468, MAPE=4.08%, R2=0.9045 (2253.8s)
03:35:56 | Saved model checkpoint: /data/quyhv/oil_forecast_tail_risk/results_v4/walkforward/Gated_TabNet/XANG_H7_seed9999/model_checkpoint.pth
03:35:56 | Saved processor/scaler: /data/quyhv/oil_forecast_tail_risk/results_v4/walkforward/Gated_TabNet/XANG_H7_seed9999/processor.pkl
