01:54:36 | ================================================================================
01:54:36 |  PatchTST | XANG | H1 | walkforward | seed=9999
01:54:36 | ================================================================================
01:54:36 | Data: 4513 rows | Features: 15
01:58:08 |  Iter-01 | MAE=0.305 | MAPE=0.39%
02:01:18 |  Iter-02 | MAE=0.236 | MAPE=0.30%
02:05:12 |  Iter-03 | MAE=0.298 | MAPE=0.38%
02:08:28 |  Iter-04 | MAE=2.672 | MAPE=3.55%
02:11:07 |  Iter-05 | MAE=0.474 | MAPE=0.64%
02:14:48 |  Iter-06 | MAE=0.669 | MAPE=0.90%
02:18:07 |  Iter-07 | MAE=1.276 | MAPE=1.74%
02:21:02 |  Iter-08 | MAE=0.337 | MAPE=0.46%
02:25:22 |  Iter-09 | MAE=1.137 | MAPE=1.54%
02:29:04 |  Iter-10 | MAE=0.799 | MAPE=1.08%
02:32:08 |  Iter-11 | MAE=0.044 | MAPE=0.06%
02:35:15 |  Iter-12 | MAE=0.352 | MAPE=0.48%
02:38:53 |  Iter-13 | MAE=0.368 | MAPE=0.51%
02:41:47 |  Iter-14 | MAE=0.210 | MAPE=0.29%
02:45:20 |  Iter-15 | MAE=0.227 | MAPE=0.31%
02:48:55 |  Iter-16 | MAE=0.340 | MAPE=0.47%
02:52:11 |  Iter-17 | MAE=0.557 | MAPE=0.77%
02:55:20 |  Iter-18 | MAE=1.574 | MAPE=2.23%
02:59:15 |  Iter-19 | MAE=0.127 | MAPE=0.18%
03:03:17 |  Iter-20 | MAE=0.886 | MAPE=1.26%
03:07:21 |  Iter-21 | MAE=1.367 | MAPE=1.94%
03:10:03 |  Iter-22 | MAE=1.280 | MAPE=1.77%
03:13:39 |  Iter-23 | MAE=1.008 | MAPE=1.39%
03:16:59 |  Iter-24 | MAE=0.115 | MAPE=0.16%
03:20:51 |  Iter-25 | MAE=1.230 | MAPE=1.70%
03:24:23 |  Iter-26 | MAE=1.855 | MAPE=2.57%
03:29:09 |  Iter-27 | MAE=0.790 | MAPE=1.11%
03:32:28 |  Iter-28 | MAE=0.224 | MAPE=0.31%
03:36:14 |  Iter-29 | MAE=0.658 | MAPE=0.92%
03:39:53 |  Iter-30 | MAE=0.114 | MAPE=0.16%
03:43:37 |  Iter-31 | MAE=0.525 | MAPE=0.72%
03:48:53 |  Iter-32 | MAE=0.679 | MAPE=0.94%
03:53:14 |  Iter-33 | MAE=0.635 | MAPE=0.87%
03:56:22 |  Iter-34 | MAE=1.076 | MAPE=1.51%
04:00:19 |  Iter-35 | MAE=0.651 | MAPE=0.89%
04:04:24 |  Iter-36 | MAE=0.745 | MAPE=1.00%
04:07:38 |  Iter-37 | MAE=0.983 | MAPE=1.32%
04:11:15 |  Iter-38 | MAE=3.350 | MAPE=4.67%
04:14:35 |  Iter-39 | MAE=2.283 | MAPE=3.17%
04:18:19 |  Iter-40 | MAE=1.603 | MAPE=2.17%
04:21:45 |  Iter-41 | MAE=1.007 | MAPE=1.36%
04:24:44 |  Iter-42 | MAE=1.287 | MAPE=1.73%
04:27:50 |  Iter-43 | MAE=0.966 | MAPE=1.28%
04:31:16 |  Iter-44 | MAE=1.087 | MAPE=1.40%
04:35:14 |  Iter-45 | MAE=1.398 | MAPE=1.83%
04:39:41 |  Iter-46 | MAE=0.881 | MAPE=1.16%
04:44:12 |  Iter-47 | MAE=2.546 | MAPE=3.50%
04:47:44 |  Iter-48 | MAE=0.178 | MAPE=0.25%
04:51:35 |  Iter-49 | MAE=0.579 | MAPE=0.80%
04:55:33 |  Iter-50 | MAE=0.557 | MAPE=0.76%
04:58:45 |  Iter-51 | MAE=2.656 | MAPE=3.45%
05:02:37 |  Iter-52 | MAE=0.822 | MAPE=1.04%
05:06:03 |  Iter-53 | MAE=0.280 | MAPE=0.36%
05:09:32 |  Iter-54 | MAE=1.474 | MAPE=1.84%
05:13:29 |  Iter-55 | MAE=0.859 | MAPE=1.07%
05:17:48 |  Iter-56 | MAE=0.835 | MAPE=1.04%
05:21:35 |  Iter-57 | MAE=0.274 | MAPE=0.34%
05:24:51 |  Iter-58 | MAE=11.332 | MAPE=12.38%
05:28:20 |  Iter-59 | MAE=4.316 | MAPE=4.44%
05:32:09 |  Iter-60 | MAE=3.145 | MAPE=3.07%
05:35:38 |  Iter-61 | MAE=7.707 | MAPE=7.10%
05:39:59 |  Iter-62 | MAE=6.640 | MAPE=5.62%
05:43:21 |  Iter-63 | MAE=20.086 | MAPE=14.02%
05:48:38 |  Iter-64 | MAE=16.786 | MAPE=13.62%
05:52:48 |  Iter-65 | MAE=2.003 | MAPE=1.56%
05:56:41 |  Iter-66 | MAE=11.879 | MAPE=8.70%
06:02:38 |  Iter-67 | MAE=4.482 | MAPE=3.14%
06:07:33 |  Iter-68 | MAE=3.843 | MAPE=2.63%
06:12:35 |  Iter-69 | MAE=5.143 | MAPE=3.54%
06:17:31 |  Iter-70 | MAE=1.981 | MAPE=1.35%
06:20:53 |  Iter-71 | MAE=2.026 | MAPE=1.28%
06:25:24 |  Iter-72 | MAE=0.508 | MAPE=0.32%
06:29:28 |  Iter-73 | MAE=4.768 | MAPE=2.92%
06:33:30 |  Iter-74 | MAE=4.044 | MAPE=2.77%
06:37:04 |  Iter-75 | MAE=13.790 | MAPE=10.36%
06:40:38 |  Iter-76 | MAE=3.334 | MAPE=2.57%
06:45:16 |  Iter-77 | MAE=0.853 | MAPE=0.64%
06:49:12 |  Iter-78 | MAE=4.449 | MAPE=3.08%
06:53:55 |  Iter-79 | MAE=1.650 | MAPE=1.16%
06:58:11 |  Iter-80 | MAE=0.316 | MAPE=0.22%
07:02:43 |  Iter-81 | MAE=8.557 | MAPE=5.78%
07:06:25 |  Iter-82 | MAE=8.502 | MAPE=5.81%
07:09:41 |  Iter-83 | MAE=5.844 | MAPE=4.10%
07:13:55 |  Iter-84 | MAE=24.075 | MAPE=19.62%
07:18:13 |  Iter-85 | MAE=12.277 | MAPE=9.24%
07:21:37 |  Iter-86 | MAE=1.205 | MAPE=0.93%
07:25:19 |  Iter-87 | MAE=1.548 | MAPE=1.18%
07:29:38 |  Iter-88 | MAE=7.499 | MAPE=5.92%
07:34:30 |  Iter-89 | MAE=3.360 | MAPE=2.77%
07:40:58 |  Iter-90 | MAE=2.310 | MAPE=1.91%
07:44:27 |  Iter-91 | MAE=2.334 | MAPE=1.82%
07:48:39 |  Iter-92 | MAE=4.432 | MAPE=3.65%
07:52:16 |  Iter-93 | MAE=2.497 | MAPE=2.06%
07:57:07 |  Iter-94 | MAE=4.263 | MAPE=3.38%
08:01:34 |  Iter-95 | MAE=0.451 | MAPE=0.35%
08:05:10 |  Iter-96 | MAE=3.259 | MAPE=2.56%
08:08:35 |  Iter-97 | MAE=1.908 | MAPE=1.47%
08:12:17 |  Iter-98 | MAE=2.100 | MAPE=1.63%
08:17:24 |  Iter-99 | MAE=0.528 | MAPE=0.40%
08:21:29 |  Iter-100 | MAE=0.584 | MAPE=0.43%
08:21:29 | 
 OVERALL: MAE=2.844, MAPE=2.52%, R2=0.9720 (23216.4s)
08:21:29 | Saved model checkpoint: /data/quyhv/oil_forecast_tail_risk/results_v4/walkforward/PatchTST/XANG_H1_seed9999/model_checkpoint.pth
08:21:29 | Saved processor/scaler: /data/quyhv/oil_forecast_tail_risk/results_v4/walkforward/PatchTST/XANG_H1_seed9999/processor.pkl
