03:38:36 | ================================================================================
03:38:36 |  PatchTST | XANG | H60 | walkforward | seed=2025
03:38:36 | ================================================================================
03:38:36 | Data: 4513 rows | Features: 19
03:48:39 |  Iter-01 | MAE=9.257 | MAPE=9.34%
03:58:55 |  Iter-02 | MAE=11.273 | MAPE=11.00%
04:09:22 |  Iter-03 | MAE=6.260 | MAPE=6.13%
04:20:03 |  Iter-04 | MAE=13.274 | MAPE=14.54%
04:30:50 |  Iter-05 | MAE=12.004 | MAPE=13.04%
04:43:22 |  Iter-06 | MAE=7.016 | MAPE=7.51%
04:54:20 |  Iter-07 | MAE=7.205 | MAPE=8.62%
05:05:46 |  Iter-08 | MAE=4.769 | MAPE=5.80%
05:17:23 |  Iter-09 | MAE=3.523 | MAPE=4.40%
05:29:04 |  Iter-10 | MAE=2.292 | MAPE=2.76%
05:40:48 |  Iter-11 | MAE=1.785 | MAPE=2.17%
05:52:41 |  Iter-12 | MAE=5.941 | MAPE=7.02%
06:04:43 |  Iter-13 | MAE=2.801 | MAPE=3.37%
06:16:49 |  Iter-14 | MAE=6.082 | MAPE=7.41%
06:28:48 |  Iter-15 | MAE=6.257 | MAPE=8.10%
06:40:50 |  Iter-16 | MAE=2.734 | MAPE=3.54%
06:52:41 |  Iter-17 | MAE=5.264 | MAPE=6.59%
07:04:38 |  Iter-18 | MAE=7.924 | MAPE=9.86%
07:16:28 |  Iter-19 | MAE=4.507 | MAPE=5.54%
07:28:15 |  Iter-20 | MAE=2.253 | MAPE=2.82%
07:40:14 |  Iter-21 | MAE=2.246 | MAPE=2.82%
07:51:57 |  Iter-22 | MAE=2.204 | MAPE=2.79%
08:03:27 |  Iter-23 | MAE=1.811 | MAPE=2.28%
08:14:52 |  Iter-24 | MAE=3.507 | MAPE=4.56%
08:26:29 |  Iter-25 | MAE=7.432 | MAPE=10.06%
08:38:25 |  Iter-26 | MAE=4.531 | MAPE=5.80%
08:50:17 |  Iter-27 | MAE=25.815 | MAPE=20.02%
09:02:10 |  Iter-28 | MAE=46.498 | MAPE=35.41%
09:02:10 | 
 OVERALL: MAE=7.731, MAPE=7.97%, R2=-0.2816 (19414.8s)
09:02:10 | Saved model checkpoint: /data/quyhv/oil_forecast_tail_risk/results_v4/walkforward/PatchTST/XANG_H60_seed2025/model_checkpoint.pth
09:02:10 | Saved processor/scaler: /data/quyhv/oil_forecast_tail_risk/results_v4/walkforward/PatchTST/XANG_H60_seed2025/processor.pkl
