02:07:56 | ================================================================================
02:07:56 |  PatchTST | XANG | H3 | walkforward | seed=123
02:07:56 | ================================================================================
02:07:56 | Data: 4513 rows | Features: 15
02:10:03 |  Iter-01 | MAE=0.385 | MAPE=0.49%
02:12:06 |  Iter-02 | MAE=3.397 | MAPE=4.55%
02:14:15 |  Iter-03 | MAE=0.715 | MAPE=0.97%
02:16:26 |  Iter-04 | MAE=0.218 | MAPE=0.30%
02:18:36 |  Iter-05 | MAE=0.876 | MAPE=1.21%
02:21:06 |  Iter-06 | MAE=0.874 | MAPE=1.23%
02:23:24 |  Iter-07 | MAE=0.655 | MAPE=0.92%
02:25:35 |  Iter-08 | MAE=2.087 | MAPE=2.87%
02:27:44 |  Iter-09 | MAE=0.902 | MAPE=1.26%
02:29:52 |  Iter-10 | MAE=1.131 | MAPE=1.57%
02:31:55 |  Iter-11 | MAE=0.464 | MAPE=0.64%
02:34:02 |  Iter-12 | MAE=1.354 | MAPE=1.85%
02:36:04 |  Iter-13 | MAE=2.075 | MAPE=2.88%
02:38:22 |  Iter-14 | MAE=2.224 | MAPE=3.00%
02:40:26 |  Iter-15 | MAE=2.344 | MAPE=3.05%
02:42:29 |  Iter-16 | MAE=2.813 | MAPE=3.86%
02:44:31 |  Iter-17 | MAE=1.593 | MAPE=2.08%
02:46:42 |  Iter-18 | MAE=2.075 | MAPE=2.61%
02:48:44 |  Iter-19 | MAE=0.401 | MAPE=0.50%
02:50:48 |  Iter-20 | MAE=16.022 | MAPE=16.37%
02:52:53 |  Iter-21 | MAE=21.104 | MAPE=15.99%
02:55:05 |  Iter-22 | MAE=16.058 | MAPE=12.94%
02:57:21 |  Iter-23 | MAE=8.007 | MAPE=5.51%
02:59:55 |  Iter-24 | MAE=7.716 | MAPE=4.90%
03:02:54 |  Iter-25 | MAE=14.992 | MAPE=10.65%
03:05:08 |  Iter-26 | MAE=4.827 | MAPE=3.49%
03:07:19 |  Iter-27 | MAE=3.291 | MAPE=2.29%
03:09:50 |  Iter-28 | MAE=11.272 | MAPE=8.89%
03:12:03 |  Iter-29 | MAE=8.972 | MAPE=6.79%
03:14:26 |  Iter-30 | MAE=9.622 | MAPE=7.82%
03:16:37 |  Iter-31 | MAE=2.619 | MAPE=2.12%
03:18:52 |  Iter-32 | MAE=6.573 | MAPE=5.15%
03:21:06 |  Iter-33 | MAE=2.685 | MAPE=2.07%
03:21:06 | 
 OVERALL: MAE=4.859, MAPE=4.27%, R2=0.9250 (4390.3s)
03:21:06 | Saved model checkpoint: /data/quyhv/oil_forecast_tail_risk/results_v4/walkforward/PatchTST/XANG_H3_seed123/model_checkpoint.pth
03:21:06 | Saved processor/scaler: /data/quyhv/oil_forecast_tail_risk/results_v4/walkforward/PatchTST/XANG_H3_seed123/processor.pkl
