10:12:53 | ================================================================================
10:12:53 |  PatchTST | XANG | H10 | walkforward | seed=123
10:12:53 | ================================================================================
10:12:53 | Data: 4513 rows | Features: 14
10:14:55 |  Iter-01 | MAE=2.468 | MAPE=3.09%
10:16:56 |  Iter-02 | MAE=2.287 | MAPE=2.92%
10:18:56 |  Iter-03 | MAE=0.952 | MAPE=1.20%
10:20:59 |  Iter-04 | MAE=2.192 | MAPE=2.74%
10:23:03 |  Iter-05 | MAE=1.389 | MAPE=1.72%
10:25:07 |  Iter-06 | MAE=2.720 | MAPE=3.37%
10:27:11 |  Iter-07 | MAE=1.137 | MAPE=1.41%
10:29:14 |  Iter-08 | MAE=1.233 | MAPE=1.53%
10:31:18 |  Iter-09 | MAE=3.020 | MAPE=3.82%
10:33:22 |  Iter-10 | MAE=1.392 | MAPE=1.78%
10:35:25 |  Iter-11 | MAE=0.844 | MAPE=1.09%
10:37:29 |  Iter-12 | MAE=1.003 | MAPE=1.31%
10:39:33 |  Iter-13 | MAE=2.431 | MAPE=3.03%
10:41:38 |  Iter-14 | MAE=4.014 | MAPE=4.98%
10:43:44 |  Iter-15 | MAE=0.850 | MAPE=1.05%
10:45:50 |  Iter-16 | MAE=1.631 | MAPE=2.00%
10:47:56 |  Iter-17 | MAE=3.129 | MAPE=3.98%
10:50:02 |  Iter-18 | MAE=1.479 | MAPE=1.87%
10:52:08 |  Iter-19 | MAE=0.868 | MAPE=1.08%
10:54:14 |  Iter-20 | MAE=2.207 | MAPE=2.88%
10:56:21 |  Iter-21 | MAE=3.024 | MAPE=4.07%
10:58:27 |  Iter-22 | MAE=0.955 | MAPE=1.31%
11:00:33 |  Iter-23 | MAE=1.552 | MAPE=2.18%
11:02:39 |  Iter-24 | MAE=0.957 | MAPE=1.34%
11:04:46 |  Iter-25 | MAE=2.394 | MAPE=3.32%
11:06:51 |  Iter-26 | MAE=0.766 | MAPE=1.06%
11:08:57 |  Iter-27 | MAE=1.598 | MAPE=2.16%
11:11:03 |  Iter-28 | MAE=1.941 | MAPE=2.58%
11:13:10 |  Iter-29 | MAE=1.343 | MAPE=1.76%
11:15:17 |  Iter-30 | MAE=2.674 | MAPE=3.56%
11:17:25 |  Iter-31 | MAE=11.892 | MAPE=13.25%
11:19:32 |  Iter-32 | MAE=26.051 | MAPE=21.91%
11:21:39 |  Iter-33 | MAE=31.186 | MAPE=22.49%
11:23:46 |  Iter-34 | MAE=24.072 | MAPE=16.01%
11:25:54 |  Iter-35 | MAE=10.493 | MAPE=7.29%
11:28:00 |  Iter-36 | MAE=7.306 | MAPE=5.25%
11:30:09 |  Iter-37 | MAE=10.563 | MAPE=8.24%
11:32:14 |  Iter-38 | MAE=7.651 | MAPE=6.20%
11:34:31 |  Iter-39 | MAE=6.660 | MAPE=5.10%
11:34:31 | 
 OVERALL: MAE=4.880, MAPE=4.51%, R2=0.8259 (4898.2s)
11:34:31 | Saved model checkpoint: /data/quyhv/oil_forecast_tail_risk/results_v4/walkforward/PatchTST/XANG_H10_seed123/model_checkpoint.pth
11:34:31 | Saved processor/scaler: /data/quyhv/oil_forecast_tail_risk/results_v4/walkforward/PatchTST/XANG_H10_seed123/processor.pkl
