01:22:25 | ================================================================================
01:22:25 |  PatchTST | XANG | H60 | walkforward | seed=123
01:22:25 | ================================================================================
01:22:25 | Data: 4513 rows | Features: 19
01:32:36 |  Iter-01 | MAE=12.811 | MAPE=12.90%
01:42:43 |  Iter-02 | MAE=7.813 | MAPE=7.58%
01:52:59 |  Iter-03 | MAE=7.407 | MAPE=7.34%
02:03:28 |  Iter-04 | MAE=8.678 | MAPE=9.44%
02:13:59 |  Iter-05 | MAE=10.120 | MAPE=11.03%
02:24:31 |  Iter-06 | MAE=2.885 | MAPE=3.15%
02:35:13 |  Iter-07 | MAE=5.667 | MAPE=6.71%
02:46:24 |  Iter-08 | MAE=6.805 | MAPE=8.32%
02:57:44 |  Iter-09 | MAE=3.454 | MAPE=4.31%
03:09:06 |  Iter-10 | MAE=3.596 | MAPE=4.32%
03:20:36 |  Iter-11 | MAE=5.871 | MAPE=7.08%
03:32:16 |  Iter-12 | MAE=5.084 | MAPE=6.02%
03:43:58 |  Iter-13 | MAE=2.355 | MAPE=2.79%
03:55:40 |  Iter-14 | MAE=2.366 | MAPE=2.87%
04:07:32 |  Iter-15 | MAE=4.351 | MAPE=5.66%
04:19:24 |  Iter-16 | MAE=4.110 | MAPE=5.24%
04:31:17 |  Iter-17 | MAE=6.116 | MAPE=7.81%
04:43:14 |  Iter-18 | MAE=6.442 | MAPE=8.04%
04:55:09 |  Iter-19 | MAE=5.336 | MAPE=6.59%
05:07:06 |  Iter-20 | MAE=1.664 | MAPE=2.07%
05:19:05 |  Iter-21 | MAE=2.262 | MAPE=2.83%
05:30:50 |  Iter-22 | MAE=2.771 | MAPE=3.52%
05:42:33 |  Iter-23 | MAE=2.046 | MAPE=2.60%
05:54:12 |  Iter-24 | MAE=6.020 | MAPE=7.66%
06:05:43 |  Iter-25 | MAE=7.225 | MAPE=9.82%
06:17:14 |  Iter-26 | MAE=5.737 | MAPE=7.57%
06:28:59 |  Iter-27 | MAE=28.674 | MAPE=23.02%
06:40:45 |  Iter-28 | MAE=44.121 | MAPE=33.29%
06:40:45 | 
 OVERALL: MAE=7.564, MAPE=7.84%, R2=-0.2247 (19100.2s)
06:40:45 | Saved model checkpoint: /data/quyhv/oil_forecast_tail_risk/results_v4/walkforward/PatchTST/XANG_H60_seed123/model_checkpoint.pth
06:40:45 | Saved processor/scaler: /data/quyhv/oil_forecast_tail_risk/results_v4/walkforward/PatchTST/XANG_H60_seed123/processor.pkl
