23:20:33 | ================================================================================
23:20:33 |  PatchTST | XANG | H60 | walkforward | seed=777
23:20:33 | ================================================================================
23:20:33 | Data: 4513 rows | Features: 19
23:29:44 |  Iter-01 | MAE=17.593 | MAPE=17.72%
23:38:56 |  Iter-02 | MAE=5.480 | MAPE=5.36%
23:48:15 |  Iter-03 | MAE=5.700 | MAPE=5.65%
23:57:41 |  Iter-04 | MAE=7.441 | MAPE=8.18%
00:07:15 |  Iter-05 | MAE=10.724 | MAPE=11.52%
00:16:51 |  Iter-06 | MAE=4.323 | MAPE=4.66%
00:26:30 |  Iter-07 | MAE=5.215 | MAPE=6.22%
00:36:23 |  Iter-08 | MAE=6.850 | MAPE=8.39%
00:46:25 |  Iter-09 | MAE=3.111 | MAPE=3.88%
00:56:29 |  Iter-10 | MAE=4.459 | MAPE=5.33%
01:06:34 |  Iter-11 | MAE=2.352 | MAPE=2.83%
01:16:46 |  Iter-12 | MAE=8.601 | MAPE=10.21%
01:27:00 |  Iter-13 | MAE=4.221 | MAPE=4.94%
01:37:46 |  Iter-14 | MAE=8.878 | MAPE=10.87%
01:48:48 |  Iter-15 | MAE=5.115 | MAPE=6.68%
02:00:10 |  Iter-16 | MAE=3.219 | MAPE=4.19%
02:11:35 |  Iter-17 | MAE=3.152 | MAPE=3.98%
02:23:21 |  Iter-18 | MAE=5.497 | MAPE=6.81%
02:35:13 |  Iter-19 | MAE=2.581 | MAPE=3.13%
02:47:14 |  Iter-20 | MAE=3.170 | MAPE=3.95%
02:59:18 |  Iter-21 | MAE=3.621 | MAPE=4.53%
03:11:29 |  Iter-22 | MAE=3.629 | MAPE=4.51%
03:23:35 |  Iter-23 | MAE=2.804 | MAPE=3.59%
03:35:40 |  Iter-24 | MAE=4.824 | MAPE=6.24%
03:47:50 |  Iter-25 | MAE=6.220 | MAPE=8.46%
04:00:00 |  Iter-26 | MAE=3.750 | MAPE=4.55%
04:12:18 |  Iter-27 | MAE=28.675 | MAPE=22.94%
04:24:37 |  Iter-28 | MAE=42.160 | MAPE=31.82%
04:24:37 | 
 OVERALL: MAE=7.620, MAPE=7.90%, R2=-0.2249 (18244.2s)
04:24:37 | Saved model checkpoint: /data/quyhv/oil_forecast_tail_risk/results_v4/walkforward/PatchTST/XANG_H60_seed777/model_checkpoint.pth
04:24:37 | Saved processor/scaler: /data/quyhv/oil_forecast_tail_risk/results_v4/walkforward/PatchTST/XANG_H60_seed777/processor.pkl
