23:16:47 | ================================================================================
23:16:47 |  PatchTST | XANG | H60 | walkforward | seed=9999
23:16:47 | ================================================================================
23:16:48 | Data: 4513 rows | Features: 19
23:25:57 |  Iter-01 | MAE=11.212 | MAPE=11.30%
23:35:04 |  Iter-02 | MAE=6.879 | MAPE=6.69%
23:44:11 |  Iter-03 | MAE=5.308 | MAPE=5.25%
23:53:36 |  Iter-04 | MAE=8.124 | MAPE=8.79%
00:03:08 |  Iter-05 | MAE=8.494 | MAPE=9.28%
00:12:43 |  Iter-06 | MAE=3.038 | MAPE=3.41%
00:22:20 |  Iter-07 | MAE=6.305 | MAPE=7.56%
00:32:18 |  Iter-08 | MAE=5.713 | MAPE=7.05%
00:42:18 |  Iter-09 | MAE=3.427 | MAPE=4.28%
00:52:21 |  Iter-10 | MAE=2.192 | MAPE=2.65%
01:02:25 |  Iter-11 | MAE=2.561 | MAPE=3.12%
01:12:37 |  Iter-12 | MAE=5.679 | MAPE=6.74%
01:22:56 |  Iter-13 | MAE=3.067 | MAPE=3.69%
01:33:24 |  Iter-14 | MAE=2.400 | MAPE=2.93%
01:44:28 |  Iter-15 | MAE=4.161 | MAPE=5.40%
01:55:48 |  Iter-16 | MAE=5.028 | MAPE=6.59%
02:07:10 |  Iter-17 | MAE=5.126 | MAPE=6.38%
02:18:49 |  Iter-18 | MAE=5.625 | MAPE=6.98%
02:30:52 |  Iter-19 | MAE=3.310 | MAPE=4.05%
02:42:54 |  Iter-20 | MAE=1.396 | MAPE=1.76%
02:54:56 |  Iter-21 | MAE=3.628 | MAPE=4.53%
03:07:01 |  Iter-22 | MAE=1.739 | MAPE=2.19%
03:19:08 |  Iter-23 | MAE=6.365 | MAPE=8.12%
03:31:26 |  Iter-24 | MAE=3.941 | MAPE=4.94%
03:43:35 |  Iter-25 | MAE=7.092 | MAPE=9.67%
03:55:45 |  Iter-26 | MAE=4.467 | MAPE=5.81%
04:08:02 |  Iter-27 | MAE=27.289 | MAPE=21.31%
04:20:21 |  Iter-28 | MAE=42.990 | MAPE=32.53%
04:20:21 | 
 OVERALL: MAE=7.020, MAPE=7.25%, R2=-0.1449 (18214.1s)
04:20:21 | Saved model checkpoint: /data/quyhv/oil_forecast_tail_risk/results_v4/walkforward/PatchTST/XANG_H60_seed9999/model_checkpoint.pth
04:20:21 | Saved processor/scaler: /data/quyhv/oil_forecast_tail_risk/results_v4/walkforward/PatchTST/XANG_H60_seed9999/processor.pkl
