19:06:51 | ================================================================================
19:06:51 |  PatchTST | DAU | H3 | walkforward | seed=123
19:06:51 | ================================================================================
19:06:51 | Data: 4513 rows | Features: 16
19:08:58 |  Iter-01 | MAE=1.381 | MAPE=1.68%
19:11:05 |  Iter-02 | MAE=1.612 | MAPE=2.02%
19:13:07 |  Iter-03 | MAE=0.649 | MAPE=0.82%
19:15:22 |  Iter-04 | MAE=1.131 | MAPE=1.40%
19:17:34 |  Iter-05 | MAE=0.637 | MAPE=0.80%
19:19:37 |  Iter-06 | MAE=1.164 | MAPE=1.48%
19:21:44 |  Iter-07 | MAE=1.066 | MAPE=1.36%
19:24:07 |  Iter-08 | MAE=3.124 | MAPE=3.88%
19:26:11 |  Iter-09 | MAE=0.599 | MAPE=0.73%
19:28:17 |  Iter-10 | MAE=1.230 | MAPE=1.48%
19:30:23 |  Iter-11 | MAE=1.174 | MAPE=1.37%
19:32:26 |  Iter-12 | MAE=1.736 | MAPE=2.00%
19:34:38 |  Iter-13 | MAE=1.385 | MAPE=1.60%
19:36:53 |  Iter-14 | MAE=1.875 | MAPE=2.12%
19:39:04 |  Iter-15 | MAE=0.748 | MAPE=0.85%
19:41:27 |  Iter-16 | MAE=1.649 | MAPE=1.90%
19:43:42 |  Iter-17 | MAE=1.671 | MAPE=1.84%
19:45:58 |  Iter-18 | MAE=0.772 | MAPE=0.84%
19:48:02 |  Iter-19 | MAE=0.354 | MAPE=0.38%
19:50:11 |  Iter-20 | MAE=35.266 | MAPE=27.02%
19:52:23 |  Iter-21 | MAE=21.511 | MAPE=12.45%
19:54:49 |  Iter-22 | MAE=17.958 | MAPE=10.77%
19:57:03 |  Iter-23 | MAE=3.099 | MAPE=1.60%
19:59:24 |  Iter-24 | MAE=16.742 | MAPE=7.50%
20:01:38 |  Iter-25 | MAE=13.545 | MAPE=6.08%
20:04:51 |  Iter-26 | MAE=26.493 | MAPE=10.93%
20:07:06 |  Iter-27 | MAE=19.948 | MAPE=7.29%
20:09:09 |  Iter-28 | MAE=58.186 | MAPE=27.54%
20:11:24 |  Iter-29 | MAE=6.278 | MAPE=3.13%
20:14:18 |  Iter-30 | MAE=20.093 | MAPE=11.95%
20:16:28 |  Iter-31 | MAE=13.585 | MAPE=9.21%
20:21:14 |  Iter-32 | MAE=11.379 | MAPE=6.96%
20:23:33 |  Iter-33 | MAE=3.310 | MAPE=2.04%
20:23:33 | 
 OVERALL: MAE=8.829, MAPE=5.24%, R2=0.9113 (4602.0s)
20:23:33 | Saved model checkpoint: /data/quyhv/oil_forecast_tail_risk/results_v4/walkforward/PatchTST/DAU_H3_seed123/model_checkpoint.pth
20:23:33 | Saved processor/scaler: /data/quyhv/oil_forecast_tail_risk/results_v4/walkforward/PatchTST/DAU_H3_seed123/processor.pkl
