01:06:21 | ================================================================================
01:06:21 |  Reformer | XANG | H7 | walkforward | seed=123
01:06:21 | ================================================================================
01:06:21 | Data: 4513 rows | Features: 16
01:07:56 |  Iter-01 | MAE=0.853 | MAPE=1.10%
01:09:30 |  Iter-02 | MAE=1.171 | MAPE=1.53%
01:11:56 |  Iter-03 | MAE=4.448 | MAPE=5.51%
01:13:18 |  Iter-04 | MAE=0.955 | MAPE=1.19%
01:14:35 |  Iter-05 | MAE=0.789 | MAPE=0.98%
01:16:00 |  Iter-06 | MAE=1.370 | MAPE=1.75%
01:17:17 |  Iter-07 | MAE=1.126 | MAPE=1.41%
01:19:33 |  Iter-08 | MAE=2.170 | MAPE=2.89%
01:20:57 |  Iter-09 | MAE=0.727 | MAPE=1.00%
01:22:18 |  Iter-10 | MAE=0.868 | MAPE=1.22%
01:23:55 |  Iter-11 | MAE=2.060 | MAPE=2.85%
01:25:13 |  Iter-12 | MAE=1.071 | MAPE=1.47%
01:26:31 |  Iter-13 | MAE=2.196 | MAPE=2.97%
01:27:56 |  Iter-14 | MAE=1.801 | MAPE=2.38%
01:29:13 |  Iter-15 | MAE=4.456 | MAPE=5.63%
01:30:44 |  Iter-16 | MAE=16.715 | MAPE=15.79%
01:32:03 |  Iter-17 | MAE=19.704 | MAPE=13.84%
01:35:07 |  Iter-18 | MAE=11.784 | MAPE=7.89%
01:37:48 |  Iter-19 | MAE=3.593 | MAPE=2.51%
01:39:15 |  Iter-20 | MAE=17.137 | MAPE=13.62%
01:40:40 |  Iter-21 | MAE=3.160 | MAPE=2.50%
01:40:40 | 
 OVERALL: MAE=4.674, MAPE=4.29%, R2=0.8919 (2059.5s)
01:40:40 | Saved model checkpoint: /data/quyhv/oil_forecast_tail_risk/results_v4/walkforward/Reformer/XANG_H7_seed123/model_checkpoint.pth
01:40:40 | Saved processor/scaler: /data/quyhv/oil_forecast_tail_risk/results_v4/walkforward/Reformer/XANG_H7_seed123/processor.pkl
