22:12:52 | ================================================================================
22:12:52 |  Reformer | DAU | H7 | walkforward | seed=777
22:12:52 | ================================================================================
22:12:53 | Data: 4513 rows | Features: 17
22:17:02 |  Iter-01 | MAE=1.263 | MAPE=1.44%
22:20:43 |  Iter-02 | MAE=3.699 | MAPE=4.41%
22:23:20 |  Iter-03 | MAE=7.230 | MAPE=7.89%
22:26:56 |  Iter-04 | MAE=2.053 | MAPE=2.17%
22:29:31 |  Iter-05 | MAE=1.293 | MAPE=1.34%
22:32:07 |  Iter-06 | MAE=9.677 | MAPE=11.06%
22:36:29 |  Iter-07 | MAE=1.234 | MAPE=1.45%
22:39:15 |  Iter-08 | MAE=3.034 | MAPE=3.76%
22:42:45 |  Iter-09 | MAE=0.695 | MAPE=0.87%
22:45:30 |  Iter-10 | MAE=0.800 | MAPE=1.02%
22:48:40 |  Iter-11 | MAE=3.492 | MAPE=4.30%
22:52:46 |  Iter-12 | MAE=2.373 | MAPE=2.81%
22:55:46 |  Iter-13 | MAE=3.435 | MAPE=3.91%
23:02:02 |  Iter-14 | MAE=1.309 | MAPE=1.48%
23:06:11 |  Iter-15 | MAE=3.872 | MAPE=4.21%
23:11:47 |  Iter-16 | MAE=32.845 | MAPE=23.14%
23:16:01 |  Iter-17 | MAE=28.468 | MAPE=14.93%
23:19:35 |  Iter-18 | MAE=19.175 | MAPE=8.48%
23:22:33 |  Iter-19 | MAE=37.380 | MAPE=14.33%
23:25:47 |  Iter-20 | MAE=67.384 | MAPE=37.69%
23:29:03 |  Iter-21 | MAE=11.095 | MAPE=7.32%
23:29:03 | 
 OVERALL: MAE=11.515, MAPE=7.52%, R2=0.8171 (4571.0s)
23:29:03 | Saved model checkpoint: /data/quyhv/oil_forecast_tail_risk/results_v4/walkforward/Reformer/DAU_H7_seed777/model_checkpoint.pth
23:29:03 | Saved processor/scaler: /data/quyhv/oil_forecast_tail_risk/results_v4/walkforward/Reformer/DAU_H7_seed777/processor.pkl
