11:05:27 | ================================================================================
11:05:27 |  Reformer | XANG | H10 | walkforward | seed=123
11:05:27 | ================================================================================
11:05:27 | Data: 4513 rows | Features: 14
11:06:47 |  Iter-01 | MAE=2.504 | MAPE=3.14%
11:08:05 |  Iter-02 | MAE=2.197 | MAPE=2.81%
11:09:23 |  Iter-03 | MAE=1.106 | MAPE=1.40%
11:10:42 |  Iter-04 | MAE=1.721 | MAPE=2.15%
11:12:14 |  Iter-05 | MAE=1.511 | MAPE=1.87%
11:13:33 |  Iter-06 | MAE=1.907 | MAPE=2.36%
11:14:51 |  Iter-07 | MAE=1.125 | MAPE=1.40%
11:16:10 |  Iter-08 | MAE=1.336 | MAPE=1.66%
11:17:30 |  Iter-09 | MAE=2.965 | MAPE=3.75%
11:18:49 |  Iter-10 | MAE=1.587 | MAPE=2.03%
11:20:08 |  Iter-11 | MAE=0.916 | MAPE=1.19%
11:21:26 |  Iter-12 | MAE=1.198 | MAPE=1.56%
11:22:45 |  Iter-13 | MAE=2.133 | MAPE=2.66%
11:24:05 |  Iter-14 | MAE=3.307 | MAPE=4.10%
11:25:25 |  Iter-15 | MAE=0.773 | MAPE=0.96%
11:26:45 |  Iter-16 | MAE=1.522 | MAPE=1.87%
11:28:03 |  Iter-17 | MAE=3.153 | MAPE=4.02%
11:29:21 |  Iter-18 | MAE=1.402 | MAPE=1.77%
11:30:40 |  Iter-19 | MAE=0.927 | MAPE=1.16%
11:32:08 |  Iter-20 | MAE=2.079 | MAPE=2.72%
11:33:27 |  Iter-21 | MAE=3.001 | MAPE=4.04%
11:34:44 |  Iter-22 | MAE=0.967 | MAPE=1.33%
11:36:06 |  Iter-23 | MAE=1.707 | MAPE=2.39%
11:37:39 |  Iter-24 | MAE=1.037 | MAPE=1.46%
11:39:09 |  Iter-25 | MAE=1.378 | MAPE=1.90%
11:40:41 |  Iter-26 | MAE=1.456 | MAPE=2.03%
11:41:56 |  Iter-27 | MAE=1.038 | MAPE=1.42%
11:43:12 |  Iter-28 | MAE=1.430 | MAPE=1.91%
11:44:28 |  Iter-29 | MAE=1.567 | MAPE=2.08%
11:45:44 |  Iter-30 | MAE=2.739 | MAPE=3.62%
11:47:01 |  Iter-31 | MAE=11.824 | MAPE=13.18%
11:48:18 |  Iter-32 | MAE=26.666 | MAPE=22.47%
11:50:35 |  Iter-33 | MAE=27.342 | MAPE=19.62%
11:54:23 |  Iter-34 | MAE=31.302 | MAPE=20.86%
11:56:35 |  Iter-35 | MAE=19.506 | MAPE=14.15%
11:58:24 |  Iter-36 | MAE=8.231 | MAPE=5.86%
11:59:41 |  Iter-37 | MAE=10.496 | MAPE=8.19%
12:00:58 |  Iter-38 | MAE=9.653 | MAPE=7.79%
12:02:15 |  Iter-39 | MAE=7.537 | MAPE=5.78%
12:02:15 | 
 OVERALL: MAE=5.237, MAPE=4.73%, R2=0.7930 (3408.0s)
12:02:15 | Saved model checkpoint: /data/quyhv/oil_forecast_tail_risk/results_v4/walkforward/Reformer/XANG_H10_seed123/model_checkpoint.pth
12:02:15 | Saved processor/scaler: /data/quyhv/oil_forecast_tail_risk/results_v4/walkforward/Reformer/XANG_H10_seed123/processor.pkl
