05:06:01 | ================================================================================
05:06:01 |  Reformer | XANG | H60 | walkforward | seed=2025
05:06:01 | ================================================================================
05:06:01 | Data: 4513 rows | Features: 19
05:11:57 |  Iter-01 | MAE=15.119 | MAPE=15.26%
05:17:49 |  Iter-02 | MAE=7.708 | MAPE=7.52%
05:23:42 |  Iter-03 | MAE=5.868 | MAPE=5.74%
05:29:42 |  Iter-04 | MAE=5.719 | MAPE=6.25%
05:35:41 |  Iter-05 | MAE=6.782 | MAPE=7.41%
05:41:41 |  Iter-06 | MAE=4.534 | MAPE=4.90%
05:47:42 |  Iter-07 | MAE=5.430 | MAPE=6.45%
05:53:51 |  Iter-08 | MAE=4.993 | MAPE=6.12%
06:00:01 |  Iter-09 | MAE=3.819 | MAPE=4.62%
06:06:12 |  Iter-10 | MAE=3.505 | MAPE=4.21%
06:12:24 |  Iter-11 | MAE=3.899 | MAPE=4.70%
06:18:40 |  Iter-12 | MAE=6.734 | MAPE=7.98%
06:24:51 |  Iter-13 | MAE=2.426 | MAPE=2.86%
06:31:02 |  Iter-14 | MAE=2.728 | MAPE=3.36%
06:37:14 |  Iter-15 | MAE=3.403 | MAPE=4.39%
06:43:26 |  Iter-16 | MAE=2.862 | MAPE=3.65%
06:49:35 |  Iter-17 | MAE=5.499 | MAPE=6.93%
06:55:50 |  Iter-18 | MAE=6.634 | MAPE=8.26%
07:02:10 |  Iter-19 | MAE=5.884 | MAPE=7.31%
07:08:27 |  Iter-20 | MAE=2.873 | MAPE=3.60%
07:14:38 |  Iter-21 | MAE=4.912 | MAPE=6.15%
07:20:48 |  Iter-22 | MAE=2.952 | MAPE=3.67%
07:27:04 |  Iter-23 | MAE=2.759 | MAPE=3.48%
07:33:25 |  Iter-24 | MAE=5.035 | MAPE=6.40%
07:39:47 |  Iter-25 | MAE=7.024 | MAPE=9.58%
07:46:05 |  Iter-26 | MAE=4.929 | MAPE=6.33%
07:52:19 |  Iter-27 | MAE=28.766 | MAPE=23.01%
07:58:29 |  Iter-28 | MAE=45.848 | MAPE=34.82%
07:58:30 | 
 OVERALL: MAE=7.451, MAPE=7.68%, R2=-0.2483 (10349.2s)
07:58:30 | Saved model checkpoint: /data/quyhv/oil_forecast_tail_risk/results_v4/walkforward/Reformer/XANG_H60_seed2025/model_checkpoint.pth
07:58:30 | Saved processor/scaler: /data/quyhv/oil_forecast_tail_risk/results_v4/walkforward/Reformer/XANG_H60_seed2025/processor.pkl
