08:59:19 | ================================================================================
08:59:19 |  Reformer | DAU | H3 | walkforward | seed=777
08:59:19 | ================================================================================
08:59:19 | Data: 4513 rows | Features: 16
09:06:15 |  Iter-01 | MAE=2.121 | MAPE=2.59%
09:16:12 |  Iter-02 | MAE=1.678 | MAPE=2.11%
09:22:37 |  Iter-03 | MAE=1.038 | MAPE=1.31%
09:31:29 |  Iter-04 | MAE=0.559 | MAPE=0.69%
09:42:26 |  Iter-05 | MAE=0.699 | MAPE=0.88%
09:46:41 |  Iter-06 | MAE=0.881 | MAPE=1.12%
09:55:25 |  Iter-07 | MAE=1.697 | MAPE=2.20%
10:02:05 |  Iter-08 | MAE=1.989 | MAPE=2.47%
10:08:29 |  Iter-09 | MAE=0.836 | MAPE=1.02%
10:14:06 |  Iter-10 | MAE=1.112 | MAPE=1.33%
10:20:26 |  Iter-11 | MAE=1.076 | MAPE=1.26%
10:26:44 |  Iter-12 | MAE=1.979 | MAPE=2.28%
10:30:45 |  Iter-13 | MAE=2.175 | MAPE=2.51%
10:38:05 |  Iter-14 | MAE=1.531 | MAPE=1.73%
10:44:47 |  Iter-15 | MAE=1.480 | MAPE=1.68%
10:51:26 |  Iter-16 | MAE=1.536 | MAPE=1.77%
10:58:36 |  Iter-17 | MAE=1.899 | MAPE=2.13%
11:05:15 |  Iter-18 | MAE=0.505 | MAPE=0.55%
11:13:56 |  Iter-19 | MAE=0.319 | MAPE=0.34%
11:22:11 |  Iter-20 | MAE=35.658 | MAPE=27.32%
11:28:07 |  Iter-21 | MAE=36.618 | MAPE=21.64%
11:30:54 |  Iter-22 | MAE=17.523 | MAPE=10.51%
11:35:38 |  Iter-23 | MAE=15.577 | MAPE=8.03%
11:38:29 |  Iter-24 | MAE=16.165 | MAPE=7.24%
11:41:31 |  Iter-25 | MAE=15.069 | MAPE=6.79%
11:48:24 |  Iter-26 | MAE=18.374 | MAPE=7.50%
11:53:16 |  Iter-27 | MAE=19.597 | MAPE=7.03%
12:00:42 |  Iter-28 | MAE=57.174 | MAPE=27.20%
12:03:49 |  Iter-29 | MAE=5.594 | MAPE=2.98%
12:06:51 |  Iter-30 | MAE=22.239 | MAPE=13.19%
12:10:15 |  Iter-31 | MAE=21.488 | MAPE=14.44%
12:13:11 |  Iter-32 | MAE=16.871 | MAPE=10.31%
12:16:04 |  Iter-33 | MAE=3.759 | MAPE=2.30%
12:16:04 | 
 OVERALL: MAE=9.903, MAPE=5.95%, R2=0.8988 (11804.7s)
12:16:04 | Saved model checkpoint: /data/quyhv/oil_forecast_tail_risk/results_v4/walkforward/Reformer/DAU_H3_seed777/model_checkpoint.pth
12:16:04 | Saved processor/scaler: /data/quyhv/oil_forecast_tail_risk/results_v4/walkforward/Reformer/DAU_H3_seed777/processor.pkl
