01:45:18 | ================================================================================
01:45:18 |  Reformer | XANG | H60 | walkforward | seed=9999
01:45:18 | ================================================================================
01:45:18 | Data: 4513 rows | Features: 19
01:50:53 |  Iter-01 | MAE=16.116 | MAPE=16.22%
01:56:23 |  Iter-02 | MAE=11.811 | MAPE=11.50%
02:01:54 |  Iter-03 | MAE=6.511 | MAPE=6.42%
02:07:30 |  Iter-04 | MAE=5.882 | MAPE=6.42%
02:13:10 |  Iter-05 | MAE=5.990 | MAPE=6.53%
02:18:55 |  Iter-06 | MAE=8.066 | MAPE=8.77%
02:24:43 |  Iter-07 | MAE=4.830 | MAPE=5.72%
02:30:42 |  Iter-08 | MAE=4.997 | MAPE=6.15%
02:36:37 |  Iter-09 | MAE=2.449 | MAPE=3.00%
02:42:31 |  Iter-10 | MAE=2.910 | MAPE=3.51%
02:48:27 |  Iter-11 | MAE=2.300 | MAPE=2.77%
02:54:27 |  Iter-12 | MAE=6.527 | MAPE=7.73%
03:00:27 |  Iter-13 | MAE=2.747 | MAPE=3.23%
03:06:28 |  Iter-14 | MAE=2.355 | MAPE=2.83%
03:12:28 |  Iter-15 | MAE=4.606 | MAPE=5.99%
03:18:32 |  Iter-16 | MAE=2.933 | MAPE=3.79%
03:24:41 |  Iter-17 | MAE=4.870 | MAPE=6.09%
03:30:55 |  Iter-18 | MAE=6.467 | MAPE=8.04%
03:37:11 |  Iter-19 | MAE=5.840 | MAPE=7.25%
03:43:25 |  Iter-20 | MAE=5.453 | MAPE=6.82%
03:49:39 |  Iter-21 | MAE=6.008 | MAPE=7.54%
03:55:54 |  Iter-22 | MAE=2.294 | MAPE=2.86%
04:02:14 |  Iter-23 | MAE=2.570 | MAPE=3.26%
04:08:34 |  Iter-24 | MAE=4.247 | MAPE=5.37%
04:14:54 |  Iter-25 | MAE=5.517 | MAPE=7.46%
04:21:15 |  Iter-26 | MAE=4.542 | MAPE=5.64%
04:27:42 |  Iter-27 | MAE=26.948 | MAPE=21.02%
04:34:08 |  Iter-28 | MAE=44.526 | MAPE=33.70%
04:34:08 | 
 OVERALL: MAE=7.511, MAPE=7.70%, R2=-0.2331 (10130.6s)
04:34:09 | Saved model checkpoint: /data/quyhv/oil_forecast_tail_risk/results_v4/walkforward/Reformer/XANG_H60_seed9999/model_checkpoint.pth
04:34:09 | Saved processor/scaler: /data/quyhv/oil_forecast_tail_risk/results_v4/walkforward/Reformer/XANG_H60_seed9999/processor.pkl
