04:07:28 | ================================================================================
04:07:28 |  Reformer | XANG | H60 | walkforward | seed=123
04:07:28 | ================================================================================
04:07:28 | Data: 4513 rows | Features: 19
04:13:18 |  Iter-01 | MAE=12.329 | MAPE=12.46%
04:19:03 |  Iter-02 | MAE=9.591 | MAPE=9.36%
04:24:49 |  Iter-03 | MAE=6.835 | MAPE=6.70%
04:30:40 |  Iter-04 | MAE=3.806 | MAPE=4.03%
04:36:32 |  Iter-05 | MAE=6.661 | MAPE=7.30%
04:42:23 |  Iter-06 | MAE=7.593 | MAPE=8.26%
04:48:11 |  Iter-07 | MAE=3.855 | MAPE=4.27%
04:54:03 |  Iter-08 | MAE=4.473 | MAPE=5.45%
04:59:56 |  Iter-09 | MAE=2.544 | MAPE=3.10%
05:05:48 |  Iter-10 | MAE=5.228 | MAPE=6.28%
05:11:42 |  Iter-11 | MAE=2.932 | MAPE=3.55%
05:17:41 |  Iter-12 | MAE=6.836 | MAPE=8.10%
05:23:38 |  Iter-13 | MAE=2.387 | MAPE=2.82%
05:29:26 |  Iter-14 | MAE=2.021 | MAPE=2.45%
05:35:13 |  Iter-15 | MAE=5.058 | MAPE=6.59%
05:41:05 |  Iter-16 | MAE=2.578 | MAPE=3.29%
05:46:57 |  Iter-17 | MAE=4.426 | MAPE=5.53%
05:52:50 |  Iter-18 | MAE=6.227 | MAPE=7.75%
05:58:48 |  Iter-19 | MAE=5.116 | MAPE=6.34%
06:04:41 |  Iter-20 | MAE=2.008 | MAPE=2.50%
06:10:32 |  Iter-21 | MAE=5.537 | MAPE=6.95%
06:16:29 |  Iter-22 | MAE=3.004 | MAPE=3.75%
06:22:32 |  Iter-23 | MAE=3.037 | MAPE=3.82%
06:28:35 |  Iter-24 | MAE=3.312 | MAPE=4.26%
06:34:38 |  Iter-25 | MAE=5.107 | MAPE=6.92%
06:40:43 |  Iter-26 | MAE=3.749 | MAPE=4.66%
06:46:53 |  Iter-27 | MAE=27.571 | MAPE=21.80%
06:53:05 |  Iter-28 | MAE=43.457 | MAPE=32.86%
06:53:05 | 
 OVERALL: MAE=7.046, MAPE=7.18%, R2=-0.1476 (9937.8s)
06:53:05 | Saved model checkpoint: /data/quyhv/oil_forecast_tail_risk/results_v4/walkforward/Reformer/XANG_H60_seed123/model_checkpoint.pth
06:53:05 | Saved processor/scaler: /data/quyhv/oil_forecast_tail_risk/results_v4/walkforward/Reformer/XANG_H60_seed123/processor.pkl
