02:50:55 | ================================================================================
02:50:55 |  Reformer | XANG | H3 | walkforward | seed=777
02:50:55 | ================================================================================
02:50:55 | Data: 4513 rows | Features: 15
02:53:08 |  Iter-01 | MAE=0.527 | MAPE=0.67%
02:56:12 |  Iter-02 | MAE=3.366 | MAPE=4.51%
02:59:55 |  Iter-03 | MAE=0.869 | MAPE=1.18%
03:03:11 |  Iter-04 | MAE=0.556 | MAPE=0.76%
03:10:11 |  Iter-05 | MAE=0.626 | MAPE=0.86%
03:12:53 |  Iter-06 | MAE=0.890 | MAPE=1.25%
03:15:27 |  Iter-07 | MAE=0.972 | MAPE=1.38%
03:18:29 |  Iter-08 | MAE=1.394 | MAPE=1.92%
03:20:57 |  Iter-09 | MAE=1.577 | MAPE=2.20%
03:24:30 |  Iter-10 | MAE=0.647 | MAPE=0.89%
03:27:17 |  Iter-11 | MAE=0.622 | MAPE=0.86%
03:29:22 |  Iter-12 | MAE=1.171 | MAPE=1.60%
03:32:58 |  Iter-13 | MAE=2.585 | MAPE=3.58%
03:36:05 |  Iter-14 | MAE=0.997 | MAPE=1.34%
03:39:02 |  Iter-15 | MAE=2.192 | MAPE=2.85%
03:41:57 |  Iter-16 | MAE=3.688 | MAPE=5.04%
03:44:59 |  Iter-17 | MAE=1.651 | MAPE=2.18%
03:47:46 |  Iter-18 | MAE=1.882 | MAPE=2.36%
03:49:10 |  Iter-19 | MAE=0.490 | MAPE=0.61%
03:52:50 |  Iter-20 | MAE=16.332 | MAPE=16.69%
03:54:55 |  Iter-21 | MAE=31.999 | MAPE=24.90%
03:56:26 |  Iter-22 | MAE=16.458 | MAPE=13.23%
03:57:42 |  Iter-23 | MAE=7.001 | MAPE=4.84%
03:59:11 |  Iter-24 | MAE=8.005 | MAPE=5.10%
04:01:10 |  Iter-25 | MAE=20.778 | MAPE=14.95%
04:02:28 |  Iter-26 | MAE=5.399 | MAPE=3.88%
04:04:04 |  Iter-27 | MAE=6.975 | MAPE=4.88%
04:05:22 |  Iter-28 | MAE=13.201 | MAPE=10.29%
04:06:47 |  Iter-29 | MAE=8.907 | MAPE=6.74%
04:08:18 |  Iter-30 | MAE=9.223 | MAPE=7.50%
04:09:38 |  Iter-31 | MAE=2.722 | MAPE=2.20%
04:10:57 |  Iter-32 | MAE=6.934 | MAPE=5.43%
04:12:39 |  Iter-33 | MAE=1.720 | MAPE=1.32%
04:12:39 | 
 OVERALL: MAE=5.526, MAPE=4.79%, R2=0.8912 (4904.6s)
04:12:39 | Saved model checkpoint: /data/quyhv/oil_forecast_tail_risk/results_v4/walkforward/Reformer/XANG_H3_seed777/model_checkpoint.pth
04:12:39 | Saved processor/scaler: /data/quyhv/oil_forecast_tail_risk/results_v4/walkforward/Reformer/XANG_H3_seed777/processor.pkl
