Concurrent run started: 2026-08-27T12:15:25.958696
GPU: 2 | Models: 7 | Jobs: 42

[   1/42]   2.4% | OK:1    FAIL:0    SKIP:0   | OK           | 13979s | ETA:9552m | GUMNetHet|DAU|H1|s123
[   2/42]   4.8% | OK:2    FAIL:0    SKIP:0   | OK           | 13115s | ETA:9031m | GUMNet_Graph|DAU|H3|s123
[   3/42]   7.1% | OK:3    FAIL:0    SKIP:0   | OK           | 30492s | ETA:6607m | GUMNet_RL|DAU|H1|s123
[   4/42]   9.5% | OK:4    FAIL:0    SKIP:0   | OK           | 3823s | ETA:4895m | GUMNetHet|DAU|H3|s123
[   5/42]  11.9% | OK:5    FAIL:0    SKIP:0   | OK           | 32201s | ETA:3971m | GUMNet_Decomp|DAU|H1|s123
[   6/42]  14.3% | OK:6    FAIL:0    SKIP:0   | OK           | 33142s | ETA:3314m | GUMNet_Graph|DAU|H1|s123
[   7/42]  16.7% | OK:7    FAIL:0    SKIP:0   | OK           | 34469s | ETA:2872m | GUMNet_Adaptive|DAU|H1|s123
[   8/42]  19.0% | OK:8    FAIL:0    SKIP:0   | OK           | 36248s | ETA:2568m | GUMNet_MoE_Sparse|DAU|H1|s123
[   9/42]  21.4% | OK:9    FAIL:0    SKIP:0   | OK           | 36760s | ETA:2246m | GUMNet_Fusion|DAU|H1|s123
[  10/42]  23.8% | OK:10   FAIL:0    SKIP:0   | OK           | 2142s | ETA:2075m | GUMNetHet|DAU|H5|s123
[  11/42]  26.2% | OK:11   FAIL:0    SKIP:0   | OK           | 12495s | ETA:2019m | GUMNet_Adaptive|DAU|H3|s123
[  12/42]  28.6% | OK:12   FAIL:0    SKIP:0   | OK           | 12211s | ETA:1797m | GUMNet_Decomp|DAU|H3|s123
[  13/42]  31.0% | OK:13   FAIL:0    SKIP:0   | OK           | 11511s | ETA:1660m | GUMNet_RL|DAU|H3|s123
[  14/42]  33.3% | OK:14   FAIL:0    SKIP:0   | OK           | 9063s | ETA:1510m | GUMNet_Graph|DAU|H5|s123
[  15/42]  35.7% | OK:15   FAIL:0    SKIP:0   | OK           | 13560s | ETA:1373m | GUMNet_Fusion|DAU|H3|s123
[  16/42]  38.1% | OK:16   FAIL:0    SKIP:0   | OK           | 9479s | ETA:1310m | GUMNet_Adaptive|DAU|H5|s123
[  17/42]  40.5% | OK:16   FAIL:0    SKIP:0   | RETRY(1)     | 5641s | ETA:1266m | GUMNet_Decomp|DAU|H5|s123
  STDERR:  scaler = GradScaler(enabled=use_amp)
/data/quyhv/oil_forecast_tail_risk/scripts/training/train_unified.py:309: FutureWarning: `torch.cuda.amp.autocast(args...)` is deprecated. Please use `torch.amp.autocast('cuda', args...)` instead.
  with autocast(enabled=use_amp):
/data/quyhv/oil_forecast_tail_risk/scripts/training/train_unified.py:349: FutureWarning: `torch.cuda.amp.autocast(args...)` is deprecated. Please use `torch.amp.autocast('cuda', args...)` instead.
  with autocast(enabled=use_amp):

[  18/42]  42.9% | OK:16   FAIL:0    SKIP:0   | RETRY(1)     | 5501s | ETA:1216m | GUMNet_Fusion|DAU|H5|s123
  STDERR:  scaler = GradScaler(enabled=use_amp)
/data/quyhv/oil_forecast_tail_risk/scripts/training/train_unified.py:309: FutureWarning: `torch.cuda.amp.autocast(args...)` is deprecated. Please use `torch.amp.autocast('cuda', args...)` instead.
  with autocast(enabled=use_amp):
/data/quyhv/oil_forecast_tail_risk/scripts/training/train_unified.py:349: FutureWarning: `torch.cuda.amp.autocast(args...)` is deprecated. Please use `torch.amp.autocast('cuda', args...)` instead.
  with autocast(enabled=use_amp):

[  19/42]  45.2% | OK:16   FAIL:0    SKIP:0   | RETRY(1)     | 248s | ETA:1165m | GUMNetHet|DAU|H7|s123
  STDERR:  scaler = GradScaler(enabled=use_amp)
/data/quyhv/oil_forecast_tail_risk/scripts/training/train_unified.py:309: FutureWarning: `torch.cuda.amp.autocast(args...)` is deprecated. Please use `torch.amp.autocast('cuda', args...)` instead.
  with autocast(enabled=use_amp):
/data/quyhv/oil_forecast_tail_risk/scripts/training/train_unified.py:349: FutureWarning: `torch.cuda.amp.autocast(args...)` is deprecated. Please use `torch.amp.autocast('cuda', args...)` instead.
  with autocast(enabled=use_amp):

[  20/42]  47.6% | OK:16   FAIL:0    SKIP:0   | RETRY(1)     | 3977s | ETA:1114m | GUMNet_RL|DAU|H5|s123
  STDERR:  scaler = GradScaler(enabled=use_amp)
/data/quyhv/oil_forecast_tail_risk/scripts/training/train_unified.py:309: FutureWarning: `torch.cuda.amp.autocast(args...)` is deprecated. Please use `torch.amp.autocast('cuda', args...)` instead.
  with autocast(enabled=use_amp):
/data/quyhv/oil_forecast_tail_risk/scripts/training/train_unified.py:349: FutureWarning: `torch.cuda.amp.autocast(args...)` is deprecated. Please use `torch.amp.autocast('cuda', args...)` instead.
  with autocast(enabled=use_amp):

[  21/42]  50.0% | OK:16   FAIL:0    SKIP:0   | RETRY(1)     | 2870s | ETA:1064m | GUMNet_Graph|DAU|H7|s123
  STDERR:  scaler = GradScaler(enabled=use_amp)
/data/quyhv/oil_forecast_tail_risk/scripts/training/train_unified.py:309: FutureWarning: `torch.cuda.amp.autocast(args...)` is deprecated. Please use `torch.amp.autocast('cuda', args...)` instead.
  with autocast(enabled=use_amp):
/data/quyhv/oil_forecast_tail_risk/scripts/training/train_unified.py:349: FutureWarning: `torch.cuda.amp.autocast(args...)` is deprecated. Please use `torch.amp.autocast('cuda', args...)` instead.
  with autocast(enabled=use_amp):

[  22/42]  52.4% | OK:16   FAIL:0    SKIP:0   | RETRY(1)     | 3319s | ETA:1013m | GUMNet_MoE_Sparse|DAU|H5|s123
  STDERR:  scaler = GradScaler(enabled=use_amp)
/data/quyhv/oil_forecast_tail_risk/scripts/training/train_unified.py:309: FutureWarning: `torch.cuda.amp.autocast(args...)` is deprecated. Please use `torch.amp.autocast('cuda', args...)` instead.
  with autocast(enabled=use_amp):
/data/quyhv/oil_forecast_tail_risk/scripts/training/train_unified.py:349: FutureWarning: `torch.cuda.amp.autocast(args...)` is deprecated. Please use `torch.amp.autocast('cuda', args...)` instead.
  with autocast(enabled=use_amp):

[  23/42]  54.8% | OK:16   FAIL:0    SKIP:0   | RETRY(1)     | 14163s | ETA:963m  | GUMNet_MoE_Sparse|DAU|H3|s123
  STDERR:  scaler = GradScaler(enabled=use_amp)
/data/quyhv/oil_forecast_tail_risk/scripts/training/train_unified.py:309: FutureWarning: `torch.cuda.amp.autocast(args...)` is deprecated. Please use `torch.amp.autocast('cuda', args...)` instead.
  with autocast(enabled=use_amp):
/data/quyhv/oil_forecast_tail_risk/scripts/training/train_unified.py:349: FutureWarning: `torch.cuda.amp.autocast(args...)` is deprecated. Please use `torch.amp.autocast('cuda', args...)` instead.
  with autocast(enabled=use_amp):

[  24/42]  57.1% | OK:16   FAIL:0    SKIP:0   | RETRY(1)     | 59s | ETA:913m  | GUMNet_Graph|DAU|H10|s123
  STDERR:  scaler = GradScaler(enabled=use_amp)
/data/quyhv/oil_forecast_tail_risk/scripts/training/train_unified.py:309: FutureWarning: `torch.cuda.amp.autocast(args...)` is deprecated. Please use `torch.amp.autocast('cuda', args...)` instead.
  with autocast(enabled=use_amp):
/data/quyhv/oil_forecast_tail_risk/scripts/training/train_unified.py:349: FutureWarning: `torch.cuda.amp.autocast(args...)` is deprecated. Please use `torch.amp.autocast('cuda', args...)` instead.
  with autocast(enabled=use_amp):

[  25/42]  59.5% | OK:16   FAIL:0    SKIP:0   | RETRY(1)     | 60s | ETA:862m  | GUMNet_RL|DAU|H7|s123
  STDERR:  scaler = GradScaler(enabled=use_amp)
/data/quyhv/oil_forecast_tail_risk/scripts/training/train_unified.py:309: FutureWarning: `torch.cuda.amp.autocast(args...)` is deprecated. Please use `torch.amp.autocast('cuda', args...)` instead.
  with autocast(enabled=use_amp):
/data/quyhv/oil_forecast_tail_risk/scripts/training/train_unified.py:349: FutureWarning: `torch.cuda.amp.autocast(args...)` is deprecated. Please use `torch.amp.autocast('cuda', args...)` instead.
  with autocast(enabled=use_amp):

[  26/42]  61.9% | OK:16   FAIL:0    SKIP:0   | RETRY(1)     | 63s | ETA:812m  | GUMNet_Fusion|DAU|H7|s123
  STDERR:  scaler = GradScaler(enabled=use_amp)
/data/quyhv/oil_forecast_tail_risk/scripts/training/train_unified.py:309: FutureWarning: `torch.cuda.amp.autocast(args...)` is deprecated. Please use `torch.amp.autocast('cuda', args...)` instead.
  with autocast(enabled=use_amp):
/data/quyhv/oil_forecast_tail_risk/scripts/training/train_unified.py:349: FutureWarning: `torch.cuda.amp.autocast(args...)` is deprecated. Please use `torch.amp.autocast('cuda', args...)` instead.
  with autocast(enabled=use_amp):

[  27/42]  64.3% | OK:16   FAIL:0    SKIP:0   | RETRY(1)     | 61s | ETA:761m  | GUMNetHet|DAU|H10|s123
  STDERR:  scaler = GradScaler(enabled=use_amp)
/data/quyhv/oil_forecast_tail_risk/scripts/training/train_unified.py:309: FutureWarning: `torch.cuda.amp.autocast(args...)` is deprecated. Please use `torch.amp.autocast('cuda', args...)` instead.
  with autocast(enabled=use_amp):
/data/quyhv/oil_forecast_tail_risk/scripts/training/train_unified.py:349: FutureWarning: `torch.cuda.amp.autocast(args...)` is deprecated. Please use `torch.amp.autocast('cuda', args...)` instead.
  with autocast(enabled=use_amp):

[  28/42]  66.7% | OK:16   FAIL:0    SKIP:0   | RETRY(1)     | 65s | ETA:710m  | GUMNet_Decomp|DAU|H7|s123
  STDERR:  scaler = GradScaler(enabled=use_amp)
/data/quyhv/oil_forecast_tail_risk/scripts/training/train_unified.py:309: FutureWarning: `torch.cuda.amp.autocast(args...)` is deprecated. Please use `torch.amp.autocast('cuda', args...)` instead.
  with autocast(enabled=use_amp):
/data/quyhv/oil_forecast_tail_risk/scripts/training/train_unified.py:349: FutureWarning: `torch.cuda.amp.autocast(args...)` is deprecated. Please use `torch.amp.autocast('cuda', args...)` instead.
  with autocast(enabled=use_amp):

[  29/42]  69.0% | OK:16   FAIL:0    SKIP:0   | RETRY(1)     | 63s | ETA:659m  | GUMNet_MoE_Sparse|DAU|H7|s123
  STDERR:  scaler = GradScaler(enabled=use_amp)
/data/quyhv/oil_forecast_tail_risk/scripts/training/train_unified.py:309: FutureWarning: `torch.cuda.amp.autocast(args...)` is deprecated. Please use `torch.amp.autocast('cuda', args...)` instead.
  with autocast(enabled=use_amp):
/data/quyhv/oil_forecast_tail_risk/scripts/training/train_unified.py:349: FutureWarning: `torch.cuda.amp.autocast(args...)` is deprecated. Please use `torch.amp.autocast('cuda', args...)` instead.
  with autocast(enabled=use_amp):

[  30/42]  71.4% | OK:16   FAIL:0    SKIP:0   | RETRY(1)     | 66s | ETA:609m  | GUMNet_Adaptive|DAU|H7|s123
  STDERR:  scaler = GradScaler(enabled=use_amp)
/data/quyhv/oil_forecast_tail_risk/scripts/training/train_unified.py:309: FutureWarning: `torch.cuda.amp.autocast(args...)` is deprecated. Please use `torch.amp.autocast('cuda', args...)` instead.
  with autocast(enabled=use_amp):
/data/quyhv/oil_forecast_tail_risk/scripts/training/train_unified.py:349: FutureWarning: `torch.cuda.amp.autocast(args...)` is deprecated. Please use `torch.amp.autocast('cuda', args...)` instead.
  with autocast(enabled=use_amp):

[  31/42]  73.8% | OK:16   FAIL:0    SKIP:0   | RETRY(1)     | 1s | ETA:558m  | GUMNet_Graph|DAU|H20|s123
[  32/42]  76.2% | OK:16   FAIL:0    SKIP:0   | RETRY(1)     | 1s | ETA:507m  | GUMNetHet|DAU|H20|s123
[  33/42]  78.6% | OK:16   FAIL:0    SKIP:0   | RETRY(1)     | 3s | ETA:457m  | GUMNet_RL|DAU|H10|s123
[  34/42]  81.0% | OK:16   FAIL:0    SKIP:0   | RETRY(1)     | 2s | ETA:406m  | GUMNet_MoE_Sparse|DAU|H10|s123
[  35/42]  83.3% | OK:16   FAIL:0    SKIP:0   | RETRY(1)     | 3s | ETA:355m  | GUMNet_Fusion|DAU|H10|s123
[  36/42]  85.7% | OK:16   FAIL:0    SKIP:0   | RETRY(1)     | 6s | ETA:304m  | GUMNet_Adaptive|DAU|H10|s123
[  37/42]  88.1% | OK:16   FAIL:0    SKIP:0   | RETRY(1)     | 6s | ETA:254m  | GUMNet_Decomp|DAU|H10|s123
