12:01:22 | ================================================================================
12:01:22 |  GUMNet_RL | XANG | H3 | walkforward | seed=123
12:01:22 | ================================================================================
12:01:22 | Data: 4513 rows | Features: 15
12:07:16 |  Iter-01 | MAE=0.696 | MAPE=0.89%
12:13:06 |  Iter-02 | MAE=3.101 | MAPE=4.15%
12:18:46 |  Iter-03 | MAE=1.072 | MAPE=1.46%
12:25:09 |  Iter-04 | MAE=1.535 | MAPE=2.08%
12:31:43 |  Iter-05 | MAE=0.188 | MAPE=0.26%
12:38:18 |  Iter-06 | MAE=0.848 | MAPE=1.18%
12:45:05 |  Iter-07 | MAE=0.942 | MAPE=1.33%
12:51:42 |  Iter-08 | MAE=0.302 | MAPE=0.42%
12:57:46 |  Iter-09 | MAE=2.267 | MAPE=3.17%
13:03:27 |  Iter-10 | MAE=0.381 | MAPE=0.53%
13:09:21 |  Iter-11 | MAE=0.661 | MAPE=0.91%
13:15:47 |  Iter-12 | MAE=1.631 | MAPE=2.21%
13:21:52 |  Iter-13 | MAE=3.454 | MAPE=4.78%
13:27:24 |  Iter-14 | MAE=1.361 | MAPE=1.84%
13:34:01 |  Iter-15 | MAE=2.247 | MAPE=2.92%
13:40:25 |  Iter-16 | MAE=3.538 | MAPE=4.84%
13:47:18 |  Iter-17 | MAE=1.481 | MAPE=1.93%
13:53:41 |  Iter-18 | MAE=1.667 | MAPE=2.10%
13:59:42 |  Iter-19 | MAE=1.353 | MAPE=1.68%
14:05:37 |  Iter-20 | MAE=15.740 | MAPE=16.08%
14:11:01 |  Iter-21 | MAE=23.724 | MAPE=18.13%
14:16:57 |  Iter-22 | MAE=14.956 | MAPE=12.07%
14:22:33 |  Iter-23 | MAE=8.053 | MAPE=5.55%
14:28:17 |  Iter-24 | MAE=5.771 | MAPE=3.71%
14:34:13 |  Iter-25 | MAE=16.733 | MAPE=12.03%
14:40:20 |  Iter-26 | MAE=8.362 | MAPE=6.35%
14:46:05 |  Iter-27 | MAE=3.300 | MAPE=2.24%
14:51:51 |  Iter-28 | MAE=17.524 | MAPE=13.50%
14:57:48 |  Iter-29 | MAE=9.934 | MAPE=7.52%
15:03:33 |  Iter-30 | MAE=11.929 | MAPE=9.70%
15:09:40 |  Iter-31 | MAE=4.307 | MAPE=3.56%
15:15:37 |  Iter-32 | MAE=2.734 | MAPE=2.15%
15:21:13 |  Iter-33 | MAE=3.173 | MAPE=2.44%
15:21:13 | 
 OVERALL: MAE=5.302, MAPE=4.66%, R2=0.9096 (11991.0s)
15:21:13 | Saved model checkpoint: /data/quyhv/oil_forecast_tail_risk/results_v4/walkforward/GUMNet_RL/XANG_H3_seed123/model_checkpoint.pth
15:21:13 | Saved processor/scaler: /data/quyhv/oil_forecast_tail_risk/results_v4/walkforward/GUMNet_RL/XANG_H3_seed123/processor.pkl
