15:51:41 | ================================================================================
15:51:41 |  GUMNet_RL | XANG | H10 | walkforward | seed=9999
15:51:41 | ================================================================================
15:51:41 | Data: 4513 rows | Features: 14
15:51:41 | ================================================================================
15:51:41 |  GUMNet_RL | XANG | H10 | walkforward | seed=777
15:51:41 | ================================================================================
15:51:41 | ================================================================================
15:51:41 |  GUMNet_RL | XANG | H10 | walkforward | seed=2025
15:51:41 | ================================================================================
15:51:41 | ================================================================================
15:51:41 |  GUMNet_RL | XANG | H10 | walkforward | seed=123
15:51:41 | ================================================================================
15:51:41 | Data: 4513 rows | Features: 14
15:51:41 | Data: 4513 rows | Features: 14
15:51:41 | Data: 4513 rows | Features: 14
16:00:26 |  Iter-01 | MAE=3.048 | MAPE=3.83%
16:00:26 |  Iter-01 | MAE=3.324 | MAPE=4.18%
16:00:28 |  Iter-01 | MAE=3.238 | MAPE=4.07%
16:01:12 |  Iter-01 | MAE=3.030 | MAPE=3.81%
16:09:03 |  Iter-02 | MAE=3.066 | MAPE=3.93%
16:09:03 |  Iter-02 | MAE=3.385 | MAPE=4.34%
16:09:07 |  Iter-02 | MAE=3.436 | MAPE=4.40%
16:10:36 |  Iter-02 | MAE=3.134 | MAPE=4.01%
16:17:36 |  Iter-03 | MAE=0.949 | MAPE=1.20%
16:17:41 |  Iter-03 | MAE=0.833 | MAPE=1.05%
16:17:44 |  Iter-03 | MAE=0.721 | MAPE=0.92%
16:19:57 |  Iter-03 | MAE=0.820 | MAPE=1.04%
16:26:16 |  Iter-04 | MAE=2.283 | MAPE=2.85%
16:26:31 |  Iter-04 | MAE=1.887 | MAPE=2.36%
16:27:30 |  Iter-04 | MAE=2.252 | MAPE=2.82%
16:29:27 |  Iter-04 | MAE=1.700 | MAPE=2.12%
16:35:20 |  Iter-05 | MAE=1.051 | MAPE=1.30%
16:35:39 |  Iter-05 | MAE=0.980 | MAPE=1.22%
16:36:30 |  Iter-05 | MAE=1.537 | MAPE=1.90%
16:38:56 |  Iter-05 | MAE=1.212 | MAPE=1.50%
16:44:32 |  Iter-06 | MAE=1.493 | MAPE=1.84%
16:44:51 |  Iter-06 | MAE=1.492 | MAPE=1.84%
16:45:09 |  Iter-06 | MAE=0.615 | MAPE=0.76%
16:48:15 |  Iter-06 | MAE=0.971 | MAPE=1.20%
16:53:40 |  Iter-07 | MAE=0.817 | MAPE=1.01%
16:53:52 |  Iter-07 | MAE=0.760 | MAPE=0.93%
16:54:06 |  Iter-07 | MAE=0.749 | MAPE=0.92%
16:57:32 |  Iter-07 | MAE=0.779 | MAPE=0.95%
17:02:39 |  Iter-08 | MAE=1.410 | MAPE=1.76%
17:02:51 |  Iter-08 | MAE=1.419 | MAPE=1.78%
17:03:18 |  Iter-08 | MAE=1.324 | MAPE=1.65%
17:06:45 |  Iter-08 | MAE=1.576 | MAPE=1.98%
17:11:25 |  Iter-09 | MAE=2.985 | MAPE=3.78%
17:11:57 |  Iter-09 | MAE=2.632 | MAPE=3.33%
17:12:30 |  Iter-09 | MAE=2.860 | MAPE=3.62%
17:16:12 |  Iter-09 | MAE=2.905 | MAPE=3.67%
17:24:57 |  Iter-10 | MAE=2.469 | MAPE=3.19%
17:26:41 |  Iter-10 | MAE=2.598 | MAPE=3.36%
17:27:46 |  Iter-10 | MAE=2.424 | MAPE=3.13%
17:34:21 |  Iter-10 | MAE=2.551 | MAPE=3.29%
17:42:28 |  Iter-11 | MAE=0.708 | MAPE=0.91%
17:44:39 |  Iter-11 | MAE=0.823 | MAPE=1.07%
17:45:51 |  Iter-11 | MAE=0.720 | MAPE=0.93%
17:52:27 |  Iter-11 | MAE=0.650 | MAPE=0.84%
17:59:59 |  Iter-12 | MAE=1.508 | MAPE=1.97%
18:02:55 |  Iter-12 | MAE=1.982 | MAPE=2.58%
18:04:13 |  Iter-12 | MAE=1.996 | MAPE=2.60%
18:10:14 |  Iter-12 | MAE=1.862 | MAPE=2.43%
18:17:29 |  Iter-13 | MAE=2.562 | MAPE=3.18%
18:21:13 |  Iter-13 | MAE=2.238 | MAPE=2.79%
18:22:34 |  Iter-13 | MAE=2.322 | MAPE=2.89%
18:27:53 |  Iter-13 | MAE=2.738 | MAPE=3.40%
18:35:48 |  Iter-14 | MAE=3.420 | MAPE=4.24%
18:39:57 |  Iter-14 | MAE=3.108 | MAPE=3.85%
18:41:25 |  Iter-14 | MAE=3.249 | MAPE=4.03%
18:45:39 |  Iter-14 | MAE=3.331 | MAPE=4.13%
18:54:18 |  Iter-15 | MAE=0.899 | MAPE=1.12%
18:58:39 |  Iter-15 | MAE=1.080 | MAPE=1.35%
19:00:06 |  Iter-15 | MAE=1.055 | MAPE=1.32%
19:03:36 |  Iter-15 | MAE=0.775 | MAPE=0.96%
19:12:33 |  Iter-16 | MAE=3.085 | MAPE=3.79%
19:16:29 |  Iter-16 | MAE=2.588 | MAPE=3.18%
19:17:54 |  Iter-16 | MAE=3.210 | MAPE=3.95%
19:21:48 |  Iter-16 | MAE=2.541 | MAPE=3.12%
19:30:57 |  Iter-17 | MAE=1.736 | MAPE=2.22%
19:34:12 |  Iter-17 | MAE=1.858 | MAPE=2.37%
19:35:38 |  Iter-17 | MAE=1.884 | MAPE=2.41%
19:40:21 |  Iter-17 | MAE=1.863 | MAPE=2.38%
19:49:41 |  Iter-18 | MAE=1.250 | MAPE=1.58%
19:51:55 |  Iter-18 | MAE=1.393 | MAPE=1.75%
19:53:22 |  Iter-18 | MAE=1.478 | MAPE=1.86%
19:59:05 |  Iter-18 | MAE=1.506 | MAPE=1.89%
20:08:26 |  Iter-19 | MAE=0.940 | MAPE=1.17%
20:10:28 |  Iter-19 | MAE=1.186 | MAPE=1.49%
20:12:24 |  Iter-19 | MAE=1.086 | MAPE=1.36%
20:17:46 |  Iter-19 | MAE=1.042 | MAPE=1.31%
20:27:07 |  Iter-20 | MAE=2.773 | MAPE=3.62%
20:29:56 |  Iter-20 | MAE=2.384 | MAPE=3.11%
20:31:55 |  Iter-20 | MAE=2.947 | MAPE=3.84%
20:36:20 |  Iter-20 | MAE=2.731 | MAPE=3.56%
20:45:36 |  Iter-21 | MAE=3.188 | MAPE=4.30%
20:49:23 |  Iter-21 | MAE=3.119 | MAPE=4.20%
20:51:35 |  Iter-21 | MAE=3.820 | MAPE=5.14%
20:54:43 |  Iter-21 | MAE=3.362 | MAPE=4.53%
21:04:02 |  Iter-22 | MAE=1.568 | MAPE=2.15%
21:09:48 |  Iter-22 | MAE=1.903 | MAPE=2.61%
21:12:04 |  Iter-22 | MAE=1.989 | MAPE=2.72%
21:12:58 |  Iter-22 | MAE=1.357 | MAPE=1.86%
21:22:16 |  Iter-23 | MAE=1.943 | MAPE=2.72%
21:30:17 |  Iter-23 | MAE=1.648 | MAPE=2.31%
21:32:38 |  Iter-23 | MAE=1.953 | MAPE=2.73%
21:32:40 |  Iter-23 | MAE=2.500 | MAPE=3.49%
21:40:30 |  Iter-24 | MAE=0.896 | MAPE=1.26%
21:50:48 |  Iter-24 | MAE=0.903 | MAPE=1.27%
21:51:19 |  Iter-24 | MAE=0.876 | MAPE=1.23%
21:53:13 |  Iter-24 | MAE=0.844 | MAPE=1.18%
21:58:44 |  Iter-25 | MAE=2.030 | MAPE=2.81%
22:10:02 |  Iter-25 | MAE=2.738 | MAPE=3.79%
22:11:17 |  Iter-25 | MAE=2.228 | MAPE=3.09%
22:13:47 |  Iter-25 | MAE=2.375 | MAPE=3.29%
22:16:59 |  Iter-26 | MAE=1.505 | MAPE=2.10%
22:28:12 |  Iter-26 | MAE=1.433 | MAPE=2.00%
22:31:47 |  Iter-26 | MAE=1.366 | MAPE=1.90%
22:34:20 |  Iter-26 | MAE=1.662 | MAPE=2.32%
22:35:13 |  Iter-27 | MAE=1.176 | MAPE=1.60%
22:46:01 |  Iter-27 | MAE=1.183 | MAPE=1.61%
22:52:15 |  Iter-27 | MAE=1.226 | MAPE=1.66%
22:53:28 |  Iter-28 | MAE=1.278 | MAPE=1.72%
22:54:50 |  Iter-27 | MAE=1.132 | MAPE=1.54%
23:03:30 |  Iter-28 | MAE=1.261 | MAPE=1.69%
23:11:59 |  Iter-29 | MAE=1.791 | MAPE=2.40%
23:12:35 |  Iter-28 | MAE=1.245 | MAPE=1.68%
23:15:14 |  Iter-28 | MAE=1.318 | MAPE=1.76%
23:21:33 |  Iter-29 | MAE=1.552 | MAPE=2.07%
23:30:30 |  Iter-30 | MAE=2.627 | MAPE=3.50%
23:33:40 |  Iter-29 | MAE=1.737 | MAPE=2.32%
23:36:19 |  Iter-29 | MAE=1.606 | MAPE=2.16%
23:40:23 |  Iter-30 | MAE=2.611 | MAPE=3.49%
23:48:59 |  Iter-31 | MAE=10.453 | MAPE=11.59%
23:54:46 |  Iter-30 | MAE=2.614 | MAPE=3.48%
23:57:28 |  Iter-30 | MAE=2.637 | MAPE=3.52%
00:00:09 |  Iter-31 | MAE=10.404 | MAPE=11.53%
00:07:26 |  Iter-32 | MAE=26.774 | MAPE=22.58%
00:15:52 |  Iter-31 | MAE=10.149 | MAPE=11.23%
00:20:20 |  Iter-32 | MAE=27.024 | MAPE=22.82%
00:24:06 |  Iter-31 | MAE=10.541 | MAPE=11.67%
00:25:52 |  Iter-33 | MAE=32.095 | MAPE=23.20%
00:36:57 |  Iter-32 | MAE=26.782 | MAPE=22.60%
00:40:55 |  Iter-33 | MAE=31.669 | MAPE=22.89%
00:44:13 |  Iter-34 | MAE=22.110 | MAPE=14.70%
00:45:15 |  Iter-32 | MAE=26.983 | MAPE=22.79%
00:58:03 |  Iter-33 | MAE=34.126 | MAPE=24.73%
01:02:35 |  Iter-35 | MAE=12.210 | MAPE=8.62%
01:03:49 |  Iter-34 | MAE=19.963 | MAPE=13.22%
01:06:24 |  Iter-33 | MAE=32.965 | MAPE=23.86%
01:18:42 |  Iter-34 | MAE=22.017 | MAPE=14.63%
01:22:03 |  Iter-36 | MAE=6.615 | MAPE=4.88%
01:24:43 |  Iter-35 | MAE=12.784 | MAPE=9.08%
01:26:19 |  Iter-34 | MAE=21.774 | MAPE=14.47%
01:38:14 |  Iter-35 | MAE=11.700 | MAPE=8.22%
01:40:17 |  Iter-37 | MAE=11.732 | MAPE=9.16%
01:45:36 |  Iter-36 | MAE=6.503 | MAPE=4.78%
01:45:54 |  Iter-35 | MAE=11.924 | MAPE=8.36%
01:57:45 |  Iter-36 | MAE=7.302 | MAPE=5.25%
01:58:31 |  Iter-38 | MAE=5.858 | MAPE=4.76%
02:05:29 |  Iter-36 | MAE=6.917 | MAPE=5.05%
02:06:29 |  Iter-37 | MAE=11.851 | MAPE=9.26%
02:16:42 |  Iter-39 | MAE=6.124 | MAPE=4.70%
02:16:42 | 
 OVERALL: MAE=4.876, MAPE=4.54%, R2=0.8264 (37504.3s)
02:16:42 | Saved model checkpoint: /data/quyhv/oil_forecast_tail_risk/results_v4/walkforward/GUMNet_RL/XANG_H10_seed2025/model_checkpoint.pth
02:16:42 | Saved processor/scaler: /data/quyhv/oil_forecast_tail_risk/results_v4/walkforward/GUMNet_RL/XANG_H10_seed2025/processor.pkl
02:17:17 |  Iter-37 | MAE=12.030 | MAPE=9.42%
02:25:10 |  Iter-37 | MAE=11.156 | MAPE=8.69%
02:27:15 |  Iter-38 | MAE=5.680 | MAPE=4.61%
02:36:54 |  Iter-38 | MAE=5.812 | MAPE=4.72%
02:44:41 |  Iter-38 | MAE=5.964 | MAPE=4.84%
02:48:11 |  Iter-39 | MAE=6.902 | MAPE=5.29%
02:48:11 | 
 OVERALL: MAE=4.856, MAPE=4.53%, R2=0.8292 (39393.2s)
02:48:11 | Saved model checkpoint: /data/quyhv/oil_forecast_tail_risk/results_v4/walkforward/GUMNet_RL/XANG_H10_seed123/model_checkpoint.pth
02:48:11 | Saved processor/scaler: /data/quyhv/oil_forecast_tail_risk/results_v4/walkforward/GUMNet_RL/XANG_H10_seed123/processor.pkl
02:55:12 |  Iter-39 | MAE=6.403 | MAPE=4.91%
02:55:12 | 
 OVERALL: MAE=4.938, MAPE=4.58%, R2=0.8201 (39813.7s)
02:55:12 | Saved model checkpoint: /data/quyhv/oil_forecast_tail_risk/results_v4/walkforward/GUMNet_RL/XANG_H10_seed9999/model_checkpoint.pth
02:55:12 | Saved processor/scaler: /data/quyhv/oil_forecast_tail_risk/results_v4/walkforward/GUMNet_RL/XANG_H10_seed9999/processor.pkl
03:03:37 |  Iter-39 | MAE=6.282 | MAPE=4.81%
03:03:37 | 
 OVERALL: MAE=4.946, MAPE=4.62%, R2=0.8242 (40319.1s)
03:03:37 | Saved model checkpoint: /data/quyhv/oil_forecast_tail_risk/results_v4/walkforward/GUMNet_RL/XANG_H10_seed777/model_checkpoint.pth
03:03:37 | Saved processor/scaler: /data/quyhv/oil_forecast_tail_risk/results_v4/walkforward/GUMNet_RL/XANG_H10_seed777/processor.pkl
