15:07:58 | ================================================================================
15:07:58 |  GUMNet_RL | XANG | H60 | walkforward | seed=9999
15:07:58 | ================================================================================
15:07:58 | ================================================================================
15:07:58 |  GUMNet_RL | XANG | H60 | walkforward | seed=777
15:07:58 | ================================================================================
15:07:58 | Data: 4513 rows | Features: 19
15:07:58 | Data: 4513 rows | Features: 19
16:39:31 |  Iter-01 | MAE=8.590 | MAPE=8.66%
16:39:35 |  Iter-01 | MAE=5.977 | MAPE=5.99%
18:10:43 |  Iter-02 | MAE=5.776 | MAPE=5.60%
18:10:58 |  Iter-02 | MAE=7.245 | MAPE=7.06%
19:41:52 |  Iter-03 | MAE=5.248 | MAPE=5.19%
19:42:11 |  Iter-03 | MAE=4.782 | MAPE=4.67%
21:15:38 |  Iter-04 | MAE=7.887 | MAPE=8.54%
21:16:11 |  Iter-04 | MAE=10.472 | MAPE=11.42%
22:49:42 |  Iter-05 | MAE=4.853 | MAPE=5.34%
22:50:15 |  Iter-05 | MAE=4.069 | MAPE=4.48%
00:23:36 |  Iter-06 | MAE=3.229 | MAPE=3.49%
00:24:39 |  Iter-06 | MAE=4.360 | MAPE=4.69%
01:57:39 |  Iter-07 | MAE=6.453 | MAPE=7.65%
01:59:04 |  Iter-07 | MAE=3.553 | MAPE=3.97%
03:33:11 |  Iter-08 | MAE=6.454 | MAPE=7.89%
03:34:52 |  Iter-08 | MAE=4.996 | MAPE=6.12%
05:08:56 |  Iter-09 | MAE=2.921 | MAPE=3.64%
05:11:16 |  Iter-09 | MAE=2.395 | MAPE=2.91%
06:44:45 |  Iter-10 | MAE=1.932 | MAPE=2.33%
06:48:34 |  Iter-10 | MAE=2.786 | MAPE=3.34%
08:20:31 |  Iter-11 | MAE=1.652 | MAPE=2.00%
08:23:57 |  Iter-11 | MAE=5.852 | MAPE=7.06%
09:59:01 |  Iter-12 | MAE=9.980 | MAPE=11.82%
10:02:14 |  Iter-12 | MAE=10.844 | MAPE=12.84%
11:36:25 |  Iter-13 | MAE=4.468 | MAPE=5.25%
11:39:44 |  Iter-13 | MAE=4.444 | MAPE=5.20%
13:12:01 |  Iter-14 | MAE=4.122 | MAPE=5.08%
14:47:32 |  Iter-15 | MAE=2.764 | MAPE=3.45%
16:24:38 |  Iter-16 | MAE=3.775 | MAPE=4.98%
18:02:13 |  Iter-17 | MAE=2.517 | MAPE=3.22%
19:40:38 |  Iter-18 | MAE=4.187 | MAPE=5.17%
21:21:30 |  Iter-19 | MAE=2.856 | MAPE=3.47%
23:02:50 |  Iter-20 | MAE=1.313 | MAPE=1.66%
00:43:50 |  Iter-21 | MAE=1.472 | MAPE=1.86%
02:24:49 |  Iter-22 | MAE=4.877 | MAPE=6.08%
04:05:40 |  Iter-23 | MAE=2.724 | MAPE=3.49%
05:46:27 |  Iter-24 | MAE=3.348 | MAPE=4.21%
07:27:18 |  Iter-25 | MAE=2.889 | MAPE=3.94%
09:07:23 |  Iter-26 | MAE=5.516 | MAPE=6.89%
10:48:33 |  Iter-27 | MAE=27.018 | MAPE=21.34%
12:29:27 |  Iter-28 | MAE=38.935 | MAPE=29.26%
12:29:27 | 
 OVERALL: MAE=6.349, MAPE=6.48%, R2=0.0005 (163293.0s)
12:29:27 | Saved model checkpoint: /data/quyhv/oil_forecast_tail_risk/results_v4/walkforward/GUMNet_RL/XANG_H60_seed777/model_checkpoint.pth
12:29:27 | Saved processor/scaler: /data/quyhv/oil_forecast_tail_risk/results_v4/walkforward/GUMNet_RL/XANG_H60_seed777/processor.pkl
