01:00:43 | ================================================================================
01:00:43 |  TimeMixer | XANG | H7 | walkforward | seed=777
01:00:43 | ================================================================================
01:00:43 | Data: 4513 rows | Features: 16
01:02:25 |  Iter-01 | MAE=0.912 | MAPE=1.18%
01:04:20 |  Iter-02 | MAE=0.838 | MAPE=1.09%
01:06:03 |  Iter-03 | MAE=3.748 | MAPE=4.64%
01:07:48 |  Iter-04 | MAE=0.958 | MAPE=1.20%
01:09:27 |  Iter-05 | MAE=0.868 | MAPE=1.06%
01:11:13 |  Iter-06 | MAE=1.247 | MAPE=1.60%
01:13:02 |  Iter-07 | MAE=1.393 | MAPE=1.74%
01:15:20 |  Iter-08 | MAE=1.582 | MAPE=2.11%
01:17:03 |  Iter-09 | MAE=0.818 | MAPE=1.12%
01:18:45 |  Iter-10 | MAE=0.902 | MAPE=1.27%
01:20:25 |  Iter-11 | MAE=2.558 | MAPE=3.54%
01:22:15 |  Iter-12 | MAE=0.700 | MAPE=0.97%
01:24:08 |  Iter-13 | MAE=1.153 | MAPE=1.57%
01:26:07 |  Iter-14 | MAE=2.069 | MAPE=2.72%
01:27:56 |  Iter-15 | MAE=3.637 | MAPE=4.62%
01:29:42 |  Iter-16 | MAE=16.951 | MAPE=16.05%
01:31:35 |  Iter-17 | MAE=10.878 | MAPE=7.75%
01:33:28 |  Iter-18 | MAE=11.705 | MAPE=8.22%
01:35:13 |  Iter-19 | MAE=6.448 | MAPE=4.45%
01:36:59 |  Iter-20 | MAE=14.507 | MAPE=11.56%
01:38:46 |  Iter-21 | MAE=6.456 | MAPE=5.06%
01:38:46 | 
 OVERALL: MAE=4.301, MAPE=3.98%, R2=0.9153 (2283.0s)
01:38:46 | Saved model checkpoint: /data/quyhv/oil_forecast_tail_risk/results_v4/walkforward/TimeMixer/XANG_H7_seed777/model_checkpoint.pth
01:38:46 | Saved processor/scaler: /data/quyhv/oil_forecast_tail_risk/results_v4/walkforward/TimeMixer/XANG_H7_seed777/processor.pkl
