09:08:00 | ================================================================================
09:08:00 |  TimeMixer | XANG | H60 | walkforward | seed=2025
09:08:00 | ================================================================================
09:08:00 | Data: 4513 rows | Features: 19
09:14:45 |  Iter-01 | MAE=10.443 | MAPE=10.48%
09:21:26 |  Iter-02 | MAE=15.499 | MAPE=15.06%
09:28:08 |  Iter-03 | MAE=11.152 | MAPE=11.12%
09:34:59 |  Iter-04 | MAE=3.905 | MAPE=4.17%
09:41:50 |  Iter-05 | MAE=4.024 | MAPE=4.27%
09:48:41 |  Iter-06 | MAE=5.133 | MAPE=5.60%
09:55:30 |  Iter-07 | MAE=6.196 | MAPE=7.28%
10:02:27 |  Iter-08 | MAE=4.213 | MAPE=5.12%
10:09:25 |  Iter-09 | MAE=5.210 | MAPE=6.46%
10:16:23 |  Iter-10 | MAE=2.576 | MAPE=3.07%
10:23:21 |  Iter-11 | MAE=2.592 | MAPE=3.14%
10:30:28 |  Iter-12 | MAE=8.834 | MAPE=10.51%
10:37:33 |  Iter-13 | MAE=2.963 | MAPE=3.56%
10:44:40 |  Iter-14 | MAE=4.817 | MAPE=5.88%
10:51:52 |  Iter-15 | MAE=3.031 | MAPE=3.80%
10:59:10 |  Iter-16 | MAE=4.804 | MAPE=6.16%
11:06:28 |  Iter-17 | MAE=5.173 | MAPE=6.47%
11:13:51 |  Iter-18 | MAE=4.742 | MAPE=5.88%
11:21:21 |  Iter-19 | MAE=2.337 | MAPE=2.86%
11:28:54 |  Iter-20 | MAE=1.517 | MAPE=1.92%
11:36:30 |  Iter-21 | MAE=2.601 | MAPE=3.28%
11:44:05 |  Iter-22 | MAE=3.304 | MAPE=4.11%
11:51:48 |  Iter-23 | MAE=3.877 | MAPE=4.83%
11:59:31 |  Iter-24 | MAE=7.750 | MAPE=9.83%
12:07:30 |  Iter-25 | MAE=4.154 | MAPE=5.60%
12:15:40 |  Iter-26 | MAE=2.938 | MAPE=3.73%
12:24:08 |  Iter-27 | MAE=22.115 | MAPE=16.72%
12:32:37 |  Iter-28 | MAE=36.772 | MAPE=27.38%
12:32:37 | 
 OVERALL: MAE=6.881, MAPE=7.08%, R2=0.0240 (12277.6s)
12:32:37 | Saved model checkpoint: /data/quyhv/oil_forecast_tail_risk/results_v4/walkforward/TimeMixer/XANG_H60_seed2025/model_checkpoint.pth
12:32:37 | Saved processor/scaler: /data/quyhv/oil_forecast_tail_risk/results_v4/walkforward/TimeMixer/XANG_H60_seed2025/processor.pkl
