05:23:03 | ================================================================================
05:23:03 |  TimeMixer | XANG | H60 | walkforward | seed=9999
05:23:03 | ================================================================================
05:23:03 | Data: 4513 rows | Features: 19
05:29:49 |  Iter-01 | MAE=11.427 | MAPE=11.47%
05:36:30 |  Iter-02 | MAE=15.556 | MAPE=15.10%
05:43:05 |  Iter-03 | MAE=3.303 | MAPE=3.25%
05:49:48 |  Iter-04 | MAE=6.764 | MAPE=7.33%
05:56:31 |  Iter-05 | MAE=3.934 | MAPE=4.29%
06:03:16 |  Iter-06 | MAE=4.774 | MAPE=5.15%
06:10:07 |  Iter-07 | MAE=4.380 | MAPE=5.19%
06:17:09 |  Iter-08 | MAE=3.307 | MAPE=3.97%
06:24:09 |  Iter-09 | MAE=2.870 | MAPE=3.54%
06:31:02 |  Iter-10 | MAE=4.194 | MAPE=5.05%
06:37:53 |  Iter-11 | MAE=1.962 | MAPE=2.38%
06:44:52 |  Iter-12 | MAE=6.035 | MAPE=7.18%
06:51:50 |  Iter-13 | MAE=3.554 | MAPE=4.25%
06:58:52 |  Iter-14 | MAE=3.926 | MAPE=4.81%
07:05:56 |  Iter-15 | MAE=3.203 | MAPE=4.06%
07:13:05 |  Iter-16 | MAE=2.878 | MAPE=3.76%
07:20:15 |  Iter-17 | MAE=7.319 | MAPE=9.20%
07:27:33 |  Iter-18 | MAE=6.104 | MAPE=7.60%
07:34:59 |  Iter-19 | MAE=4.196 | MAPE=5.17%
07:42:24 |  Iter-20 | MAE=2.773 | MAPE=3.46%
07:49:51 |  Iter-21 | MAE=3.901 | MAPE=4.90%
07:57:19 |  Iter-22 | MAE=2.338 | MAPE=2.91%
08:04:58 |  Iter-23 | MAE=2.244 | MAPE=2.80%
08:12:36 |  Iter-24 | MAE=5.746 | MAPE=7.23%
08:20:14 |  Iter-25 | MAE=4.997 | MAPE=6.74%
08:27:50 |  Iter-26 | MAE=3.335 | MAPE=4.18%
08:35:51 |  Iter-27 | MAE=24.050 | MAPE=18.15%
08:44:09 |  Iter-28 | MAE=37.505 | MAPE=28.21%
08:44:09 | 
 OVERALL: MAE=6.663, MAPE=6.83%, R2=-0.0067 (12066.1s)
08:44:09 | Saved model checkpoint: /data/quyhv/oil_forecast_tail_risk/results_v4/walkforward/TimeMixer/XANG_H60_seed9999/model_checkpoint.pth
08:44:09 | Saved processor/scaler: /data/quyhv/oil_forecast_tail_risk/results_v4/walkforward/TimeMixer/XANG_H60_seed9999/processor.pkl
