08:07:50 | ================================================================================
08:07:50 |  TimeMixer | XANG | H60 | walkforward | seed=123
08:07:50 | ================================================================================
08:07:50 | Data: 4513 rows | Features: 19
08:14:41 |  Iter-01 | MAE=13.101 | MAPE=13.15%
08:21:28 |  Iter-02 | MAE=14.882 | MAPE=14.46%
08:28:14 |  Iter-03 | MAE=12.439 | MAPE=12.34%
08:35:07 |  Iter-04 | MAE=2.413 | MAPE=2.52%
08:41:59 |  Iter-05 | MAE=5.142 | MAPE=5.64%
08:48:52 |  Iter-06 | MAE=2.761 | MAPE=3.01%
08:55:47 |  Iter-07 | MAE=4.305 | MAPE=4.93%
09:02:50 |  Iter-08 | MAE=4.100 | MAPE=5.02%
09:09:53 |  Iter-09 | MAE=2.535 | MAPE=3.11%
09:16:57 |  Iter-10 | MAE=5.432 | MAPE=6.55%
09:24:00 |  Iter-11 | MAE=2.402 | MAPE=2.92%
09:31:10 |  Iter-12 | MAE=5.212 | MAPE=6.22%
09:38:25 |  Iter-13 | MAE=1.735 | MAPE=2.08%
09:46:11 |  Iter-14 | MAE=2.844 | MAPE=3.37%
09:54:03 |  Iter-15 | MAE=2.444 | MAPE=3.11%
10:02:01 |  Iter-16 | MAE=2.628 | MAPE=3.38%
10:10:08 |  Iter-17 | MAE=7.680 | MAPE=9.64%
10:18:25 |  Iter-18 | MAE=3.323 | MAPE=4.11%
10:26:52 |  Iter-19 | MAE=5.819 | MAPE=7.22%
10:35:18 |  Iter-20 | MAE=3.447 | MAPE=4.38%
10:43:45 |  Iter-21 | MAE=5.812 | MAPE=7.29%
10:52:12 |  Iter-22 | MAE=5.994 | MAPE=7.49%
11:01:08 |  Iter-23 | MAE=2.699 | MAPE=3.37%
11:10:22 |  Iter-24 | MAE=4.564 | MAPE=5.76%
11:19:54 |  Iter-25 | MAE=4.277 | MAPE=5.81%
11:29:26 |  Iter-26 | MAE=2.864 | MAPE=3.55%
11:39:07 |  Iter-27 | MAE=22.199 | MAPE=16.76%
11:48:49 |  Iter-28 | MAE=39.530 | MAPE=29.75%
11:48:49 | 
 OVERALL: MAE=6.878, MAPE=7.03%, R2=-0.0315 (13259.0s)
11:48:49 | Saved model checkpoint: /data/quyhv/oil_forecast_tail_risk/results_v4/walkforward/TimeMixer/XANG_H60_seed123/model_checkpoint.pth
11:48:49 | Saved processor/scaler: /data/quyhv/oil_forecast_tail_risk/results_v4/walkforward/TimeMixer/XANG_H60_seed123/processor.pkl
