11:19:56 | ================================================================================
11:19:56 |  TimeMixer | XANG | H10 | walkforward | seed=777
11:19:56 | ================================================================================
11:19:56 | Data: 4513 rows | Features: 14
11:21:35 |  Iter-01 | MAE=1.524 | MAPE=1.90%
11:23:12 |  Iter-02 | MAE=1.130 | MAPE=1.45%
11:24:49 |  Iter-03 | MAE=0.993 | MAPE=1.27%
11:26:33 |  Iter-04 | MAE=1.237 | MAPE=1.54%
11:28:11 |  Iter-05 | MAE=1.113 | MAPE=1.38%
11:29:49 |  Iter-06 | MAE=2.313 | MAPE=2.86%
11:31:27 |  Iter-07 | MAE=0.966 | MAPE=1.18%
11:33:15 |  Iter-08 | MAE=1.531 | MAPE=1.88%
11:34:53 |  Iter-09 | MAE=3.215 | MAPE=4.07%
11:36:31 |  Iter-10 | MAE=2.092 | MAPE=2.69%
11:38:35 |  Iter-11 | MAE=1.181 | MAPE=1.53%
11:40:16 |  Iter-12 | MAE=1.416 | MAPE=1.84%
11:41:57 |  Iter-13 | MAE=2.912 | MAPE=3.63%
11:43:37 |  Iter-14 | MAE=4.126 | MAPE=5.12%
11:45:32 |  Iter-15 | MAE=1.107 | MAPE=1.38%
11:47:12 |  Iter-16 | MAE=2.486 | MAPE=3.06%
11:48:50 |  Iter-17 | MAE=2.147 | MAPE=2.74%
11:50:28 |  Iter-18 | MAE=1.517 | MAPE=1.91%
11:52:07 |  Iter-19 | MAE=1.335 | MAPE=1.68%
11:53:46 |  Iter-20 | MAE=2.946 | MAPE=3.82%
11:55:29 |  Iter-21 | MAE=2.607 | MAPE=3.51%
11:57:07 |  Iter-22 | MAE=0.985 | MAPE=1.35%
11:58:45 |  Iter-23 | MAE=1.507 | MAPE=2.11%
12:00:30 |  Iter-24 | MAE=1.387 | MAPE=1.94%
12:02:08 |  Iter-25 | MAE=2.402 | MAPE=3.33%
12:03:47 |  Iter-26 | MAE=1.383 | MAPE=1.93%
12:05:25 |  Iter-27 | MAE=1.225 | MAPE=1.70%
12:07:05 |  Iter-28 | MAE=1.087 | MAPE=1.46%
12:08:53 |  Iter-29 | MAE=1.748 | MAPE=2.36%
12:10:42 |  Iter-30 | MAE=2.621 | MAPE=3.50%
12:12:31 |  Iter-31 | MAE=11.418 | MAPE=12.72%
12:14:20 |  Iter-32 | MAE=26.835 | MAPE=22.66%
12:16:16 |  Iter-33 | MAE=45.241 | MAPE=33.09%
12:18:05 |  Iter-34 | MAE=19.636 | MAPE=13.03%
12:19:54 |  Iter-35 | MAE=18.116 | MAPE=13.07%
12:21:43 |  Iter-36 | MAE=6.137 | MAPE=4.63%
12:23:50 |  Iter-37 | MAE=13.338 | MAPE=10.22%
12:25:38 |  Iter-38 | MAE=10.471 | MAPE=8.47%
12:27:42 |  Iter-39 | MAE=6.506 | MAPE=5.03%
12:27:42 | 
 OVERALL: MAE=5.434, MAPE=4.95%, R2=0.7644 (4066.6s)
12:27:42 | Saved model checkpoint: /data/quyhv/oil_forecast_tail_risk/results_v4/walkforward/TimeMixer/XANG_H10_seed777/model_checkpoint.pth
12:27:42 | Saved processor/scaler: /data/quyhv/oil_forecast_tail_risk/results_v4/walkforward/TimeMixer/XANG_H10_seed777/processor.pkl
