09:56:19 | ================================================================================
09:56:19 |  TimeMixer | XANG | H60 | walkforward | seed=2025
09:56:19 | ================================================================================
09:56:19 | Data: 4513 rows | Features: 19
10:03:06 |  Iter-01 | MAE=10.443 | MAPE=10.48%
10:09:49 |  Iter-02 | MAE=15.499 | MAPE=15.06%
10:16:32 |  Iter-03 | MAE=11.152 | MAPE=11.12%
10:23:23 |  Iter-04 | MAE=3.905 | MAPE=4.17%
10:30:15 |  Iter-05 | MAE=4.024 | MAPE=4.27%
10:37:06 |  Iter-06 | MAE=5.133 | MAPE=5.60%
10:43:58 |  Iter-07 | MAE=6.196 | MAPE=7.28%
10:51:00 |  Iter-08 | MAE=4.213 | MAPE=5.12%
10:58:03 |  Iter-09 | MAE=5.210 | MAPE=6.46%
11:05:06 |  Iter-10 | MAE=2.576 | MAPE=3.07%
11:12:09 |  Iter-11 | MAE=2.592 | MAPE=3.14%
11:19:20 |  Iter-12 | MAE=8.834 | MAPE=10.51%
11:26:32 |  Iter-13 | MAE=2.963 | MAPE=3.56%
11:33:47 |  Iter-14 | MAE=4.817 | MAPE=5.88%
11:41:05 |  Iter-15 | MAE=3.031 | MAPE=3.80%
11:48:28 |  Iter-16 | MAE=4.804 | MAPE=6.16%
11:55:51 |  Iter-17 | MAE=5.173 | MAPE=6.47%
12:03:24 |  Iter-18 | MAE=4.742 | MAPE=5.88%
12:11:21 |  Iter-19 | MAE=2.337 | MAPE=2.86%
12:19:29 |  Iter-20 | MAE=1.517 | MAPE=1.92%
12:27:42 |  Iter-21 | MAE=2.601 | MAPE=3.28%
12:35:59 |  Iter-22 | MAE=3.304 | MAPE=4.11%
12:44:35 |  Iter-23 | MAE=3.877 | MAPE=4.83%
12:53:24 |  Iter-24 | MAE=7.750 | MAPE=9.83%
13:02:27 |  Iter-25 | MAE=4.154 | MAPE=5.60%
13:11:42 |  Iter-26 | MAE=2.938 | MAPE=3.73%
13:21:06 |  Iter-27 | MAE=22.115 | MAPE=16.72%
13:30:41 |  Iter-28 | MAE=36.772 | MAPE=27.38%
13:30:41 | 
 OVERALL: MAE=6.881, MAPE=7.08%, R2=0.0240 (12862.9s)
13:30:41 | Saved model checkpoint: /data/quyhv/oil_forecast_tail_risk/results_v4/walkforward/TimeMixer/XANG_H60_seed2025/model_checkpoint.pth
13:30:41 | Saved processor/scaler: /data/quyhv/oil_forecast_tail_risk/results_v4/walkforward/TimeMixer/XANG_H60_seed2025/processor.pkl
