05:26:19 | ================================================================================
05:26:19 |  TimeMixer | XANG | H60 | walkforward | seed=777
05:26:19 | ================================================================================
05:26:19 | Data: 4513 rows | Features: 19
05:33:03 |  Iter-01 | MAE=14.198 | MAPE=14.27%
05:39:39 |  Iter-02 | MAE=13.809 | MAPE=13.39%
05:46:15 |  Iter-03 | MAE=13.658 | MAPE=13.60%
05:52:59 |  Iter-04 | MAE=2.606 | MAPE=2.70%
05:59:43 |  Iter-05 | MAE=6.492 | MAPE=6.90%
06:06:29 |  Iter-06 | MAE=3.213 | MAPE=3.51%
06:13:13 |  Iter-07 | MAE=3.546 | MAPE=4.05%
06:20:13 |  Iter-08 | MAE=6.050 | MAPE=7.42%
06:27:13 |  Iter-09 | MAE=5.598 | MAPE=6.90%
06:34:05 |  Iter-10 | MAE=2.943 | MAPE=3.54%
06:40:57 |  Iter-11 | MAE=2.617 | MAPE=3.17%
06:47:56 |  Iter-12 | MAE=6.475 | MAPE=7.69%
06:54:59 |  Iter-13 | MAE=3.693 | MAPE=4.41%
07:02:02 |  Iter-14 | MAE=2.972 | MAPE=3.65%
07:09:06 |  Iter-15 | MAE=3.013 | MAPE=3.85%
07:16:17 |  Iter-16 | MAE=3.375 | MAPE=4.29%
07:23:28 |  Iter-17 | MAE=7.673 | MAPE=9.65%
07:30:48 |  Iter-18 | MAE=4.683 | MAPE=5.80%
07:38:14 |  Iter-19 | MAE=4.945 | MAPE=6.13%
07:45:40 |  Iter-20 | MAE=2.542 | MAPE=3.21%
07:53:09 |  Iter-21 | MAE=2.443 | MAPE=3.06%
08:00:38 |  Iter-22 | MAE=2.926 | MAPE=3.64%
08:08:15 |  Iter-23 | MAE=5.384 | MAPE=6.72%
08:15:53 |  Iter-24 | MAE=4.955 | MAPE=6.23%
08:23:43 |  Iter-25 | MAE=4.435 | MAPE=6.02%
08:31:42 |  Iter-26 | MAE=2.433 | MAPE=2.95%
08:39:48 |  Iter-27 | MAE=21.675 | MAPE=16.34%
08:47:56 |  Iter-28 | MAE=36.310 | MAPE=27.28%
08:47:56 | 
 OVERALL: MAE=6.952, MAPE=7.16%, R2=0.0234 (12097.7s)
08:47:56 | Saved model checkpoint: /data/quyhv/oil_forecast_tail_risk/results_v4/walkforward/TimeMixer/XANG_H60_seed777/model_checkpoint.pth
08:47:56 | Saved processor/scaler: /data/quyhv/oil_forecast_tail_risk/results_v4/walkforward/TimeMixer/XANG_H60_seed777/processor.pkl
