15:54:55 | ================================================================================
15:54:55 |  TimeMixer | DAU | H1 | walkforward | seed=777
15:54:55 | ================================================================================
15:54:56 | Data: 4513 rows | Features: 16
15:57:48 |  Iter-01 | MAE=1.236 | MAPE=1.50%
16:01:00 |  Iter-02 | MAE=0.249 | MAPE=0.30%
16:02:56 |  Iter-03 | MAE=1.266 | MAPE=1.55%
16:07:51 |  Iter-04 | MAE=1.298 | MAPE=1.62%
16:10:41 |  Iter-05 | MAE=0.042 | MAPE=0.05%
16:13:08 |  Iter-06 | MAE=0.667 | MAPE=0.83%
16:18:47 |  Iter-07 | MAE=1.667 | MAPE=2.11%
16:20:58 |  Iter-08 | MAE=0.256 | MAPE=0.32%
16:25:09 |  Iter-09 | MAE=0.323 | MAPE=0.40%
16:31:16 |  Iter-10 | MAE=0.316 | MAPE=0.39%
16:34:33 |  Iter-11 | MAE=0.260 | MAPE=0.32%
16:36:47 |  Iter-12 | MAE=0.776 | MAPE=0.96%
16:38:39 |  Iter-13 | MAE=0.996 | MAPE=1.26%
16:40:34 |  Iter-14 | MAE=0.344 | MAPE=0.43%
16:42:29 |  Iter-15 | MAE=0.766 | MAPE=0.95%
16:44:17 |  Iter-16 | MAE=0.500 | MAPE=0.62%
16:48:38 |  Iter-17 | MAE=0.660 | MAPE=0.83%
16:51:24 |  Iter-18 | MAE=0.878 | MAPE=1.13%
16:53:12 |  Iter-19 | MAE=0.180 | MAPE=0.23%
16:56:11 |  Iter-20 | MAE=1.915 | MAPE=2.48%
16:58:02 |  Iter-21 | MAE=0.251 | MAPE=0.33%
17:02:36 |  Iter-22 | MAE=1.129 | MAPE=1.42%
17:05:06 |  Iter-23 | MAE=0.834 | MAPE=1.04%
17:07:11 |  Iter-24 | MAE=0.635 | MAPE=0.78%
17:10:03 |  Iter-25 | MAE=0.488 | MAPE=0.59%
17:14:04 |  Iter-26 | MAE=1.729 | MAPE=2.12%
17:16:27 |  Iter-27 | MAE=1.423 | MAPE=1.74%
17:19:34 |  Iter-28 | MAE=0.341 | MAPE=0.42%
17:30:37 |  Iter-29 | MAE=0.338 | MAPE=0.41%
17:32:57 |  Iter-30 | MAE=1.293 | MAPE=1.54%
17:35:13 |  Iter-31 | MAE=1.889 | MAPE=2.21%
17:37:26 |  Iter-32 | MAE=0.556 | MAPE=0.66%
17:43:52 |  Iter-33 | MAE=0.918 | MAPE=1.07%
17:49:03 |  Iter-34 | MAE=1.382 | MAPE=1.64%
17:59:57 |  Iter-35 | MAE=0.218 | MAPE=0.25%
18:02:07 |  Iter-36 | MAE=1.440 | MAPE=1.63%
18:09:41 |  Iter-37 | MAE=1.237 | MAPE=1.39%
18:15:26 |  Iter-38 | MAE=1.826 | MAPE=2.10%
18:17:09 |  Iter-39 | MAE=1.992 | MAPE=2.31%
18:19:04 |  Iter-40 | MAE=1.701 | MAPE=1.94%
18:23:23 |  Iter-41 | MAE=0.049 | MAPE=0.06%
18:25:20 |  Iter-42 | MAE=1.841 | MAPE=2.07%
18:32:23 |  Iter-43 | MAE=1.347 | MAPE=1.54%
18:35:35 |  Iter-44 | MAE=0.180 | MAPE=0.20%
18:37:31 |  Iter-45 | MAE=1.005 | MAPE=1.13%
18:42:25 |  Iter-46 | MAE=0.764 | MAPE=0.86%
18:45:28 |  Iter-47 | MAE=0.874 | MAPE=1.01%
18:48:46 |  Iter-48 | MAE=0.450 | MAPE=0.52%
18:55:49 |  Iter-49 | MAE=0.854 | MAPE=0.99%
19:01:02 |  Iter-50 | MAE=0.541 | MAPE=0.63%
19:04:09 |  Iter-51 | MAE=3.451 | MAPE=3.78%
19:06:11 |  Iter-52 | MAE=0.075 | MAPE=0.08%
19:10:05 |  Iter-53 | MAE=0.465 | MAPE=0.51%
19:14:49 |  Iter-54 | MAE=0.761 | MAPE=0.83%
19:22:44 |  Iter-55 | MAE=0.663 | MAPE=0.72%
19:25:31 |  Iter-56 | MAE=1.157 | MAPE=1.25%
19:35:08 |  Iter-57 | MAE=0.294 | MAPE=0.32%
19:39:42 |  Iter-58 | MAE=22.266 | MAPE=19.39%
19:43:53 |  Iter-59 | MAE=13.363 | MAPE=10.64%
19:46:39 |  Iter-60 | MAE=15.041 | MAPE=10.51%
19:48:25 |  Iter-61 | MAE=17.273 | MAPE=11.31%
19:50:02 |  Iter-62 | MAE=0.997 | MAPE=0.64%
19:51:41 |  Iter-63 | MAE=27.607 | MAPE=14.93%
19:53:21 |  Iter-64 | MAE=27.397 | MAPE=17.03%
19:55:11 |  Iter-65 | MAE=4.756 | MAPE=2.90%
19:57:33 |  Iter-66 | MAE=27.402 | MAPE=14.13%
19:59:16 |  Iter-67 | MAE=5.675 | MAPE=2.95%
20:01:33 |  Iter-68 | MAE=11.804 | MAPE=6.20%
20:03:25 |  Iter-69 | MAE=10.099 | MAPE=5.11%
20:05:33 |  Iter-70 | MAE=3.728 | MAPE=1.88%
20:07:22 |  Iter-71 | MAE=14.002 | MAPE=6.25%
20:09:14 |  Iter-72 | MAE=3.556 | MAPE=1.60%
20:11:05 |  Iter-73 | MAE=11.587 | MAPE=4.78%
20:12:53 |  Iter-74 | MAE=7.871 | MAPE=3.59%
20:14:38 |  Iter-75 | MAE=18.554 | MAPE=9.05%
20:16:31 |  Iter-76 | MAE=2.580 | MAPE=1.19%
20:18:23 |  Iter-77 | MAE=18.528 | MAPE=7.81%
20:20:59 |  Iter-78 | MAE=7.390 | MAPE=2.94%
20:22:46 |  Iter-79 | MAE=16.146 | MAPE=6.77%
20:24:30 |  Iter-80 | MAE=5.445 | MAPE=2.22%
20:26:54 |  Iter-81 | MAE=48.050 | MAPE=16.44%
20:28:43 |  Iter-82 | MAE=20.318 | MAPE=7.59%
20:30:37 |  Iter-83 | MAE=24.215 | MAPE=9.96%
20:32:46 |  Iter-84 | MAE=59.948 | MAPE=31.38%
20:35:07 |  Iter-85 | MAE=7.205 | MAPE=3.43%
20:36:56 |  Iter-86 | MAE=4.014 | MAPE=2.12%
20:38:48 |  Iter-87 | MAE=4.765 | MAPE=2.47%
20:40:31 |  Iter-88 | MAE=11.945 | MAPE=6.66%
20:42:17 |  Iter-89 | MAE=18.592 | MAPE=11.29%
20:43:59 |  Iter-90 | MAE=1.807 | MAPE=1.08%
20:45:44 |  Iter-91 | MAE=5.557 | MAPE=3.38%
20:47:39 |  Iter-92 | MAE=12.587 | MAPE=8.49%
20:49:21 |  Iter-93 | MAE=3.902 | MAPE=2.71%
20:51:06 |  Iter-94 | MAE=10.016 | MAPE=6.28%
20:52:52 |  Iter-95 | MAE=0.341 | MAPE=0.20%
20:54:40 |  Iter-96 | MAE=2.675 | MAPE=1.62%
20:56:54 |  Iter-97 | MAE=0.299 | MAPE=0.18%
20:58:40 |  Iter-98 | MAE=5.602 | MAPE=3.51%
21:00:36 |  Iter-99 | MAE=0.332 | MAPE=0.20%
21:02:35 |  Iter-100 | MAE=6.183 | MAPE=3.60%
21:02:35 | 
 OVERALL: MAE=5.924, MAPE=3.47%, R2=0.9613 (18459.9s)
21:02:35 | Saved model checkpoint: /data/quyhv/oil_forecast_tail_risk/results_v4/walkforward/TimeMixer/DAU_H1_seed777/model_checkpoint.pth
21:02:35 | Saved processor/scaler: /data/quyhv/oil_forecast_tail_risk/results_v4/walkforward/TimeMixer/DAU_H1_seed777/processor.pkl
