00:55:13 | ================================================================================
00:55:13 |  TimeMixer | DAU | H7 | walkforward | seed=123
00:55:13 | ================================================================================
00:55:13 | Data: 4513 rows | Features: 17
00:56:53 |  Iter-01 | MAE=0.886 | MAPE=1.01%
00:58:27 |  Iter-02 | MAE=2.052 | MAPE=2.45%
01:00:06 |  Iter-03 | MAE=7.133 | MAPE=7.78%
01:01:43 |  Iter-04 | MAE=2.452 | MAPE=2.60%
01:03:26 |  Iter-05 | MAE=1.502 | MAPE=1.55%
01:05:06 |  Iter-06 | MAE=7.961 | MAPE=9.11%
01:06:52 |  Iter-07 | MAE=2.814 | MAPE=3.29%
01:08:32 |  Iter-08 | MAE=3.701 | MAPE=4.59%
01:10:18 |  Iter-09 | MAE=1.029 | MAPE=1.28%
01:12:00 |  Iter-10 | MAE=1.017 | MAPE=1.30%
01:13:44 |  Iter-11 | MAE=4.275 | MAPE=5.26%
01:15:29 |  Iter-12 | MAE=1.980 | MAPE=2.34%
01:17:10 |  Iter-13 | MAE=2.268 | MAPE=2.58%
01:18:52 |  Iter-14 | MAE=1.337 | MAPE=1.52%
01:20:36 |  Iter-15 | MAE=3.316 | MAPE=3.61%
01:22:21 |  Iter-16 | MAE=33.551 | MAPE=23.69%
01:24:02 |  Iter-17 | MAE=20.835 | MAPE=10.93%
01:25:44 |  Iter-18 | MAE=17.991 | MAPE=7.98%
01:27:32 |  Iter-19 | MAE=34.859 | MAPE=13.32%
01:29:12 |  Iter-20 | MAE=72.432 | MAPE=40.29%
01:30:57 |  Iter-21 | MAE=9.332 | MAPE=6.19%
01:30:57 | 
 OVERALL: MAE=11.082, MAPE=7.27%, R2=0.8194 (2143.7s)
01:30:57 | Saved model checkpoint: /data/quyhv/oil_forecast_tail_risk/results_v4/walkforward/TimeMixer/DAU_H7_seed123/model_checkpoint.pth
01:30:57 | Saved processor/scaler: /data/quyhv/oil_forecast_tail_risk/results_v4/walkforward/TimeMixer/DAU_H7_seed123/processor.pkl
