04:43:19 | ================================================================================
04:43:19 |  TimeMixer | XANG | H3 | walkforward | seed=123
04:43:19 | ================================================================================
04:43:19 | Data: 4513 rows | Features: 15
04:45:21 |  Iter-01 | MAE=0.384 | MAPE=0.49%
04:47:09 |  Iter-02 | MAE=3.193 | MAPE=4.28%
04:48:53 |  Iter-03 | MAE=0.672 | MAPE=0.92%
04:50:52 |  Iter-04 | MAE=0.992 | MAPE=1.35%
04:52:42 |  Iter-05 | MAE=0.612 | MAPE=0.84%
04:54:52 |  Iter-06 | MAE=0.880 | MAPE=1.23%
04:56:36 |  Iter-07 | MAE=1.016 | MAPE=1.44%
04:58:29 |  Iter-08 | MAE=1.178 | MAPE=1.62%
05:00:13 |  Iter-09 | MAE=2.314 | MAPE=3.23%
05:02:22 |  Iter-10 | MAE=0.699 | MAPE=0.97%
05:04:32 |  Iter-11 | MAE=0.644 | MAPE=0.90%
05:06:34 |  Iter-12 | MAE=1.269 | MAPE=1.73%
05:08:21 |  Iter-13 | MAE=2.482 | MAPE=3.44%
05:10:14 |  Iter-14 | MAE=1.400 | MAPE=1.89%
05:11:59 |  Iter-15 | MAE=2.287 | MAPE=2.98%
05:13:49 |  Iter-16 | MAE=2.941 | MAPE=4.02%
05:15:33 |  Iter-17 | MAE=1.578 | MAPE=2.07%
05:17:26 |  Iter-18 | MAE=1.368 | MAPE=1.71%
05:19:17 |  Iter-19 | MAE=0.775 | MAPE=0.96%
05:21:12 |  Iter-20 | MAE=16.810 | MAPE=17.17%
05:22:58 |  Iter-21 | MAE=32.816 | MAPE=25.65%
05:24:36 |  Iter-22 | MAE=15.743 | MAPE=12.67%
05:26:14 |  Iter-23 | MAE=6.641 | MAPE=4.66%
05:27:53 |  Iter-24 | MAE=6.363 | MAPE=4.14%
05:29:37 |  Iter-25 | MAE=17.416 | MAPE=12.42%
05:31:20 |  Iter-26 | MAE=7.358 | MAPE=5.45%
05:33:07 |  Iter-27 | MAE=4.383 | MAPE=3.03%
05:34:54 |  Iter-28 | MAE=13.141 | MAPE=10.24%
05:36:41 |  Iter-29 | MAE=9.604 | MAPE=7.28%
05:38:24 |  Iter-30 | MAE=8.250 | MAPE=6.70%
05:40:08 |  Iter-31 | MAE=2.519 | MAPE=2.05%
05:42:02 |  Iter-32 | MAE=5.640 | MAPE=4.42%
05:43:45 |  Iter-33 | MAE=3.074 | MAPE=2.36%
05:43:45 | 
 OVERALL: MAE=5.347, MAPE=4.68%, R2=0.8999 (3626.9s)
05:43:45 | Saved model checkpoint: /data/quyhv/oil_forecast_tail_risk/results_v4/walkforward/TimeMixer/XANG_H3_seed123/model_checkpoint.pth
05:43:45 | Saved processor/scaler: /data/quyhv/oil_forecast_tail_risk/results_v4/walkforward/TimeMixer/XANG_H3_seed123/processor.pkl
