05:57:05 | ================================================================================
05:57:05 |  TimeMixer | XANG | H3 | walkforward | seed=2025
05:57:05 | ================================================================================
05:57:05 | Data: 4513 rows | Features: 15
05:59:27 |  Iter-01 | MAE=0.374 | MAPE=0.48%
06:01:42 |  Iter-02 | MAE=3.081 | MAPE=4.13%
06:04:01 |  Iter-03 | MAE=0.695 | MAPE=0.95%
06:06:07 |  Iter-04 | MAE=0.900 | MAPE=1.22%
06:08:19 |  Iter-05 | MAE=0.531 | MAPE=0.73%
06:10:28 |  Iter-06 | MAE=0.873 | MAPE=1.22%
06:12:29 |  Iter-07 | MAE=0.982 | MAPE=1.40%
06:14:38 |  Iter-08 | MAE=0.882 | MAPE=1.22%
06:17:22 |  Iter-09 | MAE=2.102 | MAPE=2.93%
06:19:41 |  Iter-10 | MAE=0.686 | MAPE=0.95%
06:21:38 |  Iter-11 | MAE=0.677 | MAPE=0.94%
06:23:50 |  Iter-12 | MAE=1.400 | MAPE=1.90%
06:26:08 |  Iter-13 | MAE=2.878 | MAPE=3.99%
06:28:20 |  Iter-14 | MAE=1.374 | MAPE=1.85%
06:30:39 |  Iter-15 | MAE=2.560 | MAPE=3.33%
06:32:23 |  Iter-16 | MAE=3.940 | MAPE=5.38%
06:34:19 |  Iter-17 | MAE=1.442 | MAPE=1.90%
06:36:24 |  Iter-18 | MAE=0.976 | MAPE=1.22%
06:38:39 |  Iter-19 | MAE=1.105 | MAPE=1.37%
06:40:48 |  Iter-20 | MAE=17.148 | MAPE=17.53%
06:42:43 |  Iter-21 | MAE=26.521 | MAPE=20.50%
06:44:34 |  Iter-22 | MAE=15.689 | MAPE=12.58%
06:46:29 |  Iter-23 | MAE=6.179 | MAPE=4.26%
06:48:21 |  Iter-24 | MAE=7.361 | MAPE=4.73%
06:50:12 |  Iter-25 | MAE=17.417 | MAPE=12.56%
06:52:02 |  Iter-26 | MAE=5.033 | MAPE=3.70%
06:53:54 |  Iter-27 | MAE=4.220 | MAPE=2.91%
06:55:45 |  Iter-28 | MAE=14.301 | MAPE=11.11%
06:57:45 |  Iter-29 | MAE=12.291 | MAPE=9.30%
06:59:41 |  Iter-30 | MAE=11.383 | MAPE=9.23%
07:01:41 |  Iter-31 | MAE=2.133 | MAPE=1.76%
07:03:40 |  Iter-32 | MAE=6.667 | MAPE=5.21%
07:05:37 |  Iter-33 | MAE=2.933 | MAPE=2.26%
07:05:37 | 
 OVERALL: MAE=5.356, MAPE=4.69%, R2=0.9065 (4112.4s)
07:05:37 | Saved model checkpoint: /data/quyhv/oil_forecast_tail_risk/results_v4/walkforward/TimeMixer/XANG_H3_seed2025/model_checkpoint.pth
07:05:37 | Saved processor/scaler: /data/quyhv/oil_forecast_tail_risk/results_v4/walkforward/TimeMixer/XANG_H3_seed2025/processor.pkl
