14:36:54 | ================================================================================
14:36:54 |  Lag_Llama | XANG | H10 | walkforward | seed=123
14:36:54 | ================================================================================
14:36:55 | Data: 4513 rows | Features: 14
14:38:47 |  Iter-01 | MAE=2.352 | MAPE=2.95%
14:40:38 |  Iter-02 | MAE=1.818 | MAPE=2.33%
14:42:29 |  Iter-03 | MAE=0.862 | MAPE=1.09%
14:44:20 |  Iter-04 | MAE=1.848 | MAPE=2.30%
14:46:12 |  Iter-05 | MAE=1.249 | MAPE=1.55%
14:48:04 |  Iter-06 | MAE=2.250 | MAPE=2.78%
14:49:55 |  Iter-07 | MAE=1.079 | MAPE=1.34%
14:51:47 |  Iter-08 | MAE=1.195 | MAPE=1.47%
14:53:39 |  Iter-09 | MAE=2.488 | MAPE=3.15%
14:55:28 |  Iter-10 | MAE=1.629 | MAPE=2.09%
14:57:15 |  Iter-11 | MAE=0.854 | MAPE=1.11%
14:59:03 |  Iter-12 | MAE=1.084 | MAPE=1.42%
15:00:49 |  Iter-13 | MAE=2.545 | MAPE=3.17%
15:02:36 |  Iter-14 | MAE=3.789 | MAPE=4.70%
15:04:18 |  Iter-15 | MAE=0.833 | MAPE=1.03%
15:05:59 |  Iter-16 | MAE=1.809 | MAPE=2.22%
15:07:40 |  Iter-17 | MAE=2.639 | MAPE=3.36%
15:09:21 |  Iter-18 | MAE=1.391 | MAPE=1.76%
15:11:03 |  Iter-19 | MAE=1.078 | MAPE=1.35%
15:12:44 |  Iter-20 | MAE=2.057 | MAPE=2.69%
15:14:25 |  Iter-21 | MAE=3.205 | MAPE=4.32%
15:16:16 |  Iter-22 | MAE=0.774 | MAPE=1.06%
15:17:57 |  Iter-23 | MAE=1.166 | MAPE=1.63%
15:19:38 |  Iter-24 | MAE=1.103 | MAPE=1.55%
15:21:19 |  Iter-25 | MAE=2.102 | MAPE=2.91%
15:22:59 |  Iter-26 | MAE=0.869 | MAPE=1.21%
15:24:37 |  Iter-27 | MAE=1.091 | MAPE=1.48%
15:26:16 |  Iter-28 | MAE=1.616 | MAPE=2.16%
15:27:58 |  Iter-29 | MAE=1.484 | MAPE=1.95%
15:29:39 |  Iter-30 | MAE=2.985 | MAPE=3.94%
15:31:20 |  Iter-31 | MAE=12.199 | MAPE=13.63%
15:33:01 |  Iter-32 | MAE=26.317 | MAPE=22.13%
15:34:42 |  Iter-33 | MAE=30.958 | MAPE=22.32%
15:36:23 |  Iter-34 | MAE=22.913 | MAPE=15.25%
15:38:11 |  Iter-35 | MAE=14.860 | MAPE=10.43%
15:40:08 |  Iter-36 | MAE=14.284 | MAPE=10.70%
15:42:15 |  Iter-37 | MAE=14.716 | MAPE=11.55%
15:43:56 |  Iter-38 | MAE=7.681 | MAPE=6.24%
15:46:20 |  Iter-39 | MAE=8.301 | MAPE=6.39%
15:46:20 | 
 OVERALL: MAE=5.217, MAPE=4.74%, R2=0.8018 (4165.5s)
15:46:20 | Saved model checkpoint: /data/quyhv/oil_forecast_tail_risk/results_v4/walkforward/Lag_Llama/XANG_H10_seed123/model_checkpoint.pth
15:46:20 | Saved processor/scaler: /data/quyhv/oil_forecast_tail_risk/results_v4/walkforward/Lag_Llama/XANG_H10_seed123/processor.pkl
