18:04:50 | ================================================================================
18:04:50 |  Lag_Llama | XANG | H5 | walkforward | seed=777
18:04:50 | ================================================================================
18:04:51 | Data: 4513 rows | Features: 16
18:07:09 |  Iter-01 | MAE=1.645 | MAPE=2.19%
18:09:05 |  Iter-02 | MAE=0.564 | MAPE=0.77%
18:11:06 |  Iter-03 | MAE=0.734 | MAPE=1.01%
18:13:00 |  Iter-04 | MAE=1.175 | MAPE=1.66%
18:14:55 |  Iter-05 | MAE=2.222 | MAPE=3.06%
18:16:39 |  Iter-06 | MAE=0.915 | MAPE=1.28%
18:18:31 |  Iter-07 | MAE=0.722 | MAPE=1.00%
18:20:15 |  Iter-08 | MAE=1.106 | MAPE=1.52%
18:22:03 |  Iter-09 | MAE=1.905 | MAPE=2.49%
18:23:48 |  Iter-10 | MAE=3.330 | MAPE=4.57%
18:25:53 |  Iter-11 | MAE=6.049 | MAPE=7.64%
18:27:54 |  Iter-12 | MAE=10.016 | MAPE=10.26%
18:29:35 |  Iter-13 | MAE=21.105 | MAPE=16.42%
18:32:07 |  Iter-14 | MAE=10.985 | MAPE=7.62%
18:34:42 |  Iter-15 | MAE=7.660 | MAPE=4.95%
18:36:51 |  Iter-16 | MAE=5.131 | MAPE=3.80%
18:39:32 |  Iter-17 | MAE=8.359 | MAPE=5.91%
18:42:53 |  Iter-18 | MAE=12.359 | MAPE=9.81%
18:44:33 |  Iter-19 | MAE=3.388 | MAPE=2.69%
18:46:55 |  Iter-20 | MAE=4.930 | MAPE=3.73%
18:46:55 | 
 OVERALL: MAE=5.215, MAPE=4.62%, R2=0.9257 (2524.7s)
18:46:55 | Saved model checkpoint: /data/quyhv/oil_forecast_tail_risk/results_v4/walkforward/Lag_Llama/XANG_H5_seed777/model_checkpoint.pth
18:46:55 | Saved processor/scaler: /data/quyhv/oil_forecast_tail_risk/results_v4/walkforward/Lag_Llama/XANG_H5_seed777/processor.pkl
