02:55:18 | ================================================================================
02:55:18 |  Lag_Llama | XANG | H20 | walkforward | seed=9999
02:55:18 | ================================================================================
02:55:18 | Data: 4513 rows | Features: 14
02:59:29 |  Iter-01 | MAE=4.584 | MAPE=5.57%
03:03:40 |  Iter-02 | MAE=2.406 | MAPE=3.26%
03:07:51 |  Iter-03 | MAE=2.295 | MAPE=3.01%
03:12:01 |  Iter-04 | MAE=5.816 | MAPE=6.91%
03:16:11 |  Iter-05 | MAE=0.923 | MAPE=1.18%
03:20:26 |  Iter-06 | MAE=1.565 | MAPE=1.97%
03:24:40 |  Iter-07 | MAE=1.601 | MAPE=1.98%
03:28:54 |  Iter-08 | MAE=2.935 | MAPE=3.77%
03:33:09 |  Iter-09 | MAE=3.063 | MAPE=3.79%
03:37:27 |  Iter-10 | MAE=1.546 | MAPE=1.96%
03:41:50 |  Iter-11 | MAE=3.718 | MAPE=5.11%
03:46:14 |  Iter-12 | MAE=2.976 | MAPE=4.08%
03:50:33 |  Iter-13 | MAE=6.229 | MAPE=7.07%
03:54:56 |  Iter-14 | MAE=38.032 | MAPE=26.58%
04:03:05 |  Iter-15 | MAE=17.309 | MAPE=13.66%
04:03:05 | 
 OVERALL: MAE=6.333, MAPE=5.99%, R2=0.6262 (4067.0s)
04:03:05 | Saved model checkpoint: /data/quyhv/oil_forecast_tail_risk/results_v4/walkforward/Lag_Llama/XANG_H20_seed9999/model_checkpoint.pth
04:03:05 | Saved processor/scaler: /data/quyhv/oil_forecast_tail_risk/results_v4/walkforward/Lag_Llama/XANG_H20_seed9999/processor.pkl
