18:45:55 | ================================================================================
18:45:55 |  Lag_Llama | XANG | H60 | walkforward | seed=123
18:45:55 | ================================================================================
18:45:55 | Data: 4513 rows | Features: 19
18:52:38 |  Iter-01 | MAE=11.415 | MAPE=11.53%
18:59:16 |  Iter-02 | MAE=5.974 | MAPE=5.83%
19:05:54 |  Iter-03 | MAE=7.341 | MAPE=7.18%
19:12:33 |  Iter-04 | MAE=5.799 | MAPE=6.32%
19:19:12 |  Iter-05 | MAE=7.055 | MAPE=7.72%
19:25:51 |  Iter-06 | MAE=3.451 | MAPE=3.88%
19:32:30 |  Iter-07 | MAE=3.867 | MAPE=4.53%
19:39:16 |  Iter-08 | MAE=5.099 | MAPE=6.25%
19:46:02 |  Iter-09 | MAE=2.517 | MAPE=3.05%
19:52:49 |  Iter-10 | MAE=2.199 | MAPE=2.66%
19:59:35 |  Iter-11 | MAE=5.327 | MAPE=6.42%
20:06:11 |  Iter-12 | MAE=7.890 | MAPE=9.36%
20:12:47 |  Iter-13 | MAE=3.151 | MAPE=3.69%
20:19:23 |  Iter-14 | MAE=2.146 | MAPE=2.62%
20:26:00 |  Iter-15 | MAE=2.696 | MAPE=3.46%
20:32:47 |  Iter-16 | MAE=2.538 | MAPE=3.25%
20:39:43 |  Iter-17 | MAE=5.201 | MAPE=6.51%
20:46:47 |  Iter-18 | MAE=6.960 | MAPE=8.68%
20:53:57 |  Iter-19 | MAE=4.001 | MAPE=5.00%
21:01:06 |  Iter-20 | MAE=3.557 | MAPE=4.44%
21:08:16 |  Iter-21 | MAE=1.707 | MAPE=2.13%
21:15:27 |  Iter-22 | MAE=3.378 | MAPE=4.20%
21:22:42 |  Iter-23 | MAE=2.729 | MAPE=3.42%
21:29:41 |  Iter-24 | MAE=2.760 | MAPE=3.50%
21:36:28 |  Iter-25 | MAE=4.012 | MAPE=5.46%
21:43:09 |  Iter-26 | MAE=3.992 | MAPE=5.07%
21:49:57 |  Iter-27 | MAE=27.733 | MAPE=21.97%
21:56:44 |  Iter-28 | MAE=45.895 | MAPE=34.84%
21:56:45 | 
 OVERALL: MAE=6.800, MAPE=6.89%, R2=-0.1837 (11450.3s)
21:56:45 | Saved model checkpoint: /data/quyhv/oil_forecast_tail_risk/results_v4/walkforward/Lag_Llama/XANG_H60_seed123/model_checkpoint.pth
21:56:45 | Saved processor/scaler: /data/quyhv/oil_forecast_tail_risk/results_v4/walkforward/Lag_Llama/XANG_H60_seed123/processor.pkl
