15:46:51 | ================================================================================
15:46:51 |  Lag_Llama | XANG | H60 | walkforward | seed=777
15:46:51 | ================================================================================
15:46:51 | Data: 4513 rows | Features: 19
15:54:02 |  Iter-01 | MAE=10.417 | MAPE=10.48%
16:01:04 |  Iter-02 | MAE=6.806 | MAPE=6.64%
16:07:58 |  Iter-03 | MAE=6.609 | MAPE=6.45%
16:14:59 |  Iter-04 | MAE=4.906 | MAPE=5.30%
16:22:01 |  Iter-05 | MAE=9.239 | MAPE=10.08%
16:29:02 |  Iter-06 | MAE=4.590 | MAPE=4.96%
16:36:02 |  Iter-07 | MAE=2.924 | MAPE=3.29%
16:43:11 |  Iter-08 | MAE=6.010 | MAPE=7.36%
16:50:19 |  Iter-09 | MAE=2.476 | MAPE=2.98%
16:57:27 |  Iter-10 | MAE=3.947 | MAPE=4.74%
17:04:35 |  Iter-11 | MAE=5.088 | MAPE=6.16%
17:11:50 |  Iter-12 | MAE=6.259 | MAPE=7.44%
17:19:06 |  Iter-13 | MAE=2.370 | MAPE=2.81%
17:26:22 |  Iter-14 | MAE=2.390 | MAPE=2.87%
17:33:36 |  Iter-15 | MAE=3.775 | MAPE=4.92%
17:40:58 |  Iter-16 | MAE=3.409 | MAPE=4.36%
17:48:19 |  Iter-17 | MAE=4.334 | MAPE=5.43%
17:55:44 |  Iter-18 | MAE=6.292 | MAPE=7.83%
18:03:11 |  Iter-19 | MAE=8.382 | MAPE=10.45%
18:10:39 |  Iter-20 | MAE=1.642 | MAPE=2.08%
18:18:00 |  Iter-21 | MAE=3.376 | MAPE=4.25%
18:25:12 |  Iter-22 | MAE=3.370 | MAPE=4.19%
18:32:31 |  Iter-23 | MAE=2.613 | MAPE=3.28%
18:39:37 |  Iter-24 | MAE=5.354 | MAPE=6.83%
18:46:39 |  Iter-25 | MAE=7.202 | MAPE=9.79%
18:53:41 |  Iter-26 | MAE=3.997 | MAPE=5.04%
19:00:49 |  Iter-27 | MAE=29.193 | MAPE=23.37%
19:07:57 |  Iter-28 | MAE=45.075 | MAPE=34.06%
19:07:58 | 
 OVERALL: MAE=7.216, MAPE=7.41%, R2=-0.2159 (12066.9s)
19:07:58 | Saved model checkpoint: /data/quyhv/oil_forecast_tail_risk/results_v4/walkforward/Lag_Llama/XANG_H60_seed777/model_checkpoint.pth
19:07:58 | Saved processor/scaler: /data/quyhv/oil_forecast_tail_risk/results_v4/walkforward/Lag_Llama/XANG_H60_seed777/processor.pkl
