12:31:29 | ================================================================================
12:31:29 |  BiMamba | XANG | H10 | walkforward | seed=777
12:31:29 | ================================================================================
12:31:30 | Data: 4513 rows | Features: 14
12:34:47 |  Iter-01 | MAE=3.094 | MAPE=3.89%
12:38:03 |  Iter-02 | MAE=1.773 | MAPE=2.28%
12:41:20 |  Iter-03 | MAE=0.979 | MAPE=1.24%
12:44:35 |  Iter-04 | MAE=1.968 | MAPE=2.46%
12:47:55 |  Iter-05 | MAE=1.262 | MAPE=1.56%
12:51:13 |  Iter-06 | MAE=2.371 | MAPE=2.93%
12:54:30 |  Iter-07 | MAE=0.949 | MAPE=1.18%
12:57:45 |  Iter-08 | MAE=1.289 | MAPE=1.60%
13:00:59 |  Iter-09 | MAE=2.765 | MAPE=3.50%
13:04:19 |  Iter-10 | MAE=1.674 | MAPE=2.15%
13:08:05 |  Iter-11 | MAE=0.833 | MAPE=1.08%
13:11:24 |  Iter-12 | MAE=1.094 | MAPE=1.43%
13:14:42 |  Iter-13 | MAE=2.353 | MAPE=2.93%
13:18:03 |  Iter-14 | MAE=3.678 | MAPE=4.56%
13:21:27 |  Iter-15 | MAE=0.820 | MAPE=1.02%
13:24:50 |  Iter-16 | MAE=1.558 | MAPE=1.91%
13:28:11 |  Iter-17 | MAE=3.192 | MAPE=4.06%
13:31:35 |  Iter-18 | MAE=1.394 | MAPE=1.77%
13:34:58 |  Iter-19 | MAE=1.007 | MAPE=1.26%
13:38:21 |  Iter-20 | MAE=2.116 | MAPE=2.77%
13:41:45 |  Iter-21 | MAE=3.272 | MAPE=4.41%
13:45:06 |  Iter-22 | MAE=0.891 | MAPE=1.23%
13:48:30 |  Iter-23 | MAE=1.478 | MAPE=2.07%
13:51:47 |  Iter-24 | MAE=1.108 | MAPE=1.55%
13:55:03 |  Iter-25 | MAE=2.213 | MAPE=3.07%
13:58:20 |  Iter-26 | MAE=0.827 | MAPE=1.15%
14:01:36 |  Iter-27 | MAE=0.973 | MAPE=1.33%
14:04:52 |  Iter-28 | MAE=1.511 | MAPE=2.02%
14:08:10 |  Iter-29 | MAE=1.621 | MAPE=2.17%
14:11:29 |  Iter-30 | MAE=2.675 | MAPE=3.56%
14:14:47 |  Iter-31 | MAE=11.861 | MAPE=13.23%
14:18:06 |  Iter-32 | MAE=26.492 | MAPE=22.29%
14:21:21 |  Iter-33 | MAE=30.312 | MAPE=21.83%
14:25:10 |  Iter-34 | MAE=25.002 | MAPE=16.64%
14:28:18 |  Iter-35 | MAE=14.854 | MAPE=10.56%
14:31:23 |  Iter-36 | MAE=6.511 | MAPE=4.80%
14:34:29 |  Iter-37 | MAE=14.900 | MAPE=11.75%
14:37:33 |  Iter-38 | MAE=6.541 | MAPE=5.31%
14:40:40 |  Iter-39 | MAE=5.412 | MAPE=4.15%
14:40:40 | 
 OVERALL: MAE=4.990, MAPE=4.58%, R2=0.8137 (7750.9s)
14:40:40 | Saved model checkpoint: /data/quyhv/oil_forecast_tail_risk/results_v4/walkforward/BiMamba/XANG_H10_seed777/model_checkpoint.pth
14:40:40 | Saved processor/scaler: /data/quyhv/oil_forecast_tail_risk/results_v4/walkforward/BiMamba/XANG_H10_seed777/processor.pkl
