13:12:58 | ================================================================================
13:12:58 |  BiMamba | XANG | H10 | walkforward | seed=123
13:12:58 | ================================================================================
13:12:58 | Data: 4513 rows | Features: 14
13:16:17 |  Iter-01 | MAE=3.486 | MAPE=4.38%
13:19:34 |  Iter-02 | MAE=1.560 | MAPE=2.00%
13:22:52 |  Iter-03 | MAE=1.251 | MAPE=1.58%
13:26:10 |  Iter-04 | MAE=2.766 | MAPE=3.46%
13:29:27 |  Iter-05 | MAE=1.371 | MAPE=1.70%
13:32:45 |  Iter-06 | MAE=2.338 | MAPE=2.89%
13:36:03 |  Iter-07 | MAE=1.236 | MAPE=1.54%
13:39:20 |  Iter-08 | MAE=1.306 | MAPE=1.63%
13:42:38 |  Iter-09 | MAE=2.734 | MAPE=3.46%
13:45:54 |  Iter-10 | MAE=1.580 | MAPE=2.03%
13:49:14 |  Iter-11 | MAE=0.987 | MAPE=1.28%
13:52:34 |  Iter-12 | MAE=0.922 | MAPE=1.20%
13:55:52 |  Iter-13 | MAE=2.422 | MAPE=3.02%
13:59:15 |  Iter-14 | MAE=3.633 | MAPE=4.51%
14:02:40 |  Iter-15 | MAE=0.730 | MAPE=0.90%
14:06:02 |  Iter-16 | MAE=1.573 | MAPE=1.93%
14:09:26 |  Iter-17 | MAE=3.061 | MAPE=3.90%
14:12:50 |  Iter-18 | MAE=1.252 | MAPE=1.59%
14:16:14 |  Iter-19 | MAE=0.896 | MAPE=1.12%
14:19:38 |  Iter-20 | MAE=2.029 | MAPE=2.65%
14:23:05 |  Iter-21 | MAE=3.117 | MAPE=4.20%
14:26:30 |  Iter-22 | MAE=0.894 | MAPE=1.23%
14:29:53 |  Iter-23 | MAE=1.630 | MAPE=2.28%
14:33:18 |  Iter-24 | MAE=0.951 | MAPE=1.34%
14:36:42 |  Iter-25 | MAE=1.790 | MAPE=2.48%
14:39:58 |  Iter-26 | MAE=0.818 | MAPE=1.14%
14:43:14 |  Iter-27 | MAE=0.991 | MAPE=1.36%
14:46:32 |  Iter-28 | MAE=1.591 | MAPE=2.12%
14:49:53 |  Iter-29 | MAE=1.664 | MAPE=2.22%
14:53:28 |  Iter-30 | MAE=2.500 | MAPE=3.36%
14:56:46 |  Iter-31 | MAE=11.596 | MAPE=12.92%
15:00:03 |  Iter-32 | MAE=26.277 | MAPE=22.10%
15:04:07 |  Iter-33 | MAE=35.393 | MAPE=25.62%
15:07:14 |  Iter-34 | MAE=22.246 | MAPE=14.78%
15:10:23 |  Iter-35 | MAE=13.920 | MAPE=9.82%
15:13:29 |  Iter-36 | MAE=6.724 | MAPE=4.98%
15:16:38 |  Iter-37 | MAE=15.465 | MAPE=12.19%
15:19:46 |  Iter-38 | MAE=7.702 | MAPE=6.24%
15:22:54 |  Iter-39 | MAE=6.058 | MAPE=4.64%
15:22:54 | 
 OVERALL: MAE=5.089, MAPE=4.66%, R2=0.8039 (7796.0s)
15:22:54 | Saved model checkpoint: /data/quyhv/oil_forecast_tail_risk/results_v4/walkforward/BiMamba/XANG_H10_seed123/model_checkpoint.pth
15:22:54 | Saved processor/scaler: /data/quyhv/oil_forecast_tail_risk/results_v4/walkforward/BiMamba/XANG_H10_seed123/processor.pkl
