18:29:49 | ================================================================================
18:29:49 |  BiMamba | XANG | H1 | walkforward | seed=9999
18:29:49 | ================================================================================
18:29:49 | Data: 4513 rows | Features: 15
18:41:29 |  Iter-01 | MAE=0.295 | MAPE=0.38%
18:49:59 |  Iter-02 | MAE=0.204 | MAPE=0.26%
18:56:15 |  Iter-03 | MAE=0.402 | MAPE=0.51%
19:03:27 |  Iter-04 | MAE=2.573 | MAPE=3.42%
19:15:36 |  Iter-05 | MAE=0.415 | MAPE=0.56%
19:25:46 |  Iter-06 | MAE=0.733 | MAPE=0.99%
19:32:09 |  Iter-07 | MAE=1.207 | MAPE=1.65%
19:40:44 |  Iter-08 | MAE=0.451 | MAPE=0.61%
19:46:50 |  Iter-09 | MAE=1.197 | MAPE=1.62%
19:56:15 |  Iter-10 | MAE=0.970 | MAPE=1.31%
20:03:50 |  Iter-11 | MAE=0.479 | MAPE=0.65%
20:11:40 |  Iter-12 | MAE=0.693 | MAPE=0.95%
20:22:20 |  Iter-13 | MAE=0.553 | MAPE=0.76%
20:29:50 |  Iter-14 | MAE=0.378 | MAPE=0.52%
20:42:46 |  Iter-15 | MAE=0.033 | MAPE=0.04%
20:50:43 |  Iter-16 | MAE=0.424 | MAPE=0.58%
20:58:34 |  Iter-17 | MAE=0.548 | MAPE=0.76%
21:07:13 |  Iter-18 | MAE=1.332 | MAPE=1.88%
21:18:04 |  Iter-19 | MAE=0.158 | MAPE=0.22%
21:25:08 |  Iter-20 | MAE=0.775 | MAPE=1.10%
21:30:40 |  Iter-21 | MAE=1.145 | MAPE=1.62%
21:36:04 |  Iter-22 | MAE=0.903 | MAPE=1.25%
21:41:38 |  Iter-23 | MAE=1.295 | MAPE=1.79%
21:49:30 |  Iter-24 | MAE=0.353 | MAPE=0.48%
21:57:10 |  Iter-25 | MAE=1.545 | MAPE=2.13%
22:08:54 |  Iter-26 | MAE=1.958 | MAPE=2.72%
22:14:05 |  Iter-27 | MAE=0.384 | MAPE=0.54%
22:20:19 |  Iter-28 | MAE=0.264 | MAPE=0.37%
22:24:31 |  Iter-29 | MAE=0.582 | MAPE=0.81%
22:29:52 |  Iter-30 | MAE=0.410 | MAPE=0.57%
22:35:59 |  Iter-31 | MAE=0.419 | MAPE=0.58%
22:43:21 |  Iter-32 | MAE=0.657 | MAPE=0.91%
22:48:28 |  Iter-33 | MAE=0.931 | MAPE=1.27%
22:54:52 |  Iter-34 | MAE=1.444 | MAPE=2.03%
23:00:33 |  Iter-35 | MAE=0.199 | MAPE=0.27%
23:11:06 |  Iter-36 | MAE=0.525 | MAPE=0.70%
23:20:22 |  Iter-37 | MAE=1.265 | MAPE=1.70%
23:28:48 |  Iter-38 | MAE=3.501 | MAPE=4.88%
23:36:57 |  Iter-39 | MAE=2.385 | MAPE=3.31%
23:43:35 |  Iter-40 | MAE=1.416 | MAPE=1.92%
23:50:05 |  Iter-41 | MAE=0.502 | MAPE=0.68%
23:57:19 |  Iter-42 | MAE=0.821 | MAPE=1.10%
00:03:38 |  Iter-43 | MAE=1.394 | MAPE=1.84%
00:12:41 |  Iter-44 | MAE=1.189 | MAPE=1.53%
00:20:07 |  Iter-45 | MAE=0.576 | MAPE=0.75%
00:26:27 |  Iter-46 | MAE=0.928 | MAPE=1.22%
00:32:52 |  Iter-47 | MAE=2.296 | MAPE=3.16%
00:40:13 |  Iter-48 | MAE=0.218 | MAPE=0.30%
00:49:07 |  Iter-49 | MAE=0.828 | MAPE=1.14%
00:55:18 |  Iter-50 | MAE=0.209 | MAPE=0.29%
01:00:56 |  Iter-51 | MAE=2.701 | MAPE=3.50%
01:09:23 |  Iter-52 | MAE=1.233 | MAPE=1.56%
01:16:56 |  Iter-53 | MAE=0.792 | MAPE=1.01%
01:22:26 |  Iter-54 | MAE=2.239 | MAPE=2.79%
01:29:05 |  Iter-55 | MAE=1.459 | MAPE=1.82%
01:36:50 |  Iter-56 | MAE=0.979 | MAPE=1.22%
01:46:50 |  Iter-57 | MAE=0.457 | MAPE=0.57%
01:53:22 |  Iter-58 | MAE=10.715 | MAPE=11.71%
02:00:08 |  Iter-59 | MAE=7.660 | MAPE=7.89%
02:07:49 |  Iter-60 | MAE=4.750 | MAPE=4.64%
02:16:33 |  Iter-61 | MAE=20.620 | MAPE=18.99%
02:18:42 |  Iter-62 | MAE=8.009 | MAPE=6.78%
02:20:49 |  Iter-63 | MAE=26.086 | MAPE=18.20%
02:22:59 |  Iter-64 | MAE=21.510 | MAPE=17.46%
02:25:13 |  Iter-65 | MAE=2.005 | MAPE=1.65%
02:27:14 |  Iter-66 | MAE=14.540 | MAPE=10.65%
02:34:34 |  Iter-67 | MAE=5.330 | MAPE=3.73%
02:36:42 |  Iter-68 | MAE=2.231 | MAPE=1.52%
02:38:48 |  Iter-69 | MAE=2.707 | MAPE=1.87%
02:51:33 |  Iter-70 | MAE=1.909 | MAPE=1.31%
03:01:03 |  Iter-71 | MAE=3.303 | MAPE=2.10%
03:02:50 |  Iter-72 | MAE=1.974 | MAPE=1.25%
03:10:59 |  Iter-73 | MAE=3.391 | MAPE=2.08%
03:13:06 |  Iter-74 | MAE=16.357 | MAPE=11.31%
03:19:24 |  Iter-75 | MAE=15.119 | MAPE=11.34%
03:25:30 |  Iter-76 | MAE=9.525 | MAPE=7.34%
03:30:11 |  Iter-77 | MAE=0.234 | MAPE=0.18%
03:32:21 |  Iter-78 | MAE=9.907 | MAPE=6.89%
03:38:29 |  Iter-79 | MAE=1.404 | MAPE=0.99%
03:46:56 |  Iter-80 | MAE=3.420 | MAPE=2.45%
03:51:42 |  Iter-81 | MAE=9.378 | MAPE=6.33%
03:58:27 |  Iter-82 | MAE=4.745 | MAPE=3.26%
04:03:46 |  Iter-83 | MAE=6.684 | MAPE=4.69%
04:10:02 |  Iter-84 | MAE=24.950 | MAPE=20.32%
04:11:57 |  Iter-85 | MAE=8.921 | MAPE=6.72%
04:14:09 |  Iter-86 | MAE=2.632 | MAPE=2.02%
04:16:32 |  Iter-87 | MAE=1.711 | MAPE=1.28%
04:22:34 |  Iter-88 | MAE=7.189 | MAPE=5.67%
04:24:33 |  Iter-89 | MAE=4.267 | MAPE=3.51%
04:26:22 |  Iter-90 | MAE=2.416 | MAPE=1.98%
04:31:36 |  Iter-91 | MAE=2.252 | MAPE=1.78%
04:33:49 |  Iter-92 | MAE=1.481 | MAPE=1.22%
04:35:52 |  Iter-93 | MAE=0.650 | MAPE=0.53%
04:37:59 |  Iter-94 | MAE=5.565 | MAPE=4.41%
04:40:19 |  Iter-95 | MAE=1.141 | MAPE=0.89%
04:47:50 |  Iter-96 | MAE=1.106 | MAPE=0.89%
04:49:48 |  Iter-97 | MAE=2.557 | MAPE=1.97%
04:52:00 |  Iter-98 | MAE=1.461 | MAPE=1.13%
04:58:07 |  Iter-99 | MAE=1.205 | MAPE=0.92%
05:03:21 |  Iter-100 | MAE=0.527 | MAPE=0.39%
05:03:21 | 
 OVERALL: MAE=3.378, MAPE=2.95%, R2=0.9576 (38012.4s)
05:03:21 | Saved model checkpoint: /data/quyhv/oil_forecast_tail_risk/results_v4/walkforward/BiMamba/XANG_H1_seed9999/model_checkpoint.pth
05:03:21 | Saved processor/scaler: /data/quyhv/oil_forecast_tail_risk/results_v4/walkforward/BiMamba/XANG_H1_seed9999/processor.pkl
