23:11:33 | ================================================================================
23:11:33 |  BiMamba | XANG | H20 | walkforward | seed=777
23:11:33 | ================================================================================
23:11:33 | Data: 4513 rows | Features: 14
23:24:53 |  Iter-01 | MAE=4.254 | MAPE=5.16%
23:38:29 |  Iter-02 | MAE=2.505 | MAPE=3.41%
23:52:06 |  Iter-03 | MAE=2.483 | MAPE=3.26%
00:05:44 |  Iter-04 | MAE=4.789 | MAPE=5.66%
00:19:23 |  Iter-05 | MAE=2.497 | MAPE=3.18%
00:33:14 |  Iter-06 | MAE=3.573 | MAPE=4.52%
00:47:04 |  Iter-07 | MAE=3.120 | MAPE=3.84%
01:00:56 |  Iter-08 | MAE=3.147 | MAPE=4.04%
01:14:31 |  Iter-09 | MAE=3.513 | MAPE=4.35%
01:27:32 |  Iter-10 | MAE=2.319 | MAPE=2.94%
01:40:37 |  Iter-11 | MAE=4.605 | MAPE=6.33%
01:53:42 |  Iter-12 | MAE=2.497 | MAPE=3.42%
02:06:49 |  Iter-13 | MAE=5.562 | MAPE=6.29%
02:20:07 |  Iter-14 | MAE=35.357 | MAPE=24.69%
02:33:48 |  Iter-15 | MAE=24.759 | MAPE=19.46%
02:33:48 | 
 OVERALL: MAE=6.999, MAPE=6.70%, R2=0.6008 (12135.0s)
02:33:48 | Saved model checkpoint: /data/quyhv/oil_forecast_tail_risk/results_v4/walkforward/BiMamba/XANG_H20_seed777/model_checkpoint.pth
02:33:48 | Saved processor/scaler: /data/quyhv/oil_forecast_tail_risk/results_v4/walkforward/BiMamba/XANG_H20_seed777/processor.pkl
