19:43:28 | ================================================================================
19:43:28 |  BiMamba | XANG | H1 | walkforward | seed=2025
19:43:28 | ================================================================================
19:43:28 | Data: 4513 rows | Features: 15
19:53:23 |  Iter-01 | MAE=0.235 | MAPE=0.30%
20:03:38 |  Iter-02 | MAE=0.273 | MAPE=0.35%
20:14:53 |  Iter-03 | MAE=0.291 | MAPE=0.37%
20:21:39 |  Iter-04 | MAE=2.566 | MAPE=3.41%
20:30:38 |  Iter-05 | MAE=0.427 | MAPE=0.57%
20:40:30 |  Iter-06 | MAE=0.674 | MAPE=0.91%
20:48:40 |  Iter-07 | MAE=1.218 | MAPE=1.66%
20:55:46 |  Iter-08 | MAE=0.434 | MAPE=0.59%
21:05:26 |  Iter-09 | MAE=1.154 | MAPE=1.56%
21:15:03 |  Iter-10 | MAE=1.038 | MAPE=1.41%
21:22:32 |  Iter-11 | MAE=0.385 | MAPE=0.52%
21:29:39 |  Iter-12 | MAE=0.733 | MAPE=1.00%
21:39:06 |  Iter-13 | MAE=0.500 | MAPE=0.69%
21:47:01 |  Iter-14 | MAE=0.506 | MAPE=0.70%
21:54:25 |  Iter-15 | MAE=0.198 | MAPE=0.27%
22:04:35 |  Iter-16 | MAE=0.370 | MAPE=0.51%
22:13:24 |  Iter-17 | MAE=0.551 | MAPE=0.76%
22:20:59 |  Iter-18 | MAE=1.155 | MAPE=1.63%
22:26:17 |  Iter-19 | MAE=0.126 | MAPE=0.17%
22:34:11 |  Iter-20 | MAE=0.868 | MAPE=1.24%
22:41:42 |  Iter-21 | MAE=1.189 | MAPE=1.68%
22:50:37 |  Iter-22 | MAE=0.556 | MAPE=0.77%
22:56:48 |  Iter-23 | MAE=1.485 | MAPE=2.05%
23:07:37 |  Iter-24 | MAE=0.326 | MAPE=0.45%
23:15:22 |  Iter-25 | MAE=1.529 | MAPE=2.11%
23:21:56 |  Iter-26 | MAE=1.794 | MAPE=2.49%
23:28:31 |  Iter-27 | MAE=0.239 | MAPE=0.34%
23:38:51 |  Iter-28 | MAE=0.034 | MAPE=0.05%
23:46:28 |  Iter-29 | MAE=0.874 | MAPE=1.22%
23:57:43 |  Iter-30 | MAE=0.310 | MAPE=0.43%
00:05:42 |  Iter-31 | MAE=0.284 | MAPE=0.39%
00:14:40 |  Iter-32 | MAE=0.639 | MAPE=0.89%
00:21:08 |  Iter-33 | MAE=1.149 | MAPE=1.58%
00:29:41 |  Iter-34 | MAE=1.424 | MAPE=2.00%
00:36:13 |  Iter-35 | MAE=0.288 | MAPE=0.39%
00:41:04 |  Iter-36 | MAE=0.434 | MAPE=0.58%
00:50:58 |  Iter-37 | MAE=1.248 | MAPE=1.68%
01:01:44 |  Iter-38 | MAE=3.553 | MAPE=4.95%
01:09:06 |  Iter-39 | MAE=2.296 | MAPE=3.19%
01:17:36 |  Iter-40 | MAE=1.170 | MAPE=1.58%
01:24:40 |  Iter-41 | MAE=0.544 | MAPE=0.73%
01:32:56 |  Iter-42 | MAE=0.859 | MAPE=1.16%
01:37:52 |  Iter-43 | MAE=1.075 | MAPE=1.42%
01:44:09 |  Iter-44 | MAE=1.320 | MAPE=1.70%
01:51:29 |  Iter-45 | MAE=0.445 | MAPE=0.58%
02:02:02 |  Iter-46 | MAE=0.848 | MAPE=1.12%
02:11:11 |  Iter-47 | MAE=2.071 | MAPE=2.85%
02:21:47 |  Iter-48 | MAE=0.184 | MAPE=0.25%
02:28:16 |  Iter-49 | MAE=0.804 | MAPE=1.11%
02:34:47 |  Iter-50 | MAE=0.324 | MAPE=0.45%
02:43:25 |  Iter-51 | MAE=2.384 | MAPE=3.09%
02:49:28 |  Iter-52 | MAE=1.534 | MAPE=1.95%
02:56:08 |  Iter-53 | MAE=0.518 | MAPE=0.66%
03:03:57 |  Iter-54 | MAE=2.006 | MAPE=2.50%
03:10:24 |  Iter-55 | MAE=1.192 | MAPE=1.49%
03:18:14 |  Iter-56 | MAE=0.998 | MAPE=1.24%
03:25:21 |  Iter-57 | MAE=0.293 | MAPE=0.36%
03:34:16 |  Iter-58 | MAE=10.390 | MAPE=11.35%
03:43:49 |  Iter-59 | MAE=7.532 | MAPE=7.76%
03:49:43 |  Iter-60 | MAE=4.501 | MAPE=4.40%
03:55:48 |  Iter-61 | MAE=19.786 | MAPE=18.22%
03:58:03 |  Iter-62 | MAE=8.556 | MAPE=7.26%
04:00:04 |  Iter-63 | MAE=25.228 | MAPE=17.61%
04:07:12 |  Iter-64 | MAE=15.396 | MAPE=12.50%
04:09:27 |  Iter-65 | MAE=2.141 | MAPE=1.77%
04:11:17 |  Iter-66 | MAE=12.964 | MAPE=9.48%
04:13:29 |  Iter-67 | MAE=9.553 | MAPE=6.68%
04:18:06 |  Iter-68 | MAE=0.563 | MAPE=0.39%
04:27:58 |  Iter-69 | MAE=2.038 | MAPE=1.39%
04:33:17 |  Iter-70 | MAE=2.856 | MAPE=1.95%
04:35:23 |  Iter-71 | MAE=8.693 | MAPE=5.51%
04:37:31 |  Iter-72 | MAE=3.164 | MAPE=2.01%
04:39:46 |  Iter-73 | MAE=5.397 | MAPE=3.29%
04:45:41 |  Iter-74 | MAE=8.208 | MAPE=5.65%
04:52:45 |  Iter-75 | MAE=15.324 | MAPE=11.50%
05:01:21 |  Iter-76 | MAE=8.578 | MAPE=6.61%
05:11:05 |  Iter-77 | MAE=0.205 | MAPE=0.15%
05:13:12 |  Iter-78 | MAE=6.960 | MAPE=4.84%
05:20:41 |  Iter-79 | MAE=2.266 | MAPE=1.59%
05:26:21 |  Iter-80 | MAE=3.880 | MAPE=2.77%
05:28:33 |  Iter-81 | MAE=8.625 | MAPE=5.82%
05:30:38 |  Iter-82 | MAE=2.918 | MAPE=2.01%
05:36:10 |  Iter-83 | MAE=5.110 | MAPE=3.58%
05:38:28 |  Iter-84 | MAE=22.303 | MAPE=18.17%
05:40:49 |  Iter-85 | MAE=9.453 | MAPE=7.12%
05:42:51 |  Iter-86 | MAE=2.310 | MAPE=1.78%
05:48:03 |  Iter-87 | MAE=0.746 | MAPE=0.57%
05:49:49 |  Iter-88 | MAE=6.514 | MAPE=5.13%
05:54:49 |  Iter-89 | MAE=4.684 | MAPE=3.85%
05:56:47 |  Iter-90 | MAE=2.353 | MAPE=1.93%
05:59:26 |  Iter-91 | MAE=2.768 | MAPE=2.17%
06:01:23 |  Iter-92 | MAE=3.690 | MAPE=3.03%
06:03:12 |  Iter-93 | MAE=0.209 | MAPE=0.17%
06:05:05 |  Iter-94 | MAE=5.881 | MAPE=4.65%
06:07:09 |  Iter-95 | MAE=1.751 | MAPE=1.37%
06:09:40 |  Iter-96 | MAE=1.211 | MAPE=0.96%
06:11:40 |  Iter-97 | MAE=2.399 | MAPE=1.85%
06:15:21 |  Iter-98 | MAE=1.417 | MAPE=1.10%
06:21:09 |  Iter-99 | MAE=0.448 | MAPE=0.34%
06:26:37 |  Iter-100 | MAE=0.979 | MAPE=0.72%
06:26:37 | 
 OVERALL: MAE=3.219, MAPE=2.81%, R2=0.9642 (38589.4s)
06:26:37 | Saved model checkpoint: /data/quyhv/oil_forecast_tail_risk/results_v4/walkforward/BiMamba/XANG_H1_seed2025/model_checkpoint.pth
06:26:37 | Saved processor/scaler: /data/quyhv/oil_forecast_tail_risk/results_v4/walkforward/BiMamba/XANG_H1_seed2025/processor.pkl
