06:07:39 | ================================================================================
06:07:39 |  BiMamba | XANG | H20 | walkforward | seed=2025
06:07:39 | ================================================================================
06:07:39 | Data: 4513 rows | Features: 14
06:22:54 |  Iter-01 | MAE=3.266 | MAPE=3.97%
06:38:19 |  Iter-02 | MAE=2.407 | MAPE=3.29%
06:53:41 |  Iter-03 | MAE=2.659 | MAPE=3.49%
07:08:52 |  Iter-04 | MAE=4.572 | MAPE=5.38%
07:23:41 |  Iter-05 | MAE=3.280 | MAPE=4.17%
07:38:39 |  Iter-06 | MAE=4.737 | MAPE=5.99%
07:52:47 |  Iter-07 | MAE=2.957 | MAPE=3.65%
08:06:36 |  Iter-08 | MAE=2.262 | MAPE=2.90%
08:20:36 |  Iter-09 | MAE=3.071 | MAPE=3.81%
08:35:00 |  Iter-10 | MAE=1.764 | MAPE=2.24%
08:48:36 |  Iter-11 | MAE=3.518 | MAPE=4.83%
09:01:44 |  Iter-12 | MAE=3.228 | MAPE=4.43%
09:15:22 |  Iter-13 | MAE=5.771 | MAPE=6.52%
09:29:11 |  Iter-14 | MAE=35.724 | MAPE=24.94%
09:44:13 |  Iter-15 | MAE=21.956 | MAPE=17.24%
09:44:13 | 
 OVERALL: MAE=6.745, MAPE=6.46%, R2=0.6217 (12994.1s)
09:44:13 | Saved model checkpoint: /data/quyhv/oil_forecast_tail_risk/results_v4/walkforward/BiMamba/XANG_H20_seed2025/model_checkpoint.pth
09:44:13 | Saved processor/scaler: /data/quyhv/oil_forecast_tail_risk/results_v4/walkforward/BiMamba/XANG_H20_seed2025/processor.pkl
