15:18:13 | ================================================================================
15:18:13 |  BiMamba | XANG | H10 | walkforward | seed=2025
15:18:13 | ================================================================================
15:18:13 | Data: 4513 rows | Features: 14
15:21:31 |  Iter-01 | MAE=3.043 | MAPE=3.82%
15:24:47 |  Iter-02 | MAE=1.452 | MAPE=1.86%
15:28:01 |  Iter-03 | MAE=1.092 | MAPE=1.39%
15:31:18 |  Iter-04 | MAE=1.659 | MAPE=2.07%
15:34:33 |  Iter-05 | MAE=1.222 | MAPE=1.52%
15:37:50 |  Iter-06 | MAE=2.062 | MAPE=2.55%
15:41:03 |  Iter-07 | MAE=0.878 | MAPE=1.09%
15:44:15 |  Iter-08 | MAE=1.372 | MAPE=1.71%
15:47:30 |  Iter-09 | MAE=2.802 | MAPE=3.55%
15:50:48 |  Iter-10 | MAE=1.660 | MAPE=2.13%
15:54:03 |  Iter-11 | MAE=1.023 | MAPE=1.32%
15:57:20 |  Iter-12 | MAE=1.110 | MAPE=1.45%
16:00:39 |  Iter-13 | MAE=2.115 | MAPE=2.64%
16:04:02 |  Iter-14 | MAE=3.603 | MAPE=4.47%
16:07:21 |  Iter-15 | MAE=0.770 | MAPE=0.96%
16:10:42 |  Iter-16 | MAE=2.332 | MAPE=2.86%
16:14:02 |  Iter-17 | MAE=3.103 | MAPE=3.96%
16:17:23 |  Iter-18 | MAE=1.398 | MAPE=1.77%
16:20:41 |  Iter-19 | MAE=0.980 | MAPE=1.22%
16:24:00 |  Iter-20 | MAE=2.017 | MAPE=2.63%
16:27:20 |  Iter-21 | MAE=2.961 | MAPE=3.99%
16:30:37 |  Iter-22 | MAE=0.826 | MAPE=1.14%
16:33:54 |  Iter-23 | MAE=1.867 | MAPE=2.61%
16:37:10 |  Iter-24 | MAE=1.067 | MAPE=1.50%
16:40:30 |  Iter-25 | MAE=2.037 | MAPE=2.82%
16:43:48 |  Iter-26 | MAE=0.874 | MAPE=1.22%
16:47:04 |  Iter-27 | MAE=0.978 | MAPE=1.34%
16:50:20 |  Iter-28 | MAE=1.521 | MAPE=2.03%
16:53:38 |  Iter-29 | MAE=1.436 | MAPE=1.93%
16:56:54 |  Iter-30 | MAE=2.670 | MAPE=3.54%
17:01:42 |  Iter-31 | MAE=10.246 | MAPE=11.35%
17:06:50 |  Iter-32 | MAE=27.334 | MAPE=23.08%
17:11:12 |  Iter-33 | MAE=42.075 | MAPE=30.43%
17:14:18 |  Iter-34 | MAE=20.155 | MAPE=13.40%
17:17:16 |  Iter-35 | MAE=15.126 | MAPE=10.79%
17:20:21 |  Iter-36 | MAE=6.629 | MAPE=5.02%
17:23:26 |  Iter-37 | MAE=14.048 | MAPE=11.05%
17:26:35 |  Iter-38 | MAE=7.329 | MAPE=5.94%
17:29:42 |  Iter-39 | MAE=8.272 | MAPE=6.34%
17:29:42 | 
 OVERALL: MAE=5.209, MAPE=4.73%, R2=0.7768 (7889.0s)
17:29:42 | Saved model checkpoint: /data/quyhv/oil_forecast_tail_risk/results_v4/walkforward/BiMamba/XANG_H10_seed2025/model_checkpoint.pth
17:29:42 | Saved processor/scaler: /data/quyhv/oil_forecast_tail_risk/results_v4/walkforward/BiMamba/XANG_H10_seed2025/processor.pkl
