08:44:20 | ================================================================================
08:44:20 |  GUMNet_Fourier | XANG | H3 | walkforward | seed=9999
08:44:20 | ================================================================================
08:44:20 | Data: 4513 rows | Features: 15
08:51:08 |  Iter-01 | MAE=0.521 | MAPE=0.67%
08:56:39 |  Iter-02 | MAE=2.929 | MAPE=3.92%
09:02:31 |  Iter-03 | MAE=0.608 | MAPE=0.83%
09:09:06 |  Iter-04 | MAE=0.664 | MAPE=0.90%
09:15:52 |  Iter-05 | MAE=0.159 | MAPE=0.22%
09:23:02 |  Iter-06 | MAE=0.842 | MAPE=1.18%
09:30:03 |  Iter-07 | MAE=1.044 | MAPE=1.48%
09:37:25 |  Iter-08 | MAE=1.226 | MAPE=1.69%
09:43:42 |  Iter-09 | MAE=2.036 | MAPE=2.84%
09:49:42 |  Iter-10 | MAE=0.389 | MAPE=0.54%
09:55:31 |  Iter-11 | MAE=0.549 | MAPE=0.76%
10:02:22 |  Iter-12 | MAE=1.360 | MAPE=1.85%
10:08:32 |  Iter-13 | MAE=2.457 | MAPE=3.41%
10:14:31 |  Iter-14 | MAE=1.587 | MAPE=2.14%
10:20:53 |  Iter-15 | MAE=1.739 | MAPE=2.26%
10:26:32 |  Iter-16 | MAE=3.722 | MAPE=5.09%
10:33:03 |  Iter-17 | MAE=1.897 | MAPE=2.48%
10:39:24 |  Iter-18 | MAE=1.833 | MAPE=2.30%
10:46:16 |  Iter-19 | MAE=0.811 | MAPE=1.01%
10:53:48 |  Iter-20 | MAE=15.568 | MAPE=15.91%
10:59:42 |  Iter-21 | MAE=21.233 | MAPE=16.09%
11:07:01 |  Iter-22 | MAE=14.945 | MAPE=12.08%
11:12:44 |  Iter-23 | MAE=2.414 | MAPE=1.65%
11:19:20 |  Iter-24 | MAE=5.466 | MAPE=3.57%
11:25:57 |  Iter-25 | MAE=18.097 | MAPE=13.10%
11:33:16 |  Iter-26 | MAE=5.423 | MAPE=4.10%
11:40:03 |  Iter-27 | MAE=3.095 | MAPE=2.14%
11:46:17 |  Iter-28 | MAE=18.011 | MAPE=13.84%
11:53:11 |  Iter-29 | MAE=11.063 | MAPE=8.38%
12:00:28 |  Iter-30 | MAE=12.464 | MAPE=10.13%
12:06:55 |  Iter-31 | MAE=3.411 | MAPE=2.82%
12:14:25 |  Iter-32 | MAE=5.081 | MAPE=3.99%
12:20:53 |  Iter-33 | MAE=3.235 | MAPE=2.49%
12:20:53 | 
 OVERALL: MAE=5.027, MAPE=4.42%, R2=0.9130 (12993.0s)
12:20:53 | Saved model checkpoint: /data/quyhv/oil_forecast_tail_risk/results_v4/walkforward/GUMNet_Fourier/XANG_H3_seed9999/model_checkpoint.pth
12:20:53 | Saved processor/scaler: /data/quyhv/oil_forecast_tail_risk/results_v4/walkforward/GUMNet_Fourier/XANG_H3_seed9999/processor.pkl
