10:52:30 | ================================================================================
10:52:30 |  GUMNet_Fourier | XANG | H3 | walkforward | seed=2025
10:52:30 | ================================================================================
10:52:30 | Data: 4513 rows | Features: 15
10:58:56 |  Iter-01 | MAE=0.219 | MAPE=0.28%
11:05:08 |  Iter-02 | MAE=2.872 | MAPE=3.85%
11:12:04 |  Iter-03 | MAE=0.676 | MAPE=0.92%
11:18:06 |  Iter-04 | MAE=0.523 | MAPE=0.71%
11:25:28 |  Iter-05 | MAE=0.645 | MAPE=0.89%
11:32:19 |  Iter-06 | MAE=0.838 | MAPE=1.17%
11:38:47 |  Iter-07 | MAE=0.985 | MAPE=1.40%
11:45:03 |  Iter-08 | MAE=1.332 | MAPE=1.84%
11:51:57 |  Iter-09 | MAE=1.601 | MAPE=2.24%
11:59:10 |  Iter-10 | MAE=0.406 | MAPE=0.56%
12:05:53 |  Iter-11 | MAE=0.486 | MAPE=0.67%
12:12:15 |  Iter-12 | MAE=1.346 | MAPE=1.84%
12:18:26 |  Iter-13 | MAE=2.561 | MAPE=3.55%
12:25:19 |  Iter-14 | MAE=1.977 | MAPE=2.67%
12:31:41 |  Iter-15 | MAE=1.654 | MAPE=2.15%
12:37:51 |  Iter-16 | MAE=3.194 | MAPE=4.37%
12:44:55 |  Iter-17 | MAE=1.656 | MAPE=2.16%
12:50:34 |  Iter-18 | MAE=1.973 | MAPE=2.48%
12:56:33 |  Iter-19 | MAE=0.941 | MAPE=1.17%
13:02:50 |  Iter-20 | MAE=15.660 | MAPE=15.99%
13:08:54 |  Iter-21 | MAE=22.436 | MAPE=17.05%
13:15:55 |  Iter-22 | MAE=14.007 | MAPE=11.33%
13:22:11 |  Iter-23 | MAE=7.242 | MAPE=4.99%
13:28:59 |  Iter-24 | MAE=4.783 | MAPE=3.14%
13:34:55 |  Iter-25 | MAE=18.333 | MAPE=13.25%
13:41:54 |  Iter-26 | MAE=7.402 | MAPE=5.62%
13:49:56 |  Iter-27 | MAE=4.031 | MAPE=2.87%
13:56:10 |  Iter-28 | MAE=19.448 | MAPE=14.91%
14:01:52 |  Iter-29 | MAE=10.730 | MAPE=8.12%
14:08:42 |  Iter-30 | MAE=12.116 | MAPE=9.86%
14:15:10 |  Iter-31 | MAE=3.785 | MAPE=3.13%
14:21:18 |  Iter-32 | MAE=7.883 | MAPE=6.17%
14:27:24 |  Iter-33 | MAE=2.853 | MAPE=2.19%
14:27:24 | 
 OVERALL: MAE=5.351, MAPE=4.65%, R2=0.9062 (12894.9s)
14:27:24 | Saved model checkpoint: /data/quyhv/oil_forecast_tail_risk/results_v4/walkforward/GUMNet_Fourier/XANG_H3_seed2025/model_checkpoint.pth
14:27:24 | Saved processor/scaler: /data/quyhv/oil_forecast_tail_risk/results_v4/walkforward/GUMNet_Fourier/XANG_H3_seed2025/processor.pkl
