19:28:54 | ================================================================================
19:28:54 |  GUMNet_Fourier | XANG | H5 | walkforward | seed=123
19:28:54 | ================================================================================
19:28:54 | Data: 4513 rows | Features: 16
19:36:19 |  Iter-01 | MAE=1.502 | MAPE=1.99%
19:43:39 |  Iter-02 | MAE=0.597 | MAPE=0.81%
19:50:55 |  Iter-03 | MAE=1.021 | MAPE=1.41%
19:58:43 |  Iter-04 | MAE=0.919 | MAPE=1.29%
20:05:55 |  Iter-05 | MAE=2.336 | MAPE=3.22%
20:13:29 |  Iter-06 | MAE=1.789 | MAPE=2.50%
20:21:03 |  Iter-07 | MAE=0.779 | MAPE=1.08%
20:28:28 |  Iter-08 | MAE=1.166 | MAPE=1.60%
20:36:03 |  Iter-09 | MAE=1.153 | MAPE=1.51%
20:43:40 |  Iter-10 | MAE=3.628 | MAPE=4.97%
20:51:54 |  Iter-11 | MAE=4.716 | MAPE=5.95%
20:59:42 |  Iter-12 | MAE=10.235 | MAPE=10.51%
21:07:06 |  Iter-13 | MAE=22.419 | MAPE=17.49%
21:15:48 |  Iter-14 | MAE=7.603 | MAPE=5.27%
21:24:35 |  Iter-15 | MAE=11.708 | MAPE=7.63%
21:32:33 |  Iter-16 | MAE=3.905 | MAPE=2.88%
21:41:06 |  Iter-17 | MAE=8.217 | MAPE=6.29%
21:49:24 |  Iter-18 | MAE=3.334 | MAPE=2.64%
21:57:18 |  Iter-19 | MAE=2.809 | MAPE=2.28%
22:05:12 |  Iter-20 | MAE=1.833 | MAPE=1.40%
22:05:12 | 
 OVERALL: MAE=4.583, MAPE=4.14%, R2=0.9311 (9378.6s)
22:05:12 | Saved model checkpoint: /data/quyhv/oil_forecast_tail_risk/results_v4/walkforward/GUMNet_Fourier/XANG_H5_seed123/model_checkpoint.pth
22:05:12 | Saved processor/scaler: /data/quyhv/oil_forecast_tail_risk/results_v4/walkforward/GUMNet_Fourier/XANG_H5_seed123/processor.pkl
