04:09:30 | ================================================================================
04:09:30 |  GUMNet_Fourier | XANG | H7 | walkforward | seed=123
04:09:30 | ================================================================================
04:09:30 | Data: 4513 rows | Features: 16
04:18:14 |  Iter-01 | MAE=0.727 | MAPE=0.94%
04:27:23 |  Iter-02 | MAE=0.341 | MAPE=0.44%
04:36:02 |  Iter-03 | MAE=4.175 | MAPE=5.17%
04:44:58 |  Iter-04 | MAE=0.827 | MAPE=1.03%
04:54:01 |  Iter-05 | MAE=0.762 | MAPE=0.94%
05:02:38 |  Iter-06 | MAE=1.675 | MAPE=2.15%
05:10:59 |  Iter-07 | MAE=1.052 | MAPE=1.31%
05:18:50 |  Iter-08 | MAE=1.753 | MAPE=2.34%
05:27:09 |  Iter-09 | MAE=0.971 | MAPE=1.33%
05:35:23 |  Iter-10 | MAE=1.568 | MAPE=2.20%
05:43:36 |  Iter-11 | MAE=2.457 | MAPE=3.40%
05:52:33 |  Iter-12 | MAE=0.782 | MAPE=1.08%
06:01:18 |  Iter-13 | MAE=1.765 | MAPE=2.38%
06:10:30 |  Iter-14 | MAE=1.958 | MAPE=2.57%
06:19:29 |  Iter-15 | MAE=4.132 | MAPE=5.22%
06:28:28 |  Iter-16 | MAE=16.862 | MAPE=15.96%
06:37:56 |  Iter-17 | MAE=13.473 | MAPE=9.40%
06:47:07 |  Iter-18 | MAE=10.919 | MAPE=7.59%
06:56:29 |  Iter-19 | MAE=5.814 | MAPE=4.00%
07:05:09 |  Iter-20 | MAE=12.231 | MAPE=9.75%
07:14:31 |  Iter-21 | MAE=3.309 | MAPE=2.61%
07:14:31 | 
 OVERALL: MAE=4.169, MAPE=3.90%, R2=0.9176 (11100.6s)
07:14:31 | Saved model checkpoint: /data/quyhv/oil_forecast_tail_risk/results_v4/walkforward/GUMNet_Fourier/XANG_H7_seed123/model_checkpoint.pth
07:14:31 | Saved processor/scaler: /data/quyhv/oil_forecast_tail_risk/results_v4/walkforward/GUMNet_Fourier/XANG_H7_seed123/processor.pkl
