01:05:15 | ================================================================================
01:05:15 |  GUMNet_Fourier | XANG | H60 | walkforward | seed=123
01:05:15 | ================================================================================
01:05:15 | Data: 4513 rows | Features: 19
02:51:36 |  Iter-01 | MAE=13.171 | MAPE=13.34%
04:32:45 |  Iter-02 | MAE=7.857 | MAPE=7.68%
06:13:50 |  Iter-03 | MAE=5.305 | MAPE=5.21%
07:56:30 |  Iter-04 | MAE=8.828 | MAPE=9.67%
09:39:14 |  Iter-05 | MAE=6.587 | MAPE=7.01%
11:20:40 |  Iter-06 | MAE=3.091 | MAPE=3.44%
12:57:33 |  Iter-07 | MAE=10.343 | MAPE=12.12%
14:35:43 |  Iter-08 | MAE=7.467 | MAPE=9.13%
16:12:22 |  Iter-09 | MAE=8.234 | MAPE=9.91%
17:48:45 |  Iter-10 | MAE=1.855 | MAPE=2.23%
19:25:21 |  Iter-11 | MAE=1.718 | MAPE=2.09%
21:04:18 |  Iter-12 | MAE=7.134 | MAPE=8.45%
22:44:37 |  Iter-13 | MAE=1.741 | MAPE=2.11%
00:24:18 |  Iter-14 | MAE=2.779 | MAPE=3.42%
02:03:52 |  Iter-15 | MAE=4.536 | MAPE=5.89%
03:45:36 |  Iter-16 | MAE=2.792 | MAPE=3.63%
05:27:24 |  Iter-17 | MAE=2.606 | MAPE=3.28%
07:09:55 |  Iter-18 | MAE=2.254 | MAPE=2.75%
08:53:36 |  Iter-19 | MAE=3.261 | MAPE=4.03%
10:39:00 |  Iter-20 | MAE=1.294 | MAPE=1.65%
12:21:26 |  Iter-21 | MAE=4.661 | MAPE=5.83%
14:03:03 |  Iter-22 | MAE=1.991 | MAPE=2.51%
15:46:24 |  Iter-23 | MAE=2.853 | MAPE=3.65%
17:29:50 |  Iter-24 | MAE=3.741 | MAPE=4.74%
19:13:20 |  Iter-25 | MAE=7.075 | MAPE=9.66%
20:58:25 |  Iter-26 | MAE=6.899 | MAPE=8.67%
22:46:37 |  Iter-27 | MAE=25.380 | MAPE=19.45%
00:35:15 |  Iter-28 | MAE=40.076 | MAPE=30.12%
00:35:15 | 
 OVERALL: MAE=6.983, MAPE=7.20%, R2=-0.0854 (171000.2s)
00:35:15 | Saved model checkpoint: /data/quyhv/oil_forecast_tail_risk/results_v4/walkforward/GUMNet_Fourier/XANG_H60_seed123/model_checkpoint.pth
00:35:15 | Saved processor/scaler: /data/quyhv/oil_forecast_tail_risk/results_v4/walkforward/GUMNet_Fourier/XANG_H60_seed123/processor.pkl
