08:25:30 | ================================================================================
08:25:30 |  GUMNet | XANG | H3 | walkforward | seed=123
08:25:30 | ================================================================================
08:25:30 | Data: 4513 rows | Features: 15
08:28:44 |  Iter-01 | MAE=0.322 | MAPE=0.41%
08:31:54 |  Iter-02 | MAE=3.171 | MAPE=4.25%
08:35:20 |  Iter-03 | MAE=1.164 | MAPE=1.58%
08:38:43 |  Iter-04 | MAE=0.899 | MAPE=1.22%
08:41:49 |  Iter-05 | MAE=0.789 | MAPE=1.09%
08:44:46 |  Iter-06 | MAE=0.935 | MAPE=1.31%
08:47:56 |  Iter-07 | MAE=1.170 | MAPE=1.66%
08:50:58 |  Iter-08 | MAE=2.043 | MAPE=2.81%
08:54:21 |  Iter-09 | MAE=0.985 | MAPE=1.38%
08:57:29 |  Iter-10 | MAE=0.812 | MAPE=1.12%
09:00:49 |  Iter-11 | MAE=0.474 | MAPE=0.66%
09:03:49 |  Iter-12 | MAE=1.373 | MAPE=1.87%
09:06:52 |  Iter-13 | MAE=2.219 | MAPE=3.08%
09:09:48 |  Iter-14 | MAE=1.688 | MAPE=2.28%
09:12:59 |  Iter-15 | MAE=1.857 | MAPE=2.41%
09:16:08 |  Iter-16 | MAE=3.082 | MAPE=4.22%
09:19:19 |  Iter-17 | MAE=1.506 | MAPE=1.97%
09:22:31 |  Iter-18 | MAE=1.715 | MAPE=2.16%
09:25:36 |  Iter-19 | MAE=0.183 | MAPE=0.23%
09:29:15 |  Iter-20 | MAE=16.265 | MAPE=16.62%
09:32:34 |  Iter-21 | MAE=21.108 | MAPE=16.00%
09:35:39 |  Iter-22 | MAE=16.594 | MAPE=13.37%
09:39:00 |  Iter-23 | MAE=7.222 | MAPE=4.96%
09:42:21 |  Iter-24 | MAE=11.525 | MAPE=7.37%
09:45:37 |  Iter-25 | MAE=15.172 | MAPE=10.82%
09:48:55 |  Iter-26 | MAE=4.969 | MAPE=3.61%
09:52:15 |  Iter-27 | MAE=3.414 | MAPE=2.39%
09:55:37 |  Iter-28 | MAE=11.399 | MAPE=8.97%
09:58:49 |  Iter-29 | MAE=8.965 | MAPE=6.79%
10:02:09 |  Iter-30 | MAE=9.442 | MAPE=7.67%
10:05:28 |  Iter-31 | MAE=2.036 | MAPE=1.67%
10:08:48 |  Iter-32 | MAE=4.451 | MAPE=3.48%
10:11:54 |  Iter-33 | MAE=2.144 | MAPE=1.65%
10:11:54 | 
 OVERALL: MAE=4.882, MAPE=4.28%, R2=0.9228 (6384.4s)
10:11:54 | Saved model checkpoint: /data/quyhv/oil_forecast_tail_risk/results_v4/walkforward/GUMNet/XANG_H3_seed123/model_checkpoint.pth
10:11:54 | Saved processor/scaler: /data/quyhv/oil_forecast_tail_risk/results_v4/walkforward/GUMNet/XANG_H3_seed123/processor.pkl
