05:09:58 | ================================================================================
05:09:58 |  GUMNet | XANG | H1 | walkforward | seed=123
05:09:58 | ================================================================================
05:09:59 | Data: 4513 rows | Features: 15
05:14:19 |  Iter-01 | MAE=0.314 | MAPE=0.40%
05:18:26 |  Iter-02 | MAE=0.385 | MAPE=0.49%
05:21:37 |  Iter-03 | MAE=0.261 | MAPE=0.33%
05:25:44 |  Iter-04 | MAE=2.259 | MAPE=3.01%
05:29:46 |  Iter-05 | MAE=0.431 | MAPE=0.58%
05:33:54 |  Iter-06 | MAE=1.117 | MAPE=1.50%
05:37:00 |  Iter-07 | MAE=1.721 | MAPE=2.35%
05:41:04 |  Iter-08 | MAE=0.737 | MAPE=1.00%
05:45:06 |  Iter-09 | MAE=1.128 | MAPE=1.53%
05:48:32 |  Iter-10 | MAE=1.043 | MAPE=1.41%
05:52:28 |  Iter-11 | MAE=0.170 | MAPE=0.23%
05:56:08 |  Iter-12 | MAE=0.590 | MAPE=0.81%
06:00:06 |  Iter-13 | MAE=0.518 | MAPE=0.71%
06:03:27 |  Iter-14 | MAE=0.307 | MAPE=0.42%
06:07:24 |  Iter-15 | MAE=0.397 | MAPE=0.55%
06:11:36 |  Iter-16 | MAE=0.075 | MAPE=0.10%
06:15:22 |  Iter-17 | MAE=0.570 | MAPE=0.79%
06:19:47 |  Iter-18 | MAE=0.956 | MAPE=1.35%
06:23:06 |  Iter-19 | MAE=0.219 | MAPE=0.31%
06:27:15 |  Iter-20 | MAE=1.331 | MAPE=1.90%
06:31:26 |  Iter-21 | MAE=0.615 | MAPE=0.87%
06:35:17 |  Iter-22 | MAE=1.247 | MAPE=1.72%
06:39:07 |  Iter-23 | MAE=1.239 | MAPE=1.71%
06:42:15 |  Iter-24 | MAE=0.355 | MAPE=0.49%
06:46:24 |  Iter-25 | MAE=1.408 | MAPE=1.94%
06:50:33 |  Iter-26 | MAE=1.520 | MAPE=2.11%
06:54:31 |  Iter-27 | MAE=1.165 | MAPE=1.64%
06:57:48 |  Iter-28 | MAE=0.126 | MAPE=0.18%
07:01:59 |  Iter-29 | MAE=0.369 | MAPE=0.51%
07:06:06 |  Iter-30 | MAE=0.375 | MAPE=0.52%
07:10:25 |  Iter-31 | MAE=0.593 | MAPE=0.81%
07:14:32 |  Iter-32 | MAE=0.688 | MAPE=0.96%
07:17:57 |  Iter-33 | MAE=0.250 | MAPE=0.35%
07:21:41 |  Iter-34 | MAE=1.772 | MAPE=2.48%
07:26:11 |  Iter-35 | MAE=0.788 | MAPE=1.07%
07:30:17 |  Iter-36 | MAE=0.166 | MAPE=0.22%
07:34:58 |  Iter-37 | MAE=1.185 | MAPE=1.59%
07:38:27 |  Iter-38 | MAE=2.932 | MAPE=4.08%
07:42:26 |  Iter-39 | MAE=2.175 | MAPE=3.02%
07:46:26 |  Iter-40 | MAE=2.368 | MAPE=3.21%
07:50:40 |  Iter-41 | MAE=0.767 | MAPE=1.03%
07:54:49 |  Iter-42 | MAE=1.079 | MAPE=1.45%
07:58:17 |  Iter-43 | MAE=0.909 | MAPE=1.20%
08:02:34 |  Iter-44 | MAE=1.500 | MAPE=1.93%
08:06:45 |  Iter-45 | MAE=0.590 | MAPE=0.77%
08:11:06 |  Iter-46 | MAE=1.693 | MAPE=2.23%
08:14:25 |  Iter-47 | MAE=2.485 | MAPE=3.42%
08:18:47 |  Iter-48 | MAE=0.367 | MAPE=0.50%
08:23:03 |  Iter-49 | MAE=0.917 | MAPE=1.26%
08:26:54 |  Iter-50 | MAE=0.690 | MAPE=0.95%
08:31:01 |  Iter-51 | MAE=2.960 | MAPE=3.84%
08:34:23 |  Iter-52 | MAE=1.289 | MAPE=1.63%
08:38:46 |  Iter-53 | MAE=0.200 | MAPE=0.26%
08:43:15 |  Iter-54 | MAE=1.766 | MAPE=2.20%
08:47:43 |  Iter-55 | MAE=1.349 | MAPE=1.68%
08:52:06 |  Iter-56 | MAE=1.214 | MAPE=1.51%
08:56:05 |  Iter-57 | MAE=0.754 | MAPE=0.93%
09:00:22 |  Iter-58 | MAE=11.095 | MAPE=12.12%
09:04:24 |  Iter-59 | MAE=6.289 | MAPE=6.47%
09:09:07 |  Iter-60 | MAE=3.714 | MAPE=3.62%
09:12:40 |  Iter-61 | MAE=9.321 | MAPE=8.59%
09:16:23 |  Iter-62 | MAE=9.214 | MAPE=7.81%
09:20:06 |  Iter-63 | MAE=25.367 | MAPE=17.70%
09:23:45 |  Iter-64 | MAE=20.280 | MAPE=16.47%
09:27:04 |  Iter-65 | MAE=2.114 | MAPE=1.74%
09:30:55 |  Iter-66 | MAE=11.708 | MAPE=8.58%
09:34:58 |  Iter-67 | MAE=3.920 | MAPE=2.75%
09:38:49 |  Iter-68 | MAE=1.034 | MAPE=0.69%
09:42:54 |  Iter-69 | MAE=3.971 | MAPE=2.74%
09:46:06 |  Iter-70 | MAE=0.333 | MAPE=0.22%
09:50:44 |  Iter-71 | MAE=8.220 | MAPE=5.20%
09:54:42 |  Iter-72 | MAE=1.318 | MAPE=0.84%
09:58:48 |  Iter-73 | MAE=6.749 | MAPE=4.14%
10:02:14 |  Iter-74 | MAE=15.301 | MAPE=10.58%
10:06:21 |  Iter-75 | MAE=14.151 | MAPE=10.62%
10:10:31 |  Iter-76 | MAE=8.325 | MAPE=6.42%
10:14:23 |  Iter-77 | MAE=0.112 | MAPE=0.08%
10:17:57 |  Iter-78 | MAE=9.757 | MAPE=6.79%
10:22:10 |  Iter-79 | MAE=3.561 | MAPE=2.51%
10:26:29 |  Iter-80 | MAE=2.591 | MAPE=1.85%
10:30:28 |  Iter-81 | MAE=6.667 | MAPE=4.50%
10:33:51 |  Iter-82 | MAE=3.248 | MAPE=2.24%
10:37:43 |  Iter-83 | MAE=6.023 | MAPE=4.23%
10:41:30 |  Iter-84 | MAE=21.679 | MAPE=17.66%
10:45:41 |  Iter-85 | MAE=12.077 | MAPE=9.09%
10:49:36 |  Iter-86 | MAE=1.894 | MAPE=1.46%
10:53:08 |  Iter-87 | MAE=2.137 | MAPE=1.60%
10:57:26 |  Iter-88 | MAE=6.773 | MAPE=5.34%
11:01:24 |  Iter-89 | MAE=3.425 | MAPE=2.81%
11:05:25 |  Iter-90 | MAE=2.807 | MAPE=2.31%
11:09:31 |  Iter-91 | MAE=3.239 | MAPE=2.55%
11:12:54 |  Iter-92 | MAE=1.642 | MAPE=1.36%
11:16:57 |  Iter-93 | MAE=1.679 | MAPE=1.39%
11:21:04 |  Iter-94 | MAE=3.888 | MAPE=3.08%
11:24:54 |  Iter-95 | MAE=1.175 | MAPE=0.92%
11:29:13 |  Iter-96 | MAE=1.098 | MAPE=0.87%
11:32:46 |  Iter-97 | MAE=1.612 | MAPE=1.25%
11:36:47 |  Iter-98 | MAE=1.855 | MAPE=1.44%
11:40:57 |  Iter-99 | MAE=1.383 | MAPE=1.05%
11:44:54 |  Iter-100 | MAE=1.670 | MAPE=1.23%
11:44:54 | 
 OVERALL: MAE=3.208, MAPE=2.81%, R2=0.9649 (23696.4s)
11:44:54 | Saved model checkpoint: /data/quyhv/oil_forecast_tail_risk/results_v4/walkforward/GUMNet/XANG_H1_seed123/model_checkpoint.pth
11:44:54 | Saved processor/scaler: /data/quyhv/oil_forecast_tail_risk/results_v4/walkforward/GUMNet/XANG_H1_seed123/processor.pkl
