20:57:16 | ================================================================================
20:57:16 |  GUMNet | XANG | H5 | walkforward | seed=2025
20:57:16 | ================================================================================
20:57:16 | Data: 4513 rows | Features: 16
21:01:01 |  Iter-01 | MAE=1.728 | MAPE=2.30%
21:04:55 |  Iter-02 | MAE=0.520 | MAPE=0.71%
21:08:48 |  Iter-03 | MAE=0.754 | MAPE=1.04%
21:13:00 |  Iter-04 | MAE=1.186 | MAPE=1.67%
21:16:56 |  Iter-05 | MAE=2.143 | MAPE=2.96%
21:21:00 |  Iter-06 | MAE=1.012 | MAPE=1.41%
21:25:07 |  Iter-07 | MAE=0.692 | MAPE=0.96%
21:28:55 |  Iter-08 | MAE=1.144 | MAPE=1.57%
21:32:51 |  Iter-09 | MAE=1.601 | MAPE=2.09%
21:36:38 |  Iter-10 | MAE=3.963 | MAPE=5.43%
21:40:17 |  Iter-11 | MAE=5.722 | MAPE=7.23%
21:44:21 |  Iter-12 | MAE=9.757 | MAPE=9.98%
21:48:31 |  Iter-13 | MAE=20.561 | MAPE=15.98%
21:52:28 |  Iter-14 | MAE=19.607 | MAPE=13.61%
21:56:28 |  Iter-15 | MAE=11.169 | MAPE=7.41%
22:00:27 |  Iter-16 | MAE=5.621 | MAPE=4.02%
22:04:34 |  Iter-17 | MAE=8.492 | MAPE=6.37%
22:08:46 |  Iter-18 | MAE=6.252 | MAPE=5.07%
22:12:28 |  Iter-19 | MAE=2.720 | MAPE=2.18%
22:16:31 |  Iter-20 | MAE=2.188 | MAPE=1.65%
22:16:31 | 
 OVERALL: MAE=5.342, MAPE=4.68%, R2=0.9154 (4755.4s)
22:16:31 | Saved model checkpoint: /data/quyhv/oil_forecast_tail_risk/results_v4/walkforward/GUMNet/XANG_H5_seed2025/model_checkpoint.pth
22:16:31 | Saved processor/scaler: /data/quyhv/oil_forecast_tail_risk/results_v4/walkforward/GUMNet/XANG_H5_seed2025/processor.pkl
