21:05:03 | ================================================================================
21:05:03 |  GUMNet | XANG | H60 | walkforward | seed=777
21:05:03 | ================================================================================
21:05:03 | Data: 4513 rows | Features: 19
21:34:50 |  Iter-01 | MAE=8.540 | MAPE=8.62%
22:04:52 |  Iter-02 | MAE=3.781 | MAPE=3.68%
22:34:42 |  Iter-03 | MAE=4.736 | MAPE=4.72%
23:04:41 |  Iter-04 | MAE=10.747 | MAPE=11.70%
23:34:54 |  Iter-05 | MAE=11.443 | MAPE=12.46%
00:04:40 |  Iter-06 | MAE=3.057 | MAPE=3.44%
00:33:48 |  Iter-07 | MAE=5.294 | MAPE=6.28%
01:03:31 |  Iter-08 | MAE=4.353 | MAPE=5.36%
01:33:13 |  Iter-09 | MAE=2.578 | MAPE=3.20%
02:02:21 |  Iter-10 | MAE=2.157 | MAPE=2.60%
02:30:59 |  Iter-11 | MAE=5.895 | MAPE=7.11%
03:00:06 |  Iter-12 | MAE=3.966 | MAPE=4.71%
03:29:11 |  Iter-13 | MAE=2.416 | MAPE=2.85%
03:58:21 |  Iter-14 | MAE=6.701 | MAPE=8.04%
04:27:20 |  Iter-15 | MAE=7.062 | MAPE=9.18%
04:56:54 |  Iter-16 | MAE=2.919 | MAPE=3.80%
05:26:26 |  Iter-17 | MAE=2.976 | MAPE=3.81%
05:56:17 |  Iter-18 | MAE=4.040 | MAPE=4.99%
06:26:38 |  Iter-19 | MAE=5.865 | MAPE=7.30%
06:57:05 |  Iter-20 | MAE=1.720 | MAPE=2.16%
07:27:28 |  Iter-21 | MAE=3.350 | MAPE=4.19%
07:57:53 |  Iter-22 | MAE=1.571 | MAPE=1.99%
08:28:36 |  Iter-23 | MAE=2.394 | MAPE=3.06%
08:59:27 |  Iter-24 | MAE=2.425 | MAPE=3.08%
09:29:34 |  Iter-25 | MAE=9.256 | MAPE=12.54%
09:59:11 |  Iter-26 | MAE=5.836 | MAPE=7.70%
10:29:13 |  Iter-27 | MAE=28.108 | MAPE=22.28%
10:59:22 |  Iter-28 | MAE=41.665 | MAPE=31.42%
10:59:23 | 
 OVERALL: MAE=6.959, MAPE=7.22%, R2=-0.1213 (50059.6s)
10:59:23 | Saved model checkpoint: /data/quyhv/oil_forecast_tail_risk/results_v4/walkforward/GUMNet/XANG_H60_seed777/model_checkpoint.pth
10:59:23 | Saved processor/scaler: /data/quyhv/oil_forecast_tail_risk/results_v4/walkforward/GUMNet/XANG_H60_seed777/processor.pkl
