00:28:08 | ================================================================================
00:28:08 |  GUMNet | DAU | H3 | walkforward | seed=777
00:28:08 | ================================================================================
00:28:08 | Data: 4513 rows | Features: 16
00:32:24 |  Iter-01 | MAE=2.257 | MAPE=2.75%
00:36:45 |  Iter-02 | MAE=1.530 | MAPE=1.92%
00:40:55 |  Iter-03 | MAE=0.474 | MAPE=0.60%
00:45:00 |  Iter-04 | MAE=0.516 | MAPE=0.64%
00:49:21 |  Iter-05 | MAE=0.518 | MAPE=0.65%
00:53:31 |  Iter-06 | MAE=1.048 | MAPE=1.34%
00:57:37 |  Iter-07 | MAE=1.254 | MAPE=1.61%
01:01:35 |  Iter-08 | MAE=3.194 | MAPE=3.97%
01:05:48 |  Iter-09 | MAE=0.634 | MAPE=0.78%
01:10:12 |  Iter-10 | MAE=0.766 | MAPE=0.92%
01:14:25 |  Iter-11 | MAE=0.806 | MAPE=0.95%
01:18:31 |  Iter-12 | MAE=1.874 | MAPE=2.16%
01:22:26 |  Iter-13 | MAE=0.855 | MAPE=0.98%
01:26:40 |  Iter-14 | MAE=1.307 | MAPE=1.48%
01:30:53 |  Iter-15 | MAE=0.832 | MAPE=0.95%
01:34:59 |  Iter-16 | MAE=1.357 | MAPE=1.56%
01:39:15 |  Iter-17 | MAE=1.965 | MAPE=2.20%
01:43:21 |  Iter-18 | MAE=0.515 | MAPE=0.56%
01:47:42 |  Iter-19 | MAE=0.221 | MAPE=0.24%
01:52:00 |  Iter-20 | MAE=35.106 | MAPE=26.89%
01:56:06 |  Iter-21 | MAE=21.345 | MAPE=12.34%
02:00:31 |  Iter-22 | MAE=17.688 | MAPE=10.60%
02:04:46 |  Iter-23 | MAE=2.406 | MAPE=1.23%
02:09:03 |  Iter-24 | MAE=15.178 | MAPE=6.83%
02:13:21 |  Iter-25 | MAE=13.811 | MAPE=6.13%
02:17:45 |  Iter-26 | MAE=27.900 | MAPE=11.51%
02:22:03 |  Iter-27 | MAE=19.856 | MAPE=7.30%
02:26:21 |  Iter-28 | MAE=53.941 | MAPE=25.73%
02:30:39 |  Iter-29 | MAE=5.816 | MAPE=3.01%
02:34:29 |  Iter-30 | MAE=21.078 | MAPE=12.52%
02:37:52 |  Iter-31 | MAE=11.802 | MAPE=8.01%
02:41:36 |  Iter-32 | MAE=17.675 | MAPE=10.80%
02:45:01 |  Iter-33 | MAE=2.754 | MAPE=1.69%
02:45:01 | 
 OVERALL: MAE=8.736, MAPE=5.18%, R2=0.9141 (8213.7s)
02:45:01 | Saved model checkpoint: /data/quyhv/oil_forecast_tail_risk/results_v4/walkforward/GUMNet/DAU_H3_seed777/model_checkpoint.pth
02:45:01 | Saved processor/scaler: /data/quyhv/oil_forecast_tail_risk/results_v4/walkforward/GUMNet/DAU_H3_seed777/processor.pkl
