14:40:45 | ================================================================================
14:40:45 |  GUMNet | XANG | H10 | walkforward | seed=777
14:40:45 | ================================================================================
14:40:45 | Data: 4513 rows | Features: 14
14:44:50 |  Iter-01 | MAE=2.313 | MAPE=2.90%
14:48:52 |  Iter-02 | MAE=2.394 | MAPE=3.07%
14:52:56 |  Iter-03 | MAE=0.716 | MAPE=0.91%
14:56:58 |  Iter-04 | MAE=1.039 | MAPE=1.30%
15:01:05 |  Iter-05 | MAE=1.128 | MAPE=1.40%
15:05:13 |  Iter-06 | MAE=2.328 | MAPE=2.88%
15:09:13 |  Iter-07 | MAE=1.244 | MAPE=1.55%
15:13:11 |  Iter-08 | MAE=1.425 | MAPE=1.76%
15:17:18 |  Iter-09 | MAE=2.594 | MAPE=3.28%
15:21:26 |  Iter-10 | MAE=1.773 | MAPE=2.27%
15:25:35 |  Iter-11 | MAE=0.796 | MAPE=1.03%
15:29:44 |  Iter-12 | MAE=1.121 | MAPE=1.46%
15:33:50 |  Iter-13 | MAE=2.116 | MAPE=2.64%
15:38:06 |  Iter-14 | MAE=3.487 | MAPE=4.32%
15:42:13 |  Iter-15 | MAE=0.777 | MAPE=0.96%
15:46:27 |  Iter-16 | MAE=1.617 | MAPE=1.98%
15:50:36 |  Iter-17 | MAE=3.036 | MAPE=3.87%
15:54:35 |  Iter-18 | MAE=1.282 | MAPE=1.62%
15:58:51 |  Iter-19 | MAE=1.051 | MAPE=1.31%
16:03:07 |  Iter-20 | MAE=2.234 | MAPE=2.92%
16:07:23 |  Iter-21 | MAE=3.085 | MAPE=4.15%
16:11:37 |  Iter-22 | MAE=1.034 | MAPE=1.42%
16:15:53 |  Iter-23 | MAE=1.641 | MAPE=2.30%
16:20:08 |  Iter-24 | MAE=0.918 | MAPE=1.29%
16:24:26 |  Iter-25 | MAE=2.194 | MAPE=3.04%
16:28:44 |  Iter-26 | MAE=0.718 | MAPE=1.00%
16:33:01 |  Iter-27 | MAE=1.072 | MAPE=1.46%
16:37:17 |  Iter-28 | MAE=1.596 | MAPE=2.13%
16:41:39 |  Iter-29 | MAE=1.674 | MAPE=2.24%
16:45:59 |  Iter-30 | MAE=2.722 | MAPE=3.60%
16:50:14 |  Iter-31 | MAE=11.465 | MAPE=12.77%
16:54:34 |  Iter-32 | MAE=26.261 | MAPE=22.11%
16:58:50 |  Iter-33 | MAE=31.376 | MAPE=22.64%
17:03:04 |  Iter-34 | MAE=23.949 | MAPE=15.94%
17:07:23 |  Iter-35 | MAE=11.146 | MAPE=7.78%
17:11:42 |  Iter-36 | MAE=6.520 | MAPE=4.94%
17:16:04 |  Iter-37 | MAE=11.539 | MAPE=9.07%
17:20:23 |  Iter-38 | MAE=8.570 | MAPE=6.94%
17:24:42 |  Iter-39 | MAE=5.498 | MAPE=4.21%
17:24:42 | 
 OVERALL: MAE=4.806, MAPE=4.42%, R2=0.8243 (9838.0s)
17:24:42 | Saved model checkpoint: /data/quyhv/oil_forecast_tail_risk/results_v4/walkforward/GUMNet/XANG_H10_seed777/model_checkpoint.pth
17:24:42 | Saved processor/scaler: /data/quyhv/oil_forecast_tail_risk/results_v4/walkforward/GUMNet/XANG_H10_seed777/processor.pkl
