10:00:35 | ================================================================================
10:00:35 |  GUMNet | XANG | H3 | walkforward | seed=2025
10:00:35 | ================================================================================
10:00:35 | Data: 4513 rows | Features: 15
10:03:50 |  Iter-01 | MAE=0.297 | MAPE=0.38%
10:07:00 |  Iter-02 | MAE=3.219 | MAPE=4.31%
10:10:19 |  Iter-03 | MAE=0.694 | MAPE=0.95%
10:13:38 |  Iter-04 | MAE=1.133 | MAPE=1.54%
10:16:49 |  Iter-05 | MAE=0.949 | MAPE=1.31%
10:20:05 |  Iter-06 | MAE=1.095 | MAPE=1.53%
10:23:16 |  Iter-07 | MAE=0.886 | MAPE=1.25%
10:26:31 |  Iter-08 | MAE=1.614 | MAPE=2.22%
10:29:30 |  Iter-09 | MAE=1.061 | MAPE=1.48%
10:32:28 |  Iter-10 | MAE=0.693 | MAPE=0.96%
10:35:34 |  Iter-11 | MAE=0.423 | MAPE=0.59%
10:38:36 |  Iter-12 | MAE=1.301 | MAPE=1.79%
10:41:35 |  Iter-13 | MAE=2.348 | MAPE=3.26%
10:44:35 |  Iter-14 | MAE=1.751 | MAPE=2.36%
10:47:38 |  Iter-15 | MAE=2.004 | MAPE=2.60%
10:50:50 |  Iter-16 | MAE=3.107 | MAPE=4.25%
10:54:00 |  Iter-17 | MAE=1.530 | MAPE=2.00%
10:57:12 |  Iter-18 | MAE=1.313 | MAPE=1.65%
11:00:31 |  Iter-19 | MAE=0.105 | MAPE=0.13%
11:03:36 |  Iter-20 | MAE=15.485 | MAPE=15.82%
11:06:41 |  Iter-21 | MAE=20.909 | MAPE=15.82%
11:09:51 |  Iter-22 | MAE=16.194 | MAPE=13.02%
11:12:54 |  Iter-23 | MAE=7.808 | MAPE=5.38%
11:16:04 |  Iter-24 | MAE=7.310 | MAPE=4.65%
11:19:08 |  Iter-25 | MAE=15.190 | MAPE=10.84%
11:22:25 |  Iter-26 | MAE=4.865 | MAPE=3.49%
11:25:32 |  Iter-27 | MAE=4.064 | MAPE=2.88%
11:28:38 |  Iter-28 | MAE=14.194 | MAPE=11.05%
11:31:50 |  Iter-29 | MAE=8.548 | MAPE=6.47%
11:35:02 |  Iter-30 | MAE=9.615 | MAPE=7.81%
11:38:16 |  Iter-31 | MAE=2.887 | MAPE=2.34%
11:41:33 |  Iter-32 | MAE=5.591 | MAPE=4.39%
11:44:45 |  Iter-33 | MAE=2.208 | MAPE=1.70%
11:44:45 | 
 OVERALL: MAE=4.860, MAPE=4.25%, R2=0.9234 (6250.5s)
11:44:45 | Saved model checkpoint: /data/quyhv/oil_forecast_tail_risk/results_v4/walkforward/GUMNet/XANG_H3_seed2025/model_checkpoint.pth
11:44:45 | Saved processor/scaler: /data/quyhv/oil_forecast_tail_risk/results_v4/walkforward/GUMNet/XANG_H3_seed2025/processor.pkl
