08:03:54 | ================================================================================
08:03:54 |  GUMNet | XANG | H3 | walkforward | seed=777
08:03:54 | ================================================================================
08:03:54 | Data: 4513 rows | Features: 15
08:07:24 |  Iter-01 | MAE=0.293 | MAPE=0.37%
08:10:42 |  Iter-02 | MAE=3.132 | MAPE=4.20%
08:13:49 |  Iter-03 | MAE=0.807 | MAPE=1.10%
08:16:55 |  Iter-04 | MAE=0.585 | MAPE=0.80%
08:20:11 |  Iter-05 | MAE=0.195 | MAPE=0.27%
08:23:19 |  Iter-06 | MAE=0.929 | MAPE=1.30%
08:26:24 |  Iter-07 | MAE=0.757 | MAPE=1.07%
08:29:35 |  Iter-08 | MAE=1.792 | MAPE=2.47%
08:32:47 |  Iter-09 | MAE=2.229 | MAPE=3.11%
08:35:56 |  Iter-10 | MAE=0.879 | MAPE=1.22%
08:39:07 |  Iter-11 | MAE=0.518 | MAPE=0.72%
08:42:05 |  Iter-12 | MAE=1.366 | MAPE=1.87%
08:45:14 |  Iter-13 | MAE=2.554 | MAPE=3.54%
08:48:26 |  Iter-14 | MAE=1.887 | MAPE=2.54%
08:51:29 |  Iter-15 | MAE=1.923 | MAPE=2.50%
08:54:28 |  Iter-16 | MAE=2.953 | MAPE=4.05%
08:57:28 |  Iter-17 | MAE=1.530 | MAPE=2.00%
09:00:26 |  Iter-18 | MAE=1.667 | MAPE=2.10%
09:03:25 |  Iter-19 | MAE=0.483 | MAPE=0.60%
09:06:34 |  Iter-20 | MAE=15.836 | MAPE=16.18%
09:09:46 |  Iter-21 | MAE=20.839 | MAPE=15.78%
09:12:48 |  Iter-22 | MAE=16.171 | MAPE=13.02%
09:15:51 |  Iter-23 | MAE=8.751 | MAPE=6.02%
09:19:09 |  Iter-24 | MAE=7.261 | MAPE=4.61%
09:22:21 |  Iter-25 | MAE=13.923 | MAPE=9.82%
09:25:34 |  Iter-26 | MAE=5.868 | MAPE=4.32%
09:28:40 |  Iter-27 | MAE=3.024 | MAPE=2.09%
09:31:58 |  Iter-28 | MAE=12.347 | MAPE=9.67%
09:35:02 |  Iter-29 | MAE=8.287 | MAPE=6.28%
09:38:13 |  Iter-30 | MAE=9.762 | MAPE=7.94%
09:41:25 |  Iter-31 | MAE=2.747 | MAPE=2.22%
09:44:44 |  Iter-32 | MAE=5.944 | MAPE=4.66%
09:48:08 |  Iter-33 | MAE=2.035 | MAPE=1.57%
09:48:08 | 
 OVERALL: MAE=4.826, MAPE=4.24%, R2=0.9267 (6255.1s)
09:48:09 | Saved model checkpoint: /data/quyhv/oil_forecast_tail_risk/results_v4/walkforward/GUMNet/XANG_H3_seed777/model_checkpoint.pth
09:48:09 | Saved processor/scaler: /data/quyhv/oil_forecast_tail_risk/results_v4/walkforward/GUMNet/XANG_H3_seed777/processor.pkl
