06:26:56 | ================================================================================
06:26:56 |  GUMNet | XANG | H20 | walkforward | seed=123
06:26:56 | ================================================================================
06:26:56 | Data: 4513 rows | Features: 14
06:39:47 |  Iter-01 | MAE=3.383 | MAPE=4.11%
06:52:49 |  Iter-02 | MAE=2.337 | MAPE=3.21%
07:05:52 |  Iter-03 | MAE=2.285 | MAPE=3.00%
07:18:57 |  Iter-04 | MAE=4.705 | MAPE=5.55%
07:31:58 |  Iter-05 | MAE=1.425 | MAPE=1.82%
07:45:09 |  Iter-06 | MAE=1.059 | MAPE=1.33%
07:58:20 |  Iter-07 | MAE=1.090 | MAPE=1.34%
08:11:29 |  Iter-08 | MAE=4.099 | MAPE=5.26%
08:24:39 |  Iter-09 | MAE=2.591 | MAPE=3.21%
08:38:01 |  Iter-10 | MAE=3.196 | MAPE=4.05%
08:51:30 |  Iter-11 | MAE=5.249 | MAPE=7.21%
09:04:53 |  Iter-12 | MAE=2.339 | MAPE=3.20%
09:18:12 |  Iter-13 | MAE=6.278 | MAPE=7.14%
09:31:40 |  Iter-14 | MAE=36.365 | MAPE=25.41%
09:45:10 |  Iter-15 | MAE=11.879 | MAPE=9.35%
09:45:10 | 
 OVERALL: MAE=5.885, MAPE=5.68%, R2=0.6816 (11895.0s)
09:45:11 | Saved model checkpoint: /data/quyhv/oil_forecast_tail_risk/results_v4/walkforward/GUMNet/XANG_H20_seed123/model_checkpoint.pth
09:45:11 | Saved processor/scaler: /data/quyhv/oil_forecast_tail_risk/results_v4/walkforward/GUMNet/XANG_H20_seed123/processor.pkl
