12:52:16 | ================================================================================
12:52:16 |  Chronos | XANG | H10 | walkforward | seed=9999
12:52:16 | ================================================================================
12:52:16 | Data: 4513 rows | Features: 14
12:54:10 |  Iter-01 | MAE=2.399 | MAPE=3.01%
12:56:02 |  Iter-02 | MAE=2.434 | MAPE=3.12%
12:57:53 |  Iter-03 | MAE=0.820 | MAPE=1.04%
12:59:46 |  Iter-04 | MAE=1.461 | MAPE=1.82%
13:01:39 |  Iter-05 | MAE=1.229 | MAPE=1.52%
13:03:32 |  Iter-06 | MAE=2.232 | MAPE=2.76%
13:05:27 |  Iter-07 | MAE=1.154 | MAPE=1.43%
13:07:23 |  Iter-08 | MAE=1.253 | MAPE=1.56%
13:09:19 |  Iter-09 | MAE=3.011 | MAPE=3.81%
13:11:14 |  Iter-10 | MAE=1.629 | MAPE=2.09%
13:13:10 |  Iter-11 | MAE=0.955 | MAPE=1.24%
13:15:06 |  Iter-12 | MAE=1.018 | MAPE=1.33%
13:17:02 |  Iter-13 | MAE=2.268 | MAPE=2.82%
13:19:00 |  Iter-14 | MAE=3.471 | MAPE=4.30%
13:20:57 |  Iter-15 | MAE=0.802 | MAPE=0.99%
13:22:55 |  Iter-16 | MAE=1.549 | MAPE=1.90%
13:24:53 |  Iter-17 | MAE=3.040 | MAPE=3.87%
13:26:51 |  Iter-18 | MAE=1.334 | MAPE=1.68%
13:28:49 |  Iter-19 | MAE=0.980 | MAPE=1.22%
13:30:46 |  Iter-20 | MAE=2.298 | MAPE=3.00%
13:32:44 |  Iter-21 | MAE=3.116 | MAPE=4.20%
13:34:42 |  Iter-22 | MAE=0.874 | MAPE=1.20%
13:36:40 |  Iter-23 | MAE=1.429 | MAPE=2.00%
13:38:38 |  Iter-24 | MAE=0.988 | MAPE=1.39%
13:40:36 |  Iter-25 | MAE=1.829 | MAPE=2.53%
13:42:34 |  Iter-26 | MAE=0.769 | MAPE=1.07%
13:44:31 |  Iter-27 | MAE=1.064 | MAPE=1.45%
13:46:29 |  Iter-28 | MAE=1.638 | MAPE=2.18%
13:48:29 |  Iter-29 | MAE=1.551 | MAPE=2.06%
13:50:28 |  Iter-30 | MAE=2.775 | MAPE=3.67%
13:52:23 |  Iter-31 | MAE=12.066 | MAPE=13.48%
13:54:17 |  Iter-32 | MAE=26.523 | MAPE=22.34%
13:56:12 |  Iter-33 | MAE=31.324 | MAPE=22.59%
13:58:06 |  Iter-34 | MAE=24.431 | MAPE=16.27%
14:00:00 |  Iter-35 | MAE=10.313 | MAPE=7.15%
14:01:55 |  Iter-36 | MAE=7.631 | MAPE=5.45%
14:03:49 |  Iter-37 | MAE=11.558 | MAPE=9.03%
14:05:48 |  Iter-38 | MAE=8.714 | MAPE=7.05%
14:07:42 |  Iter-39 | MAE=8.362 | MAPE=6.41%
14:07:42 | 
 OVERALL: MAE=4.931, MAPE=4.51%, R2=0.8201 (4526.0s)
14:07:42 | Saved model checkpoint: /data/quyhv/oil_forecast_tail_risk/results_v4/walkforward/Chronos/XANG_H10_seed9999/model_checkpoint.pth
14:07:42 | Saved processor/scaler: /data/quyhv/oil_forecast_tail_risk/results_v4/walkforward/Chronos/XANG_H10_seed9999/processor.pkl
