19:06:06 | ================================================================================
19:06:06 |  Chronos | XANG | H1 | walkforward | seed=123
19:06:06 | ================================================================================
19:06:06 | Data: 4513 rows | Features: 15
19:13:24 |  Iter-01 | MAE=0.106 | MAPE=0.14%
19:21:31 |  Iter-02 | MAE=0.206 | MAPE=0.26%
19:27:17 |  Iter-03 | MAE=0.433 | MAPE=0.55%
19:33:05 |  Iter-04 | MAE=2.506 | MAPE=3.33%
19:38:34 |  Iter-05 | MAE=0.418 | MAPE=0.56%
19:43:02 |  Iter-06 | MAE=0.434 | MAPE=0.58%
19:48:05 |  Iter-07 | MAE=1.304 | MAPE=1.78%
19:54:08 |  Iter-08 | MAE=0.453 | MAPE=0.62%
19:56:58 |  Iter-09 | MAE=0.836 | MAPE=1.13%
20:07:36 |  Iter-10 | MAE=0.928 | MAPE=1.26%
20:13:05 |  Iter-11 | MAE=0.548 | MAPE=0.74%
20:17:50 |  Iter-12 | MAE=0.340 | MAPE=0.47%
20:20:33 |  Iter-13 | MAE=0.767 | MAPE=1.06%
20:29:09 |  Iter-14 | MAE=0.322 | MAPE=0.44%
20:32:31 |  Iter-15 | MAE=0.373 | MAPE=0.51%
20:38:05 |  Iter-16 | MAE=0.446 | MAPE=0.61%
20:43:00 |  Iter-17 | MAE=0.521 | MAPE=0.72%
20:48:17 |  Iter-18 | MAE=1.032 | MAPE=1.46%
20:52:40 |  Iter-19 | MAE=0.375 | MAPE=0.52%
20:58:15 |  Iter-20 | MAE=1.067 | MAPE=1.52%
21:04:35 |  Iter-21 | MAE=0.960 | MAPE=1.36%
21:07:34 |  Iter-22 | MAE=0.733 | MAPE=1.01%
21:13:23 |  Iter-23 | MAE=1.568 | MAPE=2.17%
21:16:07 |  Iter-24 | MAE=0.061 | MAPE=0.08%
21:24:03 |  Iter-25 | MAE=1.858 | MAPE=2.56%
21:28:49 |  Iter-26 | MAE=1.678 | MAPE=2.33%
21:31:50 |  Iter-27 | MAE=0.653 | MAPE=0.92%
21:36:21 |  Iter-28 | MAE=0.541 | MAPE=0.76%
21:42:18 |  Iter-29 | MAE=0.404 | MAPE=0.56%
21:47:46 |  Iter-30 | MAE=0.126 | MAPE=0.17%
21:52:10 |  Iter-31 | MAE=0.487 | MAPE=0.67%
21:58:33 |  Iter-32 | MAE=0.679 | MAPE=0.93%
22:03:07 |  Iter-33 | MAE=0.951 | MAPE=1.30%
22:08:38 |  Iter-34 | MAE=1.171 | MAPE=1.64%
22:11:35 |  Iter-35 | MAE=0.412 | MAPE=0.56%
22:20:38 |  Iter-36 | MAE=0.668 | MAPE=0.89%
22:25:58 |  Iter-37 | MAE=1.153 | MAPE=1.55%
22:32:00 |  Iter-38 | MAE=3.591 | MAPE=5.00%
22:37:02 |  Iter-39 | MAE=2.883 | MAPE=4.01%
22:39:53 |  Iter-40 | MAE=1.259 | MAPE=1.70%
22:42:18 |  Iter-41 | MAE=0.425 | MAPE=0.57%
22:45:31 |  Iter-42 | MAE=0.853 | MAPE=1.15%
22:50:03 |  Iter-43 | MAE=1.033 | MAPE=1.36%
22:53:46 |  Iter-44 | MAE=0.788 | MAPE=1.02%
22:59:36 |  Iter-45 | MAE=0.696 | MAPE=0.91%
23:02:40 |  Iter-46 | MAE=1.447 | MAPE=1.91%
23:06:58 |  Iter-47 | MAE=2.511 | MAPE=3.45%
23:11:41 |  Iter-48 | MAE=0.138 | MAPE=0.19%
23:14:30 |  Iter-49 | MAE=0.553 | MAPE=0.76%
23:22:00 |  Iter-50 | MAE=0.877 | MAPE=1.20%
23:24:30 |  Iter-51 | MAE=2.949 | MAPE=3.83%
23:29:24 |  Iter-52 | MAE=0.719 | MAPE=0.91%
23:36:42 |  Iter-53 | MAE=0.240 | MAPE=0.30%
23:41:58 |  Iter-54 | MAE=1.725 | MAPE=2.15%
23:48:59 |  Iter-55 | MAE=0.853 | MAPE=1.06%
23:51:09 |  Iter-56 | MAE=1.214 | MAPE=1.51%
23:57:51 |  Iter-57 | MAE=0.434 | MAPE=0.54%
00:02:40 |  Iter-58 | MAE=10.530 | MAPE=11.50%
00:04:56 |  Iter-59 | MAE=4.017 | MAPE=4.13%
00:11:21 |  Iter-60 | MAE=3.990 | MAPE=3.89%
00:13:40 |  Iter-61 | MAE=9.610 | MAPE=8.86%
00:15:43 |  Iter-62 | MAE=5.779 | MAPE=4.85%
00:17:46 |  Iter-63 | MAE=20.493 | MAPE=14.30%
00:21:32 |  Iter-64 | MAE=25.606 | MAPE=20.77%
00:32:06 |  Iter-65 | MAE=11.632 | MAPE=9.56%
00:34:41 |  Iter-66 | MAE=7.388 | MAPE=5.37%
00:46:02 |  Iter-67 | MAE=18.649 | MAPE=13.03%
00:48:39 |  Iter-68 | MAE=1.754 | MAPE=1.17%
00:50:46 |  Iter-69 | MAE=1.485 | MAPE=1.01%
00:53:17 |  Iter-70 | MAE=2.743 | MAPE=1.88%
00:56:17 |  Iter-71 | MAE=1.573 | MAPE=0.99%
01:02:11 |  Iter-72 | MAE=4.395 | MAPE=2.80%
01:04:49 |  Iter-73 | MAE=2.449 | MAPE=1.52%
01:07:26 |  Iter-74 | MAE=6.825 | MAPE=4.69%
01:09:31 |  Iter-75 | MAE=14.323 | MAPE=10.74%
01:12:10 |  Iter-76 | MAE=5.811 | MAPE=4.48%
01:18:18 |  Iter-77 | MAE=6.269 | MAPE=4.72%
01:22:30 |  Iter-78 | MAE=11.244 | MAPE=7.83%
01:24:32 |  Iter-79 | MAE=1.285 | MAPE=0.92%
01:26:55 |  Iter-80 | MAE=1.308 | MAPE=0.95%
01:30:27 |  Iter-81 | MAE=6.913 | MAPE=4.67%
01:33:00 |  Iter-82 | MAE=5.285 | MAPE=3.63%
01:35:18 |  Iter-83 | MAE=3.368 | MAPE=2.37%
01:37:40 |  Iter-84 | MAE=24.277 | MAPE=19.78%
01:40:09 |  Iter-85 | MAE=11.556 | MAPE=8.70%
01:45:48 |  Iter-86 | MAE=1.816 | MAPE=1.40%
01:48:01 |  Iter-87 | MAE=1.376 | MAPE=1.02%
01:53:47 |  Iter-88 | MAE=7.391 | MAPE=5.83%
01:56:17 |  Iter-89 | MAE=3.558 | MAPE=2.92%
01:59:28 |  Iter-90 | MAE=2.412 | MAPE=1.98%
02:01:35 |  Iter-91 | MAE=2.640 | MAPE=2.07%
02:04:02 |  Iter-92 | MAE=3.924 | MAPE=3.22%
02:06:18 |  Iter-93 | MAE=2.182 | MAPE=1.81%
02:11:32 |  Iter-94 | MAE=3.961 | MAPE=3.13%
02:13:49 |  Iter-95 | MAE=1.626 | MAPE=1.27%
02:18:19 |  Iter-96 | MAE=2.119 | MAPE=1.68%
02:24:11 |  Iter-97 | MAE=0.577 | MAPE=0.45%
02:27:15 |  Iter-98 | MAE=0.556 | MAPE=0.43%
02:29:17 |  Iter-99 | MAE=0.506 | MAPE=0.38%
02:34:02 |  Iter-100 | MAE=0.687 | MAPE=0.51%
02:34:02 | 
 OVERALL: MAE=3.186, MAPE=2.79%, R2=0.9627 (26875.5s)
02:34:02 | Saved model checkpoint: /data/quyhv/oil_forecast_tail_risk/results_v4/walkforward/Chronos/XANG_H1_seed123/model_checkpoint.pth
02:34:02 | Saved processor/scaler: /data/quyhv/oil_forecast_tail_risk/results_v4/walkforward/Chronos/XANG_H1_seed123/processor.pkl
