18:42:05 | ================================================================================
18:42:05 |  Chronos | XANG | H1 | walkforward | seed=777
18:42:05 | ================================================================================
18:42:05 | Data: 4513 rows | Features: 15
18:47:25 |  Iter-01 | MAE=0.131 | MAPE=0.17%
18:55:00 |  Iter-02 | MAE=0.198 | MAPE=0.25%
19:00:21 |  Iter-03 | MAE=0.413 | MAPE=0.53%
19:07:31 |  Iter-04 | MAE=2.514 | MAPE=3.34%
19:11:44 |  Iter-05 | MAE=0.397 | MAPE=0.53%
19:17:14 |  Iter-06 | MAE=0.558 | MAPE=0.75%
19:20:09 |  Iter-07 | MAE=1.199 | MAPE=1.63%
19:27:12 |  Iter-08 | MAE=0.462 | MAPE=0.63%
19:30:47 |  Iter-09 | MAE=0.897 | MAPE=1.22%
19:33:21 |  Iter-10 | MAE=0.776 | MAPE=1.05%
19:38:19 |  Iter-11 | MAE=0.474 | MAPE=0.64%
19:40:52 |  Iter-12 | MAE=0.337 | MAPE=0.46%
19:47:35 |  Iter-13 | MAE=0.460 | MAPE=0.64%
19:52:17 |  Iter-14 | MAE=0.458 | MAPE=0.63%
19:59:44 |  Iter-15 | MAE=0.128 | MAPE=0.18%
20:06:52 |  Iter-16 | MAE=0.366 | MAPE=0.50%
20:13:36 |  Iter-17 | MAE=0.518 | MAPE=0.72%
20:18:25 |  Iter-18 | MAE=0.933 | MAPE=1.32%
20:24:12 |  Iter-19 | MAE=0.116 | MAPE=0.16%
20:32:56 |  Iter-20 | MAE=1.020 | MAPE=1.45%
20:40:08 |  Iter-21 | MAE=0.815 | MAPE=1.15%
20:46:35 |  Iter-22 | MAE=1.127 | MAPE=1.56%
20:51:39 |  Iter-23 | MAE=1.593 | MAPE=2.20%
21:03:14 |  Iter-24 | MAE=0.081 | MAPE=0.11%
21:06:06 |  Iter-25 | MAE=1.653 | MAPE=2.28%
21:12:27 |  Iter-26 | MAE=1.662 | MAPE=2.31%
21:19:42 |  Iter-27 | MAE=0.460 | MAPE=0.65%
21:24:03 |  Iter-28 | MAE=0.256 | MAPE=0.36%
21:29:47 |  Iter-29 | MAE=0.687 | MAPE=0.96%
21:35:50 |  Iter-30 | MAE=0.293 | MAPE=0.40%
21:38:16 |  Iter-31 | MAE=0.536 | MAPE=0.74%
21:42:23 |  Iter-32 | MAE=0.667 | MAPE=0.91%
21:50:26 |  Iter-33 | MAE=1.066 | MAPE=1.46%
21:52:30 |  Iter-34 | MAE=1.118 | MAPE=1.57%
22:01:13 |  Iter-35 | MAE=0.483 | MAPE=0.66%
22:06:18 |  Iter-36 | MAE=0.828 | MAPE=1.11%
22:17:21 |  Iter-37 | MAE=1.268 | MAPE=1.70%
22:22:03 |  Iter-38 | MAE=3.060 | MAPE=4.26%
22:27:21 |  Iter-39 | MAE=2.160 | MAPE=3.00%
22:33:33 |  Iter-40 | MAE=1.764 | MAPE=2.39%
22:38:38 |  Iter-41 | MAE=0.086 | MAPE=0.12%
22:41:13 |  Iter-42 | MAE=0.631 | MAPE=0.85%
22:44:26 |  Iter-43 | MAE=1.083 | MAPE=1.43%
22:46:59 |  Iter-44 | MAE=1.266 | MAPE=1.63%
22:51:43 |  Iter-45 | MAE=0.878 | MAPE=1.15%
22:57:08 |  Iter-46 | MAE=0.581 | MAPE=0.77%
23:00:52 |  Iter-47 | MAE=2.505 | MAPE=3.44%
23:03:07 |  Iter-48 | MAE=0.453 | MAPE=0.62%
23:10:01 |  Iter-49 | MAE=0.647 | MAPE=0.89%
23:12:31 |  Iter-50 | MAE=1.241 | MAPE=1.70%
23:15:08 |  Iter-51 | MAE=3.266 | MAPE=4.24%
23:21:24 |  Iter-52 | MAE=0.775 | MAPE=0.98%
23:27:52 |  Iter-53 | MAE=0.131 | MAPE=0.17%
23:30:45 |  Iter-54 | MAE=1.650 | MAPE=2.06%
23:33:35 |  Iter-55 | MAE=1.048 | MAPE=1.31%
23:41:05 |  Iter-56 | MAE=0.998 | MAPE=1.24%
23:43:29 |  Iter-57 | MAE=0.445 | MAPE=0.55%
23:48:01 |  Iter-58 | MAE=10.931 | MAPE=11.94%
23:54:45 |  Iter-59 | MAE=3.319 | MAPE=3.41%
00:01:02 |  Iter-60 | MAE=3.529 | MAPE=3.45%
00:03:19 |  Iter-61 | MAE=10.472 | MAPE=9.64%
00:09:17 |  Iter-62 | MAE=4.190 | MAPE=3.62%
00:11:09 |  Iter-63 | MAE=19.679 | MAPE=13.70%
00:15:15 |  Iter-64 | MAE=16.750 | MAPE=13.60%
00:17:21 |  Iter-65 | MAE=2.212 | MAPE=1.74%
00:19:40 |  Iter-66 | MAE=10.759 | MAPE=7.85%
00:25:04 |  Iter-67 | MAE=7.152 | MAPE=5.01%
00:27:16 |  Iter-68 | MAE=1.175 | MAPE=0.83%
00:35:47 |  Iter-69 | MAE=2.609 | MAPE=1.79%
00:37:59 |  Iter-70 | MAE=4.361 | MAPE=2.97%
00:40:19 |  Iter-71 | MAE=0.292 | MAPE=0.18%
00:42:36 |  Iter-72 | MAE=2.315 | MAPE=1.48%
00:46:08 |  Iter-73 | MAE=5.651 | MAPE=3.46%
00:48:05 |  Iter-74 | MAE=11.210 | MAPE=7.73%
00:50:07 |  Iter-75 | MAE=14.920 | MAPE=11.19%
00:52:40 |  Iter-76 | MAE=5.646 | MAPE=4.35%
00:55:43 |  Iter-77 | MAE=3.533 | MAPE=2.65%
00:58:19 |  Iter-78 | MAE=6.851 | MAPE=4.76%
01:02:37 |  Iter-79 | MAE=1.020 | MAPE=0.71%
01:05:28 |  Iter-80 | MAE=1.801 | MAPE=1.27%
01:08:59 |  Iter-81 | MAE=7.319 | MAPE=4.94%
01:12:47 |  Iter-82 | MAE=7.319 | MAPE=5.03%
01:16:21 |  Iter-83 | MAE=8.185 | MAPE=5.74%
01:19:18 |  Iter-84 | MAE=24.518 | MAPE=19.96%
01:21:36 |  Iter-85 | MAE=12.842 | MAPE=9.66%
01:24:17 |  Iter-86 | MAE=2.071 | MAPE=1.59%
01:27:17 |  Iter-87 | MAE=4.373 | MAPE=3.29%
01:29:43 |  Iter-88 | MAE=6.977 | MAPE=5.50%
01:31:54 |  Iter-89 | MAE=2.874 | MAPE=2.38%
01:35:51 |  Iter-90 | MAE=2.387 | MAPE=1.96%
01:37:56 |  Iter-91 | MAE=2.662 | MAPE=2.10%
01:40:15 |  Iter-92 | MAE=1.222 | MAPE=1.02%
01:46:01 |  Iter-93 | MAE=1.253 | MAPE=1.04%
01:52:11 |  Iter-94 | MAE=3.805 | MAPE=3.01%
01:58:47 |  Iter-95 | MAE=1.471 | MAPE=1.15%
02:02:18 |  Iter-96 | MAE=1.163 | MAPE=0.91%
02:04:40 |  Iter-97 | MAE=2.474 | MAPE=1.91%
02:09:42 |  Iter-98 | MAE=1.342 | MAPE=1.04%
02:12:35 |  Iter-99 | MAE=0.401 | MAPE=0.30%
02:16:47 |  Iter-100 | MAE=2.068 | MAPE=1.52%
02:16:47 | 
 OVERALL: MAE=2.987, MAPE=2.61%, R2=0.9696 (27283.2s)
02:16:47 | Saved model checkpoint: /data/quyhv/oil_forecast_tail_risk/results_v4/walkforward/Chronos/XANG_H1_seed777/model_checkpoint.pth
02:16:47 | Saved processor/scaler: /data/quyhv/oil_forecast_tail_risk/results_v4/walkforward/Chronos/XANG_H1_seed777/processor.pkl
