12:27:56 | ================================================================================
12:27:56 |  Chronos | XANG | H60 | walkforward | seed=9999
12:27:56 | ================================================================================
12:27:56 | Data: 4513 rows | Features: 19
12:35:18 |  Iter-01 | MAE=10.459 | MAPE=10.55%
12:42:31 |  Iter-02 | MAE=5.253 | MAPE=5.11%
12:49:43 |  Iter-03 | MAE=4.848 | MAPE=4.81%
12:57:02 |  Iter-04 | MAE=7.218 | MAPE=7.90%
13:04:21 |  Iter-05 | MAE=7.607 | MAPE=8.28%
13:11:40 |  Iter-06 | MAE=3.058 | MAPE=3.38%
13:18:59 |  Iter-07 | MAE=6.123 | MAPE=7.31%
13:26:26 |  Iter-08 | MAE=7.096 | MAPE=8.65%
13:33:52 |  Iter-09 | MAE=2.630 | MAPE=3.22%
13:41:19 |  Iter-10 | MAE=1.748 | MAPE=2.12%
13:48:45 |  Iter-11 | MAE=1.690 | MAPE=2.06%
13:56:20 |  Iter-12 | MAE=4.331 | MAPE=5.14%
14:03:54 |  Iter-13 | MAE=1.863 | MAPE=2.22%
14:11:29 |  Iter-14 | MAE=2.734 | MAPE=3.37%
14:19:03 |  Iter-15 | MAE=5.391 | MAPE=7.03%
14:26:45 |  Iter-16 | MAE=2.781 | MAPE=3.61%
14:34:28 |  Iter-17 | MAE=2.807 | MAPE=3.54%
14:42:16 |  Iter-18 | MAE=4.446 | MAPE=5.50%
14:50:12 |  Iter-19 | MAE=4.945 | MAPE=6.10%
14:58:08 |  Iter-20 | MAE=2.801 | MAPE=3.57%
15:06:04 |  Iter-21 | MAE=3.460 | MAPE=4.32%
15:14:00 |  Iter-22 | MAE=2.162 | MAPE=2.72%
15:22:04 |  Iter-23 | MAE=1.811 | MAPE=2.28%
15:30:08 |  Iter-24 | MAE=3.078 | MAPE=3.98%
15:38:00 |  Iter-25 | MAE=7.288 | MAPE=9.92%
15:45:42 |  Iter-26 | MAE=5.207 | MAPE=6.81%
15:53:31 |  Iter-27 | MAE=28.266 | MAPE=22.59%
16:01:19 |  Iter-28 | MAE=43.094 | MAPE=32.57%
16:01:20 | 
 OVERALL: MAE=6.578, MAPE=6.74%, R2=-0.1080 (12804.4s)
16:01:20 | Saved model checkpoint: /data/quyhv/oil_forecast_tail_risk/results_v4/walkforward/Chronos/XANG_H60_seed9999/model_checkpoint.pth
16:01:20 | Saved processor/scaler: /data/quyhv/oil_forecast_tail_risk/results_v4/walkforward/Chronos/XANG_H60_seed9999/processor.pkl
