12:52:17 | ================================================================================
12:52:17 |  Chronos | XANG | H10 | walkforward | seed=777
12:52:17 | ================================================================================
12:52:17 | Data: 4513 rows | Features: 14
12:54:12 |  Iter-01 | MAE=2.275 | MAPE=2.85%
12:56:04 |  Iter-02 | MAE=2.380 | MAPE=3.05%
12:57:56 |  Iter-03 | MAE=0.754 | MAPE=0.96%
12:59:50 |  Iter-04 | MAE=1.220 | MAPE=1.52%
13:01:43 |  Iter-05 | MAE=1.227 | MAPE=1.52%
13:03:37 |  Iter-06 | MAE=2.253 | MAPE=2.79%
13:05:33 |  Iter-07 | MAE=1.158 | MAPE=1.44%
13:07:28 |  Iter-08 | MAE=1.258 | MAPE=1.56%
13:09:24 |  Iter-09 | MAE=2.790 | MAPE=3.53%
13:11:20 |  Iter-10 | MAE=1.617 | MAPE=2.07%
13:13:16 |  Iter-11 | MAE=0.948 | MAPE=1.23%
13:15:12 |  Iter-12 | MAE=1.252 | MAPE=1.63%
13:17:09 |  Iter-13 | MAE=2.326 | MAPE=2.89%
13:19:07 |  Iter-14 | MAE=3.450 | MAPE=4.28%
13:21:05 |  Iter-15 | MAE=0.807 | MAPE=1.00%
13:23:03 |  Iter-16 | MAE=1.583 | MAPE=1.94%
13:25:02 |  Iter-17 | MAE=3.182 | MAPE=4.05%
13:27:00 |  Iter-18 | MAE=1.332 | MAPE=1.69%
13:28:58 |  Iter-19 | MAE=0.980 | MAPE=1.22%
13:30:56 |  Iter-20 | MAE=2.085 | MAPE=2.73%
13:32:54 |  Iter-21 | MAE=3.167 | MAPE=4.27%
13:34:52 |  Iter-22 | MAE=0.872 | MAPE=1.20%
13:36:50 |  Iter-23 | MAE=1.251 | MAPE=1.76%
13:38:48 |  Iter-24 | MAE=1.034 | MAPE=1.45%
13:40:46 |  Iter-25 | MAE=1.958 | MAPE=2.71%
13:42:44 |  Iter-26 | MAE=0.792 | MAPE=1.10%
13:44:42 |  Iter-27 | MAE=1.045 | MAPE=1.43%
13:46:41 |  Iter-28 | MAE=1.672 | MAPE=2.22%
13:48:41 |  Iter-29 | MAE=1.566 | MAPE=2.08%
13:50:36 |  Iter-30 | MAE=2.781 | MAPE=3.68%
13:52:31 |  Iter-31 | MAE=12.103 | MAPE=13.52%
13:54:26 |  Iter-32 | MAE=26.518 | MAPE=22.33%
13:56:20 |  Iter-33 | MAE=31.380 | MAPE=22.65%
13:58:15 |  Iter-34 | MAE=24.076 | MAPE=16.02%
14:00:10 |  Iter-35 | MAE=15.518 | MAPE=11.06%
14:02:05 |  Iter-36 | MAE=6.599 | MAPE=4.83%
14:03:59 |  Iter-37 | MAE=10.805 | MAPE=8.41%
14:05:54 |  Iter-38 | MAE=7.474 | MAPE=6.05%
14:07:49 |  Iter-39 | MAE=6.634 | MAPE=5.09%
14:07:49 | 
 OVERALL: MAE=4.926, MAPE=4.51%, R2=0.8188 (4531.8s)
14:07:49 | Saved model checkpoint: /data/quyhv/oil_forecast_tail_risk/results_v4/walkforward/Chronos/XANG_H10_seed777/model_checkpoint.pth
14:07:49 | Saved processor/scaler: /data/quyhv/oil_forecast_tail_risk/results_v4/walkforward/Chronos/XANG_H10_seed777/processor.pkl
