02:30:06 | ================================================================================
02:30:06 |  Chronos | XANG | H7 | walkforward | seed=123
02:30:06 | ================================================================================
02:30:06 | Data: 4513 rows | Features: 16
02:32:06 |  Iter-01 | MAE=0.850 | MAPE=1.10%
02:34:35 |  Iter-02 | MAE=1.012 | MAPE=1.33%
02:36:34 |  Iter-03 | MAE=4.112 | MAPE=5.09%
02:38:35 |  Iter-04 | MAE=0.927 | MAPE=1.16%
02:40:28 |  Iter-05 | MAE=0.764 | MAPE=0.94%
02:42:28 |  Iter-06 | MAE=1.254 | MAPE=1.61%
02:44:25 |  Iter-07 | MAE=1.110 | MAPE=1.39%
02:46:20 |  Iter-08 | MAE=1.801 | MAPE=2.40%
02:48:17 |  Iter-09 | MAE=0.863 | MAPE=1.18%
02:50:24 |  Iter-10 | MAE=0.837 | MAPE=1.18%
02:52:28 |  Iter-11 | MAE=1.858 | MAPE=2.57%
02:54:27 |  Iter-12 | MAE=0.972 | MAPE=1.34%
02:56:25 |  Iter-13 | MAE=2.201 | MAPE=2.98%
02:58:29 |  Iter-14 | MAE=1.739 | MAPE=2.30%
03:00:28 |  Iter-15 | MAE=4.389 | MAPE=5.55%
03:02:23 |  Iter-16 | MAE=16.681 | MAPE=15.76%
03:04:28 |  Iter-17 | MAE=19.772 | MAPE=13.93%
03:06:50 |  Iter-18 | MAE=11.822 | MAPE=8.33%
03:09:22 |  Iter-19 | MAE=13.918 | MAPE=9.67%
03:11:30 |  Iter-20 | MAE=13.685 | MAPE=10.89%
03:13:50 |  Iter-21 | MAE=4.105 | MAPE=3.21%
03:13:50 | 
 OVERALL: MAE=4.984, MAPE=4.47%, R2=0.8846 (2624.8s)
03:13:50 | Saved model checkpoint: /data/quyhv/oil_forecast_tail_risk/results_v4/walkforward/Chronos/XANG_H7_seed123/model_checkpoint.pth
03:13:50 | Saved processor/scaler: /data/quyhv/oil_forecast_tail_risk/results_v4/walkforward/Chronos/XANG_H7_seed123/processor.pkl
