13:10:13 | ================================================================================
13:10:13 |  Chronos | XANG | H60 | walkforward | seed=123
13:10:13 | ================================================================================
13:10:13 | Data: 4513 rows | Features: 19
13:17:25 |  Iter-01 | MAE=11.259 | MAPE=11.36%
13:24:31 |  Iter-02 | MAE=5.036 | MAPE=4.88%
13:31:38 |  Iter-03 | MAE=5.145 | MAPE=5.06%
13:38:52 |  Iter-04 | MAE=9.185 | MAPE=10.04%
13:46:06 |  Iter-05 | MAE=8.403 | MAPE=9.10%
13:53:20 |  Iter-06 | MAE=3.050 | MAPE=3.38%
14:00:34 |  Iter-07 | MAE=7.407 | MAPE=8.81%
14:08:00 |  Iter-08 | MAE=6.621 | MAPE=8.08%
14:15:28 |  Iter-09 | MAE=2.978 | MAPE=3.65%
14:22:56 |  Iter-10 | MAE=1.769 | MAPE=2.13%
14:30:25 |  Iter-11 | MAE=2.182 | MAPE=2.63%
14:38:01 |  Iter-12 | MAE=11.771 | MAPE=13.94%
14:45:37 |  Iter-13 | MAE=1.876 | MAPE=2.24%
14:53:13 |  Iter-14 | MAE=2.659 | MAPE=3.27%
15:00:48 |  Iter-15 | MAE=5.899 | MAPE=7.70%
15:08:32 |  Iter-16 | MAE=2.705 | MAPE=3.50%
15:16:15 |  Iter-17 | MAE=2.596 | MAPE=3.25%
15:24:05 |  Iter-18 | MAE=4.498 | MAPE=5.56%
15:32:02 |  Iter-19 | MAE=3.559 | MAPE=4.36%
15:39:59 |  Iter-20 | MAE=1.422 | MAPE=1.81%
15:47:57 |  Iter-21 | MAE=2.706 | MAPE=3.37%
15:55:55 |  Iter-22 | MAE=1.594 | MAPE=2.01%
16:04:01 |  Iter-23 | MAE=2.614 | MAPE=3.35%
16:12:06 |  Iter-24 | MAE=2.939 | MAPE=3.83%
16:20:12 |  Iter-25 | MAE=5.169 | MAPE=7.04%
16:28:18 |  Iter-26 | MAE=3.814 | MAPE=4.81%
16:36:31 |  Iter-27 | MAE=26.704 | MAPE=20.91%
16:44:45 |  Iter-28 | MAE=41.527 | MAPE=31.31%
16:44:45 | 
 OVERALL: MAE=6.682, MAPE=6.83%, R2=-0.0902 (12872.1s)
16:44:45 | Saved model checkpoint: /data/quyhv/oil_forecast_tail_risk/results_v4/walkforward/Chronos/XANG_H60_seed123/model_checkpoint.pth
16:44:45 | Saved processor/scaler: /data/quyhv/oil_forecast_tail_risk/results_v4/walkforward/Chronos/XANG_H60_seed123/processor.pkl
