18:18:57 | ================================================================================
18:18:57 |  Chronos | DAU | H3 | walkforward | seed=777
18:18:57 | ================================================================================
18:18:57 | Data: 4513 rows | Features: 16
18:20:56 |  Iter-01 | MAE=1.344 | MAPE=1.64%
18:22:56 |  Iter-02 | MAE=1.076 | MAPE=1.35%
18:24:56 |  Iter-03 | MAE=0.543 | MAPE=0.69%
18:26:52 |  Iter-04 | MAE=0.464 | MAPE=0.57%
18:28:45 |  Iter-05 | MAE=0.530 | MAPE=0.67%
18:30:26 |  Iter-06 | MAE=1.064 | MAPE=1.36%
18:32:07 |  Iter-07 | MAE=1.045 | MAPE=1.33%
18:34:06 |  Iter-08 | MAE=2.423 | MAPE=3.01%
18:36:19 |  Iter-09 | MAE=0.784 | MAPE=0.96%
18:38:15 |  Iter-10 | MAE=1.772 | MAPE=2.13%
18:40:24 |  Iter-11 | MAE=1.101 | MAPE=1.29%
18:42:08 |  Iter-12 | MAE=1.756 | MAPE=2.03%
18:43:49 |  Iter-13 | MAE=1.356 | MAPE=1.57%
18:46:01 |  Iter-14 | MAE=1.530 | MAPE=1.73%
18:47:57 |  Iter-15 | MAE=1.485 | MAPE=1.68%
18:49:38 |  Iter-16 | MAE=1.619 | MAPE=1.87%
18:51:38 |  Iter-17 | MAE=1.934 | MAPE=2.16%
18:53:28 |  Iter-18 | MAE=0.605 | MAPE=0.66%
18:55:34 |  Iter-19 | MAE=0.222 | MAPE=0.24%
18:57:39 |  Iter-20 | MAE=34.922 | MAPE=26.75%
19:00:09 |  Iter-21 | MAE=26.772 | MAPE=15.64%
19:02:01 |  Iter-22 | MAE=18.371 | MAPE=11.07%
19:03:53 |  Iter-23 | MAE=6.003 | MAPE=3.13%
19:05:51 |  Iter-24 | MAE=13.855 | MAPE=6.24%
19:07:43 |  Iter-25 | MAE=13.751 | MAPE=6.13%
19:09:51 |  Iter-26 | MAE=23.887 | MAPE=9.85%
19:11:55 |  Iter-27 | MAE=22.011 | MAPE=8.45%
19:13:41 |  Iter-28 | MAE=57.876 | MAPE=27.46%
19:15:36 |  Iter-29 | MAE=6.773 | MAPE=3.39%
19:17:34 |  Iter-30 | MAE=24.900 | MAPE=14.81%
19:19:30 |  Iter-31 | MAE=14.428 | MAPE=9.78%
19:21:25 |  Iter-32 | MAE=13.397 | MAPE=8.19%
19:23:01 |  Iter-33 | MAE=3.253 | MAPE=2.01%
19:23:01 | 
 OVERALL: MAE=9.177, MAPE=5.45%, R2=0.9093 (3844.2s)
19:23:01 | Saved model checkpoint: /data/quyhv/oil_forecast_tail_risk/results_v4/walkforward/Chronos/DAU_H3_seed777/model_checkpoint.pth
19:23:01 | Saved processor/scaler: /data/quyhv/oil_forecast_tail_risk/results_v4/walkforward/Chronos/DAU_H3_seed777/processor.pkl
