18:22:54 | ================================================================================
18:22:54 |  Chronos | DAU | H3 | walkforward | seed=123
18:22:54 | ================================================================================
18:22:54 | Data: 4513 rows | Features: 16
18:24:54 |  Iter-01 | MAE=1.077 | MAPE=1.31%
18:26:52 |  Iter-02 | MAE=1.899 | MAPE=2.38%
18:28:47 |  Iter-03 | MAE=0.504 | MAPE=0.64%
18:30:42 |  Iter-04 | MAE=0.307 | MAPE=0.38%
18:32:40 |  Iter-05 | MAE=0.677 | MAPE=0.85%
18:34:42 |  Iter-06 | MAE=0.775 | MAPE=0.98%
18:36:46 |  Iter-07 | MAE=2.057 | MAPE=2.66%
18:38:44 |  Iter-08 | MAE=2.828 | MAPE=3.52%
18:40:24 |  Iter-09 | MAE=0.660 | MAPE=0.80%
18:42:16 |  Iter-10 | MAE=1.382 | MAPE=1.66%
18:43:53 |  Iter-11 | MAE=1.183 | MAPE=1.38%
18:45:51 |  Iter-12 | MAE=1.800 | MAPE=2.08%
18:47:31 |  Iter-13 | MAE=1.328 | MAPE=1.53%
18:49:35 |  Iter-14 | MAE=1.964 | MAPE=2.22%
18:51:37 |  Iter-15 | MAE=1.458 | MAPE=1.66%
18:53:26 |  Iter-16 | MAE=2.314 | MAPE=2.66%
18:55:24 |  Iter-17 | MAE=1.848 | MAPE=2.05%
18:57:01 |  Iter-18 | MAE=0.805 | MAPE=0.87%
18:59:03 |  Iter-19 | MAE=0.446 | MAPE=0.48%
19:01:04 |  Iter-20 | MAE=35.374 | MAPE=27.10%
19:03:04 |  Iter-21 | MAE=23.221 | MAPE=13.49%
19:05:02 |  Iter-22 | MAE=17.852 | MAPE=10.70%
19:06:49 |  Iter-23 | MAE=6.486 | MAPE=3.38%
19:08:52 |  Iter-24 | MAE=16.137 | MAPE=7.24%
19:10:46 |  Iter-25 | MAE=16.139 | MAPE=7.40%
19:12:55 |  Iter-26 | MAE=22.481 | MAPE=9.27%
19:14:59 |  Iter-27 | MAE=21.050 | MAPE=7.87%
19:16:53 |  Iter-28 | MAE=56.670 | MAPE=26.85%
19:18:49 |  Iter-29 | MAE=7.642 | MAPE=3.84%
19:20:37 |  Iter-30 | MAE=21.118 | MAPE=12.52%
19:22:21 |  Iter-31 | MAE=13.492 | MAPE=9.12%
19:24:09 |  Iter-32 | MAE=17.196 | MAPE=10.53%
19:25:59 |  Iter-33 | MAE=2.620 | MAPE=1.60%
19:25:59 | 
 OVERALL: MAE=9.176, MAPE=5.49%, R2=0.9124 (3785.5s)
19:25:59 | Saved model checkpoint: /data/quyhv/oil_forecast_tail_risk/results_v4/walkforward/Chronos/DAU_H3_seed123/model_checkpoint.pth
19:25:59 | Saved processor/scaler: /data/quyhv/oil_forecast_tail_risk/results_v4/walkforward/Chronos/DAU_H3_seed123/processor.pkl
