20:26:23 | ================================================================================
20:26:23 |  DLinear | XANG | H60 | walkforward | seed=123
20:26:23 | ================================================================================
20:26:24 | Data: 4513 rows | Features: 19
20:31:05 |  Iter-01 | MAE=13.923 | MAPE=14.01%
20:36:43 |  Iter-02 | MAE=9.362 | MAPE=9.16%
20:41:21 |  Iter-03 | MAE=8.022 | MAPE=7.90%
20:46:04 |  Iter-04 | MAE=6.628 | MAPE=7.24%
20:50:48 |  Iter-05 | MAE=2.887 | MAPE=3.10%
20:55:31 |  Iter-06 | MAE=3.683 | MAPE=4.15%
21:00:20 |  Iter-07 | MAE=5.265 | MAPE=6.27%
21:05:08 |  Iter-08 | MAE=6.543 | MAPE=7.96%
21:09:56 |  Iter-09 | MAE=3.030 | MAPE=3.78%
21:14:44 |  Iter-10 | MAE=2.595 | MAPE=3.11%
21:19:32 |  Iter-11 | MAE=4.650 | MAPE=5.65%
21:24:26 |  Iter-12 | MAE=4.262 | MAPE=5.06%
21:29:19 |  Iter-13 | MAE=1.911 | MAPE=2.28%
21:34:12 |  Iter-14 | MAE=2.397 | MAPE=2.91%
21:39:06 |  Iter-15 | MAE=4.790 | MAPE=6.23%
21:44:03 |  Iter-16 | MAE=3.683 | MAPE=4.77%
21:49:02 |  Iter-17 | MAE=4.105 | MAPE=5.13%
21:54:04 |  Iter-18 | MAE=9.354 | MAPE=11.69%
21:59:11 |  Iter-19 | MAE=5.774 | MAPE=7.16%
22:04:17 |  Iter-20 | MAE=3.243 | MAPE=4.04%
22:09:24 |  Iter-21 | MAE=4.476 | MAPE=5.59%
22:14:31 |  Iter-22 | MAE=4.895 | MAPE=6.11%
22:19:44 |  Iter-23 | MAE=4.109 | MAPE=5.17%
22:24:56 |  Iter-24 | MAE=3.105 | MAPE=3.99%
22:30:06 |  Iter-25 | MAE=6.111 | MAPE=8.34%
22:35:16 |  Iter-26 | MAE=5.047 | MAPE=6.57%
22:40:30 |  Iter-27 | MAE=24.929 | MAPE=18.94%
22:45:45 |  Iter-28 | MAE=43.673 | MAPE=33.02%
22:45:45 | 
 OVERALL: MAE=7.230, MAPE=7.48%, R2=-0.1497 (8361.9s)
22:45:45 | Saved model checkpoint: /data/quyhv/oil_forecast_tail_risk/results_v4/walkforward/DLinear/XANG_H60_seed123/model_checkpoint.pth
22:45:45 | Saved processor/scaler: /data/quyhv/oil_forecast_tail_risk/results_v4/walkforward/DLinear/XANG_H60_seed123/processor.pkl
