05:49:13 | ================================================================================
05:49:13 |  DLinear | DAU | H60 | walkforward | seed=777
05:49:13 | ================================================================================
05:49:13 | Data: 4513 rows | Features: 20
05:51:45 |  Iter-01 | MAE=5.636 | MAPE=5.37%
05:54:15 |  Iter-02 | MAE=3.567 | MAPE=3.38%
05:56:45 |  Iter-03 | MAE=2.947 | MAPE=2.90%
05:59:19 |  Iter-04 | MAE=5.949 | MAPE=6.14%
06:01:52 |  Iter-05 | MAE=7.924 | MAPE=7.96%
06:04:25 |  Iter-06 | MAE=3.323 | MAPE=3.47%
06:06:58 |  Iter-07 | MAE=5.465 | MAPE=6.26%
06:09:33 |  Iter-08 | MAE=6.508 | MAPE=7.59%
06:12:08 |  Iter-09 | MAE=3.251 | MAPE=3.82%
06:14:44 |  Iter-10 | MAE=6.531 | MAPE=7.38%
06:17:19 |  Iter-11 | MAE=6.781 | MAPE=7.55%
06:19:57 |  Iter-12 | MAE=6.641 | MAPE=7.13%
06:22:36 |  Iter-13 | MAE=4.656 | MAPE=4.97%
06:25:13 |  Iter-14 | MAE=4.665 | MAPE=5.32%
06:27:50 |  Iter-15 | MAE=5.504 | MAPE=6.68%
06:30:30 |  Iter-16 | MAE=4.262 | MAPE=5.32%
06:33:10 |  Iter-17 | MAE=3.371 | MAPE=3.96%
06:35:50 |  Iter-18 | MAE=9.176 | MAPE=10.35%
06:38:36 |  Iter-19 | MAE=10.161 | MAPE=11.35%
06:41:22 |  Iter-20 | MAE=3.461 | MAPE=3.97%
06:44:14 |  Iter-21 | MAE=3.501 | MAPE=4.06%
06:47:14 |  Iter-22 | MAE=5.634 | MAPE=6.19%
06:50:17 |  Iter-23 | MAE=3.355 | MAPE=3.77%
06:53:21 |  Iter-24 | MAE=5.522 | MAPE=6.12%
06:56:23 |  Iter-25 | MAE=11.268 | MAPE=13.71%
06:59:23 |  Iter-26 | MAE=6.050 | MAPE=6.25%
07:02:26 |  Iter-27 | MAE=51.203 | MAPE=29.18%
07:05:59 |  Iter-28 | MAE=73.836 | MAPE=37.76%
07:05:59 | 
 OVERALL: MAE=9.648, MAPE=8.14%, R2=-0.1346 (4606.1s)
07:05:59 | Saved model checkpoint: /data/quyhv/oil_forecast_tail_risk/results_v4/walkforward/DLinear/DAU_H60_seed777/model_checkpoint.pth
07:05:59 | Saved processor/scaler: /data/quyhv/oil_forecast_tail_risk/results_v4/walkforward/DLinear/DAU_H60_seed777/processor.pkl
