13:41:36 | ================================================================================
13:41:36 |  DLinear | XANG | H5 | walkforward | seed=123
13:41:36 | ================================================================================
13:41:36 | Data: 4513 rows | Features: 16
13:44:07 |  Iter-01 | MAE=1.861 | MAPE=2.48%
13:47:11 |  Iter-02 | MAE=1.487 | MAPE=2.02%
13:49:43 |  Iter-03 | MAE=1.400 | MAPE=1.93%
13:52:10 |  Iter-04 | MAE=1.160 | MAPE=1.63%
13:54:11 |  Iter-05 | MAE=1.862 | MAPE=2.57%
13:56:06 |  Iter-06 | MAE=1.450 | MAPE=2.02%
13:58:01 |  Iter-07 | MAE=0.886 | MAPE=1.22%
14:00:08 |  Iter-08 | MAE=1.445 | MAPE=1.99%
14:02:16 |  Iter-09 | MAE=1.156 | MAPE=1.51%
14:04:17 |  Iter-10 | MAE=4.419 | MAPE=6.05%
14:06:34 |  Iter-11 | MAE=4.597 | MAPE=5.80%
14:08:54 |  Iter-12 | MAE=10.347 | MAPE=10.65%
14:11:05 |  Iter-13 | MAE=36.435 | MAPE=28.96%
14:13:00 |  Iter-14 | MAE=18.927 | MAPE=13.13%
14:14:58 |  Iter-15 | MAE=11.321 | MAPE=7.59%
14:17:04 |  Iter-16 | MAE=4.888 | MAPE=3.55%
14:19:07 |  Iter-17 | MAE=8.876 | MAPE=6.70%
14:21:10 |  Iter-18 | MAE=6.652 | MAPE=5.39%
14:22:55 |  Iter-19 | MAE=3.675 | MAPE=2.92%
14:25:04 |  Iter-20 | MAE=2.889 | MAPE=2.17%
14:25:04 | 
 OVERALL: MAE=6.287, MAPE=5.51%, R2=0.8657 (2608.9s)
14:25:04 | Saved model checkpoint: /data/quyhv/oil_forecast_tail_risk/results_v4/walkforward/DLinear/XANG_H5_seed123/model_checkpoint.pth
14:25:04 | Saved processor/scaler: /data/quyhv/oil_forecast_tail_risk/results_v4/walkforward/DLinear/XANG_H5_seed123/processor.pkl
