23:27:19 | ================================================================================
23:27:19 |  DLinear | XANG | H3 | walkforward | seed=2025
23:27:19 | ================================================================================
23:27:19 | Data: 4513 rows | Features: 15
23:32:39 |  Iter-01 | MAE=0.762 | MAPE=0.97%
23:39:52 |  Iter-02 | MAE=3.255 | MAPE=4.36%
23:46:02 |  Iter-03 | MAE=0.637 | MAPE=0.87%
23:52:20 |  Iter-04 | MAE=1.069 | MAPE=1.45%
23:57:40 |  Iter-05 | MAE=1.018 | MAPE=1.40%
00:01:53 |  Iter-06 | MAE=0.940 | MAPE=1.31%
00:04:51 |  Iter-07 | MAE=1.002 | MAPE=1.42%
00:08:14 |  Iter-08 | MAE=0.837 | MAPE=1.15%
00:12:22 |  Iter-09 | MAE=2.541 | MAPE=3.55%
00:15:32 |  Iter-10 | MAE=0.529 | MAPE=0.73%
00:18:55 |  Iter-11 | MAE=0.443 | MAPE=0.61%
00:21:54 |  Iter-12 | MAE=1.462 | MAPE=1.99%
00:24:57 |  Iter-13 | MAE=2.958 | MAPE=4.10%
00:28:44 |  Iter-14 | MAE=0.845 | MAPE=1.14%
00:32:10 |  Iter-15 | MAE=1.956 | MAPE=2.54%
00:36:32 |  Iter-16 | MAE=3.328 | MAPE=4.55%
00:41:31 |  Iter-17 | MAE=1.611 | MAPE=2.12%
00:44:48 |  Iter-18 | MAE=1.431 | MAPE=1.81%
00:48:21 |  Iter-19 | MAE=1.193 | MAPE=1.48%
00:53:07 |  Iter-20 | MAE=16.263 | MAPE=16.62%
00:56:09 |  Iter-21 | MAE=34.236 | MAPE=26.79%
00:58:04 |  Iter-22 | MAE=14.782 | MAPE=12.01%
00:59:45 |  Iter-23 | MAE=8.538 | MAPE=5.87%
01:01:38 |  Iter-24 | MAE=7.356 | MAPE=4.68%
01:03:28 |  Iter-25 | MAE=16.299 | MAPE=11.70%
01:05:48 |  Iter-26 | MAE=5.740 | MAPE=4.20%
01:08:01 |  Iter-27 | MAE=3.698 | MAPE=2.59%
01:10:11 |  Iter-28 | MAE=13.156 | MAPE=10.38%
01:12:13 |  Iter-29 | MAE=8.414 | MAPE=6.39%
01:14:26 |  Iter-30 | MAE=9.350 | MAPE=7.60%
01:16:39 |  Iter-31 | MAE=2.643 | MAPE=2.16%
01:18:38 |  Iter-32 | MAE=6.163 | MAPE=4.84%
01:20:58 |  Iter-33 | MAE=3.305 | MAPE=2.55%
01:20:58 | 
 OVERALL: MAE=5.387, MAPE=4.73%, R2=0.8946 (6819.4s)
01:20:58 | Saved model checkpoint: /data/quyhv/oil_forecast_tail_risk/results_v4/walkforward/DLinear/XANG_H3_seed2025/model_checkpoint.pth
01:20:58 | Saved processor/scaler: /data/quyhv/oil_forecast_tail_risk/results_v4/walkforward/DLinear/XANG_H3_seed2025/processor.pkl
