23:11:13 | ================================================================================
23:11:13 |  DLinear | XANG | H20 | walkforward | seed=9999
23:11:13 | ================================================================================
23:11:13 | Data: 4513 rows | Features: 14
23:13:14 |  Iter-01 | MAE=3.484 | MAPE=4.22%
23:15:15 |  Iter-02 | MAE=2.273 | MAPE=3.11%
23:17:16 |  Iter-03 | MAE=3.541 | MAPE=4.65%
23:19:17 |  Iter-04 | MAE=5.482 | MAPE=6.50%
23:21:17 |  Iter-05 | MAE=1.786 | MAPE=2.27%
23:23:20 |  Iter-06 | MAE=4.148 | MAPE=5.25%
23:25:23 |  Iter-07 | MAE=1.786 | MAPE=2.21%
23:27:25 |  Iter-08 | MAE=1.940 | MAPE=2.49%
23:29:28 |  Iter-09 | MAE=3.302 | MAPE=4.09%
23:31:33 |  Iter-10 | MAE=1.247 | MAPE=1.58%
23:33:39 |  Iter-11 | MAE=4.305 | MAPE=5.91%
23:35:45 |  Iter-12 | MAE=2.591 | MAPE=3.56%
23:37:50 |  Iter-13 | MAE=5.865 | MAPE=6.67%
23:39:56 |  Iter-14 | MAE=36.741 | MAPE=25.69%
23:42:02 |  Iter-15 | MAE=15.113 | MAPE=11.92%
23:42:02 | 
 OVERALL: MAE=6.240, MAPE=6.01%, R2=0.6568 (1848.7s)
23:42:02 | Saved model checkpoint: /data/quyhv/oil_forecast_tail_risk/results_v4/walkforward/DLinear/XANG_H20_seed9999/model_checkpoint.pth
23:42:02 | Saved processor/scaler: /data/quyhv/oil_forecast_tail_risk/results_v4/walkforward/DLinear/XANG_H20_seed9999/processor.pkl
