22:23:35 | ================================================================================
22:23:35 |  DLinear | DAU | H5 | walkforward | seed=123
22:23:35 | ================================================================================
22:23:35 | Data: 4513 rows | Features: 17
22:25:58 |  Iter-01 | MAE=2.768 | MAPE=3.44%
22:28:26 |  Iter-02 | MAE=0.595 | MAPE=0.74%
22:30:42 |  Iter-03 | MAE=1.437 | MAPE=1.80%
22:32:55 |  Iter-04 | MAE=1.395 | MAPE=1.79%
22:34:58 |  Iter-05 | MAE=3.007 | MAPE=3.71%
22:37:08 |  Iter-06 | MAE=1.193 | MAPE=1.45%
22:39:21 |  Iter-07 | MAE=1.643 | MAPE=1.92%
22:41:22 |  Iter-08 | MAE=1.130 | MAPE=1.29%
22:43:44 |  Iter-09 | MAE=0.490 | MAPE=0.55%
22:45:51 |  Iter-10 | MAE=2.570 | MAPE=2.97%
22:48:03 |  Iter-11 | MAE=4.220 | MAPE=4.59%
22:50:07 |  Iter-12 | MAE=21.989 | MAPE=16.98%
22:52:10 |  Iter-13 | MAE=32.253 | MAPE=19.36%
22:54:06 |  Iter-14 | MAE=28.906 | MAPE=14.84%
22:55:56 |  Iter-15 | MAE=17.393 | MAPE=7.58%
22:57:53 |  Iter-16 | MAE=26.654 | MAPE=10.97%
22:59:51 |  Iter-17 | MAE=35.872 | MAPE=16.35%
23:01:58 |  Iter-18 | MAE=13.164 | MAPE=7.64%
23:03:54 |  Iter-19 | MAE=13.945 | MAPE=9.29%
23:05:37 |  Iter-20 | MAE=4.658 | MAPE=2.78%
23:05:37 | 
 OVERALL: MAE=10.764, MAPE=6.50%, R2=0.9045 (2522.2s)
23:05:37 | Saved model checkpoint: /data/quyhv/oil_forecast_tail_risk/results_v4/walkforward/DLinear/DAU_H5_seed123/model_checkpoint.pth
23:05:37 | Saved processor/scaler: /data/quyhv/oil_forecast_tail_risk/results_v4/walkforward/DLinear/DAU_H5_seed123/processor.pkl
