07:28:15 | ================================================================================
07:28:15 |  DLinear | XANG | H10 | walkforward | seed=9999
07:28:15 | ================================================================================
07:28:15 | Data: 4513 rows | Features: 14
07:30:07 |  Iter-01 | MAE=2.920 | MAPE=3.67%
07:31:40 |  Iter-02 | MAE=2.347 | MAPE=3.01%
07:33:12 |  Iter-03 | MAE=1.237 | MAPE=1.57%
07:34:46 |  Iter-04 | MAE=2.156 | MAPE=2.70%
07:36:20 |  Iter-05 | MAE=1.018 | MAPE=1.26%
07:38:21 |  Iter-06 | MAE=2.088 | MAPE=2.59%
07:40:06 |  Iter-07 | MAE=0.913 | MAPE=1.13%
07:41:52 |  Iter-08 | MAE=1.474 | MAPE=1.84%
07:43:32 |  Iter-09 | MAE=2.437 | MAPE=3.08%
07:45:06 |  Iter-10 | MAE=1.829 | MAPE=2.35%
07:46:40 |  Iter-11 | MAE=0.766 | MAPE=0.99%
07:48:13 |  Iter-12 | MAE=1.174 | MAPE=1.54%
07:49:47 |  Iter-13 | MAE=2.252 | MAPE=2.81%
07:51:22 |  Iter-14 | MAE=3.674 | MAPE=4.55%
07:52:57 |  Iter-15 | MAE=0.774 | MAPE=0.96%
07:54:32 |  Iter-16 | MAE=1.340 | MAPE=1.64%
07:56:08 |  Iter-17 | MAE=1.905 | MAPE=2.43%
07:57:43 |  Iter-18 | MAE=1.426 | MAPE=1.80%
07:59:19 |  Iter-19 | MAE=1.133 | MAPE=1.42%
08:02:42 |  Iter-20 | MAE=2.732 | MAPE=3.55%
08:04:17 |  Iter-21 | MAE=3.258 | MAPE=4.39%
08:05:53 |  Iter-22 | MAE=1.006 | MAPE=1.38%
08:07:28 |  Iter-23 | MAE=1.518 | MAPE=2.12%
08:09:04 |  Iter-24 | MAE=0.951 | MAPE=1.34%
08:10:39 |  Iter-25 | MAE=2.218 | MAPE=3.07%
08:12:15 |  Iter-26 | MAE=0.945 | MAPE=1.32%
08:13:50 |  Iter-27 | MAE=1.084 | MAPE=1.48%
08:15:25 |  Iter-28 | MAE=1.772 | MAPE=2.36%
08:17:02 |  Iter-29 | MAE=1.648 | MAPE=2.20%
08:18:42 |  Iter-30 | MAE=2.710 | MAPE=3.58%
08:20:19 |  Iter-31 | MAE=10.866 | MAPE=12.07%
08:21:56 |  Iter-32 | MAE=27.135 | MAPE=22.86%
08:23:33 |  Iter-33 | MAE=27.707 | MAPE=19.74%
08:25:10 |  Iter-34 | MAE=24.750 | MAPE=16.45%
08:26:50 |  Iter-35 | MAE=15.668 | MAPE=11.21%
08:28:27 |  Iter-36 | MAE=7.185 | MAPE=5.17%
08:30:07 |  Iter-37 | MAE=14.461 | MAPE=11.41%
08:31:44 |  Iter-38 | MAE=6.969 | MAPE=5.63%
08:33:20 |  Iter-39 | MAE=4.223 | MAPE=3.26%
08:33:20 | 
 OVERALL: MAE=4.915, MAPE=4.51%, R2=0.8178 (3906.0s)
08:33:20 | Saved model checkpoint: /data/quyhv/oil_forecast_tail_risk/results_v4/walkforward/DLinear/XANG_H10_seed9999/model_checkpoint.pth
08:33:20 | Saved processor/scaler: /data/quyhv/oil_forecast_tail_risk/results_v4/walkforward/DLinear/XANG_H10_seed9999/processor.pkl
