18:50:34 | ================================================================================
18:50:34 |  DLinear | XANG | H60 | walkforward | seed=9999
18:50:34 | ================================================================================
18:50:34 | Data: 4513 rows | Features: 19
18:55:14 |  Iter-01 | MAE=11.791 | MAPE=11.90%
18:59:51 |  Iter-02 | MAE=6.766 | MAPE=6.56%
19:04:27 |  Iter-03 | MAE=7.401 | MAPE=7.29%
19:09:08 |  Iter-04 | MAE=8.593 | MAPE=9.36%
19:13:49 |  Iter-05 | MAE=3.660 | MAPE=3.97%
19:18:31 |  Iter-06 | MAE=3.947 | MAPE=4.26%
19:23:12 |  Iter-07 | MAE=4.110 | MAPE=4.79%
19:27:58 |  Iter-08 | MAE=5.959 | MAPE=7.30%
19:32:45 |  Iter-09 | MAE=4.025 | MAPE=4.94%
19:37:31 |  Iter-10 | MAE=4.355 | MAPE=5.26%
19:42:17 |  Iter-11 | MAE=3.966 | MAPE=4.81%
19:47:08 |  Iter-12 | MAE=6.129 | MAPE=7.28%
19:51:59 |  Iter-13 | MAE=2.321 | MAPE=2.74%
19:56:50 |  Iter-14 | MAE=2.471 | MAPE=3.02%
20:01:42 |  Iter-15 | MAE=3.385 | MAPE=4.39%
20:06:38 |  Iter-16 | MAE=3.589 | MAPE=4.72%
20:11:34 |  Iter-17 | MAE=2.905 | MAPE=3.65%
20:16:33 |  Iter-18 | MAE=7.410 | MAPE=9.24%
20:21:38 |  Iter-19 | MAE=6.364 | MAPE=7.91%
20:26:43 |  Iter-20 | MAE=2.720 | MAPE=3.39%
20:31:47 |  Iter-21 | MAE=2.974 | MAPE=3.72%
20:36:52 |  Iter-22 | MAE=1.864 | MAPE=2.33%
20:42:02 |  Iter-23 | MAE=2.452 | MAPE=3.14%
20:47:24 |  Iter-24 | MAE=3.711 | MAPE=4.69%
20:52:33 |  Iter-25 | MAE=2.396 | MAPE=3.26%
20:57:43 |  Iter-26 | MAE=4.701 | MAPE=6.05%
21:02:58 |  Iter-27 | MAE=25.134 | MAPE=19.18%
21:08:13 |  Iter-28 | MAE=42.157 | MAPE=31.81%
21:08:13 | 
 OVERALL: MAE=6.688, MAPE=6.82%, R2=-0.0715 (8259.3s)
21:08:13 | Saved model checkpoint: /data/quyhv/oil_forecast_tail_risk/results_v4/walkforward/DLinear/XANG_H60_seed9999/model_checkpoint.pth
21:08:13 | Saved processor/scaler: /data/quyhv/oil_forecast_tail_risk/results_v4/walkforward/DLinear/XANG_H60_seed9999/processor.pkl
