05:22:16 | ================================================================================
05:22:16 |  DLinear | DAU | H60 | walkforward | seed=123
05:22:16 | ================================================================================
05:22:16 | Data: 4513 rows | Features: 20
05:24:48 |  Iter-01 | MAE=5.381 | MAPE=5.12%
05:27:18 |  Iter-02 | MAE=2.003 | MAPE=1.90%
05:29:48 |  Iter-03 | MAE=3.113 | MAPE=3.07%
05:32:21 |  Iter-04 | MAE=11.537 | MAPE=11.88%
05:34:53 |  Iter-05 | MAE=7.047 | MAPE=7.08%
05:37:26 |  Iter-06 | MAE=3.457 | MAPE=3.59%
05:39:59 |  Iter-07 | MAE=5.242 | MAPE=6.00%
05:42:35 |  Iter-08 | MAE=6.899 | MAPE=8.04%
05:45:10 |  Iter-09 | MAE=3.811 | MAPE=4.45%
05:48:25 |  Iter-10 | MAE=5.035 | MAPE=5.68%
05:51:00 |  Iter-11 | MAE=5.450 | MAPE=6.07%
05:53:38 |  Iter-12 | MAE=6.606 | MAPE=7.09%
05:56:17 |  Iter-13 | MAE=6.032 | MAPE=6.45%
05:58:55 |  Iter-14 | MAE=4.434 | MAPE=5.04%
06:01:32 |  Iter-15 | MAE=4.807 | MAPE=5.81%
06:04:11 |  Iter-16 | MAE=3.738 | MAPE=4.68%
06:06:51 |  Iter-17 | MAE=4.745 | MAPE=5.50%
06:09:33 |  Iter-18 | MAE=6.070 | MAPE=6.78%
06:12:17 |  Iter-19 | MAE=9.082 | MAPE=10.13%
06:15:03 |  Iter-20 | MAE=2.807 | MAPE=3.14%
06:17:59 |  Iter-21 | MAE=2.579 | MAPE=2.99%
06:20:59 |  Iter-22 | MAE=5.258 | MAPE=5.79%
06:24:02 |  Iter-23 | MAE=3.178 | MAPE=3.63%
06:27:05 |  Iter-24 | MAE=5.453 | MAPE=6.16%
06:30:08 |  Iter-25 | MAE=11.869 | MAPE=14.42%
06:33:08 |  Iter-26 | MAE=6.272 | MAPE=6.46%
06:36:10 |  Iter-27 | MAE=51.626 | MAPE=29.61%
06:39:13 |  Iter-28 | MAE=74.143 | MAPE=37.98%
06:39:13 | 
 OVERALL: MAE=9.560, MAPE=8.02%, R2=-0.1388 (4618.0s)
06:39:13 | Saved model checkpoint: /data/quyhv/oil_forecast_tail_risk/results_v4/walkforward/DLinear/DAU_H60_seed123/model_checkpoint.pth
06:39:13 | Saved processor/scaler: /data/quyhv/oil_forecast_tail_risk/results_v4/walkforward/DLinear/DAU_H60_seed123/processor.pkl
