20:26:15 | ================================================================================
20:26:15 |  DLinear | DAU | H3 | walkforward | seed=777
20:26:15 | ================================================================================
20:26:15 | Data: 4513 rows | Features: 16
20:28:52 |  Iter-01 | MAE=1.742 | MAPE=2.12%
20:31:25 |  Iter-02 | MAE=2.083 | MAPE=2.61%
20:34:02 |  Iter-03 | MAE=1.026 | MAPE=1.30%
20:36:24 |  Iter-04 | MAE=0.447 | MAPE=0.55%
20:38:52 |  Iter-05 | MAE=0.678 | MAPE=0.85%
20:41:13 |  Iter-06 | MAE=0.933 | MAPE=1.19%
20:43:29 |  Iter-07 | MAE=1.664 | MAPE=2.15%
20:46:08 |  Iter-08 | MAE=1.897 | MAPE=2.36%
20:49:00 |  Iter-09 | MAE=1.115 | MAPE=1.36%
20:51:18 |  Iter-10 | MAE=0.623 | MAPE=0.75%
20:53:32 |  Iter-11 | MAE=1.582 | MAPE=1.85%
20:55:59 |  Iter-12 | MAE=1.911 | MAPE=2.20%
20:58:33 |  Iter-13 | MAE=2.393 | MAPE=2.76%
21:00:56 |  Iter-14 | MAE=0.965 | MAPE=1.09%
21:03:53 |  Iter-15 | MAE=0.935 | MAPE=1.06%
21:06:20 |  Iter-16 | MAE=1.881 | MAPE=2.17%
21:08:37 |  Iter-17 | MAE=1.972 | MAPE=2.19%
21:11:00 |  Iter-18 | MAE=0.519 | MAPE=0.56%
21:13:39 |  Iter-19 | MAE=0.719 | MAPE=0.78%
21:16:01 |  Iter-20 | MAE=35.455 | MAPE=27.17%
21:18:10 |  Iter-21 | MAE=32.672 | MAPE=19.27%
21:19:58 |  Iter-22 | MAE=19.321 | MAPE=11.60%
21:21:48 |  Iter-23 | MAE=4.083 | MAPE=2.11%
21:23:44 |  Iter-24 | MAE=16.096 | MAPE=7.31%
21:25:40 |  Iter-25 | MAE=13.744 | MAPE=6.26%
21:27:36 |  Iter-26 | MAE=27.449 | MAPE=11.27%
21:29:49 |  Iter-27 | MAE=21.111 | MAPE=7.81%
21:31:53 |  Iter-28 | MAE=54.497 | MAPE=26.04%
21:33:51 |  Iter-29 | MAE=11.294 | MAPE=5.61%
21:35:40 |  Iter-30 | MAE=22.467 | MAPE=13.27%
21:37:28 |  Iter-31 | MAE=17.433 | MAPE=11.73%
21:39:19 |  Iter-32 | MAE=17.939 | MAPE=10.95%
21:42:09 |  Iter-33 | MAE=3.713 | MAPE=2.29%
21:42:09 | 
 OVERALL: MAE=9.768, MAPE=5.84%, R2=0.9032 (4554.1s)
21:42:09 | Saved model checkpoint: /data/quyhv/oil_forecast_tail_risk/results_v4/walkforward/DLinear/DAU_H3_seed777/model_checkpoint.pth
21:42:09 | Saved processor/scaler: /data/quyhv/oil_forecast_tail_risk/results_v4/walkforward/DLinear/DAU_H3_seed777/processor.pkl
