04:59:40 | ================================================================================
04:59:40 |  iTransformer | XANG | H60 | walkforward | seed=9999
04:59:40 | ================================================================================
04:59:40 | Data: 4513 rows | Features: 19
05:05:23 |  Iter-01 | MAE=10.995 | MAPE=11.08%
05:11:01 |  Iter-02 | MAE=10.944 | MAPE=10.71%
05:16:33 |  Iter-03 | MAE=4.963 | MAPE=4.90%
05:22:10 |  Iter-04 | MAE=8.992 | MAPE=9.79%
05:27:48 |  Iter-05 | MAE=10.624 | MAPE=11.57%
05:33:27 |  Iter-06 | MAE=3.140 | MAPE=3.48%
05:39:01 |  Iter-07 | MAE=6.015 | MAPE=7.18%
05:44:40 |  Iter-08 | MAE=7.150 | MAPE=8.76%
05:50:19 |  Iter-09 | MAE=6.537 | MAPE=7.89%
05:55:58 |  Iter-10 | MAE=2.016 | MAPE=2.44%
06:01:38 |  Iter-11 | MAE=1.604 | MAPE=1.95%
06:07:28 |  Iter-12 | MAE=5.146 | MAPE=6.11%
06:13:22 |  Iter-13 | MAE=4.418 | MAPE=5.19%
06:19:15 |  Iter-14 | MAE=2.953 | MAPE=3.64%
06:25:07 |  Iter-15 | MAE=4.890 | MAPE=6.37%
06:31:01 |  Iter-16 | MAE=3.160 | MAPE=4.12%
06:36:52 |  Iter-17 | MAE=2.745 | MAPE=3.47%
06:42:48 |  Iter-18 | MAE=5.268 | MAPE=6.56%
06:48:49 |  Iter-19 | MAE=3.833 | MAPE=4.70%
06:54:52 |  Iter-20 | MAE=1.346 | MAPE=1.70%
07:00:57 |  Iter-21 | MAE=3.071 | MAPE=3.83%
07:07:02 |  Iter-22 | MAE=1.904 | MAPE=2.41%
07:13:13 |  Iter-23 | MAE=2.102 | MAPE=2.68%
07:19:23 |  Iter-24 | MAE=2.955 | MAPE=3.81%
07:25:37 |  Iter-25 | MAE=7.113 | MAPE=9.66%
07:31:52 |  Iter-26 | MAE=5.328 | MAPE=6.99%
07:38:12 |  Iter-27 | MAE=27.115 | MAPE=21.29%
07:44:32 |  Iter-28 | MAE=42.476 | MAPE=32.07%
07:44:32 | 
 OVERALL: MAE=7.100, MAPE=7.30%, R2=-0.1427 (9892.4s)
07:44:32 | Saved model checkpoint: /data/quyhv/oil_forecast_tail_risk/results_v4/walkforward/iTransformer/XANG_H60_seed9999/model_checkpoint.pth
07:44:32 | Saved processor/scaler: /data/quyhv/oil_forecast_tail_risk/results_v4/walkforward/iTransformer/XANG_H60_seed9999/processor.pkl
