02:38:30 | ================================================================================
02:38:30 |  iTransformer | DAU | H10 | walkforward | seed=777
02:38:30 | ================================================================================
02:38:30 | Data: 4513 rows | Features: 15
02:40:25 |  Iter-01 | MAE=1.447 | MAPE=1.62%
02:42:19 |  Iter-02 | MAE=4.541 | MAPE=5.28%
02:44:12 |  Iter-03 | MAE=2.221 | MAPE=2.64%
02:46:07 |  Iter-04 | MAE=1.339 | MAPE=1.57%
02:48:01 |  Iter-05 | MAE=0.923 | MAPE=1.06%
02:49:56 |  Iter-06 | MAE=2.228 | MAPE=2.52%
02:51:50 |  Iter-07 | MAE=1.405 | MAPE=1.60%
02:53:45 |  Iter-08 | MAE=0.652 | MAPE=0.74%
02:55:39 |  Iter-09 | MAE=1.431 | MAPE=1.60%
02:57:35 |  Iter-10 | MAE=1.330 | MAPE=1.48%
02:59:30 |  Iter-11 | MAE=2.408 | MAPE=2.78%
03:01:28 |  Iter-12 | MAE=3.431 | MAPE=4.08%
03:03:27 |  Iter-13 | MAE=4.649 | MAPE=5.11%
03:05:28 |  Iter-14 | MAE=6.647 | MAPE=7.19%
03:07:32 |  Iter-15 | MAE=2.597 | MAPE=2.73%
03:09:32 |  Iter-16 | MAE=1.769 | MAPE=1.83%
03:11:32 |  Iter-17 | MAE=3.971 | MAPE=4.47%
03:13:32 |  Iter-18 | MAE=10.343 | MAPE=11.87%
03:15:35 |  Iter-19 | MAE=0.965 | MAPE=1.13%
03:17:37 |  Iter-20 | MAE=2.332 | MAPE=2.86%
03:19:39 |  Iter-21 | MAE=2.809 | MAPE=3.52%
03:21:41 |  Iter-22 | MAE=1.470 | MAPE=1.83%
03:23:44 |  Iter-23 | MAE=0.974 | MAPE=1.24%
03:25:47 |  Iter-24 | MAE=1.466 | MAPE=1.83%
03:27:47 |  Iter-25 | MAE=3.980 | MAPE=4.85%
03:29:46 |  Iter-26 | MAE=1.383 | MAPE=1.65%
03:31:46 |  Iter-27 | MAE=2.587 | MAPE=2.96%
03:33:45 |  Iter-28 | MAE=1.008 | MAPE=1.14%
03:35:46 |  Iter-29 | MAE=1.110 | MAPE=1.27%
03:37:48 |  Iter-30 | MAE=2.338 | MAPE=2.62%
03:39:48 |  Iter-31 | MAE=16.185 | MAPE=13.68%
03:41:53 |  Iter-32 | MAE=46.251 | MAPE=29.82%
03:43:53 |  Iter-33 | MAE=37.377 | MAPE=20.07%
03:45:54 |  Iter-34 | MAE=42.519 | MAPE=19.92%
03:48:18 |  Iter-35 | MAE=29.894 | MAPE=12.66%
03:50:19 |  Iter-36 | MAE=36.809 | MAPE=14.76%
03:52:44 |  Iter-37 | MAE=62.899 | MAPE=33.90%
03:54:52 |  Iter-38 | MAE=30.029 | MAPE=18.75%
03:56:52 |  Iter-39 | MAE=6.603 | MAPE=4.28%
03:56:53 | 
 OVERALL: MAE=9.854, MAPE=6.54%, R2=0.7988 (4703.0s)
03:56:53 | Saved model checkpoint: /data/quyhv/oil_forecast_tail_risk/results_v4/walkforward/iTransformer/DAU_H10_seed777/model_checkpoint.pth
03:56:53 | Saved processor/scaler: /data/quyhv/oil_forecast_tail_risk/results_v4/walkforward/iTransformer/DAU_H10_seed777/processor.pkl
