04:58:53 | ================================================================================
04:58:53 |  iTransformer | XANG | H60 | walkforward | seed=777
04:58:53 | ================================================================================
04:58:53 | Data: 4513 rows | Features: 19
05:04:36 |  Iter-01 | MAE=10.653 | MAPE=10.75%
05:10:14 |  Iter-02 | MAE=5.568 | MAPE=5.44%
05:15:52 |  Iter-03 | MAE=5.612 | MAPE=5.48%
05:21:36 |  Iter-04 | MAE=8.251 | MAPE=8.99%
05:27:16 |  Iter-05 | MAE=11.260 | MAPE=12.23%
05:32:53 |  Iter-06 | MAE=4.381 | MAPE=4.78%
05:38:26 |  Iter-07 | MAE=5.792 | MAPE=6.89%
05:44:06 |  Iter-08 | MAE=6.684 | MAPE=8.18%
05:49:45 |  Iter-09 | MAE=3.870 | MAPE=4.84%
05:55:25 |  Iter-10 | MAE=3.968 | MAPE=4.81%
06:01:04 |  Iter-11 | MAE=5.313 | MAPE=6.41%
06:06:52 |  Iter-12 | MAE=4.481 | MAPE=5.32%
06:12:39 |  Iter-13 | MAE=2.772 | MAPE=3.27%
06:18:31 |  Iter-14 | MAE=2.601 | MAPE=3.20%
06:24:25 |  Iter-15 | MAE=5.254 | MAPE=6.84%
06:30:20 |  Iter-16 | MAE=2.889 | MAPE=3.73%
06:36:12 |  Iter-17 | MAE=3.642 | MAPE=4.56%
06:42:08 |  Iter-18 | MAE=7.361 | MAPE=9.19%
06:48:10 |  Iter-19 | MAE=4.443 | MAPE=5.49%
06:54:16 |  Iter-20 | MAE=1.718 | MAPE=2.18%
07:00:21 |  Iter-21 | MAE=4.486 | MAPE=5.65%
07:06:26 |  Iter-22 | MAE=2.347 | MAPE=2.93%
07:12:38 |  Iter-23 | MAE=2.449 | MAPE=3.12%
07:18:49 |  Iter-24 | MAE=3.134 | MAPE=4.05%
07:25:03 |  Iter-25 | MAE=7.114 | MAPE=9.67%
07:31:19 |  Iter-26 | MAE=5.844 | MAPE=7.71%
07:37:39 |  Iter-27 | MAE=27.362 | MAPE=21.63%
07:44:00 |  Iter-28 | MAE=42.715 | MAPE=32.26%
07:44:00 | 
 OVERALL: MAE=7.213, MAPE=7.48%, R2=-0.1360 (9907.6s)
07:44:00 | Saved model checkpoint: /data/quyhv/oil_forecast_tail_risk/results_v4/walkforward/iTransformer/XANG_H60_seed777/model_checkpoint.pth
07:44:00 | Saved processor/scaler: /data/quyhv/oil_forecast_tail_risk/results_v4/walkforward/iTransformer/XANG_H60_seed777/processor.pkl
