09:47:02 | ================================================================================
09:47:02 |  iTransformer | XANG | H1 | walkforward | seed=9999
09:47:02 | ================================================================================
09:47:02 | Data: 4513 rows | Features: 15
09:50:21 |  Iter-01 | MAE=0.294 | MAPE=0.37%
09:52:54 |  Iter-02 | MAE=0.219 | MAPE=0.28%
09:55:44 |  Iter-03 | MAE=0.741 | MAPE=0.95%
09:58:56 |  Iter-04 | MAE=2.639 | MAPE=3.51%
10:01:35 |  Iter-05 | MAE=0.409 | MAPE=0.55%
10:04:08 |  Iter-06 | MAE=0.660 | MAPE=0.89%
10:06:41 |  Iter-07 | MAE=1.001 | MAPE=1.36%
10:09:07 |  Iter-08 | MAE=0.404 | MAPE=0.55%
10:11:36 |  Iter-09 | MAE=0.905 | MAPE=1.23%
10:14:32 |  Iter-10 | MAE=0.509 | MAPE=0.69%
10:16:59 |  Iter-11 | MAE=0.623 | MAPE=0.84%
10:20:06 |  Iter-12 | MAE=0.547 | MAPE=0.75%
10:22:44 |  Iter-13 | MAE=0.748 | MAPE=1.03%
10:25:04 |  Iter-14 | MAE=0.271 | MAPE=0.37%
10:28:40 |  Iter-15 | MAE=0.090 | MAPE=0.12%
10:31:21 |  Iter-16 | MAE=0.375 | MAPE=0.51%
10:33:54 |  Iter-17 | MAE=0.579 | MAPE=0.80%
10:36:53 |  Iter-18 | MAE=0.940 | MAPE=1.33%
10:39:12 |  Iter-19 | MAE=0.062 | MAPE=0.09%
10:42:25 |  Iter-20 | MAE=1.095 | MAPE=1.56%
10:44:54 |  Iter-21 | MAE=1.221 | MAPE=1.73%
10:48:23 |  Iter-22 | MAE=0.505 | MAPE=0.70%
10:50:49 |  Iter-23 | MAE=0.940 | MAPE=1.30%
10:53:10 |  Iter-24 | MAE=0.454 | MAPE=0.62%
10:55:17 |  Iter-25 | MAE=1.608 | MAPE=2.22%
10:58:00 |  Iter-26 | MAE=1.286 | MAPE=1.78%
11:00:17 |  Iter-27 | MAE=0.097 | MAPE=0.14%
11:03:01 |  Iter-28 | MAE=0.432 | MAPE=0.61%
11:05:28 |  Iter-29 | MAE=0.815 | MAPE=1.14%
11:09:09 |  Iter-30 | MAE=0.503 | MAPE=0.69%
11:11:55 |  Iter-31 | MAE=0.760 | MAPE=1.04%
11:14:36 |  Iter-32 | MAE=0.639 | MAPE=0.89%
11:16:46 |  Iter-33 | MAE=0.646 | MAPE=0.87%
11:19:57 |  Iter-34 | MAE=1.397 | MAPE=1.96%
11:22:18 |  Iter-35 | MAE=0.947 | MAPE=1.29%
11:24:51 |  Iter-36 | MAE=1.339 | MAPE=1.79%
11:27:52 |  Iter-37 | MAE=1.136 | MAPE=1.53%
11:30:44 |  Iter-38 | MAE=3.472 | MAPE=4.84%
11:32:53 |  Iter-39 | MAE=2.142 | MAPE=2.97%
11:35:40 |  Iter-40 | MAE=1.604 | MAPE=2.17%
11:38:26 |  Iter-41 | MAE=0.151 | MAPE=0.20%
11:40:56 |  Iter-42 | MAE=1.097 | MAPE=1.47%
11:43:14 |  Iter-43 | MAE=1.172 | MAPE=1.55%
11:46:07 |  Iter-44 | MAE=1.061 | MAPE=1.37%
11:49:35 |  Iter-45 | MAE=0.283 | MAPE=0.37%
11:52:04 |  Iter-46 | MAE=1.001 | MAPE=1.32%
11:54:18 |  Iter-47 | MAE=2.441 | MAPE=3.36%
11:57:13 |  Iter-48 | MAE=0.069 | MAPE=0.09%
11:59:37 |  Iter-49 | MAE=0.637 | MAPE=0.88%
12:01:56 |  Iter-50 | MAE=1.268 | MAPE=1.74%
12:04:51 |  Iter-51 | MAE=3.313 | MAPE=4.30%
12:07:28 |  Iter-52 | MAE=1.441 | MAPE=1.82%
12:10:01 |  Iter-53 | MAE=0.371 | MAPE=0.47%
12:12:17 |  Iter-54 | MAE=1.662 | MAPE=2.08%
12:15:08 |  Iter-55 | MAE=1.267 | MAPE=1.58%
12:17:44 |  Iter-56 | MAE=0.813 | MAPE=1.01%
12:20:10 |  Iter-57 | MAE=0.383 | MAPE=0.48%
12:23:17 |  Iter-58 | MAE=10.239 | MAPE=11.19%
12:26:07 |  Iter-59 | MAE=3.564 | MAPE=3.66%
12:28:31 |  Iter-60 | MAE=0.990 | MAPE=0.97%
12:31:14 |  Iter-61 | MAE=5.025 | MAPE=4.62%
12:33:29 |  Iter-62 | MAE=2.709 | MAPE=2.24%
12:36:21 |  Iter-63 | MAE=28.030 | MAPE=19.57%
12:38:59 |  Iter-64 | MAE=18.160 | MAPE=14.74%
12:42:19 |  Iter-65 | MAE=2.219 | MAPE=1.72%
12:45:14 |  Iter-66 | MAE=10.904 | MAPE=8.01%
12:47:34 |  Iter-67 | MAE=0.176 | MAPE=0.12%
12:49:55 |  Iter-68 | MAE=1.861 | MAPE=1.27%
12:53:34 |  Iter-69 | MAE=2.692 | MAPE=1.83%
12:55:51 |  Iter-70 | MAE=8.052 | MAPE=5.46%
12:58:24 |  Iter-71 | MAE=11.462 | MAPE=7.26%
13:03:02 |  Iter-72 | MAE=6.256 | MAPE=3.98%
13:05:57 |  Iter-73 | MAE=4.850 | MAPE=2.97%
13:08:17 |  Iter-74 | MAE=11.079 | MAPE=7.65%
13:11:23 |  Iter-75 | MAE=20.344 | MAPE=15.24%
13:14:13 |  Iter-76 | MAE=4.549 | MAPE=3.50%
13:16:53 |  Iter-77 | MAE=4.257 | MAPE=3.21%
13:20:59 |  Iter-78 | MAE=7.324 | MAPE=5.13%
13:24:02 |  Iter-79 | MAE=2.164 | MAPE=1.53%
13:26:25 |  Iter-80 | MAE=8.240 | MAPE=5.91%
13:28:47 |  Iter-81 | MAE=9.697 | MAPE=6.55%
13:31:15 |  Iter-82 | MAE=5.940 | MAPE=4.09%
13:33:46 |  Iter-83 | MAE=4.531 | MAPE=3.18%
13:36:17 |  Iter-84 | MAE=24.894 | MAPE=20.29%
13:39:07 |  Iter-85 | MAE=15.305 | MAPE=11.52%
13:41:19 |  Iter-86 | MAE=1.876 | MAPE=1.44%
13:43:50 |  Iter-87 | MAE=0.840 | MAPE=0.62%
13:46:12 |  Iter-88 | MAE=5.636 | MAPE=4.44%
13:48:27 |  Iter-89 | MAE=3.106 | MAPE=2.56%
13:51:02 |  Iter-90 | MAE=2.425 | MAPE=1.99%
13:54:17 |  Iter-91 | MAE=2.898 | MAPE=2.27%
13:57:31 |  Iter-92 | MAE=1.773 | MAPE=1.47%
13:59:50 |  Iter-93 | MAE=1.915 | MAPE=1.58%
14:02:20 |  Iter-94 | MAE=4.728 | MAPE=3.74%
14:04:37 |  Iter-95 | MAE=1.387 | MAPE=1.09%
14:06:44 |  Iter-96 | MAE=1.791 | MAPE=1.42%
14:08:54 |  Iter-97 | MAE=1.651 | MAPE=1.28%
14:11:06 |  Iter-98 | MAE=1.914 | MAPE=1.48%
14:13:26 |  Iter-99 | MAE=1.706 | MAPE=1.31%
14:15:59 |  Iter-100 | MAE=3.009 | MAPE=2.21%
14:15:59 | 
 OVERALL: MAE=3.257, MAPE=2.78%, R2=0.9610 (16137.7s)
14:15:59 | Saved model checkpoint: /data/quyhv/oil_forecast_tail_risk/results_v4/walkforward/iTransformer/XANG_H1_seed9999/model_checkpoint.pth
14:15:59 | Saved processor/scaler: /data/quyhv/oil_forecast_tail_risk/results_v4/walkforward/iTransformer/XANG_H1_seed9999/processor.pkl
