20:10:52 | ================================================================================
20:10:52 |  iTransformer | DAU | H3 | walkforward | seed=123
20:10:52 | ================================================================================
20:10:52 | Data: 4513 rows | Features: 16
20:13:15 |  Iter-01 | MAE=1.370 | MAPE=1.67%
20:15:40 |  Iter-02 | MAE=1.431 | MAPE=1.80%
20:17:53 |  Iter-03 | MAE=1.065 | MAPE=1.35%
20:20:02 |  Iter-04 | MAE=0.656 | MAPE=0.81%
20:22:19 |  Iter-05 | MAE=0.413 | MAPE=0.52%
20:24:18 |  Iter-06 | MAE=0.953 | MAPE=1.22%
20:26:19 |  Iter-07 | MAE=1.752 | MAPE=2.27%
20:28:37 |  Iter-08 | MAE=1.823 | MAPE=2.26%
20:30:35 |  Iter-09 | MAE=0.575 | MAPE=0.70%
20:32:46 |  Iter-10 | MAE=0.562 | MAPE=0.67%
20:34:58 |  Iter-11 | MAE=0.980 | MAPE=1.15%
20:37:09 |  Iter-12 | MAE=1.976 | MAPE=2.27%
20:39:31 |  Iter-13 | MAE=2.637 | MAPE=3.04%
20:41:36 |  Iter-14 | MAE=0.968 | MAPE=1.09%
20:43:44 |  Iter-15 | MAE=0.866 | MAPE=0.99%
20:45:51 |  Iter-16 | MAE=2.211 | MAPE=2.55%
20:48:06 |  Iter-17 | MAE=1.866 | MAPE=2.07%
20:50:13 |  Iter-18 | MAE=1.086 | MAPE=1.18%
20:52:20 |  Iter-19 | MAE=0.465 | MAPE=0.50%
20:54:30 |  Iter-20 | MAE=34.773 | MAPE=26.61%
20:56:35 |  Iter-21 | MAE=23.532 | MAPE=13.70%
20:58:56 |  Iter-22 | MAE=18.451 | MAPE=11.16%
21:01:06 |  Iter-23 | MAE=3.155 | MAPE=1.64%
21:03:16 |  Iter-24 | MAE=14.198 | MAPE=6.46%
21:06:22 |  Iter-25 | MAE=21.805 | MAPE=10.17%
21:08:57 |  Iter-26 | MAE=29.822 | MAPE=12.30%
21:11:11 |  Iter-27 | MAE=19.573 | MAPE=7.06%
21:13:39 |  Iter-28 | MAE=64.514 | MAPE=30.48%
21:15:56 |  Iter-29 | MAE=7.351 | MAPE=3.91%
21:18:25 |  Iter-30 | MAE=14.392 | MAPE=8.50%
21:20:48 |  Iter-31 | MAE=17.624 | MAPE=11.90%
21:22:55 |  Iter-32 | MAE=17.880 | MAPE=10.92%
21:25:07 |  Iter-33 | MAE=3.517 | MAPE=2.18%
21:25:07 | 
 OVERALL: MAE=9.522, MAPE=5.61%, R2=0.8960 (4454.6s)
21:25:07 | Saved model checkpoint: /data/quyhv/oil_forecast_tail_risk/results_v4/walkforward/iTransformer/DAU_H3_seed123/model_checkpoint.pth
21:25:07 | Saved processor/scaler: /data/quyhv/oil_forecast_tail_risk/results_v4/walkforward/iTransformer/DAU_H3_seed123/processor.pkl
