06:20:14 | ================================================================================
06:20:14 |  iTransformer | XANG | H60 | walkforward | seed=2025
06:20:14 | ================================================================================
06:20:14 | Data: 4513 rows | Features: 19
06:26:13 |  Iter-01 | MAE=11.277 | MAPE=11.39%
06:32:07 |  Iter-02 | MAE=5.107 | MAPE=4.99%
06:38:02 |  Iter-03 | MAE=5.555 | MAPE=5.48%
06:43:58 |  Iter-04 | MAE=10.785 | MAPE=11.76%
06:49:52 |  Iter-05 | MAE=10.115 | MAPE=11.00%
06:55:46 |  Iter-06 | MAE=3.060 | MAPE=3.37%
07:01:40 |  Iter-07 | MAE=6.580 | MAPE=7.79%
07:07:38 |  Iter-08 | MAE=4.336 | MAPE=5.35%
07:13:31 |  Iter-09 | MAE=3.047 | MAPE=3.76%
07:19:20 |  Iter-10 | MAE=2.815 | MAPE=3.39%
07:25:10 |  Iter-11 | MAE=3.250 | MAPE=3.92%
07:31:10 |  Iter-12 | MAE=4.453 | MAPE=5.29%
07:37:12 |  Iter-13 | MAE=2.217 | MAPE=2.64%
07:43:12 |  Iter-14 | MAE=3.229 | MAPE=3.96%
07:49:06 |  Iter-15 | MAE=5.422 | MAPE=7.07%
07:54:57 |  Iter-16 | MAE=2.741 | MAPE=3.56%
08:00:46 |  Iter-17 | MAE=3.368 | MAPE=4.21%
08:06:35 |  Iter-18 | MAE=5.713 | MAPE=7.11%
08:12:32 |  Iter-19 | MAE=3.836 | MAPE=4.70%
08:18:28 |  Iter-20 | MAE=1.657 | MAPE=2.11%
08:24:28 |  Iter-21 | MAE=2.887 | MAPE=3.61%
08:30:38 |  Iter-22 | MAE=2.341 | MAPE=2.91%
08:36:54 |  Iter-23 | MAE=3.509 | MAPE=4.49%
08:43:04 |  Iter-24 | MAE=3.240 | MAPE=4.14%
08:49:15 |  Iter-25 | MAE=7.019 | MAPE=9.56%
08:55:24 |  Iter-26 | MAE=4.830 | MAPE=6.27%
09:01:39 |  Iter-27 | MAE=26.548 | MAPE=20.84%
09:07:53 |  Iter-28 | MAE=42.097 | MAPE=31.77%
09:07:54 | 
 OVERALL: MAE=6.823, MAPE=7.01%, R2=-0.0942 (10060.4s)
09:07:54 | Saved model checkpoint: /data/quyhv/oil_forecast_tail_risk/results_v4/walkforward/iTransformer/XANG_H60_seed2025/model_checkpoint.pth
09:07:54 | Saved processor/scaler: /data/quyhv/oil_forecast_tail_risk/results_v4/walkforward/iTransformer/XANG_H60_seed2025/processor.pkl
