02:36:00 | ================================================================================
02:36:00 |  iTransformer | XANG | H60 | walkforward | seed=777
02:36:00 | ================================================================================
02:36:00 | Data: 4513 rows | Features: 19
02:41:50 |  Iter-01 | MAE=10.653 | MAPE=10.75%
02:47:35 |  Iter-02 | MAE=5.568 | MAPE=5.44%
02:53:21 |  Iter-03 | MAE=5.612 | MAPE=5.48%
02:59:13 |  Iter-04 | MAE=8.251 | MAPE=8.99%
03:05:05 |  Iter-05 | MAE=11.260 | MAPE=12.23%
03:11:02 |  Iter-06 | MAE=4.381 | MAPE=4.78%
03:16:54 |  Iter-07 | MAE=5.792 | MAPE=6.89%
03:22:49 |  Iter-08 | MAE=6.684 | MAPE=8.18%
03:28:41 |  Iter-09 | MAE=3.870 | MAPE=4.84%
03:34:36 |  Iter-10 | MAE=3.968 | MAPE=4.81%
03:40:32 |  Iter-11 | MAE=5.313 | MAPE=6.41%
03:46:33 |  Iter-12 | MAE=4.481 | MAPE=5.32%
03:52:35 |  Iter-13 | MAE=2.772 | MAPE=3.27%
03:58:36 |  Iter-14 | MAE=2.601 | MAPE=3.20%
04:04:37 |  Iter-15 | MAE=5.254 | MAPE=6.84%
04:10:46 |  Iter-16 | MAE=2.889 | MAPE=3.73%
04:16:54 |  Iter-17 | MAE=3.642 | MAPE=4.56%
04:23:07 |  Iter-18 | MAE=7.361 | MAPE=9.19%
04:29:25 |  Iter-19 | MAE=4.443 | MAPE=5.49%
04:35:44 |  Iter-20 | MAE=1.718 | MAPE=2.18%
04:41:58 |  Iter-21 | MAE=4.486 | MAPE=5.65%
04:48:11 |  Iter-22 | MAE=2.347 | MAPE=2.93%
04:54:30 |  Iter-23 | MAE=2.449 | MAPE=3.12%
05:00:49 |  Iter-24 | MAE=3.134 | MAPE=4.05%
05:07:08 |  Iter-25 | MAE=7.114 | MAPE=9.67%
05:13:26 |  Iter-26 | MAE=5.844 | MAPE=7.71%
05:19:51 |  Iter-27 | MAE=27.362 | MAPE=21.63%
05:26:13 |  Iter-28 | MAE=42.715 | MAPE=32.26%
05:26:13 | 
 OVERALL: MAE=7.213, MAPE=7.48%, R2=-0.1360 (10213.1s)
05:26:13 | Saved model checkpoint: /data/quyhv/oil_forecast_tail_risk/results_v4/walkforward/iTransformer/XANG_H60_seed777/model_checkpoint.pth
05:26:13 | Saved processor/scaler: /data/quyhv/oil_forecast_tail_risk/results_v4/walkforward/iTransformer/XANG_H60_seed777/processor.pkl
