10:41:14 | ================================================================================
10:41:14 |  iTransformer | XANG | H10 | walkforward | seed=777
10:41:14 | ================================================================================
10:41:14 | Data: 4513 rows | Features: 14
10:43:12 |  Iter-01 | MAE=2.646 | MAPE=3.32%
10:45:03 |  Iter-02 | MAE=2.429 | MAPE=3.11%
10:46:53 |  Iter-03 | MAE=0.881 | MAPE=1.12%
10:48:46 |  Iter-04 | MAE=1.581 | MAPE=1.97%
10:50:34 |  Iter-05 | MAE=1.138 | MAPE=1.41%
10:52:26 |  Iter-06 | MAE=2.204 | MAPE=2.73%
10:54:18 |  Iter-07 | MAE=1.092 | MAPE=1.36%
10:56:08 |  Iter-08 | MAE=1.334 | MAPE=1.66%
10:57:59 |  Iter-09 | MAE=2.624 | MAPE=3.32%
10:59:51 |  Iter-10 | MAE=1.611 | MAPE=2.06%
11:01:41 |  Iter-11 | MAE=1.133 | MAPE=1.47%
11:03:34 |  Iter-12 | MAE=1.192 | MAPE=1.56%
11:05:22 |  Iter-13 | MAE=2.123 | MAPE=2.65%
11:07:18 |  Iter-14 | MAE=3.818 | MAPE=4.73%
11:09:11 |  Iter-15 | MAE=1.021 | MAPE=1.26%
11:11:07 |  Iter-16 | MAE=1.481 | MAPE=1.82%
11:13:02 |  Iter-17 | MAE=3.202 | MAPE=4.08%
11:14:57 |  Iter-18 | MAE=1.285 | MAPE=1.63%
11:16:48 |  Iter-19 | MAE=0.989 | MAPE=1.24%
11:18:44 |  Iter-20 | MAE=1.992 | MAPE=2.60%
11:20:38 |  Iter-21 | MAE=3.085 | MAPE=4.15%
11:22:34 |  Iter-22 | MAE=0.891 | MAPE=1.22%
11:24:29 |  Iter-23 | MAE=1.631 | MAPE=2.28%
11:26:26 |  Iter-24 | MAE=1.071 | MAPE=1.50%
11:28:30 |  Iter-25 | MAE=3.534 | MAPE=4.90%
11:30:25 |  Iter-26 | MAE=0.921 | MAPE=1.28%
11:32:23 |  Iter-27 | MAE=1.041 | MAPE=1.42%
11:34:17 |  Iter-28 | MAE=1.685 | MAPE=2.24%
11:36:15 |  Iter-29 | MAE=1.543 | MAPE=2.04%
11:38:14 |  Iter-30 | MAE=2.657 | MAPE=3.50%
11:40:11 |  Iter-31 | MAE=11.670 | MAPE=13.00%
11:42:09 |  Iter-32 | MAE=26.526 | MAPE=22.34%
11:44:05 |  Iter-33 | MAE=31.284 | MAPE=22.57%
11:46:06 |  Iter-34 | MAE=23.759 | MAPE=15.81%
11:48:03 |  Iter-35 | MAE=11.136 | MAPE=7.79%
11:50:12 |  Iter-36 | MAE=7.742 | MAPE=5.53%
11:52:11 |  Iter-37 | MAE=11.267 | MAPE=8.79%
11:54:09 |  Iter-38 | MAE=8.053 | MAPE=6.52%
11:56:06 |  Iter-39 | MAE=6.378 | MAPE=4.89%
11:56:06 | 
 OVERALL: MAE=4.914, MAPE=4.54%, R2=0.8239 (4492.4s)
11:56:06 | Saved model checkpoint: /data/quyhv/oil_forecast_tail_risk/results_v4/walkforward/iTransformer/XANG_H10_seed777/model_checkpoint.pth
11:56:06 | Saved processor/scaler: /data/quyhv/oil_forecast_tail_risk/results_v4/walkforward/iTransformer/XANG_H10_seed777/processor.pkl
