CMD: /usr/bin/python3 /data/quyhv/oil_forecast_tail_risk/scripts/training/train_unified.py --type DAU --model TEMPO --horizon 7 --seed 777 --protocol walkforward
RETURN: -15

=== STDOUT ===

================================================================================
 [1/1] TEMPO | DAU | H7 | walkforward
================================================================================

 Using GPU: Tesla T4
================================================================================
 TEMPO | DAU | H7 | walkforward | seed=777
================================================================================
Data: 4513 rows | Features: 17
 Iter-01 | MAE=0.866 | MAPE=0.98%
 Iter-02 | MAE=2.338 | MAPE=2.79%
 Iter-03 | MAE=7.642 | MAPE=8.34%
 Iter-04 | MAE=2.740 | MAPE=2.90%
 Iter-05 | MAE=1.289 | MAPE=1.34%
 Iter-06 | MAE=8.413 | MAPE=9.63%
 Iter-07 | MAE=1.617 | MAPE=1.89%
 Iter-08 | MAE=2.944 | MAPE=3.65%
 Iter-09 | MAE=0.783 | MAPE=0.98%
 Iter-10 | MAE=0.812 | MAPE=1.03%
 Iter-11 | MAE=4.044 | MAPE=4.98%
 Iter-12 | MAE=2.018 | MAPE=2.38%
 Iter-13 | MAE=1.479 | MAPE=1.68%
 Iter-14 | MAE=1.036 | MAPE=1.17%

=== STDERR ===
/data/quyhv/oil_forecast_tail_risk/scripts/training/train_unified.py:290: FutureWarning: `torch.cuda.amp.GradScaler(args...)` is deprecated. Please use `torch.amp.GradScaler('cuda', args...)` instead.
  scaler = GradScaler(enabled=use_amp)
/data/quyhv/oil_forecast_tail_risk/scripts/training/train_unified.py:309: FutureWarning: `torch.cuda.amp.autocast(args...)` is deprecated. Please use `torch.amp.autocast('cuda', args...)` instead.
  with autocast(enabled=use_amp):
/data/quyhv/oil_forecast_tail_risk/scripts/training/train_unified.py:349: FutureWarning: `torch.cuda.amp.autocast(args...)` is deprecated. Please use `torch.amp.autocast('cuda', args...)` instead.
  with autocast(enabled=use_amp):
/data/quyhv/oil_forecast_tail_risk/scripts/training/train_unified.py:290: FutureWarning: `torch.cuda.amp.GradScaler(args...)` is deprecated. Please use `torch.amp.GradScaler('cuda', args...)` instead.
  scaler = GradScaler(enabled=use_amp)
/data/quyhv/oil_forecast_tail_risk/scripts/training/train_unified.py:309: FutureWarning: `torch.cuda.amp.autocast(args...)` is deprecated. Please use `torch.amp.autocast('cuda', args...)` instead.
  with autocast(enabled=use_amp):
/data/quyhv/oil_forecast_tail_risk/scripts/training/train_unified.py:349: FutureWarning: `torch.cuda.amp.autocast(args...)` is deprecated. Please use `torch.amp.autocast('cuda', args...)` instead.
  with autocast(enabled=use_amp):
/data/quyhv/oil_forecast_tail_risk/scripts/training/train_unified.py:290: FutureWarning: `torch.cuda.amp.GradScaler(args...)` is deprecated. Please use `torch.amp.GradScaler('cuda', args...)` instead.
  scaler = GradScaler(enabled=use_amp)
/data/quyhv/oil_forecast_tail_risk/scripts/training/train_unified.py:309: FutureWarning: `torch.cuda.amp.autocast(args...)` is deprecated. Please use `torch.amp.autocast('cuda', args...)` instead.
  with autocast(enabled=use_amp):
/data/quyhv/oil_forecast_tail_risk/scripts/training/train_unified.py:349: FutureWarning: `torch.cuda.amp.autocast(args...)` is deprecated. Please use `torch.amp.autocast('cuda', args...)` instead.
  with autocast(enabled=use_amp):
/data/quyhv/oil_forecast_tail_risk/scripts/training/train_unified.py:290: FutureWarning: `torch.cuda.amp.GradScaler(args...)` is deprecated. Please use `torch.amp.GradScaler('cuda', args...)` instead.
  scaler = GradScaler(enabled=use_amp)
/data/quyhv/oil_forecast_tail_risk/scripts/training/train_unified.py:309: FutureWarning: `torch.cuda.amp.autocast(args...)` is deprecated. Please use `torch.amp.autocast('cuda', args...)` instead.
  with autocast(enabled=use_amp):
/data/quyhv/oil_forecast_tail_risk/scripts/training/train_unified.py:349: FutureWarning: `torch.cuda.amp.autocast(args...)` is deprecated. Please use `torch.amp.autocast('cuda', args...)` instead.
  with autocast(enabled=use_amp):
/data/quyhv/oil_forecast_tail_risk/scripts/training/train_unified.py:290: FutureWarning: `torch.cuda.amp.GradScaler(args...)` is deprecated. Please use `torch.amp.GradScaler('cuda', args...)` instead.
  scaler = GradScaler(enabled=use_amp)
/data/quyhv/oil_forecast_tail_risk/scripts/training/train_unified.py:309: FutureWarning: `torch.cuda.amp.autocast(args...)` is deprecated. Please use `torch.amp.autocast('cuda', args...)` instead.
  with autocast(enabled=use_amp):
/data/quyhv/oil_forecast_tail_risk/scripts/training/train_unified.py:349: FutureWarning: `torch.cuda.amp.autocast(args...)` is deprecated. Please use `torch.amp.autocast('cuda', args...)` instead.
  with autocast(enabled=use_amp):
/data/quyhv/oil_forecast_tail_risk/scripts/training/train_unified.py:290: FutureWarning: `torch.cuda.amp.GradScaler(args...)` is deprecated. Please use `torch.amp.GradScaler('cuda', args...)` instead.
  scaler = GradScaler(enabled=use_amp)
/data/quyhv/oil_forecast_tail_risk/scripts/training/train_unified.py:309: FutureWarning: `torch.cuda.amp.autocast(args...)` is deprecated. Please use `torch.amp.autocast('cuda', args...)` instead.
  with autocast(enabled=use_amp):
/data/quyhv/oil_forecast_tail_risk/scripts/training/train_unified.py:349: FutureWarning: `torch.cuda.amp.autocast(args...)` is deprecated. Please use `torch.amp.autocast('cuda', args...)` instead.
  with autocast(enabled=use_amp):
/data/quyhv/oil_forecast_tail_risk/scripts/training/train_unified.py:290: FutureWarning: `torch.cuda.amp.GradScaler(args...)` is deprecated. Please use `torch.amp.GradScaler('cuda', args...)` instead.
  scaler = GradScaler(enabled=use_amp)
/data/quyhv/oil_forecast_tail_risk/scripts/training/train_unified.py:309: FutureWarning: `torch.cuda.amp.autocast(args...)` is deprecated. Please use `torch.amp.autocast('cuda', args...)` instead.
  with autocast(enabled=use_amp):
/data/quyhv/oil_forecast_tail_risk/scripts/training/train_unified.py:349: FutureWarning: `torch.cuda.amp.autocast(args...)` is deprecated. Please use `torch.amp.autocast('cuda', args...)` instead.
  with autocast(enabled=use_amp):
/data/quyhv/oil_forecast_tail_risk/scripts/training/train_unified.py:290: FutureWarning: `torch.cuda.amp.GradScaler(args...)` is deprecated. Please use `torch.amp.GradScaler('cuda', args...)` instead.
  scaler = GradScaler(enabled=use_amp)
/data/quyhv/oil_forecast_tail_risk/scripts/training/train_unified.py:309: FutureWarning: `torch.cuda.amp.autocast(args...)` is deprecated. Please use `torch.amp.autocast('cuda', args...)` instead.
  with autocast(enabled=use_amp):
/data/quyhv/oil_forecast_tail_risk/scripts/training/train_unified.py:349: FutureWarning: `torch.cuda.amp.autocast(args...)` is deprecated. Please use `torch.amp.autocast('cuda', args...)` instead.
  with autocast(enabled=use_amp):
/data/quyhv/oil_forecast_tail_risk/scripts/training/train_unified.py:290: FutureWarning: `torch.cuda.amp.GradScaler(args...)` is deprecated. Please use `torch.amp.GradScaler('cuda', args...)` instead.
  scaler = GradScaler(enabled=use_amp)
/data/quyhv/oil_forecast_tail_risk/scripts/training/train_unified.py:309: FutureWarning: `torch.cuda.amp.autocast(args...)` is deprecated. Please use `torch.amp.autocast('cuda', args...)` instead.
  with autocast(enabled=use_amp):
/data/quyhv/oil_forecast_tail_risk/scripts/training/train_unified.py:349: FutureWarning: `torch.cuda.amp.autocast(args...)` is deprecated. Please use `torch.amp.autocast('cuda', args...)` instead.
  with autocast(enabled=use_amp):
/data/quyhv/oil_forecast_tail_risk/scripts/training/train_unified.py:290: FutureWarning: `torch.cuda.amp.GradScaler(args...)` is deprecated. Please use `torch.amp.GradScaler('cuda', args...)` instead.
  scaler = GradScaler(enabled=use_amp)
/data/quyhv/oil_forecast_tail_risk/scripts/training/train_unified.py:309: FutureWarning: `torch.cuda.amp.autocast(args...)` is deprecated. Please use `torch.amp.autocast('cuda', args...)` instead.
  with autocast(enabled=use_amp):
/data/quyhv/oil_forecast_tail_risk/scripts/training/train_unified.py:349: FutureWarning: `torch.cuda.amp.autocast(args...)` is deprecated. Please use `torch.amp.autocast('cuda', args...)` instead.
  with autocast(enabled=use_amp):
/data/quyhv/oil_forecast_tail_risk/scripts/training/train_unified.py:290: FutureWarning: `torch.cuda.amp.GradScaler(args...)` is deprecated. Please use `torch.amp.GradScaler('cuda', args...)` instead.
  scaler = GradScaler(enabled=use_amp)
/data/quyhv/oil_forecast_tail_risk/scripts/training/train_unified.py:309: FutureWarning: `torch.cuda.amp.autocast(args...)` is deprecated. Please use `torch.amp.autocast('cuda', args...)` instead.
  with autocast(enabled=use_amp):
/data/quyhv/oil_forecast_tail_risk/scripts/training/train_unified.py:349: FutureWarning: `torch.cuda.amp.autocast(args...)` is deprecated. Please use `torch.amp.autocast('cuda', args...)` instead.
  with autocast(enabled=use_amp):
/data/quyhv/oil_forecast_tail_risk/scripts/training/train_unified.py:290: FutureWarning: `torch.cuda.amp.GradScaler(args...)` is deprecated. Please use `torch.amp.GradScaler('cuda', args...)` instead.
  scaler = GradScaler(enabled=use_amp)
/data/quyhv/oil_forecast_tail_risk/scripts/training/train_unified.py:309: FutureWarning: `torch.cuda.amp.autocast(args...)` is deprecated. Please use `torch.amp.autocast('cuda', args...)` instead.
  with autocast(enabled=use_amp):
/data/quyhv/oil_forecast_tail_risk/scripts/training/train_unified.py:349: FutureWarning: `torch.cuda.amp.autocast(args...)` is deprecated. Please use `torch.amp.autocast('cuda', args...)` instead.
  with autocast(enabled=use_amp):
/data/quyhv/oil_forecast_tail_risk/scripts/training/train_unified.py:290: FutureWarning: `torch.cuda.amp.GradScaler(args...)` is deprecated. Please use `torch.amp.GradScaler('cuda', args...)` instead.
  scaler = GradScaler(enabled=use_amp)
/data/quyhv/oil_forecast_tail_risk/scripts/training/train_unified.py:309: FutureWarning: `torch.cuda.amp.autocast(args...)` is deprecated. Please use `torch.amp.autocast('cuda', args...)` instead.
  with autocast(enabled=use_amp):
/data/quyhv/oil_forecast_tail_risk/scripts/training/train_unified.py:349: FutureWarning: `torch.cuda.amp.autocast(args...)` is deprecated. Please use `torch.amp.autocast('cuda', args...)` instead.
  with autocast(enabled=use_amp):
/data/quyhv/oil_forecast_tail_risk/scripts/training/train_unified.py:290: FutureWarning: `torch.cuda.amp.GradScaler(args...)` is deprecated. Please use `torch.amp.GradScaler('cuda', args...)` instead.
  scaler = GradScaler(enabled=use_amp)
/data/quyhv/oil_forecast_tail_risk/scripts/training/train_unified.py:309: FutureWarning: `torch.cuda.amp.autocast(args...)` is deprecated. Please use `torch.amp.autocast('cuda', args...)` instead.
  with autocast(enabled=use_amp):
/data/quyhv/oil_forecast_tail_risk/scripts/training/train_unified.py:349: FutureWarning: `torch.cuda.amp.autocast(args...)` is deprecated. Please use `torch.amp.autocast('cuda', args...)` instead.
  with autocast(enabled=use_amp):
/data/quyhv/oil_forecast_tail_risk/scripts/training/train_unified.py:290: FutureWarning: `torch.cuda.amp.GradScaler(args...)` is deprecated. Please use `torch.amp.GradScaler('cuda', args...)` instead.
  scaler = GradScaler(enabled=use_amp)
/data/quyhv/oil_forecast_tail_risk/scripts/training/train_unified.py:309: FutureWarning: `torch.cuda.amp.autocast(args...)` is deprecated. Please use `torch.amp.autocast('cuda', args...)` instead.
  with autocast(enabled=use_amp):
/data/quyhv/oil_forecast_tail_risk/scripts/training/train_unified.py:349: FutureWarning: `torch.cuda.amp.autocast(args...)` is deprecated. Please use `torch.amp.autocast('cuda', args...)` instead.
  with autocast(enabled=use_amp):
