07:51:52 | ================================================================================
07:51:52 |  Time_MoE | XANG | H3 | walkforward | seed=123
07:51:52 | ================================================================================
07:51:52 | Data: 4513 rows | Features: 15
07:56:56 |  Iter-01 | MAE=0.649 | MAPE=0.83%
08:01:00 |  Iter-02 | MAE=3.174 | MAPE=4.25%
08:06:08 |  Iter-03 | MAE=0.802 | MAPE=1.09%
08:09:52 |  Iter-04 | MAE=1.162 | MAPE=1.58%
08:16:43 |  Iter-05 | MAE=0.372 | MAPE=0.51%
08:19:24 |  Iter-06 | MAE=0.918 | MAPE=1.28%
08:22:32 |  Iter-07 | MAE=1.360 | MAPE=1.93%
08:25:32 |  Iter-08 | MAE=0.588 | MAPE=0.81%
08:29:09 |  Iter-09 | MAE=2.969 | MAPE=4.14%
08:33:20 |  Iter-10 | MAE=0.554 | MAPE=0.77%
08:36:20 |  Iter-11 | MAE=0.558 | MAPE=0.77%
08:39:49 |  Iter-12 | MAE=1.389 | MAPE=1.90%
08:42:52 |  Iter-13 | MAE=3.026 | MAPE=4.20%
08:48:09 |  Iter-14 | MAE=1.478 | MAPE=1.99%
08:53:37 |  Iter-15 | MAE=1.879 | MAPE=2.44%
08:55:57 |  Iter-16 | MAE=3.417 | MAPE=4.67%
08:59:10 |  Iter-17 | MAE=1.737 | MAPE=2.30%
09:02:15 |  Iter-18 | MAE=1.287 | MAPE=1.62%
09:05:41 |  Iter-19 | MAE=1.409 | MAPE=1.75%
09:11:05 |  Iter-20 | MAE=16.412 | MAPE=16.77%
09:15:23 |  Iter-21 | MAE=29.019 | MAPE=22.56%
09:17:37 |  Iter-22 | MAE=17.180 | MAPE=13.82%
09:20:40 |  Iter-23 | MAE=2.357 | MAPE=1.66%
09:22:57 |  Iter-24 | MAE=7.210 | MAPE=4.60%
09:25:53 |  Iter-25 | MAE=15.666 | MAPE=11.27%
09:28:49 |  Iter-26 | MAE=6.388 | MAPE=4.73%
09:31:34 |  Iter-27 | MAE=3.517 | MAPE=2.47%
09:33:34 |  Iter-28 | MAE=10.168 | MAPE=8.06%
09:36:02 |  Iter-29 | MAE=9.527 | MAPE=7.21%
09:38:08 |  Iter-30 | MAE=9.119 | MAPE=7.41%
09:40:36 |  Iter-31 | MAE=2.432 | MAPE=1.98%
09:42:42 |  Iter-32 | MAE=6.234 | MAPE=4.89%
09:44:54 |  Iter-33 | MAE=3.042 | MAPE=2.34%
09:44:54 | 
 OVERALL: MAE=5.061, MAPE=4.50%, R2=0.9119 (6782.1s)
09:44:54 | Saved model checkpoint: /data/quyhv/oil_forecast_tail_risk/results_v4/walkforward/Time_MoE/XANG_H3_seed123/model_checkpoint.pth
09:44:54 | Saved processor/scaler: /data/quyhv/oil_forecast_tail_risk/results_v4/walkforward/Time_MoE/XANG_H3_seed123/processor.pkl
