03:22:28 | ================================================================================
03:22:28 |  Time_MoE | XANG | H7 | walkforward | seed=123
03:22:28 | ================================================================================
03:22:28 | Data: 4513 rows | Features: 16
03:25:25 |  Iter-01 | MAE=0.725 | MAPE=0.93%
03:27:17 |  Iter-02 | MAE=1.196 | MAPE=1.56%
03:29:07 |  Iter-03 | MAE=4.176 | MAPE=5.17%
03:30:59 |  Iter-04 | MAE=1.140 | MAPE=1.42%
03:36:23 |  Iter-05 | MAE=0.948 | MAPE=1.16%
03:40:29 |  Iter-06 | MAE=1.438 | MAPE=1.83%
03:42:18 |  Iter-07 | MAE=1.053 | MAPE=1.32%
03:49:06 |  Iter-08 | MAE=1.934 | MAPE=2.58%
03:51:03 |  Iter-09 | MAE=0.939 | MAPE=1.29%
04:01:53 |  Iter-10 | MAE=0.903 | MAPE=1.27%
04:03:44 |  Iter-11 | MAE=1.833 | MAPE=2.53%
04:07:34 |  Iter-12 | MAE=0.630 | MAPE=0.87%
04:09:22 |  Iter-13 | MAE=2.103 | MAPE=2.84%
04:11:17 |  Iter-14 | MAE=1.723 | MAPE=2.29%
04:22:18 |  Iter-15 | MAE=3.942 | MAPE=4.99%
04:24:07 |  Iter-16 | MAE=16.638 | MAPE=15.73%
04:25:53 |  Iter-17 | MAE=19.978 | MAPE=14.05%
04:32:37 |  Iter-18 | MAE=11.375 | MAPE=7.88%
04:34:43 |  Iter-19 | MAE=10.426 | MAPE=7.21%
04:41:16 |  Iter-20 | MAE=19.866 | MAPE=15.79%
04:43:14 |  Iter-21 | MAE=6.552 | MAPE=5.10%
04:43:14 | 
 OVERALL: MAE=5.215, MAPE=4.66%, R2=0.8726 (4846.1s)
04:43:14 | Saved model checkpoint: /data/quyhv/oil_forecast_tail_risk/results_v4/walkforward/Time_MoE/XANG_H7_seed123/model_checkpoint.pth
04:43:14 | Saved processor/scaler: /data/quyhv/oil_forecast_tail_risk/results_v4/walkforward/Time_MoE/XANG_H7_seed123/processor.pkl
