17:01:47 | ================================================================================
17:01:47 |  CoST | XANG | H1 | walkforward | seed=2025
17:01:47 | ================================================================================
17:01:48 | Data: 4513 rows | Features: 15
17:03:48 |  Iter-01 | MAE=0.291 | MAPE=0.37%
17:05:46 |  Iter-02 | MAE=0.337 | MAPE=0.43%
17:07:22 |  Iter-03 | MAE=0.357 | MAPE=0.45%
17:09:15 |  Iter-04 | MAE=2.683 | MAPE=3.57%
17:11:27 |  Iter-05 | MAE=0.398 | MAPE=0.54%
17:13:06 |  Iter-06 | MAE=0.626 | MAPE=0.84%
17:14:43 |  Iter-07 | MAE=0.994 | MAPE=1.35%
17:16:08 |  Iter-08 | MAE=0.424 | MAPE=0.57%
17:17:41 |  Iter-09 | MAE=0.828 | MAPE=1.12%
17:19:18 |  Iter-10 | MAE=0.761 | MAPE=1.03%
17:21:02 |  Iter-11 | MAE=0.249 | MAPE=0.34%
17:22:46 |  Iter-12 | MAE=0.862 | MAPE=1.18%
17:24:45 |  Iter-13 | MAE=1.042 | MAPE=1.44%
17:26:21 |  Iter-14 | MAE=0.259 | MAPE=0.36%
17:27:59 |  Iter-15 | MAE=0.402 | MAPE=0.55%
17:29:54 |  Iter-16 | MAE=0.700 | MAPE=0.96%
17:31:30 |  Iter-17 | MAE=0.689 | MAPE=0.95%
17:32:54 |  Iter-18 | MAE=1.084 | MAPE=1.53%
17:34:42 |  Iter-19 | MAE=0.146 | MAPE=0.20%
17:36:15 |  Iter-20 | MAE=1.352 | MAPE=1.93%
17:38:10 |  Iter-21 | MAE=0.889 | MAPE=1.26%
17:39:54 |  Iter-22 | MAE=0.595 | MAPE=0.82%
17:41:39 |  Iter-23 | MAE=1.213 | MAPE=1.68%
17:43:24 |  Iter-24 | MAE=0.108 | MAPE=0.15%
17:44:48 |  Iter-25 | MAE=1.599 | MAPE=2.21%
17:46:36 |  Iter-26 | MAE=1.448 | MAPE=2.01%
17:48:46 |  Iter-27 | MAE=0.384 | MAPE=0.54%
17:50:35 |  Iter-28 | MAE=0.348 | MAPE=0.49%
17:52:13 |  Iter-29 | MAE=0.734 | MAPE=1.02%
17:54:24 |  Iter-30 | MAE=0.769 | MAPE=1.06%
17:56:21 |  Iter-31 | MAE=0.084 | MAPE=0.11%
17:57:44 |  Iter-32 | MAE=0.705 | MAPE=0.98%
17:59:08 |  Iter-33 | MAE=0.726 | MAPE=0.99%
18:01:07 |  Iter-34 | MAE=1.059 | MAPE=1.49%
18:02:34 |  Iter-35 | MAE=0.850 | MAPE=1.16%
18:04:19 |  Iter-36 | MAE=0.944 | MAPE=1.26%
18:06:01 |  Iter-37 | MAE=0.999 | MAPE=1.34%
18:07:31 |  Iter-38 | MAE=3.360 | MAPE=4.68%
18:09:26 |  Iter-39 | MAE=2.733 | MAPE=3.80%
18:10:54 |  Iter-40 | MAE=1.745 | MAPE=2.36%
18:12:56 |  Iter-41 | MAE=0.833 | MAPE=1.12%
18:14:56 |  Iter-42 | MAE=0.761 | MAPE=1.02%
18:16:31 |  Iter-43 | MAE=1.228 | MAPE=1.62%
18:18:05 |  Iter-44 | MAE=0.834 | MAPE=1.08%
18:20:06 |  Iter-45 | MAE=0.693 | MAPE=0.91%
18:21:56 |  Iter-46 | MAE=1.275 | MAPE=1.68%
18:23:42 |  Iter-47 | MAE=1.866 | MAPE=2.56%
18:25:33 |  Iter-48 | MAE=0.342 | MAPE=0.47%
18:27:43 |  Iter-49 | MAE=0.429 | MAPE=0.59%
18:29:34 |  Iter-50 | MAE=0.877 | MAPE=1.21%
18:31:20 |  Iter-51 | MAE=3.290 | MAPE=4.27%
18:32:58 |  Iter-52 | MAE=1.214 | MAPE=1.54%
18:35:08 |  Iter-53 | MAE=0.576 | MAPE=0.73%
18:36:50 |  Iter-54 | MAE=2.098 | MAPE=2.62%
18:38:29 |  Iter-55 | MAE=0.541 | MAPE=0.68%
18:40:11 |  Iter-56 | MAE=0.916 | MAPE=1.14%
18:42:11 |  Iter-57 | MAE=0.223 | MAPE=0.27%
18:43:49 |  Iter-58 | MAE=11.221 | MAPE=12.26%
18:45:40 |  Iter-59 | MAE=7.211 | MAPE=7.43%
18:47:43 |  Iter-60 | MAE=3.442 | MAPE=3.36%
18:49:30 |  Iter-61 | MAE=17.200 | MAPE=15.84%
18:50:59 |  Iter-62 | MAE=7.499 | MAPE=6.34%
18:52:18 |  Iter-63 | MAE=17.962 | MAPE=12.54%
18:53:49 |  Iter-64 | MAE=22.727 | MAPE=18.45%
18:55:20 |  Iter-65 | MAE=2.737 | MAPE=2.18%
18:57:43 |  Iter-66 | MAE=11.231 | MAPE=8.23%
18:59:52 |  Iter-67 | MAE=4.034 | MAPE=2.81%
19:01:18 |  Iter-68 | MAE=0.933 | MAPE=0.65%
19:02:48 |  Iter-69 | MAE=1.542 | MAPE=1.06%
19:04:13 |  Iter-70 | MAE=2.285 | MAPE=1.53%
19:05:34 |  Iter-71 | MAE=6.312 | MAPE=3.98%
19:06:58 |  Iter-72 | MAE=2.260 | MAPE=1.45%
19:08:30 |  Iter-73 | MAE=4.619 | MAPE=2.82%
19:09:55 |  Iter-74 | MAE=12.290 | MAPE=8.48%
19:11:33 |  Iter-75 | MAE=17.415 | MAPE=13.06%
19:13:12 |  Iter-76 | MAE=6.512 | MAPE=5.01%
19:14:47 |  Iter-77 | MAE=0.633 | MAPE=0.48%
19:16:14 |  Iter-78 | MAE=6.979 | MAPE=4.84%
19:17:38 |  Iter-79 | MAE=1.384 | MAPE=0.98%
19:19:00 |  Iter-80 | MAE=2.506 | MAPE=1.80%
19:20:28 |  Iter-81 | MAE=10.186 | MAPE=6.89%
19:21:59 |  Iter-82 | MAE=3.143 | MAPE=2.17%
19:23:30 |  Iter-83 | MAE=4.206 | MAPE=2.95%
19:26:01 |  Iter-84 | MAE=27.063 | MAPE=22.05%
19:27:29 |  Iter-85 | MAE=9.556 | MAPE=7.20%
19:28:55 |  Iter-86 | MAE=1.445 | MAPE=1.13%
19:30:18 |  Iter-87 | MAE=0.814 | MAPE=0.60%
19:31:40 |  Iter-88 | MAE=6.144 | MAPE=4.84%
19:33:02 |  Iter-89 | MAE=2.961 | MAPE=2.44%
19:34:32 |  Iter-90 | MAE=2.557 | MAPE=2.10%
19:36:05 |  Iter-91 | MAE=2.513 | MAPE=1.96%
19:37:43 |  Iter-92 | MAE=1.079 | MAPE=0.89%
19:39:24 |  Iter-93 | MAE=0.848 | MAPE=0.70%
19:40:51 |  Iter-94 | MAE=5.001 | MAPE=3.96%
19:42:50 |  Iter-95 | MAE=0.614 | MAPE=0.48%
19:44:18 |  Iter-96 | MAE=1.222 | MAPE=0.93%
19:45:42 |  Iter-97 | MAE=1.811 | MAPE=1.40%
19:47:05 |  Iter-98 | MAE=1.567 | MAPE=1.22%
19:48:31 |  Iter-99 | MAE=1.122 | MAPE=0.86%
19:50:01 |  Iter-100 | MAE=3.003 | MAPE=2.21%
19:50:01 | 
 OVERALL: MAE=3.116, MAPE=2.75%, R2=0.9638 (10094.4s)
19:50:01 | Saved model checkpoint: /data/quyhv/oil_forecast_tail_risk/results_v4/walkforward/CoST/XANG_H1_seed2025/model_checkpoint.pth
19:50:01 | Saved processor/scaler: /data/quyhv/oil_forecast_tail_risk/results_v4/walkforward/CoST/XANG_H1_seed2025/processor.pkl
