16:53:08 | ================================================================================
16:53:08 |  CoST | XANG | H5 | walkforward | seed=777
16:53:08 | ================================================================================
16:53:08 | Data: 4513 rows | Features: 16
16:54:32 |  Iter-01 | MAE=1.652 | MAPE=2.20%
16:56:04 |  Iter-02 | MAE=0.946 | MAPE=1.28%
16:57:27 |  Iter-03 | MAE=1.122 | MAPE=1.55%
16:59:00 |  Iter-04 | MAE=0.923 | MAPE=1.30%
17:00:22 |  Iter-05 | MAE=2.099 | MAPE=2.89%
17:01:52 |  Iter-06 | MAE=1.213 | MAPE=1.70%
17:03:16 |  Iter-07 | MAE=0.642 | MAPE=0.90%
17:04:50 |  Iter-08 | MAE=1.332 | MAPE=1.83%
17:06:20 |  Iter-09 | MAE=1.375 | MAPE=1.80%
17:07:52 |  Iter-10 | MAE=3.442 | MAPE=4.72%
17:09:26 |  Iter-11 | MAE=5.177 | MAPE=6.53%
17:11:13 |  Iter-12 | MAE=10.032 | MAPE=10.31%
17:12:47 |  Iter-13 | MAE=33.834 | MAPE=26.81%
17:14:11 |  Iter-14 | MAE=20.936 | MAPE=14.55%
17:15:42 |  Iter-15 | MAE=10.128 | MAPE=7.09%
17:17:09 |  Iter-16 | MAE=3.993 | MAPE=2.90%
17:19:07 |  Iter-17 | MAE=6.986 | MAPE=5.24%
17:20:33 |  Iter-18 | MAE=5.354 | MAPE=4.32%
17:22:00 |  Iter-19 | MAE=3.049 | MAPE=2.44%
17:23:29 |  Iter-20 | MAE=2.887 | MAPE=2.17%
17:23:29 | 
 OVERALL: MAE=5.856, MAPE=5.13%, R2=0.8741 (1821.0s)
17:23:29 | Saved model checkpoint: /data/quyhv/oil_forecast_tail_risk/results_v4/walkforward/CoST/XANG_H5_seed777/model_checkpoint.pth
17:23:29 | Saved processor/scaler: /data/quyhv/oil_forecast_tail_risk/results_v4/walkforward/CoST/XANG_H5_seed777/processor.pkl
