06:26:11 | ================================================================================
06:26:11 |  GUMNet_Patch | XANG | H20 | walkforward | seed=123
06:26:11 | ================================================================================
06:26:11 | Data: 4513 rows | Features: 14
07:02:54 |  Iter-01 | MAE=2.917 | MAPE=3.55%
07:40:27 |  Iter-02 | MAE=2.727 | MAPE=3.66%
08:17:37 |  Iter-03 | MAE=0.900 | MAPE=1.19%
08:54:44 |  Iter-04 | MAE=3.968 | MAPE=4.67%
09:31:00 |  Iter-05 | MAE=2.135 | MAPE=2.73%
10:07:15 |  Iter-06 | MAE=2.544 | MAPE=3.21%
10:43:12 |  Iter-07 | MAE=0.926 | MAPE=1.14%
11:19:07 |  Iter-08 | MAE=3.782 | MAPE=4.86%
11:55:03 |  Iter-09 | MAE=3.435 | MAPE=4.25%
12:31:30 |  Iter-10 | MAE=1.978 | MAPE=2.51%
13:08:25 |  Iter-11 | MAE=4.757 | MAPE=6.53%
13:45:29 |  Iter-12 | MAE=3.569 | MAPE=4.90%
14:22:36 |  Iter-13 | MAE=5.668 | MAPE=6.42%
15:00:16 |  Iter-14 | MAE=36.734 | MAPE=25.68%
15:37:54 |  Iter-15 | MAE=13.574 | MAPE=10.67%
15:37:54 | 
 OVERALL: MAE=5.974, MAPE=5.73%, R2=0.6740 (33103.6s)
15:37:54 | Saved model checkpoint: /data/quyhv/oil_forecast_tail_risk/results_v4/walkforward/GUMNet_Patch/XANG_H20_seed123/model_checkpoint.pth
15:37:54 | Saved processor/scaler: /data/quyhv/oil_forecast_tail_risk/results_v4/walkforward/GUMNet_Patch/XANG_H20_seed123/processor.pkl
