10:02:42 | ================================================================================
10:02:42 |  GUMNet_Patch | XANG | H20 | walkforward | seed=2025
10:02:42 | ================================================================================
10:02:42 | Data: 4513 rows | Features: 14
10:39:20 |  Iter-01 | MAE=4.065 | MAPE=4.94%
11:16:12 |  Iter-02 | MAE=2.848 | MAPE=3.81%
11:52:34 |  Iter-03 | MAE=1.937 | MAPE=2.54%
12:28:17 |  Iter-04 | MAE=4.218 | MAPE=4.97%
13:03:36 |  Iter-05 | MAE=2.891 | MAPE=3.69%
13:39:31 |  Iter-06 | MAE=3.083 | MAPE=3.90%
14:15:28 |  Iter-07 | MAE=1.665 | MAPE=2.06%
14:51:21 |  Iter-08 | MAE=4.147 | MAPE=5.33%
15:27:15 |  Iter-09 | MAE=4.501 | MAPE=5.58%
16:03:45 |  Iter-10 | MAE=1.469 | MAPE=1.87%
16:40:48 |  Iter-11 | MAE=4.139 | MAPE=5.69%
17:17:50 |  Iter-12 | MAE=4.715 | MAPE=6.48%
17:54:57 |  Iter-13 | MAE=6.555 | MAPE=7.45%
18:32:32 |  Iter-14 | MAE=36.343 | MAPE=25.40%
19:10:02 |  Iter-15 | MAE=14.084 | MAPE=11.07%
19:10:02 | 
 OVERALL: MAE=6.444, MAPE=6.32%, R2=0.6662 (32840.3s)
19:10:02 | Saved model checkpoint: /data/quyhv/oil_forecast_tail_risk/results_v4/walkforward/GUMNet_Patch/XANG_H20_seed2025/model_checkpoint.pth
19:10:02 | Saved processor/scaler: /data/quyhv/oil_forecast_tail_risk/results_v4/walkforward/GUMNet_Patch/XANG_H20_seed2025/processor.pkl
