21:43:00 | ================================================================================
21:43:00 |  GUMNet_Patch | XANG | H60 | walkforward | seed=777
21:43:00 | ================================================================================
21:43:00 | Data: 4513 rows | Features: 19
23:42:41 |  Iter-01 | MAE=9.422 | MAPE=9.50%
01:33:07 |  Iter-02 | MAE=3.781 | MAPE=3.68%
03:14:53 |  Iter-03 | MAE=5.241 | MAPE=5.22%
04:57:21 |  Iter-04 | MAE=8.474 | MAPE=9.26%
06:39:46 |  Iter-05 | MAE=7.996 | MAPE=8.72%
08:22:24 |  Iter-06 | MAE=3.241 | MAPE=3.63%
10:03:26 |  Iter-07 | MAE=6.589 | MAPE=7.82%
11:43:05 |  Iter-08 | MAE=4.024 | MAPE=4.91%
13:21:00 |  Iter-09 | MAE=4.175 | MAPE=5.20%
14:58:58 |  Iter-10 | MAE=1.719 | MAPE=2.08%
16:34:52 |  Iter-11 | MAE=1.514 | MAPE=1.84%
18:12:30 |  Iter-12 | MAE=7.331 | MAPE=8.71%
19:49:57 |  Iter-13 | MAE=3.277 | MAPE=3.86%
21:28:31 |  Iter-14 | MAE=2.482 | MAPE=3.07%
23:07:40 |  Iter-15 | MAE=2.778 | MAPE=3.47%
00:48:55 |  Iter-16 | MAE=2.678 | MAPE=3.44%
02:29:17 |  Iter-17 | MAE=18.853 | MAPE=23.89%
04:11:18 |  Iter-18 | MAE=6.022 | MAPE=7.72%
05:55:26 |  Iter-19 | MAE=1.981 | MAPE=2.39%
07:39:34 |  Iter-20 | MAE=2.700 | MAPE=3.43%
09:23:19 |  Iter-21 | MAE=3.991 | MAPE=4.99%
11:07:19 |  Iter-22 | MAE=1.742 | MAPE=2.17%
12:50:28 |  Iter-23 | MAE=2.272 | MAPE=2.86%
14:33:08 |  Iter-24 | MAE=3.553 | MAPE=4.50%
16:15:52 |  Iter-25 | MAE=2.395 | MAPE=3.26%
17:59:05 |  Iter-26 | MAE=5.884 | MAPE=7.23%
19:43:38 |  Iter-27 | MAE=24.861 | MAPE=18.92%
21:28:59 |  Iter-28 | MAE=39.402 | MAPE=29.62%
21:28:59 | 
 OVERALL: MAE=6.728, MAPE=6.98%, R2=-0.0743 (171959.0s)
21:28:59 | Saved model checkpoint: /data/quyhv/oil_forecast_tail_risk/results_v4/walkforward/GUMNet_Patch/XANG_H60_seed777/model_checkpoint.pth
21:28:59 | Saved processor/scaler: /data/quyhv/oil_forecast_tail_risk/results_v4/walkforward/GUMNet_Patch/XANG_H60_seed777/processor.pkl
