05:15:05 | ================================================================================
05:15:05 |  GUMNet_Patch | XANG | H20 | walkforward | seed=777
05:15:05 | ================================================================================
05:15:05 | Data: 4513 rows | Features: 14
05:51:00 |  Iter-01 | MAE=3.299 | MAPE=4.01%
06:28:30 |  Iter-02 | MAE=4.047 | MAPE=5.37%
07:05:29 |  Iter-03 | MAE=3.575 | MAPE=4.69%
07:42:24 |  Iter-04 | MAE=4.679 | MAPE=5.52%
08:18:34 |  Iter-05 | MAE=4.031 | MAPE=5.14%
08:55:16 |  Iter-06 | MAE=2.267 | MAPE=2.86%
09:31:26 |  Iter-07 | MAE=1.904 | MAPE=2.35%
10:07:12 |  Iter-08 | MAE=3.319 | MAPE=4.27%
10:42:57 |  Iter-09 | MAE=3.580 | MAPE=4.43%
11:19:15 |  Iter-10 | MAE=1.739 | MAPE=2.21%
11:56:02 |  Iter-11 | MAE=4.362 | MAPE=5.99%
12:32:49 |  Iter-12 | MAE=3.008 | MAPE=4.13%
13:09:38 |  Iter-13 | MAE=6.680 | MAPE=7.60%
13:47:06 |  Iter-14 | MAE=35.707 | MAPE=24.95%
14:24:33 |  Iter-15 | MAE=16.064 | MAPE=12.64%
14:24:33 | 
 OVERALL: MAE=6.551, MAPE=6.41%, R2=0.6623 (32968.2s)
14:24:33 | Saved model checkpoint: /data/quyhv/oil_forecast_tail_risk/results_v4/walkforward/GUMNet_Patch/XANG_H20_seed777/model_checkpoint.pth
14:24:33 | Saved processor/scaler: /data/quyhv/oil_forecast_tail_risk/results_v4/walkforward/GUMNet_Patch/XANG_H20_seed777/processor.pkl
