11:40:39 | ================================================================================
11:40:39 |  GUMNet_Patch | DAU | H1 | walkforward | seed=777
11:40:39 | ================================================================================
11:40:39 | Data: 4513 rows | Features: 16
11:45:44 |  Iter-01 | MAE=1.509 | MAPE=1.83%
11:50:35 |  Iter-02 | MAE=0.845 | MAPE=1.02%
11:55:44 |  Iter-03 | MAE=1.403 | MAPE=1.72%
12:00:52 |  Iter-04 | MAE=1.270 | MAPE=1.59%
12:05:44 |  Iter-05 | MAE=0.074 | MAPE=0.09%
12:10:36 |  Iter-06 | MAE=0.237 | MAPE=0.30%
12:15:19 |  Iter-07 | MAE=1.221 | MAPE=1.55%
12:20:00 |  Iter-08 | MAE=0.352 | MAPE=0.44%
12:24:52 |  Iter-09 | MAE=0.095 | MAPE=0.12%
12:29:34 |  Iter-10 | MAE=0.501 | MAPE=0.62%
12:34:16 |  Iter-11 | MAE=0.281 | MAPE=0.35%
12:38:58 |  Iter-12 | MAE=0.579 | MAPE=0.72%
12:43:40 |  Iter-13 | MAE=0.619 | MAPE=0.78%
12:48:31 |  Iter-14 | MAE=0.377 | MAPE=0.47%
12:53:30 |  Iter-15 | MAE=0.742 | MAPE=0.92%
12:58:13 |  Iter-16 | MAE=0.346 | MAPE=0.43%
13:03:21 |  Iter-17 | MAE=0.645 | MAPE=0.81%
13:08:04 |  Iter-18 | MAE=1.147 | MAPE=1.47%
13:12:45 |  Iter-19 | MAE=0.104 | MAPE=0.13%
13:17:36 |  Iter-20 | MAE=1.629 | MAPE=2.11%
13:22:19 |  Iter-21 | MAE=0.085 | MAPE=0.11%
13:26:52 |  Iter-22 | MAE=1.463 | MAPE=1.84%
13:31:26 |  Iter-23 | MAE=0.336 | MAPE=0.42%
13:36:08 |  Iter-24 | MAE=0.520 | MAPE=0.64%
13:41:00 |  Iter-25 | MAE=0.069 | MAPE=0.08%
13:45:59 |  Iter-26 | MAE=1.565 | MAPE=1.91%
13:50:51 |  Iter-27 | MAE=2.282 | MAPE=2.79%
13:55:50 |  Iter-28 | MAE=0.313 | MAPE=0.38%
14:00:32 |  Iter-29 | MAE=0.663 | MAPE=0.80%
14:05:23 |  Iter-30 | MAE=0.505 | MAPE=0.60%
14:10:15 |  Iter-31 | MAE=1.658 | MAPE=1.94%
14:15:23 |  Iter-32 | MAE=0.840 | MAPE=1.00%
14:20:14 |  Iter-33 | MAE=0.179 | MAPE=0.21%
14:25:23 |  Iter-34 | MAE=1.031 | MAPE=1.23%
14:30:15 |  Iter-35 | MAE=0.193 | MAPE=0.22%
14:34:57 |  Iter-36 | MAE=1.834 | MAPE=2.07%
14:39:40 |  Iter-37 | MAE=1.092 | MAPE=1.23%
14:44:48 |  Iter-38 | MAE=2.281 | MAPE=2.62%
14:49:29 |  Iter-39 | MAE=1.717 | MAPE=1.99%
14:54:47 |  Iter-40 | MAE=1.852 | MAPE=2.11%
14:59:29 |  Iter-41 | MAE=0.523 | MAPE=0.59%
15:04:20 |  Iter-42 | MAE=2.232 | MAPE=2.51%
15:09:12 |  Iter-43 | MAE=1.913 | MAPE=2.19%
15:13:59 |  Iter-44 | MAE=0.945 | MAPE=1.07%
15:18:45 |  Iter-45 | MAE=1.083 | MAPE=1.22%
15:23:22 |  Iter-46 | MAE=0.513 | MAPE=0.58%
15:28:27 |  Iter-47 | MAE=0.521 | MAPE=0.60%
15:33:48 |  Iter-48 | MAE=0.075 | MAPE=0.09%
15:38:35 |  Iter-49 | MAE=0.483 | MAPE=0.56%
15:43:13 |  Iter-50 | MAE=0.549 | MAPE=0.63%
15:48:26 |  Iter-51 | MAE=2.728 | MAPE=2.99%
15:53:12 |  Iter-52 | MAE=1.145 | MAPE=1.24%
15:57:58 |  Iter-53 | MAE=1.278 | MAPE=1.40%
16:02:54 |  Iter-54 | MAE=1.051 | MAPE=1.14%
16:07:48 |  Iter-55 | MAE=0.296 | MAPE=0.32%
16:13:02 |  Iter-56 | MAE=0.808 | MAPE=0.88%
16:18:06 |  Iter-57 | MAE=0.150 | MAPE=0.16%
16:22:52 |  Iter-58 | MAE=21.457 | MAPE=18.68%
16:28:05 |  Iter-59 | MAE=12.491 | MAPE=9.95%
16:32:52 |  Iter-60 | MAE=15.669 | MAPE=10.95%
16:38:05 |  Iter-61 | MAE=16.624 | MAPE=10.89%
16:43:34 |  Iter-62 | MAE=6.351 | MAPE=4.09%
16:48:20 |  Iter-63 | MAE=24.926 | MAPE=13.48%
16:53:42 |  Iter-64 | MAE=29.454 | MAPE=18.31%
16:58:29 |  Iter-65 | MAE=2.411 | MAPE=1.47%
17:03:42 |  Iter-66 | MAE=29.847 | MAPE=15.38%
17:09:16 |  Iter-67 | MAE=4.432 | MAPE=2.31%
17:14:05 |  Iter-68 | MAE=6.314 | MAPE=3.32%
17:19:16 |  Iter-69 | MAE=15.625 | MAPE=7.90%
17:24:14 |  Iter-70 | MAE=8.341 | MAPE=4.20%
17:28:48 |  Iter-71 | MAE=21.315 | MAPE=9.52%
17:33:46 |  Iter-72 | MAE=1.215 | MAPE=0.55%
17:38:50 |  Iter-73 | MAE=14.903 | MAPE=6.15%
17:44:05 |  Iter-74 | MAE=7.461 | MAPE=3.40%
17:49:03 |  Iter-75 | MAE=18.095 | MAPE=8.82%
17:53:46 |  Iter-76 | MAE=2.544 | MAPE=1.18%
17:58:57 |  Iter-77 | MAE=8.635 | MAPE=3.64%
18:03:55 |  Iter-78 | MAE=14.376 | MAPE=5.71%
18:08:38 |  Iter-79 | MAE=14.364 | MAPE=6.03%
18:13:40 |  Iter-80 | MAE=1.058 | MAPE=0.43%
18:18:23 |  Iter-81 | MAE=52.713 | MAPE=18.03%
18:23:58 |  Iter-82 | MAE=24.348 | MAPE=9.10%
18:28:50 |  Iter-83 | MAE=30.184 | MAPE=12.43%
18:33:52 |  Iter-84 | MAE=61.330 | MAPE=32.13%
18:38:53 |  Iter-85 | MAE=10.643 | MAPE=5.17%
18:43:55 |  Iter-86 | MAE=4.003 | MAPE=2.04%
18:48:47 |  Iter-87 | MAE=8.731 | MAPE=4.58%
18:54:06 |  Iter-88 | MAE=18.646 | MAPE=10.32%
18:58:50 |  Iter-89 | MAE=12.721 | MAPE=7.68%
19:04:00 |  Iter-90 | MAE=2.682 | MAPE=1.63%
19:08:52 |  Iter-91 | MAE=7.423 | MAPE=4.54%
19:13:44 |  Iter-92 | MAE=8.110 | MAPE=5.50%
19:18:37 |  Iter-93 | MAE=5.368 | MAPE=3.68%
19:23:47 |  Iter-94 | MAE=19.625 | MAPE=12.25%
19:28:39 |  Iter-95 | MAE=3.431 | MAPE=2.09%
19:33:24 |  Iter-96 | MAE=0.138 | MAPE=0.09%
19:38:17 |  Iter-97 | MAE=2.554 | MAPE=1.53%
19:43:25 |  Iter-98 | MAE=6.776 | MAPE=4.23%
19:49:19 |  Iter-99 | MAE=1.277 | MAPE=0.77%
19:55:09 |  Iter-100 | MAE=2.545 | MAPE=1.49%
19:55:09 | 
 OVERALL: MAE=6.319, MAPE=3.65%, R2=0.9560 (29672.4s)
19:55:09 | Saved model checkpoint: /data/quyhv/oil_forecast_tail_risk/results_v4/walkforward/GUMNet_Patch/DAU_H1_seed777/model_checkpoint.pth
19:55:09 | Saved processor/scaler: /data/quyhv/oil_forecast_tail_risk/results_v4/walkforward/GUMNet_Patch/DAU_H1_seed777/processor.pkl
