12:54:46 | ================================================================================
12:54:46 |  S_Mamba | XANG | H10 | walkforward | seed=123
12:54:46 | ================================================================================
12:54:47 | Data: 4513 rows | Features: 14
12:57:05 |  Iter-01 | MAE=3.145 | MAPE=3.95%
12:59:22 |  Iter-02 | MAE=1.525 | MAPE=1.95%
13:01:43 |  Iter-03 | MAE=0.887 | MAPE=1.12%
13:04:03 |  Iter-04 | MAE=1.686 | MAPE=2.10%
13:06:26 |  Iter-05 | MAE=1.333 | MAPE=1.65%
13:08:44 |  Iter-06 | MAE=2.478 | MAPE=3.07%
13:11:04 |  Iter-07 | MAE=1.075 | MAPE=1.33%
13:13:27 |  Iter-08 | MAE=1.335 | MAPE=1.67%
13:15:58 |  Iter-09 | MAE=2.667 | MAPE=3.37%
13:18:26 |  Iter-10 | MAE=1.507 | MAPE=1.93%
13:20:52 |  Iter-11 | MAE=1.020 | MAPE=1.32%
13:23:12 |  Iter-12 | MAE=0.941 | MAPE=1.23%
13:25:43 |  Iter-13 | MAE=2.396 | MAPE=2.99%
13:28:13 |  Iter-14 | MAE=3.654 | MAPE=4.53%
13:30:44 |  Iter-15 | MAE=0.847 | MAPE=1.05%
13:33:19 |  Iter-16 | MAE=1.518 | MAPE=1.86%
13:35:46 |  Iter-17 | MAE=3.028 | MAPE=3.86%
13:38:16 |  Iter-18 | MAE=1.270 | MAPE=1.61%
13:40:48 |  Iter-19 | MAE=0.931 | MAPE=1.16%
13:43:18 |  Iter-20 | MAE=1.883 | MAPE=2.46%
13:45:48 |  Iter-21 | MAE=3.127 | MAPE=4.21%
13:48:20 |  Iter-22 | MAE=0.972 | MAPE=1.34%
13:50:54 |  Iter-23 | MAE=1.401 | MAPE=1.96%
13:53:29 |  Iter-24 | MAE=1.039 | MAPE=1.46%
13:55:59 |  Iter-25 | MAE=1.879 | MAPE=2.60%
13:58:28 |  Iter-26 | MAE=0.794 | MAPE=1.11%
14:01:00 |  Iter-27 | MAE=1.001 | MAPE=1.37%
14:03:32 |  Iter-28 | MAE=1.502 | MAPE=2.00%
14:06:08 |  Iter-29 | MAE=1.671 | MAPE=2.22%
14:08:44 |  Iter-30 | MAE=2.867 | MAPE=3.78%
14:11:23 |  Iter-31 | MAE=11.911 | MAPE=13.28%
14:13:58 |  Iter-32 | MAE=26.328 | MAPE=22.14%
14:16:33 |  Iter-33 | MAE=31.342 | MAPE=22.62%
14:21:18 |  Iter-34 | MAE=23.991 | MAPE=15.97%
14:24:17 |  Iter-35 | MAE=16.651 | MAPE=11.86%
14:27:38 |  Iter-36 | MAE=6.816 | MAPE=5.14%
14:31:05 |  Iter-37 | MAE=15.180 | MAPE=11.95%
14:34:15 |  Iter-38 | MAE=12.456 | MAPE=10.07%
14:36:50 |  Iter-39 | MAE=9.174 | MAPE=7.03%
14:36:50 | 
 OVERALL: MAE=5.262, MAPE=4.78%, R2=0.8006 (6123.9s)
14:36:50 | Saved model checkpoint: /data/quyhv/oil_forecast_tail_risk/results_v4/walkforward/S_Mamba/XANG_H10_seed123/model_checkpoint.pth
14:36:50 | Saved processor/scaler: /data/quyhv/oil_forecast_tail_risk/results_v4/walkforward/S_Mamba/XANG_H10_seed123/processor.pkl
