12:12:38 | ================================================================================
12:12:38 |  S_Mamba | XANG | H10 | walkforward | seed=9999
12:12:38 | ================================================================================
12:12:38 | Data: 4513 rows | Features: 14
12:14:55 |  Iter-01 | MAE=3.142 | MAPE=3.95%
12:17:12 |  Iter-02 | MAE=1.793 | MAPE=2.30%
12:19:28 |  Iter-03 | MAE=1.240 | MAPE=1.57%
12:21:46 |  Iter-04 | MAE=1.548 | MAPE=1.93%
12:24:03 |  Iter-05 | MAE=1.358 | MAPE=1.68%
12:26:20 |  Iter-06 | MAE=2.191 | MAPE=2.71%
12:28:41 |  Iter-07 | MAE=1.128 | MAPE=1.40%
12:31:01 |  Iter-08 | MAE=1.264 | MAPE=1.58%
12:33:21 |  Iter-09 | MAE=2.658 | MAPE=3.36%
12:35:40 |  Iter-10 | MAE=1.603 | MAPE=2.05%
12:38:03 |  Iter-11 | MAE=0.811 | MAPE=1.05%
12:40:30 |  Iter-12 | MAE=1.102 | MAPE=1.44%
12:42:57 |  Iter-13 | MAE=2.166 | MAPE=2.70%
12:45:27 |  Iter-14 | MAE=3.649 | MAPE=4.52%
12:47:58 |  Iter-15 | MAE=0.822 | MAPE=1.02%
12:50:28 |  Iter-16 | MAE=1.739 | MAPE=2.13%
12:52:57 |  Iter-17 | MAE=3.131 | MAPE=3.99%
12:55:25 |  Iter-18 | MAE=1.423 | MAPE=1.80%
12:57:55 |  Iter-19 | MAE=1.032 | MAPE=1.29%
13:00:23 |  Iter-20 | MAE=1.631 | MAPE=2.14%
13:02:51 |  Iter-21 | MAE=3.103 | MAPE=4.18%
13:05:24 |  Iter-22 | MAE=0.995 | MAPE=1.37%
13:07:52 |  Iter-23 | MAE=1.262 | MAPE=1.77%
13:10:22 |  Iter-24 | MAE=1.036 | MAPE=1.45%
13:12:55 |  Iter-25 | MAE=1.867 | MAPE=2.58%
13:15:27 |  Iter-26 | MAE=0.736 | MAPE=1.03%
13:17:58 |  Iter-27 | MAE=1.022 | MAPE=1.40%
13:20:31 |  Iter-28 | MAE=1.615 | MAPE=2.15%
13:23:05 |  Iter-29 | MAE=1.524 | MAPE=2.03%
13:25:40 |  Iter-30 | MAE=2.594 | MAPE=3.45%
13:28:12 |  Iter-31 | MAE=11.790 | MAPE=13.15%
13:30:44 |  Iter-32 | MAE=26.464 | MAPE=22.27%
13:33:18 |  Iter-33 | MAE=31.562 | MAPE=22.79%
13:35:51 |  Iter-34 | MAE=23.371 | MAPE=15.55%
13:39:16 |  Iter-35 | MAE=17.057 | MAPE=12.15%
13:42:29 |  Iter-36 | MAE=6.681 | MAPE=5.01%
13:45:04 |  Iter-37 | MAE=18.225 | MAPE=14.37%
13:47:37 |  Iter-38 | MAE=7.476 | MAPE=6.06%
13:50:44 |  Iter-39 | MAE=4.991 | MAPE=3.82%
13:50:44 | 
 OVERALL: MAE=5.097, MAPE=4.65%, R2=0.8036 (5886.5s)
13:50:44 | Saved model checkpoint: /data/quyhv/oil_forecast_tail_risk/results_v4/walkforward/S_Mamba/XANG_H10_seed9999/model_checkpoint.pth
13:50:44 | Saved processor/scaler: /data/quyhv/oil_forecast_tail_risk/results_v4/walkforward/S_Mamba/XANG_H10_seed9999/processor.pkl
