05:17:32 | ================================================================================
05:17:32 |  S_Mamba | XANG | H3 | walkforward | seed=777
05:17:32 | ================================================================================
05:17:32 | Data: 4513 rows | Features: 15
05:27:04 |  Iter-01 | MAE=0.293 | MAPE=0.37%
05:34:41 |  Iter-02 | MAE=3.138 | MAPE=4.21%
05:39:20 |  Iter-03 | MAE=0.603 | MAPE=0.82%
05:41:04 |  Iter-04 | MAE=0.188 | MAPE=0.26%
05:47:56 |  Iter-05 | MAE=0.978 | MAPE=1.35%
05:49:50 |  Iter-06 | MAE=0.904 | MAPE=1.27%
05:51:45 |  Iter-07 | MAE=0.761 | MAPE=1.07%
05:56:07 |  Iter-08 | MAE=0.912 | MAPE=1.26%
06:04:11 |  Iter-09 | MAE=2.680 | MAPE=3.74%
06:09:45 |  Iter-10 | MAE=0.606 | MAPE=0.84%
06:15:08 |  Iter-11 | MAE=0.484 | MAPE=0.67%
06:19:12 |  Iter-12 | MAE=1.388 | MAPE=1.90%
06:21:08 |  Iter-13 | MAE=2.035 | MAPE=2.82%
06:26:18 |  Iter-14 | MAE=1.016 | MAPE=1.37%
06:31:10 |  Iter-15 | MAE=2.190 | MAPE=2.85%
06:42:33 |  Iter-16 | MAE=3.130 | MAPE=4.28%
06:44:24 |  Iter-17 | MAE=1.459 | MAPE=1.90%
06:46:21 |  Iter-18 | MAE=2.081 | MAPE=2.62%
06:51:52 |  Iter-19 | MAE=1.346 | MAPE=1.67%
06:59:29 |  Iter-20 | MAE=16.688 | MAPE=17.06%
07:04:12 |  Iter-21 | MAE=36.331 | MAPE=28.48%
07:06:04 |  Iter-22 | MAE=16.242 | MAPE=13.06%
07:08:51 |  Iter-23 | MAE=7.290 | MAPE=5.03%
07:10:44 |  Iter-24 | MAE=6.964 | MAPE=4.42%
07:12:43 |  Iter-25 | MAE=16.275 | MAPE=11.67%
07:14:39 |  Iter-26 | MAE=4.745 | MAPE=3.46%
07:16:35 |  Iter-27 | MAE=2.830 | MAPE=1.99%
07:18:33 |  Iter-28 | MAE=10.939 | MAPE=8.67%
07:20:44 |  Iter-29 | MAE=10.382 | MAPE=7.86%
07:22:34 |  Iter-30 | MAE=8.689 | MAPE=7.06%
07:24:35 |  Iter-31 | MAE=2.618 | MAPE=2.11%
07:26:26 |  Iter-32 | MAE=6.565 | MAPE=5.14%
07:29:42 |  Iter-33 | MAE=4.001 | MAPE=3.07%
07:29:42 | 
 OVERALL: MAE=5.356, MAPE=4.68%, R2=0.8928 (7930.6s)
07:29:42 | Saved model checkpoint: /data/quyhv/oil_forecast_tail_risk/results_v4/walkforward/S_Mamba/XANG_H3_seed777/model_checkpoint.pth
07:29:42 | Saved processor/scaler: /data/quyhv/oil_forecast_tail_risk/results_v4/walkforward/S_Mamba/XANG_H3_seed777/processor.pkl
