07:05:41 | ================================================================================
07:05:41 |  S_Mamba | XANG | H3 | walkforward | seed=2025
07:05:41 | ================================================================================
07:05:41 | Data: 4513 rows | Features: 15
07:12:17 |  Iter-01 | MAE=0.400 | MAPE=0.51%
07:20:17 |  Iter-02 | MAE=3.071 | MAPE=4.12%
07:28:14 |  Iter-03 | MAE=0.607 | MAPE=0.83%
07:35:32 |  Iter-04 | MAE=1.242 | MAPE=1.69%
07:45:53 |  Iter-05 | MAE=1.078 | MAPE=1.48%
07:47:53 |  Iter-06 | MAE=0.852 | MAPE=1.19%
07:55:25 |  Iter-07 | MAE=1.091 | MAPE=1.55%
08:00:22 |  Iter-08 | MAE=0.864 | MAPE=1.19%
08:08:16 |  Iter-09 | MAE=2.525 | MAPE=3.52%
08:17:30 |  Iter-10 | MAE=0.431 | MAPE=0.60%
08:26:06 |  Iter-11 | MAE=0.650 | MAPE=0.89%
08:28:08 |  Iter-12 | MAE=1.361 | MAPE=1.86%
08:33:51 |  Iter-13 | MAE=2.768 | MAPE=3.84%
08:35:52 |  Iter-14 | MAE=2.145 | MAPE=2.89%
08:41:54 |  Iter-15 | MAE=2.070 | MAPE=2.69%
08:48:47 |  Iter-16 | MAE=3.705 | MAPE=5.07%
08:53:34 |  Iter-17 | MAE=1.729 | MAPE=2.29%
08:59:26 |  Iter-18 | MAE=1.847 | MAPE=2.32%
09:08:01 |  Iter-19 | MAE=1.229 | MAPE=1.53%
09:10:01 |  Iter-20 | MAE=16.040 | MAPE=16.39%
09:15:33 |  Iter-21 | MAE=36.901 | MAPE=28.92%
09:17:32 |  Iter-22 | MAE=15.885 | MAPE=12.80%
09:19:35 |  Iter-23 | MAE=6.606 | MAPE=4.57%
09:21:39 |  Iter-24 | MAE=7.539 | MAPE=4.78%
09:24:03 |  Iter-25 | MAE=17.206 | MAPE=12.30%
09:26:11 |  Iter-26 | MAE=4.094 | MAPE=2.97%
09:28:26 |  Iter-27 | MAE=2.906 | MAPE=2.03%
09:30:26 |  Iter-28 | MAE=11.054 | MAPE=8.74%
09:32:31 |  Iter-29 | MAE=9.321 | MAPE=7.06%
09:34:39 |  Iter-30 | MAE=8.127 | MAPE=6.60%
09:36:45 |  Iter-31 | MAE=2.766 | MAPE=2.23%
09:38:50 |  Iter-32 | MAE=7.046 | MAPE=5.52%
09:41:22 |  Iter-33 | MAE=2.992 | MAPE=2.30%
09:41:22 | 
 OVERALL: MAE=5.398, MAPE=4.77%, R2=0.8920 (9341.0s)
09:41:22 | Saved model checkpoint: /data/quyhv/oil_forecast_tail_risk/results_v4/walkforward/S_Mamba/XANG_H3_seed2025/model_checkpoint.pth
09:41:22 | Saved processor/scaler: /data/quyhv/oil_forecast_tail_risk/results_v4/walkforward/S_Mamba/XANG_H3_seed2025/processor.pkl
