02:06:43 | ================================================================================
02:06:43 |  Autoformer | XANG | H3 | walkforward | seed=777
02:06:43 | ================================================================================
02:06:43 | Data: 4513 rows | Features: 15
02:08:23 |  Iter-01 | MAE=0.745 | MAPE=0.95%
02:11:13 |  Iter-02 | MAE=3.249 | MAPE=4.35%
02:15:42 |  Iter-03 | MAE=0.524 | MAPE=0.71%
02:17:41 |  Iter-04 | MAE=0.950 | MAPE=1.29%
02:21:22 |  Iter-05 | MAE=0.972 | MAPE=1.34%
02:22:53 |  Iter-06 | MAE=0.886 | MAPE=1.24%
02:24:34 |  Iter-07 | MAE=1.116 | MAPE=1.59%
02:27:48 |  Iter-08 | MAE=0.836 | MAPE=1.15%
02:29:29 |  Iter-09 | MAE=2.294 | MAPE=3.20%
02:34:43 |  Iter-10 | MAE=0.439 | MAPE=0.61%
02:37:15 |  Iter-11 | MAE=0.755 | MAPE=1.04%
02:39:43 |  Iter-12 | MAE=1.420 | MAPE=1.93%
02:42:02 |  Iter-13 | MAE=2.460 | MAPE=3.41%
02:44:37 |  Iter-14 | MAE=0.789 | MAPE=1.06%
02:47:02 |  Iter-15 | MAE=1.994 | MAPE=2.59%
02:49:18 |  Iter-16 | MAE=3.288 | MAPE=4.50%
02:50:48 |  Iter-17 | MAE=1.493 | MAPE=1.95%
02:52:40 |  Iter-18 | MAE=2.338 | MAPE=2.94%
02:54:19 |  Iter-19 | MAE=1.176 | MAPE=1.46%
02:57:26 |  Iter-20 | MAE=16.219 | MAPE=16.57%
03:05:07 |  Iter-21 | MAE=35.985 | MAPE=28.22%
03:06:29 |  Iter-22 | MAE=14.025 | MAPE=11.30%
03:07:46 |  Iter-23 | MAE=7.362 | MAPE=5.07%
03:09:05 |  Iter-24 | MAE=5.868 | MAPE=3.73%
03:10:27 |  Iter-25 | MAE=15.921 | MAPE=11.40%
03:11:46 |  Iter-26 | MAE=5.001 | MAPE=3.63%
03:13:06 |  Iter-27 | MAE=2.734 | MAPE=1.90%
03:14:25 |  Iter-28 | MAE=13.019 | MAPE=10.18%
03:15:42 |  Iter-29 | MAE=10.741 | MAPE=8.13%
03:17:02 |  Iter-30 | MAE=10.209 | MAPE=8.29%
03:18:18 |  Iter-31 | MAE=2.234 | MAPE=1.83%
03:19:37 |  Iter-32 | MAE=5.599 | MAPE=4.39%
03:20:59 |  Iter-33 | MAE=2.682 | MAPE=2.06%
03:20:59 | 
 OVERALL: MAE=5.313, MAPE=4.67%, R2=0.8958 (4456.3s)
03:20:59 | Saved model checkpoint: /data/quyhv/oil_forecast_tail_risk/results_v4/walkforward/Autoformer/XANG_H3_seed777/model_checkpoint.pth
03:20:59 | Saved processor/scaler: /data/quyhv/oil_forecast_tail_risk/results_v4/walkforward/Autoformer/XANG_H3_seed777/processor.pkl
