01:04:47 | ================================================================================
01:04:47 |  Autoformer | XANG | H60 | walkforward | seed=123
01:04:47 | ================================================================================
01:04:47 | Data: 4513 rows | Features: 19
01:09:50 |  Iter-01 | MAE=11.226 | MAPE=11.31%
01:14:49 |  Iter-02 | MAE=13.905 | MAPE=13.58%
01:20:55 |  Iter-03 | MAE=19.436 | MAPE=19.48%
01:26:14 |  Iter-04 | MAE=6.704 | MAPE=7.33%
01:31:37 |  Iter-05 | MAE=10.464 | MAPE=11.38%
01:37:00 |  Iter-06 | MAE=5.027 | MAPE=5.42%
01:42:24 |  Iter-07 | MAE=4.314 | MAPE=4.99%
01:47:54 |  Iter-08 | MAE=8.369 | MAPE=10.22%
01:53:29 |  Iter-09 | MAE=3.188 | MAPE=3.83%
01:59:05 |  Iter-10 | MAE=6.400 | MAPE=7.73%
02:04:42 |  Iter-11 | MAE=2.624 | MAPE=3.17%
02:10:24 |  Iter-12 | MAE=6.411 | MAPE=7.59%
02:16:05 |  Iter-13 | MAE=2.102 | MAPE=2.49%
02:21:47 |  Iter-14 | MAE=2.486 | MAPE=3.05%
02:27:31 |  Iter-15 | MAE=5.241 | MAPE=6.83%
02:33:21 |  Iter-16 | MAE=7.062 | MAPE=9.06%
02:39:23 |  Iter-17 | MAE=4.011 | MAPE=5.01%
02:45:33 |  Iter-18 | MAE=6.105 | MAPE=7.60%
02:51:52 |  Iter-19 | MAE=4.401 | MAPE=5.41%
02:58:10 |  Iter-20 | MAE=3.502 | MAPE=4.44%
03:04:29 |  Iter-21 | MAE=3.392 | MAPE=4.22%
03:10:49 |  Iter-22 | MAE=3.160 | MAPE=3.93%
03:17:18 |  Iter-23 | MAE=2.731 | MAPE=3.50%
03:23:48 |  Iter-24 | MAE=3.987 | MAPE=5.02%
03:30:18 |  Iter-25 | MAE=4.627 | MAPE=6.24%
03:36:50 |  Iter-26 | MAE=4.020 | MAPE=5.08%
03:43:26 |  Iter-27 | MAE=28.339 | MAPE=22.70%
03:50:03 |  Iter-28 | MAE=43.900 | MAPE=33.20%
03:50:03 | 
 OVERALL: MAE=8.112, MAPE=8.35%, R2=-0.2963 (9916.1s)
03:50:03 | Saved model checkpoint: /data/quyhv/oil_forecast_tail_risk/results_v4/walkforward/Autoformer/XANG_H60_seed123/model_checkpoint.pth
03:50:03 | Saved processor/scaler: /data/quyhv/oil_forecast_tail_risk/results_v4/walkforward/Autoformer/XANG_H60_seed123/processor.pkl
