23:56:30 | ================================================================================
23:56:30 |  Autoformer | XANG | H60 | walkforward | seed=9999
23:56:30 | ================================================================================
23:56:31 | Data: 4513 rows | Features: 19
00:01:29 |  Iter-01 | MAE=11.389 | MAPE=11.48%
00:06:24 |  Iter-02 | MAE=7.899 | MAPE=7.66%
00:11:21 |  Iter-03 | MAE=6.973 | MAPE=6.79%
00:16:21 |  Iter-04 | MAE=4.927 | MAPE=5.36%
00:21:22 |  Iter-05 | MAE=4.613 | MAPE=5.04%
00:26:26 |  Iter-06 | MAE=3.679 | MAPE=4.15%
00:31:36 |  Iter-07 | MAE=4.057 | MAPE=4.72%
00:36:50 |  Iter-08 | MAE=6.773 | MAPE=8.29%
00:42:05 |  Iter-09 | MAE=2.415 | MAPE=2.96%
00:47:19 |  Iter-10 | MAE=4.320 | MAPE=5.18%
00:52:34 |  Iter-11 | MAE=2.557 | MAPE=3.08%
00:57:54 |  Iter-12 | MAE=6.872 | MAPE=8.15%
01:03:14 |  Iter-13 | MAE=2.693 | MAPE=3.20%
01:08:34 |  Iter-14 | MAE=3.498 | MAPE=4.31%
01:13:56 |  Iter-15 | MAE=3.419 | MAPE=4.41%
01:19:25 |  Iter-16 | MAE=5.034 | MAPE=6.41%
01:24:56 |  Iter-17 | MAE=9.109 | MAPE=11.51%
01:30:32 |  Iter-18 | MAE=5.908 | MAPE=7.35%
01:36:24 |  Iter-19 | MAE=6.297 | MAPE=7.81%
01:42:24 |  Iter-20 | MAE=3.424 | MAPE=4.27%
01:48:27 |  Iter-21 | MAE=4.039 | MAPE=5.06%
01:54:33 |  Iter-22 | MAE=2.759 | MAPE=3.42%
02:00:44 |  Iter-23 | MAE=3.909 | MAPE=4.88%
02:06:54 |  Iter-24 | MAE=3.131 | MAPE=3.97%
02:13:09 |  Iter-25 | MAE=5.793 | MAPE=7.84%
02:19:30 |  Iter-26 | MAE=3.601 | MAPE=4.48%
02:25:59 |  Iter-27 | MAE=28.305 | MAPE=22.42%
02:32:34 |  Iter-28 | MAE=42.905 | MAPE=32.41%
02:32:34 | 
 OVERALL: MAE=7.154, MAPE=7.38%, R2=-0.1545 (9364.0s)
02:32:34 | Saved model checkpoint: /data/quyhv/oil_forecast_tail_risk/results_v4/walkforward/Autoformer/XANG_H60_seed9999/model_checkpoint.pth
02:32:34 | Saved processor/scaler: /data/quyhv/oil_forecast_tail_risk/results_v4/walkforward/Autoformer/XANG_H60_seed9999/processor.pkl
