21:43:18 | ================================================================================
21:43:18 |  Autoformer | XANG | H20 | walkforward | seed=2025
21:43:18 | ================================================================================
21:43:18 | Data: 4513 rows | Features: 14
21:46:38 |  Iter-01 | MAE=3.904 | MAPE=4.74%
21:49:58 |  Iter-02 | MAE=2.344 | MAPE=3.20%
21:53:18 |  Iter-03 | MAE=3.017 | MAPE=3.96%
21:56:38 |  Iter-04 | MAE=6.151 | MAPE=7.31%
21:59:57 |  Iter-05 | MAE=0.794 | MAPE=1.01%
22:03:20 |  Iter-06 | MAE=4.747 | MAPE=6.01%
22:06:43 |  Iter-07 | MAE=2.109 | MAPE=2.60%
22:10:06 |  Iter-08 | MAE=2.657 | MAPE=3.42%
22:13:28 |  Iter-09 | MAE=2.927 | MAPE=3.63%
22:16:54 |  Iter-10 | MAE=1.709 | MAPE=2.17%
22:20:23 |  Iter-11 | MAE=3.459 | MAPE=4.75%
22:23:52 |  Iter-12 | MAE=3.475 | MAPE=4.77%
22:27:21 |  Iter-13 | MAE=6.359 | MAPE=7.22%
22:30:53 |  Iter-14 | MAE=36.139 | MAPE=25.22%
22:34:25 |  Iter-15 | MAE=11.449 | MAPE=9.03%
22:34:25 | 
 OVERALL: MAE=6.083, MAPE=5.94%, R2=0.6782 (3067.1s)
22:34:25 | Saved model checkpoint: /data/quyhv/oil_forecast_tail_risk/results_v4/walkforward/Autoformer/XANG_H20_seed2025/model_checkpoint.pth
22:34:25 | Saved processor/scaler: /data/quyhv/oil_forecast_tail_risk/results_v4/walkforward/Autoformer/XANG_H20_seed2025/processor.pkl
