02:30:00 | ================================================================================
02:30:00 |  Autoformer | XANG | H60 | walkforward | seed=123
02:30:00 | ================================================================================
02:30:00 | Data: 4513 rows | Features: 19
02:35:38 |  Iter-01 | MAE=11.226 | MAPE=11.31%
02:41:16 |  Iter-02 | MAE=13.905 | MAPE=13.58%
02:48:13 |  Iter-03 | MAE=19.436 | MAPE=19.48%
02:54:02 |  Iter-04 | MAE=6.704 | MAPE=7.33%
02:59:51 |  Iter-05 | MAE=10.464 | MAPE=11.38%
03:05:41 |  Iter-06 | MAE=5.027 | MAPE=5.42%
03:11:32 |  Iter-07 | MAE=4.314 | MAPE=4.99%
03:17:31 |  Iter-08 | MAE=8.369 | MAPE=10.22%
03:23:32 |  Iter-09 | MAE=3.188 | MAPE=3.83%
03:29:32 |  Iter-10 | MAE=6.400 | MAPE=7.73%
03:35:34 |  Iter-11 | MAE=2.624 | MAPE=3.17%
03:41:41 |  Iter-12 | MAE=6.411 | MAPE=7.59%
03:47:48 |  Iter-13 | MAE=2.102 | MAPE=2.49%
03:53:52 |  Iter-14 | MAE=2.486 | MAPE=3.05%
03:59:59 |  Iter-15 | MAE=5.241 | MAPE=6.83%
04:06:16 |  Iter-16 | MAE=7.062 | MAPE=9.06%
04:12:28 |  Iter-17 | MAE=4.011 | MAPE=5.01%
04:18:45 |  Iter-18 | MAE=6.105 | MAPE=7.60%
04:25:05 |  Iter-19 | MAE=4.401 | MAPE=5.41%
04:31:27 |  Iter-20 | MAE=3.502 | MAPE=4.44%
04:37:48 |  Iter-21 | MAE=3.392 | MAPE=4.22%
04:44:09 |  Iter-22 | MAE=3.160 | MAPE=3.93%
04:50:30 |  Iter-23 | MAE=2.731 | MAPE=3.50%
04:56:51 |  Iter-24 | MAE=3.987 | MAPE=5.02%
05:03:13 |  Iter-25 | MAE=4.627 | MAPE=6.24%
05:09:37 |  Iter-26 | MAE=4.020 | MAPE=5.08%
05:16:04 |  Iter-27 | MAE=28.339 | MAPE=22.70%
05:22:32 |  Iter-28 | MAE=43.900 | MAPE=33.20%
05:22:32 | 
 OVERALL: MAE=8.112, MAPE=8.35%, R2=-0.2963 (10352.9s)
05:22:32 | Saved model checkpoint: /data/quyhv/oil_forecast_tail_risk/results_v4/walkforward/Autoformer/XANG_H60_seed123/model_checkpoint.pth
05:22:32 | Saved processor/scaler: /data/quyhv/oil_forecast_tail_risk/results_v4/walkforward/Autoformer/XANG_H60_seed123/processor.pkl
