17:48:17 | ================================================================================
17:48:17 |  Autoformer | XANG | H5 | walkforward | seed=2025
17:48:17 | ================================================================================
17:48:17 | Data: 4513 rows | Features: 16
17:50:46 |  Iter-01 | MAE=2.202 | MAPE=2.92%
17:52:47 |  Iter-02 | MAE=1.530 | MAPE=2.08%
17:54:52 |  Iter-03 | MAE=1.365 | MAPE=1.88%
17:56:46 |  Iter-04 | MAE=1.167 | MAPE=1.64%
17:58:29 |  Iter-05 | MAE=2.116 | MAPE=2.92%
18:00:18 |  Iter-06 | MAE=2.090 | MAPE=2.92%
18:02:11 |  Iter-07 | MAE=0.737 | MAPE=1.02%
18:03:48 |  Iter-08 | MAE=1.167 | MAPE=1.61%
18:05:32 |  Iter-09 | MAE=1.283 | MAPE=1.67%
18:07:15 |  Iter-10 | MAE=3.903 | MAPE=5.35%
18:09:12 |  Iter-11 | MAE=4.785 | MAPE=6.04%
18:11:23 |  Iter-12 | MAE=10.492 | MAPE=10.80%
18:13:40 |  Iter-13 | MAE=32.289 | MAPE=25.59%
18:15:19 |  Iter-14 | MAE=18.092 | MAPE=12.55%
18:16:52 |  Iter-15 | MAE=10.099 | MAPE=7.04%
18:18:18 |  Iter-16 | MAE=5.362 | MAPE=3.85%
18:19:46 |  Iter-17 | MAE=8.340 | MAPE=6.27%
18:21:28 |  Iter-18 | MAE=6.619 | MAPE=5.36%
18:23:02 |  Iter-19 | MAE=2.717 | MAPE=2.17%
18:24:30 |  Iter-20 | MAE=3.120 | MAPE=2.34%
18:24:30 | 
 OVERALL: MAE=5.974, MAPE=5.30%, R2=0.8832 (2173.0s)
18:24:30 | Saved model checkpoint: /data/quyhv/oil_forecast_tail_risk/results_v4/walkforward/Autoformer/XANG_H5_seed2025/model_checkpoint.pth
18:24:30 | Saved processor/scaler: /data/quyhv/oil_forecast_tail_risk/results_v4/walkforward/Autoformer/XANG_H5_seed2025/processor.pkl
